Archive member included to satisfy reference by file (symbol)

../libraries/microchip-LoRa-semtech/microchip-LoRa-semtech.X/dist/default/production/microchip-LoRa-semtech.X.a(LoRa.o)
                              build/default/production/_ext/1360937237/main.o (LoRaInitDriver)
../libraries/sam-rtc-utils/sam-rtc-utils.X/dist/default/production/sam-rtc-utils.X.a(sam-rtc-utils.o)
                              build/default/production/_ext/1360937237/main.o (getCurrentTimeTm)
/Applications/microchip/xc32/v4.10/bin/bin/../../lib/gcc/pic32c/8.3.1/../../../../pic32c/lib/thumb/v6-m/nofp/libpic32c.a(data_init.o)
                              build/default/production/_ext/1171490990/startup_xc32.o (__pic32c_data_initialization)
/Applications/microchip/xc32/v4.10/bin/bin/../../lib/gcc/pic32c/8.3.1/../../../../pic32c/lib/thumb/v6-m/nofp/libm-emfloat.a(floatasmops_arm.o)
                              build/default/production/_ext/508257091/plib_sercom3_i2c_master.o (__aeabi_fadd)
/Applications/microchip/xc32/v4.10/bin/bin/../../lib/gcc/pic32c/8.3.1/../../../../pic32c/lib/thumb/v6-m/nofp/libc-musl.a(__libc_start_main.o)
                              build/default/production/_ext/1171490990/startup_xc32.o (__libc_init_array)
/Applications/microchip/xc32/v4.10/bin/bin/../../lib/gcc/pic32c/8.3.1/../../../../pic32c/lib/thumb/v6-m/nofp/libc-musl.a(assert.o)
                              ../libraries/microchip-LoRa-semtech/microchip-LoRa-semtech.X/dist/default/production/microchip-LoRa-semtech.X.a(LoRa.o) (__assert_fail)
/Applications/microchip/xc32/v4.10/bin/bin/../../lib/gcc/pic32c/8.3.1/../../../../pic32c/lib/thumb/v6-m/nofp/libc-musl.a(abort.o)
                              /Applications/microchip/xc32/v4.10/bin/bin/../../lib/gcc/pic32c/8.3.1/../../../../pic32c/lib/thumb/v6-m/nofp/libc-musl.a(assert.o) (abort)
/Applications/microchip/xc32/v4.10/bin/bin/../../lib/gcc/pic32c/8.3.1/../../../../pic32c/lib/thumb/v6-m/nofp/libc-musl.a(libc.o)
                              /Applications/microchip/xc32/v4.10/bin/bin/../../lib/gcc/pic32c/8.3.1/../../../../pic32c/lib/thumb/v6-m/nofp/libc-musl.a(__libc_start_main.o) (__progname_full)
/Applications/microchip/xc32/v4.10/bin/bin/../../lib/gcc/pic32c/8.3.1/../../../../pic32c/lib/thumb/v6-m/nofp/libc-musl.a(__sio_sscanf_dosux.o)
                              (_sscanf_cdnopsuxX)
/Applications/microchip/xc32/v4.10/bin/bin/../../lib/gcc/pic32c/8.3.1/../../../../pic32c/lib/thumb/v6-m/nofp/libc-musl.a(fprintf.o)
                              /Applications/microchip/xc32/v4.10/bin/bin/../../lib/gcc/pic32c/8.3.1/../../../../pic32c/lib/thumb/v6-m/nofp/libc-musl.a(assert.o) (fprintf)
/Applications/microchip/xc32/v4.10/bin/bin/../../lib/gcc/pic32c/8.3.1/../../../../pic32c/lib/thumb/v6-m/nofp/libc-musl.a(__scan_d.o)
                              /Applications/microchip/xc32/v4.10/bin/bin/../../lib/gcc/pic32c/8.3.1/../../../../pic32c/lib/thumb/v6-m/nofp/libc-musl.a(__sio_sscanf_dosux.o) (__scan_d_needed)
/Applications/microchip/xc32/v4.10/bin/bin/../../lib/gcc/pic32c/8.3.1/../../../../pic32c/lib/thumb/v6-m/nofp/libc-musl.a(__scan_i.o)
                              /Applications/microchip/xc32/v4.10/bin/bin/../../lib/gcc/pic32c/8.3.1/../../../../pic32c/lib/thumb/v6-m/nofp/libc-musl.a(__scan_d.o) (__scan_i_needed)
/Applications/microchip/xc32/v4.10/bin/bin/../../lib/gcc/pic32c/8.3.1/../../../../pic32c/lib/thumb/v6-m/nofp/libc-musl.a(__scan_o.o)
                              /Applications/microchip/xc32/v4.10/bin/bin/../../lib/gcc/pic32c/8.3.1/../../../../pic32c/lib/thumb/v6-m/nofp/libc-musl.a(__sio_sscanf_dosux.o) (__scan_o_needed)
/Applications/microchip/xc32/v4.10/bin/bin/../../lib/gcc/pic32c/8.3.1/../../../../pic32c/lib/thumb/v6-m/nofp/libc-musl.a(__scan_s.o)
                              /Applications/microchip/xc32/v4.10/bin/bin/../../lib/gcc/pic32c/8.3.1/../../../../pic32c/lib/thumb/v6-m/nofp/libc-musl.a(__sio_sscanf_dosux.o) (__scan_s_needed)
/Applications/microchip/xc32/v4.10/bin/bin/../../lib/gcc/pic32c/8.3.1/../../../../pic32c/lib/thumb/v6-m/nofp/libc-musl.a(__scan_u.o)
                              /Applications/microchip/xc32/v4.10/bin/bin/../../lib/gcc/pic32c/8.3.1/../../../../pic32c/lib/thumb/v6-m/nofp/libc-musl.a(__sio_sscanf_dosux.o) (__scan_u_needed)
/Applications/microchip/xc32/v4.10/bin/bin/../../lib/gcc/pic32c/8.3.1/../../../../pic32c/lib/thumb/v6-m/nofp/libc-musl.a(__scan_x.o)
                              /Applications/microchip/xc32/v4.10/bin/bin/../../lib/gcc/pic32c/8.3.1/../../../../pic32c/lib/thumb/v6-m/nofp/libc-musl.a(__sio_sscanf_dosux.o) (__scan_x_needed)
/Applications/microchip/xc32/v4.10/bin/bin/../../lib/gcc/pic32c/8.3.1/../../../../pic32c/lib/thumb/v6-m/nofp/libc-musl.a(__scanf_core.o)
                              /Applications/microchip/xc32/v4.10/bin/bin/../../lib/gcc/pic32c/8.3.1/../../../../pic32c/lib/thumb/v6-m/nofp/libc-musl.a(__scan_d.o) (__skipws)
[...]
Memory Configuration

Name             Origin             Length             Attributes
rom              0x00000000         0x00020000         xrl
ram              0x20000000         0x00004000         xw !r
config_00804000  0x00804000         0x00000004
config_00804004  0x00804004         0x00000004
*default*        0x00000000         0xffffffff

Linker script and memory map

LOAD /Applications/microchip/xc32/v4.10/bin/bin/../../lib/gcc/pic32c/8.3.1/thumb/v6-m/nofp/crti.o
LOAD /Applications/microchip/xc32/v4.10/bin/bin/../../lib/gcc/pic32c/8.3.1/thumb/v6-m/nofp/crtbegin.o
LOAD build/default/production/_ext/60163342/plib_adc.o
LOAD build/default/production/_ext/1984496892/plib_clock.o
LOAD build/default/production/_ext/60167341/plib_eic.o
LOAD build/default/production/_ext/1986646378/plib_evsys.o
LOAD build/default/production/_ext/1865468468/plib_nvic.o
LOAD build/default/production/_ext/1593096446/plib_nvmctrl.o
LOAD build/default/production/_ext/829342769/plib_pm.o
LOAD build/default/production/_ext/1865521619/plib_port.o
LOAD build/default/production/_ext/60180175/plib_rtc_clock.o
LOAD build/default/production/_ext/508257091/plib_sercom3_i2c_master.o
LOAD build/default/production/_ext/17022449/plib_sercom0_spi_master.o
LOAD build/default/production/_ext/1827571544/plib_systick.o
LOAD build/default/production/_ext/829342655/plib_tc3.o
LOAD build/default/production/_ext/163028504/xc32_monitor.o
LOAD build/default/production/_ext/1171490990/initialization.o
LOAD build/default/production/_ext/1171490990/interrupts.o
LOAD build/default/production/_ext/1171490990/exceptions.o
LOAD build/default/production/_ext/1171490990/startup_xc32.o
LOAD build/default/production/_ext/1171490990/libc_syscalls.o
LOAD build/default/production/_ext/258483974/sht20-sensor-t-h.o
LOAD build/default/production/_ext/1360937237/main.o
LOAD ../libraries/microchip-LoRa-semtech/microchip-LoRa-semtech.X/dist/default/production/microchip-LoRa-semtech.X.a
LOAD ../libraries/sam-rtc-utils/sam-rtc-utils.X/dist/default/production/sam-rtc-utils.X.a
                0x00000001                __MPLAB_BUILD = 0x1
                0x00020000                __rom_end = (ORIGIN (rom) + LENGTH (rom))
                0x20004000                __ram_end = (ORIGIN (ram) + LENGTH (ram))

.config_00804000
 *(.config_00804000)

.config_00804004
 *(.config_00804004)

.vectors        0x00000000       0xb8
                0x00000000                . = ALIGN (0x4)
                0x00000000                _sfixed = .
 *(.vectors .vectors.* .vectors_default .vectors_default.*)
 .vectors.exception_table
                0x00000000       0xb8 build/default/production/_ext/1171490990/interrupts.o
                0x00000000                exception_table
 *(.isr_vector)
 *(.reset*)
 *(.after_vectors)

.text           0x000000b8       0x20
                0x000000b8                . = ALIGN (0x4)
 *(.glue_7t)
 .glue_7t       0x000000b8        0x0 linker stubs
 *(.glue_7)
 .glue_7        0x000000b8        0x0 linker stubs
 *(.gnu.linkonce.r.*)
 *(.ARM.extab* .gnu.linkonce.armextab.*)
                0x000000b8                . = ALIGN (0x4)
 *(.init)
 .init          0x000000b8        0x4 /Applications/microchip/xc32/v4.10/bin/bin/../../lib/gcc/pic32c/8.3.1/thumb/v6-m/nofp/crti.o
                0x000000b8                _init
 .init          0x000000bc        0x8 /Applications/microchip/xc32/v4.10/bin/bin/../../lib/gcc/pic32c/8.3.1/thumb/v6-m/nofp/crtn.o
                0x000000c4                . = ALIGN (0x4)
                0x000000c4                __preinit_array_start = .
 *(.preinit_array)
                0x000000c4                __preinit_array_end = .
                0x000000c4                . = ALIGN (0x4)
                0x000000c4                __init_array_start = .
 *(SORT_BY_NAME(.init_array.*))
 *(.init_array)
 .init_array    0x000000c4        0x4 /Applications/microchip/xc32/v4.10/bin/bin/../../lib/gcc/pic32c/8.3.1/thumb/v6-m/nofp/crtbegin.o
                0x000000c8                __init_array_end = .
                0x000000c8                . = ALIGN (0x4)
 *crtbegin.o(.ctors)
 *(EXCLUDE_FILE(*crtend.o) .ctors)
 *(SORT_BY_NAME(.ctors.*))
 *crtend.o(.ctors)
                0x000000c8                . = ALIGN (0x4)
 *(.fini)
 .fini          0x000000c8        0x4 /Applications/microchip/xc32/v4.10/bin/bin/../../lib/gcc/pic32c/8.3.1/thumb/v6-m/nofp/crti.o
                0x000000c8                _fini
 .fini          0x000000cc        0x8 /Applications/microchip/xc32/v4.10/bin/bin/../../lib/gcc/pic32c/8.3.1/thumb/v6-m/nofp/crtn.o
                0x000000d4                . = ALIGN (0x4)
                0x000000d4                __fini_array_start = .
 *(.fini_array)
 .fini_array    0x000000d4        0x4 /Applications/microchip/xc32/v4.10/bin/bin/../../lib/gcc/pic32c/8.3.1/thumb/v6-m/nofp/crtbegin.o
 *(SORT_BY_NAME(.fini_array.*))
                0x000000d8                __fini_array_end = .
 *crtbegin.o(.dtors)
 *(EXCLUDE_FILE(*crtend.o) .dtors)
 *(SORT_BY_NAME(.dtors.*))
 *crtend.o(.dtors)
                0x000000d8                . = ALIGN (0x4)
                0x000000d8                _efixed = .
                [!provide]                PROVIDE (__exidx_start = .)

.ARM.exidx      0x000000d8        0x8
 *(.ARM.exidx* .gnu.linkonce.armexidx.*)
 .ARM.exidx     0x000000d8        0x8 /Applications/microchip/xc32/v4.10/bin/bin/../../lib/gcc/pic32c/8.3.1/thumb/v6-m/nofp/libgcc.a(_udivmoddi4.o)
                [!provide]                PROVIDE (__exidx_end = .)
                0x000000e0                . = ALIGN (0x4)
                0x000000e0                _etext = .

.bss            0x20000000        0x0
                0x20000000                . = ALIGN (0x4)
                0x20000000                __bss_start__ = .
                0x20000000                _sbss = .
                0x20000000                _szero = .
 *(COMMON)
                0x20000000                . = ALIGN (0x4)
                0x20000000                __bss_end__ = .
                0x20000000                _ebss = .
                0x20000000                _ezero = .
                0x20000000                . = ALIGN (0x4)
                0x20000000                _end = .
                0x20003fff                _ram_end_ = ((ORIGIN (ram) + LENGTH (ram)) - 0x1)
                0x00000200                _min_heap_size = 0x200
START GROUP
LOAD /Applications/microchip/xc32/v4.10/bin/bin/../../lib/gcc/pic32c/8.3.1/../../../../pic32c/lib/thumb/v6-m/nofp/libpic32c.a
LOAD /Applications/microchip/xc32/v4.10/bin/bin/../../lib/gcc/pic32c/8.3.1/../../../../pic32c/lib/thumb/v6-m/nofp/libm-emfloat.a
LOAD /Applications/microchip/xc32/v4.10/bin/bin/../../lib/gcc/pic32c/8.3.1/../../../../pic32c/lib/thumb/v6-m/nofp/libc-musl.a
LOAD /Applications/microchip/xc32/v4.10/bin/bin/../../lib/gcc/pic32c/8.3.1/../../../../pic32c/lib/thumb/v6-m/nofp/libm-emfloat.a
LOAD /Applications/microchip/xc32/v4.10/bin/bin/../../lib/gcc/pic32c/8.3.1/thumb/v6-m/nofp/libgcc.a
END GROUP
LOAD /Applications/microchip/xc32/v4.10/bin/bin/../../lib/gcc/pic32c/8.3.1/thumb/v6-m/nofp/crtend.o
LOAD /Applications/microchip/xc32/v4.10/bin/bin/../../lib/gcc/pic32c/8.3.1/thumb/v6-m/nofp/crtn.o
OUTPUT(dist/default/production/lora-soil-moisture-sensor-liion.X.production.elf elf32-littlearm)
LOAD stack
LOAD data_init

.ARM.attributes
                0x00000000       0x2a
 .ARM.attributes
                0x00000000       0x1e /Applications/microchip/xc32/v4.10/bin/bin/../../lib/gcc/pic32c/8.3.1/thumb/v6-m/nofp/crti.o
 .ARM.attributes
                0x0000001e       0x2c /Applications/microchip/xc32/v4.10/bin/bin/../../lib/gcc/pic32c/8.3.1/thumb/v6-m/nofp/crtbegin.o
 .ARM.attributes
                0x0000004a       0x2c build/default/production/_ext/60163342/plib_adc.o
 .ARM.attributes
                0x00000076       0x2c build/default/production/_ext/1984496892/plib_clock.o
 .ARM.attributes
                0x000000a2       0x2c build/default/production/_ext/60167341/plib_eic.o
 .ARM.attributes
                0x000000ce       0x2c build/default/production/_ext/1865468468/plib_nvic.o
 .ARM.attributes
                0x000000fa       0x2c build/default/production/_ext/1593096446/plib_nvmctrl.o
 .ARM.attributes
                0x00000126       0x2c build/default/production/_ext/1865521619/plib_port.o
 .ARM.attributes
                0x00000152       0x2c build/default/production/_ext/60180175/plib_rtc_clock.o
 .ARM.attributes
                0x0000017e       0x2c build/default/production/_ext/508257091/plib_sercom3_i2c_master.o
 .ARM.attributes
                0x000001aa       0x2c build/default/production/_ext/17022449/plib_sercom0_spi_master.o
 .ARM.attributes
                0x000001d6       0x2c build/default/production/_ext/1827571544/plib_systick.o
 .ARM.attributes
                0x00000202       0x2c build/default/production/_ext/829342655/plib_tc3.o
 .ARM.attributes
                0x0000022e       0x2c build/default/production/_ext/163028504/xc32_monitor.o
 .ARM.attributes
                0x0000025a       0x2c build/default/production/_ext/1171490990/initialization.o
 .ARM.attributes
                0x00000286       0x2c build/default/production/_ext/1171490990/interrupts.o
 .ARM.attributes
                0x000002b2       0x2c build/default/production/_ext/1171490990/exceptions.o
 .ARM.attributes
                0x000002de       0x2c build/default/production/_ext/1171490990/startup_xc32.o
 .ARM.attributes
                0x0000030a       0x2c build/default/production/_ext/1171490990/libc_syscalls.o
 .ARM.attributes
                0x00000336       0x2c build/default/production/_ext/258483974/sht20-sensor-t-h.o
 .ARM.attributes
                0x00000362       0x2c build/default/production/_ext/1360937237/main.o
 .ARM.attributes
                0x0000038e       0x2c ../libraries/microchip-LoRa-semtech/microchip-LoRa-semtech.X/dist/default/production/microchip-LoRa-semtech.X.a(LoRa.o)
 .ARM.attributes
                0x000003ba       0x2c ../libraries/sam-rtc-utils/sam-rtc-utils.X/dist/default/production/sam-rtc-utils.X.a(sam-rtc-utils.o)
 .ARM.attributes
                0x000003e6       0x2c /Applications/microchip/xc32/v4.10/bin/bin/../../lib/gcc/pic32c/8.3.1/../../../../pic32c/lib/thumb/v6-m/nofp/libpic32c.a(data_init.o)
 .ARM.attributes
                0x00000412       0x1c /Applications/microchip/xc32/v4.10/bin/bin/../../lib/gcc/pic32c/8.3.1/../../../../pic32c/lib/thumb/v6-m/nofp/libm-emfloat.a(floatasmops_arm.o)
 .ARM.attributes
                0x0000042e       0x2e /Applications/microchip/xc32/v4.10/bin/bin/../../lib/gcc/pic32c/8.3.1/../../../../pic32c/lib/thumb/v6-m/nofp/libc-musl.a(__libc_start_main.o)
 .ARM.attributes
                0x0000045c       0x2e /Applications/microchip/xc32/v4.10/bin/bin/../../lib/gcc/pic32c/8.3.1/../../../../pic32c/lib/thumb/v6-m/nofp/libc-musl.a(assert.o)
 .ARM.attributes
                0x0000048a       0x2e /Applications/microchip/xc32/v4.10/bin/bin/../../lib/gcc/pic32c/8.3.1/../../../../pic32c/lib/thumb/v6-m/nofp/libc-musl.a(abort.o)
 .ARM.attributes
                0x000004b8       0x2e /Applications/microchip/xc32/v4.10/bin/bin/../../lib/gcc/pic32c/8.3.1/../../../../pic32c/lib/thumb/v6-m/nofp/libc-musl.a(libc.o)
 .ARM.attributes
                0x000004e6       0x2e /Applications/microchip/xc32/v4.10/bin/bin/../../lib/gcc/pic32c/8.3.1/../../../../pic32c/lib/thumb/v6-m/nofp/libc-musl.a(__sio_sscanf_dosux.o)
 .ARM.attributes
                0x00000514       0x2e /Applications/microchip/xc32/v4.10/bin/bin/../../lib/gcc/pic32c/8.3.1/../../../../pic32c/lib/thumb/v6-m/nofp/libc-musl.a(fprintf.o)
 .ARM.attributes
                0x00000542       0x2e /Applications/microchip/xc32/v4.10/bin/bin/../../lib/gcc/pic32c/8.3.1/../../../../pic32c/lib/thumb/v6-m/nofp/libc-musl.a(__scan_d.o)
 .ARM.attributes
                0x00000570       0x2e /Applications/microchip/xc32/v4.10/bin/bin/../../lib/gcc/pic32c/8.3.1/../../../../pic32c/lib/thumb/v6-m/nofp/libc-musl.a(__scan_i.o)
 .ARM.attributes
                0x0000059e       0x2e /Applications/microchip/xc32/v4.10/bin/bin/../../lib/gcc/pic32c/8.3.1/../../../../pic32c/lib/thumb/v6-m/nofp/libc-musl.a(__scan_o.o)
 .ARM.attributes
                0x000005cc       0x2e /Applications/microchip/xc32/v4.10/bin/bin/../../lib/gcc/pic32c/8.3.1/../../../../pic32c/lib/thumb/v6-m/nofp/libc-musl.a(__scan_s.o)
 .ARM.attributes
                0x000005fa       0x2e /Applications/microchip/xc32/v4.10/bin/bin/../../lib/gcc/pic32c/8.3.1/../../../../pic32c/lib/thumb/v6-m/nofp/libc-musl.a(__scan_u.o)
 .ARM.attributes
                0x00000628       0x2e /Applications/microchip/xc32/v4.10/bin/bin/../../lib/gcc/pic32c/8.3.1/../../../../pic32c/lib/thumb/v6-m/nofp/libc-musl.a(__scan_x.o)
 .ARM.attributes
                0x00000656       0x2e /Applications/microchip/xc32/v4.10/bin/bin/../../lib/gcc/pic32c/8.3.1/../../../../pic32c/lib/thumb/v6-m/nofp/libc-musl.a(__scanf_core.o)
 .ARM.attributes
                0x00000684       0x2e /Applications/microchip/xc32/v4.10/bin/bin/../../lib/gcc/pic32c/8.3.1/../../../../pic32c/lib/thumb/v6-m/nofp/libc-musl.a(fflush.o)
 .ARM.attributes
                0x000006b2       0x2e /Applications/microchip/xc32/v4.10/bin/bin/../../lib/gcc/pic32c/8.3.1/../../../../pic32c/lib/thumb/v6-m/nofp/libc-musl.a(stderr.o)
 .ARM.attributes
                0x000006e0       0x2e /Applications/microchip/xc32/v4.10/bin/bin/../../lib/gcc/pic32c/8.3.1/../../../../pic32c/lib/thumb/v6-m/nofp/libc-musl.a(vfprintf.o)
 .ARM.attributes
                0x0000070e       0x2e /Applications/microchip/xc32/v4.10/bin/bin/../../lib/gcc/pic32c/8.3.1/../../../../pic32c/lib/thumb/v6-m/nofp/libc-musl.a(atoi.o)
 .ARM.attributes
                0x0000073c       0x2e /Applications/microchip/xc32/v4.10/bin/bin/../../lib/gcc/pic32c/8.3.1/../../../../pic32c/lib/thumb/v6-m/nofp/libc-musl.a(strtol.o)
 .ARM.attributes
                0x0000076a       0x2e /Applications/microchip/xc32/v4.10/bin/bin/../../lib/gcc/pic32c/8.3.1/../../../../pic32c/lib/thumb/v6-m/nofp/libc-musl.a(memcpy.o)
 .ARM.attributes
                0x00000798       0x2e /Applications/microchip/xc32/v4.10/bin/bin/../../lib/gcc/pic32c/8.3.1/../../../../pic32c/lib/thumb/v6-m/nofp/libc-musl.a(memset.o)
 .ARM.attributes
                0x000007c6       0x2e /Applications/microchip/xc32/v4.10/bin/bin/../../lib/gcc/pic32c/8.3.1/../../../../pic32c/lib/thumb/v6-m/nofp/libc-musl.a(strlen.o)
 .ARM.attributes
                0x000007f4       0x2e /Applications/microchip/xc32/v4.10/bin/bin/../../lib/gcc/pic32c/8.3.1/../../../../pic32c/lib/thumb/v6-m/nofp/libc-musl.a(strcmp.o)
 .ARM.attributes
                0x00000822       0x2e /Applications/microchip/xc32/v4.10/bin/bin/../../lib/gcc/pic32c/8.3.1/../../../../pic32c/lib/thumb/v6-m/nofp/libc-musl.a(strncat.o)
 .ARM.attributes
                0x00000850       0x2e /Applications/microchip/xc32/v4.10/bin/bin/../../lib/gcc/pic32c/8.3.1/../../../../pic32c/lib/thumb/v6-m/nofp/libc-musl.a(isxdigit.o)
 .ARM.attributes
                0x0000087e       0x2e /Applications/microchip/xc32/v4.10/bin/bin/../../lib/gcc/pic32c/8.3.1/../../../../pic32c/lib/thumb/v6-m/nofp/libc-musl.a(tolower.o)
 .ARM.attributes
                0x000008ac       0x2e /Applications/microchip/xc32/v4.10/bin/bin/../../lib/gcc/pic32c/8.3.1/../../../../pic32c/lib/thumb/v6-m/nofp/libc-musl.a(__environ.o)
 .ARM.attributes
                0x000008da       0x2e /Applications/microchip/xc32/v4.10/bin/bin/../../lib/gcc/pic32c/8.3.1/../../../../pic32c/lib/thumb/v6-m/nofp/libc-musl.a(_Exit.o)
 .ARM.attributes
                0x00000908       0x2e /Applications/microchip/xc32/v4.10/bin/bin/../../lib/gcc/pic32c/8.3.1/../../../../pic32c/lib/thumb/v6-m/nofp/libc-musl.a(intscan.o)
 .ARM.attributes
                0x00000936       0x2e /Applications/microchip/xc32/v4.10/bin/bin/../../lib/gcc/pic32c/8.3.1/../../../../pic32c/lib/thumb/v6-m/nofp/libc-musl.a(shgetc.o)
 .ARM.attributes
                0x00000964       0x2e /Applications/microchip/xc32/v4.10/bin/bin/../../lib/gcc/pic32c/8.3.1/../../../../pic32c/lib/thumb/v6-m/nofp/libc-musl.a(__int_vsscanf.o)
 .ARM.attributes
                0x00000992       0x2e /Applications/microchip/xc32/v4.10/bin/bin/../../lib/gcc/pic32c/8.3.1/../../../../pic32c/lib/thumb/v6-m/nofp/libc-musl.a(__string_read.o)
 .ARM.attributes
                0x000009c0       0x2e /Applications/microchip/xc32/v4.10/bin/bin/../../lib/gcc/pic32c/8.3.1/../../../../pic32c/lib/thumb/v6-m/nofp/libc-musl.a(__uflow.o)
 .ARM.attributes
                0x000009ee       0x2e /Applications/microchip/xc32/v4.10/bin/bin/../../lib/gcc/pic32c/8.3.1/../../../../pic32c/lib/thumb/v6-m/nofp/libc-musl.a(__printf_core.o)
 .ARM.attributes
                0x00000a1c       0x2e /Applications/microchip/xc32/v4.10/bin/bin/../../lib/gcc/pic32c/8.3.1/../../../../pic32c/lib/thumb/v6-m/nofp/libc-musl.a(__push_float.o)
 .ARM.attributes
                0x00000a4a       0x2e /Applications/microchip/xc32/v4.10/bin/bin/../../lib/gcc/pic32c/8.3.1/../../../../pic32c/lib/thumb/v6-m/nofp/libc-musl.a(__push_int.o)
 .ARM.attributes
                0x00000a78       0x2e /Applications/microchip/xc32/v4.10/bin/bin/../../lib/gcc/pic32c/8.3.1/../../../../pic32c/lib/thumb/v6-m/nofp/libc-musl.a(memchr.o)
 .ARM.attributes
                0x00000aa6       0x2e /Applications/microchip/xc32/v4.10/bin/bin/../../lib/gcc/pic32c/8.3.1/../../../../pic32c/lib/thumb/v6-m/nofp/libc-musl.a(__errno_location.o)
 .ARM.attributes
                0x00000ad4       0x2e /Applications/microchip/xc32/v4.10/bin/bin/../../lib/gcc/pic32c/8.3.1/../../../../pic32c/lib/thumb/v6-m/nofp/libc-musl.a(__int_vfscanf.o)
 .ARM.attributes
                0x00000b02       0x2e /Applications/microchip/xc32/v4.10/bin/bin/../../lib/gcc/pic32c/8.3.1/../../../../pic32c/lib/thumb/v6-m/nofp/libc-musl.a(__toread.o)
 .ARM.attributes
                0x00000b30       0x2e /Applications/microchip/xc32/v4.10/bin/bin/../../lib/gcc/pic32c/8.3.1/../../../../pic32c/lib/thumb/v6-m/nofp/libc-musl.a(__fmt_a.o)
 .ARM.attributes
                0x00000b5e       0x2e /Applications/microchip/xc32/v4.10/bin/bin/../../lib/gcc/pic32c/8.3.1/../../../../pic32c/lib/thumb/v6-m/nofp/libc-musl.a(__fmt_d.o)
 .ARM.attributes
                0x00000b8c       0x2e /Applications/microchip/xc32/v4.10/bin/bin/../../lib/gcc/pic32c/8.3.1/../../../../pic32c/lib/thumb/v6-m/nofp/libc-musl.a(__fmt_fp.o)
 .ARM.attributes
                0x00000bba       0x2e /Applications/microchip/xc32/v4.10/bin/bin/../../lib/gcc/pic32c/8.3.1/../../../../pic32c/lib/thumb/v6-m/nofp/libc-musl.a(__fmt_o.o)
 .ARM.attributes
                0x00000be8       0x2e /Applications/microchip/xc32/v4.10/bin/bin/../../lib/gcc/pic32c/8.3.1/../../../../pic32c/lib/thumb/v6-m/nofp/libc-musl.a(__fmt_s.o)
 .ARM.attributes
                0x00000c16       0x2e /Applications/microchip/xc32/v4.10/bin/bin/../../lib/gcc/pic32c/8.3.1/../../../../pic32c/lib/thumb/v6-m/nofp/libc-musl.a(__fmt_u.o)
 .ARM.attributes
                0x00000c44       0x2e /Applications/microchip/xc32/v4.10/bin/bin/../../lib/gcc/pic32c/8.3.1/../../../../pic32c/lib/thumb/v6-m/nofp/libc-musl.a(__fmt_x.o)
 .ARM.attributes
                0x00000c72       0x2e /Applications/microchip/xc32/v4.10/bin/bin/../../lib/gcc/pic32c/8.3.1/../../../../pic32c/lib/thumb/v6-m/nofp/libc-musl.a(__init_stdio.o)
 .ARM.attributes
                0x00000ca0       0x2e /Applications/microchip/xc32/v4.10/bin/bin/../../lib/gcc/pic32c/8.3.1/../../../../pic32c/lib/thumb/v6-m/nofp/libc-musl.a(__out.o)
 .ARM.attributes
                0x00000cce       0x2e /Applications/microchip/xc32/v4.10/bin/bin/../../lib/gcc/pic32c/8.3.1/../../../../pic32c/lib/thumb/v6-m/nofp/libc-musl.a(__pop_float.o)
 .ARM.attributes
                0x00000cfc       0x2e /Applications/microchip/xc32/v4.10/bin/bin/../../lib/gcc/pic32c/8.3.1/../../../../pic32c/lib/thumb/v6-m/nofp/libc-musl.a(__pop_int.o)
 .ARM.attributes
                0x00000d2a       0x2e /Applications/microchip/xc32/v4.10/bin/bin/../../lib/gcc/pic32c/8.3.1/../../../../pic32c/lib/thumb/v6-m/nofp/libc-musl.a(__pop_ptr.o)
 .ARM.attributes
                0x00000d58       0x2e /Applications/microchip/xc32/v4.10/bin/bin/../../lib/gcc/pic32c/8.3.1/../../../../pic32c/lib/thumb/v6-m/nofp/libc-musl.a(__stderr.o)
 .ARM.attributes
                0x00000d86       0x2e /Applications/microchip/xc32/v4.10/bin/bin/../../lib/gcc/pic32c/8.3.1/../../../../pic32c/lib/thumb/v6-m/nofp/libc-musl.a(__stdio_close.o)
 .ARM.attributes
                0x00000db4       0x2e /Applications/microchip/xc32/v4.10/bin/bin/../../lib/gcc/pic32c/8.3.1/../../../../pic32c/lib/thumb/v6-m/nofp/libc-musl.a(__stdio_seek.o)
 .ARM.attributes
                0x00000de2       0x2e /Applications/microchip/xc32/v4.10/bin/bin/../../lib/gcc/pic32c/8.3.1/../../../../pic32c/lib/thumb/v6-m/nofp/libc-musl.a(strcpy.o)
 .ARM.attributes
                0x00000e10       0x2e /Applications/microchip/xc32/v4.10/bin/bin/../../lib/gcc/pic32c/8.3.1/../../../../pic32c/lib/thumb/v6-m/nofp/libc-musl.a(toupper.o)
 .ARM.attributes
                0x00000e3e       0x2e /Applications/microchip/xc32/v4.10/bin/bin/../../lib/gcc/pic32c/8.3.1/../../../../pic32c/lib/thumb/v6-m/nofp/libc-musl.a(__fclose.o)
 .ARM.attributes
                0x00000e6c       0x2e /Applications/microchip/xc32/v4.10/bin/bin/../../lib/gcc/pic32c/8.3.1/../../../../pic32c/lib/thumb/v6-m/nofp/libc-musl.a(__fwrite.o)
 .ARM.attributes
                0x00000e9a       0x2e /Applications/microchip/xc32/v4.10/bin/bin/../../lib/gcc/pic32c/8.3.1/../../../../pic32c/lib/thumb/v6-m/nofp/libc-musl.a(stpcpy.o)
 .ARM.attributes
                0x00000ec8       0x2c /Applications/microchip/xc32/v4.10/bin/bin/../../lib/gcc/pic32c/8.3.1/../../../../pic32c/lib/thumb/v6-m/nofp/libm-emfloat.a(lib_a-_FLOOR.o)
 .ARM.attributes
                0x00000ef4       0x2c /Applications/microchip/xc32/v4.10/bin/bin/../../lib/gcc/pic32c/8.3.1/../../../../pic32c/lib/thumb/v6-m/nofp/libm-emfloat.a(lib_a-_FMA.o)
 .ARM.attributes
                0x00000f20       0x1e /Applications/microchip/xc32/v4.10/bin/bin/../../lib/gcc/pic32c/8.3.1/thumb/v6-m/nofp/libgcc.a(_udivsi3.o)
 .ARM.attributes
                0x00000f3e       0x1e /Applications/microchip/xc32/v4.10/bin/bin/../../lib/gcc/pic32c/8.3.1/thumb/v6-m/nofp/libgcc.a(_divsi3.o)
 .ARM.attributes
                0x00000f5c       0x1e /Applications/microchip/xc32/v4.10/bin/bin/../../lib/gcc/pic32c/8.3.1/thumb/v6-m/nofp/libgcc.a(_dvmd_tls.o)
 .ARM.attributes
                0x00000f7a       0x1e /Applications/microchip/xc32/v4.10/bin/bin/../../lib/gcc/pic32c/8.3.1/thumb/v6-m/nofp/libgcc.a(_lshrdi3.o)
 .ARM.attributes
                0x00000f98       0x1e /Applications/microchip/xc32/v4.10/bin/bin/../../lib/gcc/pic32c/8.3.1/thumb/v6-m/nofp/libgcc.a(_ashldi3.o)
 .ARM.attributes
                0x00000fb6       0x1e /Applications/microchip/xc32/v4.10/bin/bin/../../lib/gcc/pic32c/8.3.1/thumb/v6-m/nofp/libgcc.a(_aeabi_uldivmod.o)
 .ARM.attributes
                0x00000fd4       0x2c /Applications/microchip/xc32/v4.10/bin/bin/../../lib/gcc/pic32c/8.3.1/thumb/v6-m/nofp/libgcc.a(_muldi3.o)
 .ARM.attributes
                0x00001000       0x2c /Applications/microchip/xc32/v4.10/bin/bin/../../lib/gcc/pic32c/8.3.1/thumb/v6-m/nofp/libgcc.a(_udivmoddi4.o)
 .ARM.attributes
                0x0000102c       0x1e /Applications/microchip/xc32/v4.10/bin/bin/../../lib/gcc/pic32c/8.3.1/thumb/v6-m/nofp/libgcc.a(_clzdi2.o)
 .ARM.attributes
                0x0000104a       0x1e /Applications/microchip/xc32/v4.10/bin/bin/../../lib/gcc/pic32c/8.3.1/thumb/v6-m/nofp/libgcc.a(_clzsi2.o)
 .ARM.attributes
                0x00001068       0x2c /Applications/microchip/xc32/v4.10/bin/bin/../../lib/gcc/pic32c/8.3.1/../../../../pic32c/lib/thumb/v6-m/nofp/libpic32c.a(close.o)
 .ARM.attributes
                0x00001094       0x2c /Applications/microchip/xc32/v4.10/bin/bin/../../lib/gcc/pic32c/8.3.1/../../../../pic32c/lib/thumb/v6-m/nofp/libpic32c.a(lseek.o)
 .ARM.attributes
                0x000010c0       0x1e /Applications/microchip/xc32/v4.10/bin/bin/../../lib/gcc/pic32c/8.3.1/thumb/v6-m/nofp/crtn.o

.comment        0x00000000       0x2b
 .comment       0x00000000       0x2b /Applications/microchip/xc32/v4.10/bin/bin/../../lib/gcc/pic32c/8.3.1/thumb/v6-m/nofp/crtbegin.o
                                 0x2c (size before relaxing)
 .comment       0x0000002b       0x2c build/default/production/_ext/60163342/plib_adc.o
 .comment       0x0000002b       0x2c build/default/production/_ext/1984496892/plib_clock.o
 .comment       0x0000002b       0x2c build/default/production/_ext/60167341/plib_eic.o
 .comment       0x0000002b       0x2c build/default/production/_ext/1865468468/plib_nvic.o
 .comment       0x0000002b       0x2c build/default/production/_ext/1593096446/plib_nvmctrl.o
 .comment       0x0000002b       0x2c build/default/production/_ext/1865521619/plib_port.o
 .comment       0x0000002b       0x2c build/default/production/_ext/60180175/plib_rtc_clock.o
 .comment       0x0000002b       0x2c build/default/production/_ext/508257091/plib_sercom3_i2c_master.o
 .comment       0x0000002b       0x2c build/default/production/_ext/17022449/plib_sercom0_spi_master.o
 .comment       0x0000002b       0x2c build/default/production/_ext/1827571544/plib_systick.o
 .comment       0x0000002b       0x2c build/default/production/_ext/829342655/plib_tc3.o
 .comment       0x0000002b       0x2c build/default/production/_ext/163028504/xc32_monitor.o
 .comment       0x0000002b       0x2c build/default/production/_ext/1171490990/initialization.o
 .comment       0x0000002b       0x2c build/default/production/_ext/1171490990/interrupts.o
 .comment       0x0000002b       0x2c build/default/production/_ext/1171490990/exceptions.o
 .comment       0x0000002b       0x2c build/default/production/_ext/1171490990/startup_xc32.o
 .comment       0x0000002b       0x2c build/default/production/_ext/1171490990/libc_syscalls.o
 .comment       0x0000002b       0x2c build/default/production/_ext/258483974/sht20-sensor-t-h.o
 .comment       0x0000002b       0x2c build/default/production/_ext/1360937237/main.o
 .comment       0x0000002b       0x2c ../libraries/microchip-LoRa-semtech/microchip-LoRa-semtech.X/dist/default/production/microchip-LoRa-semtech.X.a(LoRa.o)
 .comment       0x0000002b       0x2c ../libraries/sam-rtc-utils/sam-rtc-utils.X/dist/default/production/sam-rtc-utils.X.a(sam-rtc-utils.o)
 .comment       0x0000002b       0x2c /Applications/microchip/xc32/v4.10/bin/bin/../../lib/gcc/pic32c/8.3.1/../../../../pic32c/lib/thumb/v6-m/nofp/libpic32c.a(data_init.o)
 .comment       0x0000002b       0x2c /Applications/microchip/xc32/v4.10/bin/bin/../../lib/gcc/pic32c/8.3.1/../../../../pic32c/lib/thumb/v6-m/nofp/libc-musl.a(__libc_start_main.o)
 .comment       0x0000002b       0x2c /Applications/microchip/xc32/v4.10/bin/bin/../../lib/gcc/pic32c/8.3.1/../../../../pic32c/lib/thumb/v6-m/nofp/libc-musl.a(assert.o)
 .comment       0x0000002b       0x2c /Applications/microchip/xc32/v4.10/bin/bin/../../lib/gcc/pic32c/8.3.1/../../../../pic32c/lib/thumb/v6-m/nofp/libc-musl.a(abort.o)
 .comment       0x0000002b       0x2c /Applications/microchip/xc32/v4.10/bin/bin/../../lib/gcc/pic32c/8.3.1/../../../../pic32c/lib/thumb/v6-m/nofp/libc-musl.a(libc.o)
 .comment       0x0000002b       0x2c /Applications/microchip/xc32/v4.10/bin/bin/../../lib/gcc/pic32c/8.3.1/../../../../pic32c/lib/thumb/v6-m/nofp/libc-musl.a(__sio_sscanf_dosux.o)
 .comment       0x0000002b       0x2c /Applications/microchip/xc32/v4.10/bin/bin/../../lib/gcc/pic32c/8.3.1/../../../../pic32c/lib/thumb/v6-m/nofp/libc-musl.a(fprintf.o)
 .comment       0x0000002b       0x2c /Applications/microchip/xc32/v4.10/bin/bin/../../lib/gcc/pic32c/8.3.1/../../../../pic32c/lib/thumb/v6-m/nofp/libc-musl.a(__scan_d.o)
 .comment       0x0000002b       0x2c /Applications/microchip/xc32/v4.10/bin/bin/../../lib/gcc/pic32c/8.3.1/../../../../pic32c/lib/thumb/v6-m/nofp/libc-musl.a(__scan_i.o)
 .comment       0x0000002b       0x2c /Applications/microchip/xc32/v4.10/bin/bin/../../lib/gcc/pic32c/8.3.1/../../../../pic32c/lib/thumb/v6-m/nofp/libc-musl.a(__scan_o.o)
 .comment       0x0000002b       0x2c /Applications/microchip/xc32/v4.10/bin/bin/../../lib/gcc/pic32c/8.3.1/../../../../pic32c/lib/thumb/v6-m/nofp/libc-musl.a(__scan_s.o)
 .comment       0x0000002b       0x2c /Applications/microchip/xc32/v4.10/bin/bin/../../lib/gcc/pic32c/8.3.1/../../../../pic32c/lib/thumb/v6-m/nofp/libc-musl.a(__scan_u.o)
 .comment       0x0000002b       0x2c /Applications/microchip/xc32/v4.10/bin/bin/../../lib/gcc/pic32c/8.3.1/../../../../pic32c/lib/thumb/v6-m/nofp/libc-musl.a(__scan_x.o)
 .comment       0x0000002b       0x2c /Applications/microchip/xc32/v4.10/bin/bin/../../lib/gcc/pic32c/8.3.1/../../../../pic32c/lib/thumb/v6-m/nofp/libc-musl.a(__scanf_core.o)
 .comment       0x0000002b       0x2c /Applications/microchip/xc32/v4.10/bin/bin/../../lib/gcc/pic32c/8.3.1/../../../../pic32c/lib/thumb/v6-m/nofp/libc-musl.a(fflush.o)
 .comment       0x0000002b       0x2c /Applications/microchip/xc32/v4.10/bin/bin/../../lib/gcc/pic32c/8.3.1/../../../../pic32c/lib/thumb/v6-m/nofp/libc-musl.a(stderr.o)
 .comment       0x0000002b       0x2c /Applications/microchip/xc32/v4.10/bin/bin/../../lib/gcc/pic32c/8.3.1/../../../../pic32c/lib/thumb/v6-m/nofp/libc-musl.a(vfprintf.o)
 .comment       0x0000002b       0x2c /Applications/microchip/xc32/v4.10/bin/bin/../../lib/gcc/pic32c/8.3.1/../../../../pic32c/lib/thumb/v6-m/nofp/libc-musl.a(atoi.o)
 .comment       0x0000002b       0x2c /Applications/microchip/xc32/v4.10/bin/bin/../../lib/gcc/pic32c/8.3.1/../../../../pic32c/lib/thumb/v6-m/nofp/libc-musl.a(strtol.o)
 .comment       0x0000002b       0x2c /Applications/microchip/xc32/v4.10/bin/bin/../../lib/gcc/pic32c/8.3.1/../../../../pic32c/lib/thumb/v6-m/nofp/libc-musl.a(memcpy.o)
 .comment       0x0000002b       0x2c /Applications/microchip/xc32/v4.10/bin/bin/../../lib/gcc/pic32c/8.3.1/../../../../pic32c/lib/thumb/v6-m/nofp/libc-musl.a(memset.o)
 .comment       0x0000002b       0x2c /Applications/microchip/xc32/v4.10/bin/bin/../../lib/gcc/pic32c/8.3.1/../../../../pic32c/lib/thumb/v6-m/nofp/libc-musl.a(strlen.o)
 .comment       0x0000002b       0x2c /Applications/microchip/xc32/v4.10/bin/bin/../../lib/gcc/pic32c/8.3.1/../../../../pic32c/lib/thumb/v6-m/nofp/libc-musl.a(strcmp.o)
 .comment       0x0000002b       0x2c /Applications/microchip/xc32/v4.10/bin/bin/../../lib/gcc/pic32c/8.3.1/../../../../pic32c/lib/thumb/v6-m/nofp/libc-musl.a(strncat.o)
 .comment       0x0000002b       0x2c /Applications/microchip/xc32/v4.10/bin/bin/../../lib/gcc/pic32c/8.3.1/../../../../pic32c/lib/thumb/v6-m/nofp/libc-musl.a(isxdigit.o)
 .comment       0x0000002b       0x2c /Applications/microchip/xc32/v4.10/bin/bin/../../lib/gcc/pic32c/8.3.1/../../../../pic32c/lib/thumb/v6-m/nofp/libc-musl.a(tolower.o)
 .comment       0x0000002b       0x2c /Applications/microchip/xc32/v4.10/bin/bin/../../lib/gcc/pic32c/8.3.1/../../../../pic32c/lib/thumb/v6-m/nofp/libc-musl.a(__environ.o)
 .comment       0x0000002b       0x2c /Applications/microchip/xc32/v4.10/bin/bin/../../lib/gcc/pic32c/8.3.1/../../../../pic32c/lib/thumb/v6-m/nofp/libc-musl.a(_Exit.o)
 .comment       0x0000002b       0x2c /Applications/microchip/xc32/v4.10/bin/bin/../../lib/gcc/pic32c/8.3.1/../../../../pic32c/lib/thumb/v6-m/nofp/libc-musl.a(intscan.o)
 .comment       0x0000002b       0x2c /Applications/microchip/xc32/v4.10/bin/bin/../../lib/gcc/pic32c/8.3.1/../../../../pic32c/lib/thumb/v6-m/nofp/libc-musl.a(shgetc.o)
 .comment       0x0000002b       0x2c /Applications/microchip/xc32/v4.10/bin/bin/../../lib/gcc/pic32c/8.3.1/../../../../pic32c/lib/thumb/v6-m/nofp/libc-musl.a(__int_vsscanf.o)
 .comment       0x0000002b       0x2c /Applications/microchip/xc32/v4.10/bin/bin/../../lib/gcc/pic32c/8.3.1/../../../../pic32c/lib/thumb/v6-m/nofp/libc-musl.a(__string_read.o)
 .comment       0x0000002b       0x2c /Applications/microchip/xc32/v4.10/bin/bin/../../lib/gcc/pic32c/8.3.1/../../../../pic32c/lib/thumb/v6-m/nofp/libc-musl.a(__uflow.o)
 .comment       0x0000002b       0x2c /Applications/microchip/xc32/v4.10/bin/bin/../../lib/gcc/pic32c/8.3.1/../../../../pic32c/lib/thumb/v6-m/nofp/libc-musl.a(__printf_core.o)
 .comment       0x0000002b       0x2c /Applications/microchip/xc32/v4.10/bin/bin/../../lib/gcc/pic32c/8.3.1/../../../../pic32c/lib/thumb/v6-m/nofp/libc-musl.a(__push_float.o)
 .comment       0x0000002b       0x2c /Applications/microchip/xc32/v4.10/bin/bin/../../lib/gcc/pic32c/8.3.1/../../../../pic32c/lib/thumb/v6-m/nofp/libc-musl.a(__push_int.o)
 .comment       0x0000002b       0x2c /Applications/microchip/xc32/v4.10/bin/bin/../../lib/gcc/pic32c/8.3.1/../../../../pic32c/lib/thumb/v6-m/nofp/libc-musl.a(memchr.o)
 .comment       0x0000002b       0x2c /Applications/microchip/xc32/v4.10/bin/bin/../../lib/gcc/pic32c/8.3.1/../../../../pic32c/lib/thumb/v6-m/nofp/libc-musl.a(__errno_location.o)
 .comment       0x0000002b       0x2c /Applications/microchip/xc32/v4.10/bin/bin/../../lib/gcc/pic32c/8.3.1/../../../../pic32c/lib/thumb/v6-m/nofp/libc-musl.a(__int_vfscanf.o)
 .comment       0x0000002b       0x2c /Applications/microchip/xc32/v4.10/bin/bin/../../lib/gcc/pic32c/8.3.1/../../../../pic32c/lib/thumb/v6-m/nofp/libc-musl.a(__toread.o)
 .comment       0x0000002b       0x2c /Applications/microchip/xc32/v4.10/bin/bin/../../lib/gcc/pic32c/8.3.1/../../../../pic32c/lib/thumb/v6-m/nofp/libc-musl.a(__fmt_a.o)
 .comment       0x0000002b       0x2c /Applications/microchip/xc32/v4.10/bin/bin/../../lib/gcc/pic32c/8.3.1/../../../../pic32c/lib/thumb/v6-m/nofp/libc-musl.a(__fmt_d.o)
 .comment       0x0000002b       0x2c /Applications/microchip/xc32/v4.10/bin/bin/../../lib/gcc/pic32c/8.3.1/../../../../pic32c/lib/thumb/v6-m/nofp/libc-musl.a(__fmt_fp.o)
 .comment       0x0000002b       0x2c /Applications/microchip/xc32/v4.10/bin/bin/../../lib/gcc/pic32c/8.3.1/../../../../pic32c/lib/thumb/v6-m/nofp/libc-musl.a(__fmt_o.o)
 .comment       0x0000002b       0x2c /Applications/microchip/xc32/v4.10/bin/bin/../../lib/gcc/pic32c/8.3.1/../../../../pic32c/lib/thumb/v6-m/nofp/libc-musl.a(__fmt_s.o)
 .comment       0x0000002b       0x2c /Applications/microchip/xc32/v4.10/bin/bin/../../lib/gcc/pic32c/8.3.1/../../../../pic32c/lib/thumb/v6-m/nofp/libc-musl.a(__fmt_u.o)
 .comment       0x0000002b       0x2c /Applications/microchip/xc32/v4.10/bin/bin/../../lib/gcc/pic32c/8.3.1/../../../../pic32c/lib/thumb/v6-m/nofp/libc-musl.a(__fmt_x.o)
 .comment       0x0000002b       0x2c /Applications/microchip/xc32/v4.10/bin/bin/../../lib/gcc/pic32c/8.3.1/../../../../pic32c/lib/thumb/v6-m/nofp/libc-musl.a(__init_stdio.o)
 .comment       0x0000002b       0x2c /Applications/microchip/xc32/v4.10/bin/bin/../../lib/gcc/pic32c/8.3.1/../../../../pic32c/lib/thumb/v6-m/nofp/libc-musl.a(__out.o)
 .comment       0x0000002b       0x2c /Applications/microchip/xc32/v4.10/bin/bin/../../lib/gcc/pic32c/8.3.1/../../../../pic32c/lib/thumb/v6-m/nofp/libc-musl.a(__pop_float.o)
 .comment       0x0000002b       0x2c /Applications/microchip/xc32/v4.10/bin/bin/../../lib/gcc/pic32c/8.3.1/../../../../pic32c/lib/thumb/v6-m/nofp/libc-musl.a(__pop_int.o)
 .comment       0x0000002b       0x2c /Applications/microchip/xc32/v4.10/bin/bin/../../lib/gcc/pic32c/8.3.1/../../../../pic32c/lib/thumb/v6-m/nofp/libc-musl.a(__pop_ptr.o)
 .comment       0x0000002b       0x2c /Applications/microchip/xc32/v4.10/bin/bin/../../lib/gcc/pic32c/8.3.1/../../../../pic32c/lib/thumb/v6-m/nofp/libc-musl.a(__stderr.o)
 .comment       0x0000002b       0x2c /Applications/microchip/xc32/v4.10/bin/bin/../../lib/gcc/pic32c/8.3.1/../../../../pic32c/lib/thumb/v6-m/nofp/libc-musl.a(__stdio_close.o)
 .comment       0x0000002b       0x2c /Applications/microchip/xc32/v4.10/bin/bin/../../lib/gcc/pic32c/8.3.1/../../../../pic32c/lib/thumb/v6-m/nofp/libc-musl.a(__stdio_seek.o)
 .comment       0x0000002b       0x2c /Applications/microchip/xc32/v4.10/bin/bin/../../lib/gcc/pic32c/8.3.1/../../../../pic32c/lib/thumb/v6-m/nofp/libc-musl.a(strcpy.o)
 .comment       0x0000002b       0x2c /Applications/microchip/xc32/v4.10/bin/bin/../../lib/gcc/pic32c/8.3.1/../../../../pic32c/lib/thumb/v6-m/nofp/libc-musl.a(toupper.o)
 .comment       0x0000002b       0x2c /Applications/microchip/xc32/v4.10/bin/bin/../../lib/gcc/pic32c/8.3.1/../../../../pic32c/lib/thumb/v6-m/nofp/libc-musl.a(__fclose.o)
 .comment       0x0000002b       0x2c /Applications/microchip/xc32/v4.10/bin/bin/../../lib/gcc/pic32c/8.3.1/../../../../pic32c/lib/thumb/v6-m/nofp/libc-musl.a(__fwrite.o)
 .comment       0x0000002b       0x2c /Applications/microchip/xc32/v4.10/bin/bin/../../lib/gcc/pic32c/8.3.1/../../../../pic32c/lib/thumb/v6-m/nofp/libc-musl.a(stpcpy.o)
 .comment       0x0000002b       0x2c /Applications/microchip/xc32/v4.10/bin/bin/../../lib/gcc/pic32c/8.3.1/../../../../pic32c/lib/thumb/v6-m/nofp/libm-emfloat.a(lib_a-_FLOOR.o)
 .comment       0x0000002b       0x2c /Applications/microchip/xc32/v4.10/bin/bin/../../lib/gcc/pic32c/8.3.1/../../../../pic32c/lib/thumb/v6-m/nofp/libm-emfloat.a(lib_a-_FMA.o)
 .comment       0x0000002b       0x2c /Applications/microchip/xc32/v4.10/bin/bin/../../lib/gcc/pic32c/8.3.1/thumb/v6-m/nofp/libgcc.a(_muldi3.o)
 .comment       0x0000002b       0x2c /Applications/microchip/xc32/v4.10/bin/bin/../../lib/gcc/pic32c/8.3.1/thumb/v6-m/nofp/libgcc.a(_udivmoddi4.o)
 .comment       0x0000002b       0x2c /Applications/microchip/xc32/v4.10/bin/bin/../../lib/gcc/pic32c/8.3.1/../../../../pic32c/lib/thumb/v6-m/nofp/libpic32c.a(close.o)
 .comment       0x0000002b       0x2c /Applications/microchip/xc32/v4.10/bin/bin/../../lib/gcc/pic32c/8.3.1/../../../../pic32c/lib/thumb/v6-m/nofp/libpic32c.a(lseek.o)

.debug_info     0x00000000    0x215b6
 .debug_info    0x00000000      0xd09 build/default/production/_ext/60163342/plib_adc.o
 .debug_info    0x00000d09      0xa69 build/default/production/_ext/1984496892/plib_clock.o
 .debug_info    0x00001772      0x69a build/default/production/_ext/60167341/plib_eic.o
 .debug_info    0x00001e0c      0x96c build/default/production/_ext/1865468468/plib_nvic.o
 .debug_info    0x00002778      0xa5c build/default/production/_ext/1593096446/plib_nvmctrl.o
 .debug_info    0x000031d4      0xb96 build/default/production/_ext/1865521619/plib_port.o
 .debug_info    0x00003d6a      0xc31 build/default/production/_ext/60180175/plib_rtc_clock.o
 .debug_info    0x0000499b     0x15de build/default/production/_ext/508257091/plib_sercom3_i2c_master.o
 .debug_info    0x00005f79     0x115d build/default/production/_ext/17022449/plib_sercom0_spi_master.o
 .debug_info    0x000070d6      0x64d build/default/production/_ext/1827571544/plib_systick.o
 .debug_info    0x00007723      0xb7a build/default/production/_ext/829342655/plib_tc3.o
 .debug_info    0x0000829d      0x31d build/default/production/_ext/163028504/xc32_monitor.o
 .debug_info    0x000085ba      0x527 build/default/production/_ext/1171490990/initialization.o
 .debug_info    0x00008ae1      0x8a7 build/default/production/_ext/1171490990/interrupts.o
 .debug_info    0x00009388      0x33d build/default/production/_ext/1171490990/exceptions.o
 .debug_info    0x000096c5      0x441 build/default/production/_ext/1171490990/startup_xc32.o
 .debug_info    0x00009b06      0x304 build/default/production/_ext/1171490990/libc_syscalls.o
 .debug_info    0x00009e0a      0x4ee build/default/production/_ext/258483974/sht20-sensor-t-h.o
 .debug_info    0x0000a2f8      0xb3e build/default/production/_ext/1360937237/main.o
 .debug_info    0x0000ae36      0xfae ../libraries/microchip-LoRa-semtech/microchip-LoRa-semtech.X/dist/default/production/microchip-LoRa-semtech.X.a(LoRa.o)
 .debug_info    0x0000bde4      0x416 ../libraries/sam-rtc-utils/sam-rtc-utils.X/dist/default/production/sam-rtc-utils.X.a(sam-rtc-utils.o)
 .debug_info    0x0000c1fa      0x2a4 /Applications/microchip/xc32/v4.10/bin/bin/../../lib/gcc/pic32c/8.3.1/../../../../pic32c/lib/thumb/v6-m/nofp/libpic32c.a(data_init.o)
 .debug_info    0x0000c49e      0x61d /Applications/microchip/xc32/v4.10/bin/bin/../../lib/gcc/pic32c/8.3.1/../../../../pic32c/lib/thumb/v6-m/nofp/libc-musl.a(__libc_start_main.o)
 .debug_info    0x0000cabb      0x39d /Applications/microchip/xc32/v4.10/bin/bin/../../lib/gcc/pic32c/8.3.1/../../../../pic32c/lib/thumb/v6-m/nofp/libc-musl.a(assert.o)
 .debug_info    0x0000ce58      0x294 /Applications/microchip/xc32/v4.10/bin/bin/../../lib/gcc/pic32c/8.3.1/../../../../pic32c/lib/thumb/v6-m/nofp/libc-musl.a(abort.o)
 .debug_info    0x0000d0ec      0x52f /Applications/microchip/xc32/v4.10/bin/bin/../../lib/gcc/pic32c/8.3.1/../../../../pic32c/lib/thumb/v6-m/nofp/libc-musl.a(libc.o)
 .debug_info    0x0000d61b      0x444 /Applications/microchip/xc32/v4.10/bin/bin/../../lib/gcc/pic32c/8.3.1/../../../../pic32c/lib/thumb/v6-m/nofp/libc-musl.a(__sio_sscanf_dosux.o)
 .debug_info    0x0000da5f      0x335 /Applications/microchip/xc32/v4.10/bin/bin/../../lib/gcc/pic32c/8.3.1/../../../../pic32c/lib/thumb/v6-m/nofp/libc-musl.a(fprintf.o)
 .debug_info    0x0000dd94      0x8c5 /Applications/microchip/xc32/v4.10/bin/bin/../../lib/gcc/pic32c/8.3.1/../../../../pic32c/lib/thumb/v6-m/nofp/libc-musl.a(__scan_d.o)
 .debug_info    0x0000e659      0x8cc /Applications/microchip/xc32/v4.10/bin/bin/../../lib/gcc/pic32c/8.3.1/../../../../pic32c/lib/thumb/v6-m/nofp/libc-musl.a(__scan_i.o)
 .debug_info    0x0000ef25      0x7e0 /Applications/microchip/xc32/v4.10/bin/bin/../../lib/gcc/pic32c/8.3.1/../../../../pic32c/lib/thumb/v6-m/nofp/libc-musl.a(__scan_o.o)
 .debug_info    0x0000f705      0x759 /Applications/microchip/xc32/v4.10/bin/bin/../../lib/gcc/pic32c/8.3.1/../../../../pic32c/lib/thumb/v6-m/nofp/libc-musl.a(__scan_s.o)
 .debug_info    0x0000fe5e      0x555 /Applications/microchip/xc32/v4.10/bin/bin/../../lib/gcc/pic32c/8.3.1/../../../../pic32c/lib/thumb/v6-m/nofp/libc-musl.a(__scan_u.o)
 .debug_info    0x000103b3      0x85c /Applications/microchip/xc32/v4.10/bin/bin/../../lib/gcc/pic32c/8.3.1/../../../../pic32c/lib/thumb/v6-m/nofp/libc-musl.a(__scan_x.o)
 .debug_info    0x00010c0f      0xf3c /Applications/microchip/xc32/v4.10/bin/bin/../../lib/gcc/pic32c/8.3.1/../../../../pic32c/lib/thumb/v6-m/nofp/libc-musl.a(__scanf_core.o)
 .debug_info    0x00011b4b      0x5a1 /Applications/microchip/xc32/v4.10/bin/bin/../../lib/gcc/pic32c/8.3.1/../../../../pic32c/lib/thumb/v6-m/nofp/libc-musl.a(fflush.o)
 .debug_info    0x000120ec      0x47d /Applications/microchip/xc32/v4.10/bin/bin/../../lib/gcc/pic32c/8.3.1/../../../../pic32c/lib/thumb/v6-m/nofp/libc-musl.a(stderr.o)
 .debug_info    0x00012569      0x6c5 /Applications/microchip/xc32/v4.10/bin/bin/../../lib/gcc/pic32c/8.3.1/../../../../pic32c/lib/thumb/v6-m/nofp/libc-musl.a(vfprintf.o)
 .debug_info    0x00012c2e      0x2f5 /Applications/microchip/xc32/v4.10/bin/bin/../../lib/gcc/pic32c/8.3.1/../../../../pic32c/lib/thumb/v6-m/nofp/libc-musl.a(atoi.o)
 .debug_info    0x00012f23      0x9e9 /Applications/microchip/xc32/v4.10/bin/bin/../../lib/gcc/pic32c/8.3.1/../../../../pic32c/lib/thumb/v6-m/nofp/libc-musl.a(strtol.o)
 .debug_info    0x0001390c      0x2eb /Applications/microchip/xc32/v4.10/bin/bin/../../lib/gcc/pic32c/8.3.1/../../../../pic32c/lib/thumb/v6-m/nofp/libc-musl.a(memcpy.o)
 .debug_info    0x00013bf7      0x2af /Applications/microchip/xc32/v4.10/bin/bin/../../lib/gcc/pic32c/8.3.1/../../../../pic32c/lib/thumb/v6-m/nofp/libc-musl.a(memset.o)
 .debug_info    0x00013ea6      0x2a0 /Applications/microchip/xc32/v4.10/bin/bin/../../lib/gcc/pic32c/8.3.1/../../../../pic32c/lib/thumb/v6-m/nofp/libc-musl.a(strlen.o)
 .debug_info    0x00014146      0x285 /Applications/microchip/xc32/v4.10/bin/bin/../../lib/gcc/pic32c/8.3.1/../../../../pic32c/lib/thumb/v6-m/nofp/libc-musl.a(strcmp.o)
 .debug_info    0x000143cb      0x2dd /Applications/microchip/xc32/v4.10/bin/bin/../../lib/gcc/pic32c/8.3.1/../../../../pic32c/lib/thumb/v6-m/nofp/libc-musl.a(strncat.o)
 .debug_info    0x000146a8      0x356 /Applications/microchip/xc32/v4.10/bin/bin/../../lib/gcc/pic32c/8.3.1/../../../../pic32c/lib/thumb/v6-m/nofp/libc-musl.a(isxdigit.o)
 .debug_info    0x000149fe      0x353 /Applications/microchip/xc32/v4.10/bin/bin/../../lib/gcc/pic32c/8.3.1/../../../../pic32c/lib/thumb/v6-m/nofp/libc-musl.a(tolower.o)
 .debug_info    0x00014d51      0x2a9 /Applications/microchip/xc32/v4.10/bin/bin/../../lib/gcc/pic32c/8.3.1/../../../../pic32c/lib/thumb/v6-m/nofp/libc-musl.a(__environ.o)
 .debug_info    0x00014ffa      0x2ab /Applications/microchip/xc32/v4.10/bin/bin/../../lib/gcc/pic32c/8.3.1/../../../../pic32c/lib/thumb/v6-m/nofp/libc-musl.a(_Exit.o)
 .debug_info    0x000152a5      0x83f /Applications/microchip/xc32/v4.10/bin/bin/../../lib/gcc/pic32c/8.3.1/../../../../pic32c/lib/thumb/v6-m/nofp/libc-musl.a(intscan.o)
 .debug_info    0x00015ae4      0x644 /Applications/microchip/xc32/v4.10/bin/bin/../../lib/gcc/pic32c/8.3.1/../../../../pic32c/lib/thumb/v6-m/nofp/libc-musl.a(shgetc.o)
 .debug_info    0x00016128      0x735 /Applications/microchip/xc32/v4.10/bin/bin/../../lib/gcc/pic32c/8.3.1/../../../../pic32c/lib/thumb/v6-m/nofp/libc-musl.a(__int_vsscanf.o)
 .debug_info    0x0001685d      0x6a2 /Applications/microchip/xc32/v4.10/bin/bin/../../lib/gcc/pic32c/8.3.1/../../../../pic32c/lib/thumb/v6-m/nofp/libc-musl.a(__string_read.o)
 .debug_info    0x00016eff      0x610 /Applications/microchip/xc32/v4.10/bin/bin/../../lib/gcc/pic32c/8.3.1/../../../../pic32c/lib/thumb/v6-m/nofp/libc-musl.a(__uflow.o)
 .debug_info    0x0001750f      0xd3f /Applications/microchip/xc32/v4.10/bin/bin/../../lib/gcc/pic32c/8.3.1/../../../../pic32c/lib/thumb/v6-m/nofp/libc-musl.a(__printf_core.o)
 .debug_info    0x0001824e      0x3da /Applications/microchip/xc32/v4.10/bin/bin/../../lib/gcc/pic32c/8.3.1/../../../../pic32c/lib/thumb/v6-m/nofp/libc-musl.a(__push_float.o)
 .debug_info    0x00018628      0x40c /Applications/microchip/xc32/v4.10/bin/bin/../../lib/gcc/pic32c/8.3.1/../../../../pic32c/lib/thumb/v6-m/nofp/libc-musl.a(__push_int.o)
 .debug_info    0x00018a34      0x2f0 /Applications/microchip/xc32/v4.10/bin/bin/../../lib/gcc/pic32c/8.3.1/../../../../pic32c/lib/thumb/v6-m/nofp/libc-musl.a(memchr.o)
 .debug_info    0x00018d24      0x26d /Applications/microchip/xc32/v4.10/bin/bin/../../lib/gcc/pic32c/8.3.1/../../../../pic32c/lib/thumb/v6-m/nofp/libc-musl.a(__errno_location.o)
 .debug_info    0x00018f91      0x68e /Applications/microchip/xc32/v4.10/bin/bin/../../lib/gcc/pic32c/8.3.1/../../../../pic32c/lib/thumb/v6-m/nofp/libc-musl.a(__int_vfscanf.o)
 .debug_info    0x0001961f      0x62a /Applications/microchip/xc32/v4.10/bin/bin/../../lib/gcc/pic32c/8.3.1/../../../../pic32c/lib/thumb/v6-m/nofp/libc-musl.a(__toread.o)
 .debug_info    0x00019c49      0x8c7 /Applications/microchip/xc32/v4.10/bin/bin/../../lib/gcc/pic32c/8.3.1/../../../../pic32c/lib/thumb/v6-m/nofp/libc-musl.a(__fmt_a.o)
 .debug_info    0x0001a510      0x5bc /Applications/microchip/xc32/v4.10/bin/bin/../../lib/gcc/pic32c/8.3.1/../../../../pic32c/lib/thumb/v6-m/nofp/libc-musl.a(__fmt_d.o)
 .debug_info    0x0001aacc      0x957 /Applications/microchip/xc32/v4.10/bin/bin/../../lib/gcc/pic32c/8.3.1/../../../../pic32c/lib/thumb/v6-m/nofp/libc-musl.a(__fmt_fp.o)
 .debug_info    0x0001b423      0x58d /Applications/microchip/xc32/v4.10/bin/bin/../../lib/gcc/pic32c/8.3.1/../../../../pic32c/lib/thumb/v6-m/nofp/libc-musl.a(__fmt_o.o)
 .debug_info    0x0001b9b0      0x578 /Applications/microchip/xc32/v4.10/bin/bin/../../lib/gcc/pic32c/8.3.1/../../../../pic32c/lib/thumb/v6-m/nofp/libc-musl.a(__fmt_s.o)
 .debug_info    0x0001bf28      0x650 /Applications/microchip/xc32/v4.10/bin/bin/../../lib/gcc/pic32c/8.3.1/../../../../pic32c/lib/thumb/v6-m/nofp/libc-musl.a(__fmt_u.o)
 .debug_info    0x0001c578      0x5c1 /Applications/microchip/xc32/v4.10/bin/bin/../../lib/gcc/pic32c/8.3.1/../../../../pic32c/lib/thumb/v6-m/nofp/libc-musl.a(__fmt_x.o)
 .debug_info    0x0001cb39      0x326 /Applications/microchip/xc32/v4.10/bin/bin/../../lib/gcc/pic32c/8.3.1/../../../../pic32c/lib/thumb/v6-m/nofp/libc-musl.a(__init_stdio.o)
 .debug_info    0x0001ce5f      0x53a /Applications/microchip/xc32/v4.10/bin/bin/../../lib/gcc/pic32c/8.3.1/../../../../pic32c/lib/thumb/v6-m/nofp/libc-musl.a(__out.o)
 .debug_info    0x0001d399      0x3d7 /Applications/microchip/xc32/v4.10/bin/bin/../../lib/gcc/pic32c/8.3.1/../../../../pic32c/lib/thumb/v6-m/nofp/libc-musl.a(__pop_float.o)
 .debug_info    0x0001d770      0x3fb /Applications/microchip/xc32/v4.10/bin/bin/../../lib/gcc/pic32c/8.3.1/../../../../pic32c/lib/thumb/v6-m/nofp/libc-musl.a(__pop_int.o)
 .debug_info    0x0001db6b      0x407 /Applications/microchip/xc32/v4.10/bin/bin/../../lib/gcc/pic32c/8.3.1/../../../../pic32c/lib/thumb/v6-m/nofp/libc-musl.a(__pop_ptr.o)
 .debug_info    0x0001df72      0x665 /Applications/microchip/xc32/v4.10/bin/bin/../../lib/gcc/pic32c/8.3.1/../../../../pic32c/lib/thumb/v6-m/nofp/libc-musl.a(__stderr.o)
 .debug_info    0x0001e5d7      0x6be /Applications/microchip/xc32/v4.10/bin/bin/../../lib/gcc/pic32c/8.3.1/../../../../pic32c/lib/thumb/v6-m/nofp/libc-musl.a(__stdio_close.o)
 .debug_info    0x0001ec95      0x75c /Applications/microchip/xc32/v4.10/bin/bin/../../lib/gcc/pic32c/8.3.1/../../../../pic32c/lib/thumb/v6-m/nofp/libc-musl.a(__stdio_seek.o)
 .debug_info    0x0001f3f1      0x2ae /Applications/microchip/xc32/v4.10/bin/bin/../../lib/gcc/pic32c/8.3.1/../../../../pic32c/lib/thumb/v6-m/nofp/libc-musl.a(strcpy.o)
 .debug_info    0x0001f69f      0x353 /Applications/microchip/xc32/v4.10/bin/bin/../../lib/gcc/pic32c/8.3.1/../../../../pic32c/lib/thumb/v6-m/nofp/libc-musl.a(toupper.o)
 .debug_info    0x0001f9f2      0x428 /Applications/microchip/xc32/v4.10/bin/bin/../../lib/gcc/pic32c/8.3.1/../../../../pic32c/lib/thumb/v6-m/nofp/libc-musl.a(__fclose.o)
 .debug_info    0x0001fe1a      0x5a5 /Applications/microchip/xc32/v4.10/bin/bin/../../lib/gcc/pic32c/8.3.1/../../../../pic32c/lib/thumb/v6-m/nofp/libc-musl.a(__fwrite.o)
 .debug_info    0x000203bf      0x2b2 /Applications/microchip/xc32/v4.10/bin/bin/../../lib/gcc/pic32c/8.3.1/../../../../pic32c/lib/thumb/v6-m/nofp/libc-musl.a(stpcpy.o)
 .debug_info    0x00020671       0x26 /Applications/microchip/xc32/v4.10/bin/bin/../../lib/gcc/pic32c/8.3.1/thumb/v6-m/nofp/libgcc.a(_udivsi3.o)
 .debug_info    0x00020697       0x26 /Applications/microchip/xc32/v4.10/bin/bin/../../lib/gcc/pic32c/8.3.1/thumb/v6-m/nofp/libgcc.a(_divsi3.o)
 .debug_info    0x000206bd       0x26 /Applications/microchip/xc32/v4.10/bin/bin/../../lib/gcc/pic32c/8.3.1/thumb/v6-m/nofp/libgcc.a(_dvmd_tls.o)
 .debug_info    0x000206e3       0x26 /Applications/microchip/xc32/v4.10/bin/bin/../../lib/gcc/pic32c/8.3.1/thumb/v6-m/nofp/libgcc.a(_lshrdi3.o)
 .debug_info    0x00020709       0x26 /Applications/microchip/xc32/v4.10/bin/bin/../../lib/gcc/pic32c/8.3.1/thumb/v6-m/nofp/libgcc.a(_ashldi3.o)
 .debug_info    0x0002072f       0x26 /Applications/microchip/xc32/v4.10/bin/bin/../../lib/gcc/pic32c/8.3.1/thumb/v6-m/nofp/libgcc.a(_aeabi_uldivmod.o)
 .debug_info    0x00020755      0x4dc /Applications/microchip/xc32/v4.10/bin/bin/../../lib/gcc/pic32c/8.3.1/thumb/v6-m/nofp/libgcc.a(_muldi3.o)
 .debug_info    0x00020c31      0x429 /Applications/microchip/xc32/v4.10/bin/bin/../../lib/gcc/pic32c/8.3.1/thumb/v6-m/nofp/libgcc.a(_udivmoddi4.o)
 .debug_info    0x0002105a       0x26 /Applications/microchip/xc32/v4.10/bin/bin/../../lib/gcc/pic32c/8.3.1/thumb/v6-m/nofp/libgcc.a(_clzdi2.o)
 .debug_info    0x00021080       0x26 /Applications/microchip/xc32/v4.10/bin/bin/../../lib/gcc/pic32c/8.3.1/thumb/v6-m/nofp/libgcc.a(_clzsi2.o)
 .debug_info    0x000210a6      0x288 /Applications/microchip/xc32/v4.10/bin/bin/../../lib/gcc/pic32c/8.3.1/../../../../pic32c/lib/thumb/v6-m/nofp/libpic32c.a(close.o)
 .debug_info    0x0002132e      0x288 /Applications/microchip/xc32/v4.10/bin/bin/../../lib/gcc/pic32c/8.3.1/../../../../pic32c/lib/thumb/v6-m/nofp/libpic32c.a(lseek.o)

.debug_abbrev   0x00000000     0x5e1b
 .debug_abbrev  0x00000000      0x181 build/default/production/_ext/60163342/plib_adc.o
 .debug_abbrev  0x00000181      0x125 build/default/production/_ext/1984496892/plib_clock.o
 .debug_abbrev  0x000002a6      0x16a build/default/production/_ext/60167341/plib_eic.o
 .debug_abbrev  0x00000410      0x1d4 build/default/production/_ext/1865468468/plib_nvic.o
 .debug_abbrev  0x000005e4      0x174 build/default/production/_ext/1593096446/plib_nvmctrl.o
 .debug_abbrev  0x00000758      0x189 build/default/production/_ext/1865521619/plib_port.o
 .debug_abbrev  0x000008e1      0x1d8 build/default/production/_ext/60180175/plib_rtc_clock.o
 .debug_abbrev  0x00000ab9      0x2cf build/default/production/_ext/508257091/plib_sercom3_i2c_master.o
 .debug_abbrev  0x00000d88      0x20a build/default/production/_ext/17022449/plib_sercom0_spi_master.o
 .debug_abbrev  0x00000f92       0xe3 build/default/production/_ext/1827571544/plib_systick.o
 .debug_abbrev  0x00001075      0x1b5 build/default/production/_ext/829342655/plib_tc3.o
 .debug_abbrev  0x0000122a       0x82 build/default/production/_ext/163028504/xc32_monitor.o
 .debug_abbrev  0x000012ac       0xb1 build/default/production/_ext/1171490990/initialization.o
 .debug_abbrev  0x0000135d       0xb5 build/default/production/_ext/1171490990/interrupts.o
 .debug_abbrev  0x00001412       0x3e build/default/production/_ext/1171490990/exceptions.o
 .debug_abbrev  0x00001450       0xd4 build/default/production/_ext/1171490990/startup_xc32.o
 .debug_abbrev  0x00001524       0x4f build/default/production/_ext/1171490990/libc_syscalls.o
 .debug_abbrev  0x00001573       0xf1 build/default/production/_ext/258483974/sht20-sensor-t-h.o
 .debug_abbrev  0x00001664      0x1b1 build/default/production/_ext/1360937237/main.o
 .debug_abbrev  0x00001815      0x2c3 ../libraries/microchip-LoRa-semtech/microchip-LoRa-semtech.X/dist/default/production/microchip-LoRa-semtech.X.a(LoRa.o)
 .debug_abbrev  0x00001ad8       0xb1 ../libraries/sam-rtc-utils/sam-rtc-utils.X/dist/default/production/sam-rtc-utils.X.a(sam-rtc-utils.o)
 .debug_abbrev  0x00001b89       0x2e /Applications/microchip/xc32/v4.10/bin/bin/../../lib/gcc/pic32c/8.3.1/../../../../pic32c/lib/thumb/v6-m/nofp/libpic32c.a(data_init.o)
 .debug_abbrev  0x00001bb7      0x117 /Applications/microchip/xc32/v4.10/bin/bin/../../lib/gcc/pic32c/8.3.1/../../../../pic32c/lib/thumb/v6-m/nofp/libc-musl.a(__libc_start_main.o)
 .debug_abbrev  0x00001cce       0xc7 /Applications/microchip/xc32/v4.10/bin/bin/../../lib/gcc/pic32c/8.3.1/../../../../pic32c/lib/thumb/v6-m/nofp/libc-musl.a(assert.o)
 .debug_abbrev  0x00001d95       0x69 /Applications/microchip/xc32/v4.10/bin/bin/../../lib/gcc/pic32c/8.3.1/../../../../pic32c/lib/thumb/v6-m/nofp/libc-musl.a(abort.o)
 .debug_abbrev  0x00001dfe       0xb8 /Applications/microchip/xc32/v4.10/bin/bin/../../lib/gcc/pic32c/8.3.1/../../../../pic32c/lib/thumb/v6-m/nofp/libc-musl.a(libc.o)
 .debug_abbrev  0x00001eb6      0x120 /Applications/microchip/xc32/v4.10/bin/bin/../../lib/gcc/pic32c/8.3.1/../../../../pic32c/lib/thumb/v6-m/nofp/libc-musl.a(__sio_sscanf_dosux.o)
 .debug_abbrev  0x00001fd6      0x113 /Applications/microchip/xc32/v4.10/bin/bin/../../lib/gcc/pic32c/8.3.1/../../../../pic32c/lib/thumb/v6-m/nofp/libc-musl.a(fprintf.o)
 .debug_abbrev  0x000020e9      0x194 /Applications/microchip/xc32/v4.10/bin/bin/../../lib/gcc/pic32c/8.3.1/../../../../pic32c/lib/thumb/v6-m/nofp/libc-musl.a(__scan_d.o)
 .debug_abbrev  0x0000227d      0x1a7 /Applications/microchip/xc32/v4.10/bin/bin/../../lib/gcc/pic32c/8.3.1/../../../../pic32c/lib/thumb/v6-m/nofp/libc-musl.a(__scan_i.o)
 .debug_abbrev  0x00002424      0x15b /Applications/microchip/xc32/v4.10/bin/bin/../../lib/gcc/pic32c/8.3.1/../../../../pic32c/lib/thumb/v6-m/nofp/libc-musl.a(__scan_o.o)
 .debug_abbrev  0x0000257f      0x183 /Applications/microchip/xc32/v4.10/bin/bin/../../lib/gcc/pic32c/8.3.1/../../../../pic32c/lib/thumb/v6-m/nofp/libc-musl.a(__scan_s.o)
 .debug_abbrev  0x00002702      0x120 /Applications/microchip/xc32/v4.10/bin/bin/../../lib/gcc/pic32c/8.3.1/../../../../pic32c/lib/thumb/v6-m/nofp/libc-musl.a(__scan_u.o)
 .debug_abbrev  0x00002822      0x17a /Applications/microchip/xc32/v4.10/bin/bin/../../lib/gcc/pic32c/8.3.1/../../../../pic32c/lib/thumb/v6-m/nofp/libc-musl.a(__scan_x.o)
 .debug_abbrev  0x0000299c      0x322 /Applications/microchip/xc32/v4.10/bin/bin/../../lib/gcc/pic32c/8.3.1/../../../../pic32c/lib/thumb/v6-m/nofp/libc-musl.a(__scanf_core.o)
 .debug_abbrev  0x00002cbe      0x1b3 /Applications/microchip/xc32/v4.10/bin/bin/../../lib/gcc/pic32c/8.3.1/../../../../pic32c/lib/thumb/v6-m/nofp/libc-musl.a(fflush.o)
 .debug_abbrev  0x00002e71      0x118 /Applications/microchip/xc32/v4.10/bin/bin/../../lib/gcc/pic32c/8.3.1/../../../../pic32c/lib/thumb/v6-m/nofp/libc-musl.a(stderr.o)
 .debug_abbrev  0x00002f89      0x16f /Applications/microchip/xc32/v4.10/bin/bin/../../lib/gcc/pic32c/8.3.1/../../../../pic32c/lib/thumb/v6-m/nofp/libc-musl.a(vfprintf.o)
 .debug_abbrev  0x000030f8       0xbb /Applications/microchip/xc32/v4.10/bin/bin/../../lib/gcc/pic32c/8.3.1/../../../../pic32c/lib/thumb/v6-m/nofp/libc-musl.a(atoi.o)
 .debug_abbrev  0x000031b3      0x19b /Applications/microchip/xc32/v4.10/bin/bin/../../lib/gcc/pic32c/8.3.1/../../../../pic32c/lib/thumb/v6-m/nofp/libc-musl.a(strtol.o)
 .debug_abbrev  0x0000334e       0x9c /Applications/microchip/xc32/v4.10/bin/bin/../../lib/gcc/pic32c/8.3.1/../../../../pic32c/lib/thumb/v6-m/nofp/libc-musl.a(memcpy.o)
 .debug_abbrev  0x000033ea       0x97 /Applications/microchip/xc32/v4.10/bin/bin/../../lib/gcc/pic32c/8.3.1/../../../../pic32c/lib/thumb/v6-m/nofp/libc-musl.a(memset.o)
 .debug_abbrev  0x00003481       0x86 /Applications/microchip/xc32/v4.10/bin/bin/../../lib/gcc/pic32c/8.3.1/../../../../pic32c/lib/thumb/v6-m/nofp/libc-musl.a(strlen.o)
 .debug_abbrev  0x00003507       0x63 /Applications/microchip/xc32/v4.10/bin/bin/../../lib/gcc/pic32c/8.3.1/../../../../pic32c/lib/thumb/v6-m/nofp/libc-musl.a(strcmp.o)
 .debug_abbrev  0x0000356a       0xb1 /Applications/microchip/xc32/v4.10/bin/bin/../../lib/gcc/pic32c/8.3.1/../../../../pic32c/lib/thumb/v6-m/nofp/libc-musl.a(strncat.o)
 .debug_abbrev  0x0000361b       0xe9 /Applications/microchip/xc32/v4.10/bin/bin/../../lib/gcc/pic32c/8.3.1/../../../../pic32c/lib/thumb/v6-m/nofp/libc-musl.a(isxdigit.o)
 .debug_abbrev  0x00003704       0xe9 /Applications/microchip/xc32/v4.10/bin/bin/../../lib/gcc/pic32c/8.3.1/../../../../pic32c/lib/thumb/v6-m/nofp/libc-musl.a(tolower.o)
 .debug_abbrev  0x000037ed       0x57 /Applications/microchip/xc32/v4.10/bin/bin/../../lib/gcc/pic32c/8.3.1/../../../../pic32c/lib/thumb/v6-m/nofp/libc-musl.a(__environ.o)
 .debug_abbrev  0x00003844       0x7f /Applications/microchip/xc32/v4.10/bin/bin/../../lib/gcc/pic32c/8.3.1/../../../../pic32c/lib/thumb/v6-m/nofp/libc-musl.a(_Exit.o)
 .debug_abbrev  0x000038c3      0x1de /Applications/microchip/xc32/v4.10/bin/bin/../../lib/gcc/pic32c/8.3.1/../../../../pic32c/lib/thumb/v6-m/nofp/libc-musl.a(intscan.o)
 .debug_abbrev  0x00003aa1      0x14a /Applications/microchip/xc32/v4.10/bin/bin/../../lib/gcc/pic32c/8.3.1/../../../../pic32c/lib/thumb/v6-m/nofp/libc-musl.a(shgetc.o)
 .debug_abbrev  0x00003beb      0x171 /Applications/microchip/xc32/v4.10/bin/bin/../../lib/gcc/pic32c/8.3.1/../../../../pic32c/lib/thumb/v6-m/nofp/libc-musl.a(__int_vsscanf.o)
 .debug_abbrev  0x00003d5c      0x12a /Applications/microchip/xc32/v4.10/bin/bin/../../lib/gcc/pic32c/8.3.1/../../../../pic32c/lib/thumb/v6-m/nofp/libc-musl.a(__string_read.o)
 .debug_abbrev  0x00003e86      0x125 /Applications/microchip/xc32/v4.10/bin/bin/../../lib/gcc/pic32c/8.3.1/../../../../pic32c/lib/thumb/v6-m/nofp/libc-musl.a(__uflow.o)
 .debug_abbrev  0x00003fab      0x2be /Applications/microchip/xc32/v4.10/bin/bin/../../lib/gcc/pic32c/8.3.1/../../../../pic32c/lib/thumb/v6-m/nofp/libc-musl.a(__printf_core.o)
 .debug_abbrev  0x00004269       0xbd /Applications/microchip/xc32/v4.10/bin/bin/../../lib/gcc/pic32c/8.3.1/../../../../pic32c/lib/thumb/v6-m/nofp/libc-musl.a(__push_float.o)
 .debug_abbrev  0x00004326       0xbd /Applications/microchip/xc32/v4.10/bin/bin/../../lib/gcc/pic32c/8.3.1/../../../../pic32c/lib/thumb/v6-m/nofp/libc-musl.a(__push_int.o)
 .debug_abbrev  0x000043e3       0x92 /Applications/microchip/xc32/v4.10/bin/bin/../../lib/gcc/pic32c/8.3.1/../../../../pic32c/lib/thumb/v6-m/nofp/libc-musl.a(memchr.o)
 .debug_abbrev  0x00004475       0x2e /Applications/microchip/xc32/v4.10/bin/bin/../../lib/gcc/pic32c/8.3.1/../../../../pic32c/lib/thumb/v6-m/nofp/libc-musl.a(__errno_location.o)
 .debug_abbrev  0x000044a3      0x14a /Applications/microchip/xc32/v4.10/bin/bin/../../lib/gcc/pic32c/8.3.1/../../../../pic32c/lib/thumb/v6-m/nofp/libc-musl.a(__int_vfscanf.o)
 .debug_abbrev  0x000045ed      0x12c /Applications/microchip/xc32/v4.10/bin/bin/../../lib/gcc/pic32c/8.3.1/../../../../pic32c/lib/thumb/v6-m/nofp/libc-musl.a(__toread.o)
 .debug_abbrev  0x00004719      0x194 /Applications/microchip/xc32/v4.10/bin/bin/../../lib/gcc/pic32c/8.3.1/../../../../pic32c/lib/thumb/v6-m/nofp/libc-musl.a(__fmt_a.o)
 .debug_abbrev  0x000048ad      0x120 /Applications/microchip/xc32/v4.10/bin/bin/../../lib/gcc/pic32c/8.3.1/../../../../pic32c/lib/thumb/v6-m/nofp/libc-musl.a(__fmt_d.o)
 .debug_abbrev  0x000049cd      0x1a2 /Applications/microchip/xc32/v4.10/bin/bin/../../lib/gcc/pic32c/8.3.1/../../../../pic32c/lib/thumb/v6-m/nofp/libc-musl.a(__fmt_fp.o)
 .debug_abbrev  0x00004b6f      0x120 /Applications/microchip/xc32/v4.10/bin/bin/../../lib/gcc/pic32c/8.3.1/../../../../pic32c/lib/thumb/v6-m/nofp/libc-musl.a(__fmt_o.o)
 .debug_abbrev  0x00004c8f      0x11d /Applications/microchip/xc32/v4.10/bin/bin/../../lib/gcc/pic32c/8.3.1/../../../../pic32c/lib/thumb/v6-m/nofp/libc-musl.a(__fmt_s.o)
 .debug_abbrev  0x00004dac      0x174 /Applications/microchip/xc32/v4.10/bin/bin/../../lib/gcc/pic32c/8.3.1/../../../../pic32c/lib/thumb/v6-m/nofp/libc-musl.a(__fmt_u.o)
 .debug_abbrev  0x00004f20      0x10f /Applications/microchip/xc32/v4.10/bin/bin/../../lib/gcc/pic32c/8.3.1/../../../../pic32c/lib/thumb/v6-m/nofp/libc-musl.a(__fmt_x.o)
 .debug_abbrev  0x0000502f       0x5a /Applications/microchip/xc32/v4.10/bin/bin/../../lib/gcc/pic32c/8.3.1/../../../../pic32c/lib/thumb/v6-m/nofp/libc-musl.a(__init_stdio.o)
 .debug_abbrev  0x00005089      0x15b /Applications/microchip/xc32/v4.10/bin/bin/../../lib/gcc/pic32c/8.3.1/../../../../pic32c/lib/thumb/v6-m/nofp/libc-musl.a(__out.o)
 .debug_abbrev  0x000051e4       0xbd /Applications/microchip/xc32/v4.10/bin/bin/../../lib/gcc/pic32c/8.3.1/../../../../pic32c/lib/thumb/v6-m/nofp/libc-musl.a(__pop_float.o)
 .debug_abbrev  0x000052a1       0xbd /Applications/microchip/xc32/v4.10/bin/bin/../../lib/gcc/pic32c/8.3.1/../../../../pic32c/lib/thumb/v6-m/nofp/libc-musl.a(__pop_int.o)
 .debug_abbrev  0x0000535e       0xbd /Applications/microchip/xc32/v4.10/bin/bin/../../lib/gcc/pic32c/8.3.1/../../../../pic32c/lib/thumb/v6-m/nofp/libc-musl.a(__pop_ptr.o)
 .debug_abbrev  0x0000541b      0x151 /Applications/microchip/xc32/v4.10/bin/bin/../../lib/gcc/pic32c/8.3.1/../../../../pic32c/lib/thumb/v6-m/nofp/libc-musl.a(__stderr.o)
 .debug_abbrev  0x0000556c      0x11f /Applications/microchip/xc32/v4.10/bin/bin/../../lib/gcc/pic32c/8.3.1/../../../../pic32c/lib/thumb/v6-m/nofp/libc-musl.a(__stdio_close.o)
 .debug_abbrev  0x0000568b      0x130 /Applications/microchip/xc32/v4.10/bin/bin/../../lib/gcc/pic32c/8.3.1/../../../../pic32c/lib/thumb/v6-m/nofp/libc-musl.a(__stdio_seek.o)
 .debug_abbrev  0x000057bb       0x8e /Applications/microchip/xc32/v4.10/bin/bin/../../lib/gcc/pic32c/8.3.1/../../../../pic32c/lib/thumb/v6-m/nofp/libc-musl.a(strcpy.o)
 .debug_abbrev  0x00005849       0xe9 /Applications/microchip/xc32/v4.10/bin/bin/../../lib/gcc/pic32c/8.3.1/../../../../pic32c/lib/thumb/v6-m/nofp/libc-musl.a(toupper.o)
 .debug_abbrev  0x00005932       0xc1 /Applications/microchip/xc32/v4.10/bin/bin/../../lib/gcc/pic32c/8.3.1/../../../../pic32c/lib/thumb/v6-m/nofp/libc-musl.a(__fclose.o)
 .debug_abbrev  0x000059f3      0x14c /Applications/microchip/xc32/v4.10/bin/bin/../../lib/gcc/pic32c/8.3.1/../../../../pic32c/lib/thumb/v6-m/nofp/libc-musl.a(__fwrite.o)
 .debug_abbrev  0x00005b3f       0x63 /Applications/microchip/xc32/v4.10/bin/bin/../../lib/gcc/pic32c/8.3.1/../../../../pic32c/lib/thumb/v6-m/nofp/libc-musl.a(stpcpy.o)
 .debug_abbrev  0x00005ba2       0x14 /Applications/microchip/xc32/v4.10/bin/bin/../../lib/gcc/pic32c/8.3.1/thumb/v6-m/nofp/libgcc.a(_udivsi3.o)
 .debug_abbrev  0x00005bb6       0x14 /Applications/microchip/xc32/v4.10/bin/bin/../../lib/gcc/pic32c/8.3.1/thumb/v6-m/nofp/libgcc.a(_divsi3.o)
 .debug_abbrev  0x00005bca       0x14 /Applications/microchip/xc32/v4.10/bin/bin/../../lib/gcc/pic32c/8.3.1/thumb/v6-m/nofp/libgcc.a(_dvmd_tls.o)
 .debug_abbrev  0x00005bde       0x14 /Applications/microchip/xc32/v4.10/bin/bin/../../lib/gcc/pic32c/8.3.1/thumb/v6-m/nofp/libgcc.a(_lshrdi3.o)
 .debug_abbrev  0x00005bf2       0x14 /Applications/microchip/xc32/v4.10/bin/bin/../../lib/gcc/pic32c/8.3.1/thumb/v6-m/nofp/libgcc.a(_ashldi3.o)
 .debug_abbrev  0x00005c06       0x14 /Applications/microchip/xc32/v4.10/bin/bin/../../lib/gcc/pic32c/8.3.1/thumb/v6-m/nofp/libgcc.a(_aeabi_uldivmod.o)
 .debug_abbrev  0x00005c1a       0xef /Applications/microchip/xc32/v4.10/bin/bin/../../lib/gcc/pic32c/8.3.1/thumb/v6-m/nofp/libgcc.a(_muldi3.o)
 .debug_abbrev  0x00005d09       0x8e /Applications/microchip/xc32/v4.10/bin/bin/../../lib/gcc/pic32c/8.3.1/thumb/v6-m/nofp/libgcc.a(_udivmoddi4.o)
 .debug_abbrev  0x00005d97       0x14 /Applications/microchip/xc32/v4.10/bin/bin/../../lib/gcc/pic32c/8.3.1/thumb/v6-m/nofp/libgcc.a(_clzdi2.o)
 .debug_abbrev  0x00005dab       0x14 /Applications/microchip/xc32/v4.10/bin/bin/../../lib/gcc/pic32c/8.3.1/thumb/v6-m/nofp/libgcc.a(_clzsi2.o)
 .debug_abbrev  0x00005dbf       0x2e /Applications/microchip/xc32/v4.10/bin/bin/../../lib/gcc/pic32c/8.3.1/../../../../pic32c/lib/thumb/v6-m/nofp/libpic32c.a(close.o)
 .debug_abbrev  0x00005ded       0x2e /Applications/microchip/xc32/v4.10/bin/bin/../../lib/gcc/pic32c/8.3.1/../../../../pic32c/lib/thumb/v6-m/nofp/libpic32c.a(lseek.o)

.debug_loc      0x00000000     0x99ac
 .debug_loc     0x00000000      0x270 build/default/production/_ext/60163342/plib_adc.o
 .debug_loc     0x00000270      0x120 build/default/production/_ext/1984496892/plib_clock.o
 .debug_loc     0x00000390      0x10c build/default/production/_ext/60167341/plib_eic.o
 .debug_loc     0x0000049c      0x138 build/default/production/_ext/1865468468/plib_nvic.o
 .debug_loc     0x000005d4      0x388 build/default/production/_ext/1593096446/plib_nvmctrl.o
 .debug_loc     0x0000095c      0x25c build/default/production/_ext/1865521619/plib_port.o
 .debug_loc     0x00000bb8      0x164 build/default/production/_ext/60180175/plib_rtc_clock.o
 .debug_loc     0x00000d1c      0x2e0 build/default/production/_ext/508257091/plib_sercom3_i2c_master.o
 .debug_loc     0x00000ffc      0x138 build/default/production/_ext/17022449/plib_sercom0_spi_master.o
 .debug_loc     0x00001134      0x208 build/default/production/_ext/1827571544/plib_systick.o
 .debug_loc     0x0000133c      0x220 build/default/production/_ext/829342655/plib_tc3.o
 .debug_loc     0x0000155c       0x70 build/default/production/_ext/163028504/xc32_monitor.o
 .debug_loc     0x000015cc       0x38 build/default/production/_ext/1171490990/initialization.o
 .debug_loc     0x00001604       0x58 build/default/production/_ext/1171490990/exceptions.o
 .debug_loc     0x0000165c       0x20 build/default/production/_ext/1171490990/startup_xc32.o
 .debug_loc     0x0000167c       0x38 build/default/production/_ext/1171490990/libc_syscalls.o
 .debug_loc     0x000016b4       0xa8 build/default/production/_ext/258483974/sht20-sensor-t-h.o
 .debug_loc     0x0000175c      0x250 build/default/production/_ext/1360937237/main.o
 .debug_loc     0x000019ac      0x870 ../libraries/microchip-LoRa-semtech/microchip-LoRa-semtech.X/dist/default/production/microchip-LoRa-semtech.X.a(LoRa.o)
 .debug_loc     0x0000221c       0x3a ../libraries/sam-rtc-utils/sam-rtc-utils.X/dist/default/production/sam-rtc-utils.X.a(sam-rtc-utils.o)
 .debug_loc     0x00002256       0x14 /Applications/microchip/xc32/v4.10/bin/bin/../../lib/gcc/pic32c/8.3.1/../../../../pic32c/lib/thumb/v6-m/nofp/libpic32c.a(data_init.o)
 .debug_loc     0x0000226a       0x5e /Applications/microchip/xc32/v4.10/bin/bin/../../lib/gcc/pic32c/8.3.1/../../../../pic32c/lib/thumb/v6-m/nofp/libc-musl.a(__libc_start_main.o)
 .debug_loc     0x000022c8       0xea /Applications/microchip/xc32/v4.10/bin/bin/../../lib/gcc/pic32c/8.3.1/../../../../pic32c/lib/thumb/v6-m/nofp/libc-musl.a(assert.o)
 .debug_loc     0x000023b2       0x20 /Applications/microchip/xc32/v4.10/bin/bin/../../lib/gcc/pic32c/8.3.1/../../../../pic32c/lib/thumb/v6-m/nofp/libc-musl.a(abort.o)
 .debug_loc     0x000023d2       0x86 /Applications/microchip/xc32/v4.10/bin/bin/../../lib/gcc/pic32c/8.3.1/../../../../pic32c/lib/thumb/v6-m/nofp/libc-musl.a(__sio_sscanf_dosux.o)
 .debug_loc     0x00002458       0x66 /Applications/microchip/xc32/v4.10/bin/bin/../../lib/gcc/pic32c/8.3.1/../../../../pic32c/lib/thumb/v6-m/nofp/libc-musl.a(fprintf.o)
 .debug_loc     0x000024be      0x2cb /Applications/microchip/xc32/v4.10/bin/bin/../../lib/gcc/pic32c/8.3.1/../../../../pic32c/lib/thumb/v6-m/nofp/libc-musl.a(__scan_d.o)
 .debug_loc     0x00002789      0x2ee /Applications/microchip/xc32/v4.10/bin/bin/../../lib/gcc/pic32c/8.3.1/../../../../pic32c/lib/thumb/v6-m/nofp/libc-musl.a(__scan_i.o)
 .debug_loc     0x00002a77      0x1dd /Applications/microchip/xc32/v4.10/bin/bin/../../lib/gcc/pic32c/8.3.1/../../../../pic32c/lib/thumb/v6-m/nofp/libc-musl.a(__scan_o.o)
 .debug_loc     0x00002c54      0x1a6 /Applications/microchip/xc32/v4.10/bin/bin/../../lib/gcc/pic32c/8.3.1/../../../../pic32c/lib/thumb/v6-m/nofp/libc-musl.a(__scan_s.o)
 .debug_loc     0x00002dfa       0xe3 /Applications/microchip/xc32/v4.10/bin/bin/../../lib/gcc/pic32c/8.3.1/../../../../pic32c/lib/thumb/v6-m/nofp/libc-musl.a(__scan_u.o)
 .debug_loc     0x00002edd      0x21d /Applications/microchip/xc32/v4.10/bin/bin/../../lib/gcc/pic32c/8.3.1/../../../../pic32c/lib/thumb/v6-m/nofp/libc-musl.a(__scan_x.o)
 .debug_loc     0x000030fa      0xc2c /Applications/microchip/xc32/v4.10/bin/bin/../../lib/gcc/pic32c/8.3.1/../../../../pic32c/lib/thumb/v6-m/nofp/libc-musl.a(__scanf_core.o)
 .debug_loc     0x00003d26       0xcc /Applications/microchip/xc32/v4.10/bin/bin/../../lib/gcc/pic32c/8.3.1/../../../../pic32c/lib/thumb/v6-m/nofp/libc-musl.a(fflush.o)
 .debug_loc     0x00003df2       0x40 /Applications/microchip/xc32/v4.10/bin/bin/../../lib/gcc/pic32c/8.3.1/../../../../pic32c/lib/thumb/v6-m/nofp/libc-musl.a(stderr.o)
 .debug_loc     0x00003e32       0xd0 /Applications/microchip/xc32/v4.10/bin/bin/../../lib/gcc/pic32c/8.3.1/../../../../pic32c/lib/thumb/v6-m/nofp/libc-musl.a(vfprintf.o)
 .debug_loc     0x00003f02       0xdc /Applications/microchip/xc32/v4.10/bin/bin/../../lib/gcc/pic32c/8.3.1/../../../../pic32c/lib/thumb/v6-m/nofp/libc-musl.a(atoi.o)
 .debug_loc     0x00003fde      0x48b /Applications/microchip/xc32/v4.10/bin/bin/../../lib/gcc/pic32c/8.3.1/../../../../pic32c/lib/thumb/v6-m/nofp/libc-musl.a(strtol.o)
 .debug_loc     0x00004469      0x109 /Applications/microchip/xc32/v4.10/bin/bin/../../lib/gcc/pic32c/8.3.1/../../../../pic32c/lib/thumb/v6-m/nofp/libc-musl.a(memcpy.o)
 .debug_loc     0x00004572       0x80 /Applications/microchip/xc32/v4.10/bin/bin/../../lib/gcc/pic32c/8.3.1/../../../../pic32c/lib/thumb/v6-m/nofp/libc-musl.a(memset.o)
 .debug_loc     0x000045f2       0x54 /Applications/microchip/xc32/v4.10/bin/bin/../../lib/gcc/pic32c/8.3.1/../../../../pic32c/lib/thumb/v6-m/nofp/libc-musl.a(strlen.o)
 .debug_loc     0x00004646       0x96 /Applications/microchip/xc32/v4.10/bin/bin/../../lib/gcc/pic32c/8.3.1/../../../../pic32c/lib/thumb/v6-m/nofp/libc-musl.a(strcmp.o)
 .debug_loc     0x000046dc      0x1b1 /Applications/microchip/xc32/v4.10/bin/bin/../../lib/gcc/pic32c/8.3.1/../../../../pic32c/lib/thumb/v6-m/nofp/libc-musl.a(strncat.o)
 .debug_loc     0x0000488d       0x9c /Applications/microchip/xc32/v4.10/bin/bin/../../lib/gcc/pic32c/8.3.1/../../../../pic32c/lib/thumb/v6-m/nofp/libc-musl.a(isxdigit.o)
 .debug_loc     0x00004929       0x8f /Applications/microchip/xc32/v4.10/bin/bin/../../lib/gcc/pic32c/8.3.1/../../../../pic32c/lib/thumb/v6-m/nofp/libc-musl.a(tolower.o)
 .debug_loc     0x000049b8       0x45 /Applications/microchip/xc32/v4.10/bin/bin/../../lib/gcc/pic32c/8.3.1/../../../../pic32c/lib/thumb/v6-m/nofp/libc-musl.a(_Exit.o)
 .debug_loc     0x000049fd      0x751 /Applications/microchip/xc32/v4.10/bin/bin/../../lib/gcc/pic32c/8.3.1/../../../../pic32c/lib/thumb/v6-m/nofp/libc-musl.a(intscan.o)
 .debug_loc     0x0000514e       0xad /Applications/microchip/xc32/v4.10/bin/bin/../../lib/gcc/pic32c/8.3.1/../../../../pic32c/lib/thumb/v6-m/nofp/libc-musl.a(shgetc.o)
 .debug_loc     0x000051fb      0x142 /Applications/microchip/xc32/v4.10/bin/bin/../../lib/gcc/pic32c/8.3.1/../../../../pic32c/lib/thumb/v6-m/nofp/libc-musl.a(__int_vsscanf.o)
 .debug_loc     0x0000533d       0xf1 /Applications/microchip/xc32/v4.10/bin/bin/../../lib/gcc/pic32c/8.3.1/../../../../pic32c/lib/thumb/v6-m/nofp/libc-musl.a(__string_read.o)
 .debug_loc     0x0000542e       0x5f /Applications/microchip/xc32/v4.10/bin/bin/../../lib/gcc/pic32c/8.3.1/../../../../pic32c/lib/thumb/v6-m/nofp/libc-musl.a(__uflow.o)
 .debug_loc     0x0000548d      0x6c7 /Applications/microchip/xc32/v4.10/bin/bin/../../lib/gcc/pic32c/8.3.1/../../../../pic32c/lib/thumb/v6-m/nofp/libc-musl.a(__printf_core.o)
 .debug_loc     0x00005b54      0x15a /Applications/microchip/xc32/v4.10/bin/bin/../../lib/gcc/pic32c/8.3.1/../../../../pic32c/lib/thumb/v6-m/nofp/libc-musl.a(__push_float.o)
 .debug_loc     0x00005cae      0x2ae /Applications/microchip/xc32/v4.10/bin/bin/../../lib/gcc/pic32c/8.3.1/../../../../pic32c/lib/thumb/v6-m/nofp/libc-musl.a(__push_int.o)
 .debug_loc     0x00005f5c       0xa8 /Applications/microchip/xc32/v4.10/bin/bin/../../lib/gcc/pic32c/8.3.1/../../../../pic32c/lib/thumb/v6-m/nofp/libc-musl.a(memchr.o)
 .debug_loc     0x00006004       0xb0 /Applications/microchip/xc32/v4.10/bin/bin/../../lib/gcc/pic32c/8.3.1/../../../../pic32c/lib/thumb/v6-m/nofp/libc-musl.a(__int_vfscanf.o)
 .debug_loc     0x000060b4       0x7f /Applications/microchip/xc32/v4.10/bin/bin/../../lib/gcc/pic32c/8.3.1/../../../../pic32c/lib/thumb/v6-m/nofp/libc-musl.a(__toread.o)
 .debug_loc     0x00006133      0xd41 /Applications/microchip/xc32/v4.10/bin/bin/../../lib/gcc/pic32c/8.3.1/../../../../pic32c/lib/thumb/v6-m/nofp/libc-musl.a(__fmt_a.o)
 .debug_loc     0x00006e74      0x2a6 /Applications/microchip/xc32/v4.10/bin/bin/../../lib/gcc/pic32c/8.3.1/../../../../pic32c/lib/thumb/v6-m/nofp/libc-musl.a(__fmt_d.o)
 .debug_loc     0x0000711a      0xd09 /Applications/microchip/xc32/v4.10/bin/bin/../../lib/gcc/pic32c/8.3.1/../../../../pic32c/lib/thumb/v6-m/nofp/libc-musl.a(__fmt_fp.o)
 .debug_loc     0x00007e23      0x12d /Applications/microchip/xc32/v4.10/bin/bin/../../lib/gcc/pic32c/8.3.1/../../../../pic32c/lib/thumb/v6-m/nofp/libc-musl.a(__fmt_o.o)
 .debug_loc     0x00007f50      0x144 /Applications/microchip/xc32/v4.10/bin/bin/../../lib/gcc/pic32c/8.3.1/../../../../pic32c/lib/thumb/v6-m/nofp/libc-musl.a(__fmt_s.o)
 .debug_loc     0x00008094      0x2e3 /Applications/microchip/xc32/v4.10/bin/bin/../../lib/gcc/pic32c/8.3.1/../../../../pic32c/lib/thumb/v6-m/nofp/libc-musl.a(__fmt_u.o)
 .debug_loc     0x00008377      0x391 /Applications/microchip/xc32/v4.10/bin/bin/../../lib/gcc/pic32c/8.3.1/../../../../pic32c/lib/thumb/v6-m/nofp/libc-musl.a(__fmt_x.o)
 .debug_loc     0x00008708       0x20 /Applications/microchip/xc32/v4.10/bin/bin/../../lib/gcc/pic32c/8.3.1/../../../../pic32c/lib/thumb/v6-m/nofp/libc-musl.a(__init_stdio.o)
 .debug_loc     0x00008728      0x1e6 /Applications/microchip/xc32/v4.10/bin/bin/../../lib/gcc/pic32c/8.3.1/../../../../pic32c/lib/thumb/v6-m/nofp/libc-musl.a(__out.o)
 .debug_loc     0x0000890e       0x6f /Applications/microchip/xc32/v4.10/bin/bin/../../lib/gcc/pic32c/8.3.1/../../../../pic32c/lib/thumb/v6-m/nofp/libc-musl.a(__pop_float.o)
 .debug_loc     0x0000897d      0x281 /Applications/microchip/xc32/v4.10/bin/bin/../../lib/gcc/pic32c/8.3.1/../../../../pic32c/lib/thumb/v6-m/nofp/libc-musl.a(__pop_int.o)
 .debug_loc     0x00008bfe      0x1fe /Applications/microchip/xc32/v4.10/bin/bin/../../lib/gcc/pic32c/8.3.1/../../../../pic32c/lib/thumb/v6-m/nofp/libc-musl.a(__pop_ptr.o)
 .debug_loc     0x00008dfc       0x45 /Applications/microchip/xc32/v4.10/bin/bin/../../lib/gcc/pic32c/8.3.1/../../../../pic32c/lib/thumb/v6-m/nofp/libc-musl.a(__stderr.o)
 .debug_loc     0x00008e41      0x1d8 /Applications/microchip/xc32/v4.10/bin/bin/../../lib/gcc/pic32c/8.3.1/../../../../pic32c/lib/thumb/v6-m/nofp/libc-musl.a(__stdio_close.o)
 .debug_loc     0x00009019      0x1b6 /Applications/microchip/xc32/v4.10/bin/bin/../../lib/gcc/pic32c/8.3.1/../../../../pic32c/lib/thumb/v6-m/nofp/libc-musl.a(__stdio_seek.o)
 .debug_loc     0x000091cf       0x74 /Applications/microchip/xc32/v4.10/bin/bin/../../lib/gcc/pic32c/8.3.1/../../../../pic32c/lib/thumb/v6-m/nofp/libc-musl.a(strcpy.o)
 .debug_loc     0x00009243       0x8f /Applications/microchip/xc32/v4.10/bin/bin/../../lib/gcc/pic32c/8.3.1/../../../../pic32c/lib/thumb/v6-m/nofp/libc-musl.a(toupper.o)
 .debug_loc     0x000092d2       0x77 /Applications/microchip/xc32/v4.10/bin/bin/../../lib/gcc/pic32c/8.3.1/../../../../pic32c/lib/thumb/v6-m/nofp/libc-musl.a(__fclose.o)
 .debug_loc     0x00009349      0x175 /Applications/microchip/xc32/v4.10/bin/bin/../../lib/gcc/pic32c/8.3.1/../../../../pic32c/lib/thumb/v6-m/nofp/libc-musl.a(__fwrite.o)
 .debug_loc     0x000094be       0x90 /Applications/microchip/xc32/v4.10/bin/bin/../../lib/gcc/pic32c/8.3.1/../../../../pic32c/lib/thumb/v6-m/nofp/libc-musl.a(stpcpy.o)
 .debug_loc     0x0000954e      0x177 /Applications/microchip/xc32/v4.10/bin/bin/../../lib/gcc/pic32c/8.3.1/thumb/v6-m/nofp/libgcc.a(_muldi3.o)
 .debug_loc     0x000096c5      0x2e7 /Applications/microchip/xc32/v4.10/bin/bin/../../lib/gcc/pic32c/8.3.1/thumb/v6-m/nofp/libgcc.a(_udivmoddi4.o)

.debug_aranges  0x00000000     0x1048
 .debug_aranges
                0x00000000       0x78 build/default/production/_ext/60163342/plib_adc.o
 .debug_aranges
                0x00000078       0x48 build/default/production/_ext/1984496892/plib_clock.o
 .debug_aranges
                0x000000c0       0x40 build/default/production/_ext/60167341/plib_eic.o
 .debug_aranges
                0x00000100       0x48 build/default/production/_ext/1865468468/plib_nvic.o
 .debug_aranges
                0x00000148       0xa0 build/default/production/_ext/1593096446/plib_nvmctrl.o
 .debug_aranges
                0x000001e8       0x70 build/default/production/_ext/1865521619/plib_port.o
 .debug_aranges
                0x00000258       0x50 build/default/production/_ext/60180175/plib_rtc_clock.o
 .debug_aranges
                0x000002a8       0x88 build/default/production/_ext/508257091/plib_sercom3_i2c_master.o
 .debug_aranges
                0x00000330       0x48 build/default/production/_ext/17022449/plib_sercom0_spi_master.o
 .debug_aranges
                0x00000378       0x70 build/default/production/_ext/1827571544/plib_systick.o
 .debug_aranges
                0x000003e8       0x70 build/default/production/_ext/829342655/plib_tc3.o
 .debug_aranges
                0x00000458       0x28 build/default/production/_ext/163028504/xc32_monitor.o
 .debug_aranges
                0x00000480       0x20 build/default/production/_ext/1171490990/initialization.o
 .debug_aranges
                0x000004a0       0x20 build/default/production/_ext/1171490990/interrupts.o
 .debug_aranges
                0x000004c0       0x28 build/default/production/_ext/1171490990/exceptions.o
 .debug_aranges
                0x000004e8       0x28 build/default/production/_ext/1171490990/startup_xc32.o
 .debug_aranges
                0x00000510       0x20 build/default/production/_ext/1171490990/libc_syscalls.o
 .debug_aranges
                0x00000530       0x30 build/default/production/_ext/258483974/sht20-sensor-t-h.o
 .debug_aranges
                0x00000560       0x78 build/default/production/_ext/1360937237/main.o
 .debug_aranges
                0x000005d8       0x20 ../libraries/microchip-LoRa-semtech/microchip-LoRa-semtech.X/dist/default/production/microchip-LoRa-semtech.X.a(LoRa.o)
 .debug_aranges
                0x000005f8       0x20 ../libraries/sam-rtc-utils/sam-rtc-utils.X/dist/default/production/sam-rtc-utils.X.a(sam-rtc-utils.o)
 .debug_aranges
                0x00000618       0x20 /Applications/microchip/xc32/v4.10/bin/bin/../../lib/gcc/pic32c/8.3.1/../../../../pic32c/lib/thumb/v6-m/nofp/libpic32c.a(data_init.o)
 .debug_aranges
                0x00000638       0x28 /Applications/microchip/xc32/v4.10/bin/bin/../../lib/gcc/pic32c/8.3.1/../../../../pic32c/lib/thumb/v6-m/nofp/libc-musl.a(__libc_start_main.o)
 .debug_aranges
                0x00000660       0x20 /Applications/microchip/xc32/v4.10/bin/bin/../../lib/gcc/pic32c/8.3.1/../../../../pic32c/lib/thumb/v6-m/nofp/libc-musl.a(assert.o)
 .debug_aranges
                0x00000680       0x20 /Applications/microchip/xc32/v4.10/bin/bin/../../lib/gcc/pic32c/8.3.1/../../../../pic32c/lib/thumb/v6-m/nofp/libc-musl.a(abort.o)
 .debug_aranges
                0x000006a0       0x18 /Applications/microchip/xc32/v4.10/bin/bin/../../lib/gcc/pic32c/8.3.1/../../../../pic32c/lib/thumb/v6-m/nofp/libc-musl.a(libc.o)
 .debug_aranges
                0x000006b8       0x28 /Applications/microchip/xc32/v4.10/bin/bin/../../lib/gcc/pic32c/8.3.1/../../../../pic32c/lib/thumb/v6-m/nofp/libc-musl.a(__sio_sscanf_dosux.o)
 .debug_aranges
                0x000006e0       0x20 /Applications/microchip/xc32/v4.10/bin/bin/../../lib/gcc/pic32c/8.3.1/../../../../pic32c/lib/thumb/v6-m/nofp/libc-musl.a(fprintf.o)
 .debug_aranges
                0x00000700       0x30 /Applications/microchip/xc32/v4.10/bin/bin/../../lib/gcc/pic32c/8.3.1/../../../../pic32c/lib/thumb/v6-m/nofp/libc-musl.a(__scan_d.o)
 .debug_aranges
                0x00000730       0x20 /Applications/microchip/xc32/v4.10/bin/bin/../../lib/gcc/pic32c/8.3.1/../../../../pic32c/lib/thumb/v6-m/nofp/libc-musl.a(__scan_i.o)
 .debug_aranges
                0x00000750       0x20 /Applications/microchip/xc32/v4.10/bin/bin/../../lib/gcc/pic32c/8.3.1/../../../../pic32c/lib/thumb/v6-m/nofp/libc-musl.a(__scan_o.o)
 .debug_aranges
                0x00000770       0x20 /Applications/microchip/xc32/v4.10/bin/bin/../../lib/gcc/pic32c/8.3.1/../../../../pic32c/lib/thumb/v6-m/nofp/libc-musl.a(__scan_s.o)
 .debug_aranges
                0x00000790       0x20 /Applications/microchip/xc32/v4.10/bin/bin/../../lib/gcc/pic32c/8.3.1/../../../../pic32c/lib/thumb/v6-m/nofp/libc-musl.a(__scan_u.o)
 .debug_aranges
                0x000007b0       0x20 /Applications/microchip/xc32/v4.10/bin/bin/../../lib/gcc/pic32c/8.3.1/../../../../pic32c/lib/thumb/v6-m/nofp/libc-musl.a(__scan_x.o)
 .debug_aranges
                0x000007d0       0x48 /Applications/microchip/xc32/v4.10/bin/bin/../../lib/gcc/pic32c/8.3.1/../../../../pic32c/lib/thumb/v6-m/nofp/libc-musl.a(__scanf_core.o)
 .debug_aranges
                0x00000818       0x30 /Applications/microchip/xc32/v4.10/bin/bin/../../lib/gcc/pic32c/8.3.1/../../../../pic32c/lib/thumb/v6-m/nofp/libc-musl.a(fflush.o)
 .debug_aranges
                0x00000848       0x30 /Applications/microchip/xc32/v4.10/bin/bin/../../lib/gcc/pic32c/8.3.1/../../../../pic32c/lib/thumb/v6-m/nofp/libc-musl.a(stderr.o)
 .debug_aranges
                0x00000878       0x28 /Applications/microchip/xc32/v4.10/bin/bin/../../lib/gcc/pic32c/8.3.1/../../../../pic32c/lib/thumb/v6-m/nofp/libc-musl.a(vfprintf.o)
 .debug_aranges
                0x000008a0       0x20 /Applications/microchip/xc32/v4.10/bin/bin/../../lib/gcc/pic32c/8.3.1/../../../../pic32c/lib/thumb/v6-m/nofp/libc-musl.a(atoi.o)
 .debug_aranges
                0x000008c0       0x50 /Applications/microchip/xc32/v4.10/bin/bin/../../lib/gcc/pic32c/8.3.1/../../../../pic32c/lib/thumb/v6-m/nofp/libc-musl.a(strtol.o)
 .debug_aranges
                0x00000910       0x20 /Applications/microchip/xc32/v4.10/bin/bin/../../lib/gcc/pic32c/8.3.1/../../../../pic32c/lib/thumb/v6-m/nofp/libc-musl.a(memcpy.o)
 .debug_aranges
                0x00000930       0x20 /Applications/microchip/xc32/v4.10/bin/bin/../../lib/gcc/pic32c/8.3.1/../../../../pic32c/lib/thumb/v6-m/nofp/libc-musl.a(memset.o)
 .debug_aranges
                0x00000950       0x20 /Applications/microchip/xc32/v4.10/bin/bin/../../lib/gcc/pic32c/8.3.1/../../../../pic32c/lib/thumb/v6-m/nofp/libc-musl.a(strlen.o)
 .debug_aranges
                0x00000970       0x20 /Applications/microchip/xc32/v4.10/bin/bin/../../lib/gcc/pic32c/8.3.1/../../../../pic32c/lib/thumb/v6-m/nofp/libc-musl.a(strcmp.o)
 .debug_aranges
                0x00000990       0x20 /Applications/microchip/xc32/v4.10/bin/bin/../../lib/gcc/pic32c/8.3.1/../../../../pic32c/lib/thumb/v6-m/nofp/libc-musl.a(strncat.o)
 .debug_aranges
                0x000009b0       0x28 /Applications/microchip/xc32/v4.10/bin/bin/../../lib/gcc/pic32c/8.3.1/../../../../pic32c/lib/thumb/v6-m/nofp/libc-musl.a(isxdigit.o)
 .debug_aranges
                0x000009d8       0x28 /Applications/microchip/xc32/v4.10/bin/bin/../../lib/gcc/pic32c/8.3.1/../../../../pic32c/lib/thumb/v6-m/nofp/libc-musl.a(tolower.o)
 .debug_aranges
                0x00000a00       0x18 /Applications/microchip/xc32/v4.10/bin/bin/../../lib/gcc/pic32c/8.3.1/../../../../pic32c/lib/thumb/v6-m/nofp/libc-musl.a(__environ.o)
 .debug_aranges
                0x00000a18       0x20 /Applications/microchip/xc32/v4.10/bin/bin/../../lib/gcc/pic32c/8.3.1/../../../../pic32c/lib/thumb/v6-m/nofp/libc-musl.a(_Exit.o)
 .debug_aranges
                0x00000a38       0x20 /Applications/microchip/xc32/v4.10/bin/bin/../../lib/gcc/pic32c/8.3.1/../../../../pic32c/lib/thumb/v6-m/nofp/libc-musl.a(intscan.o)
 .debug_aranges
                0x00000a58       0x28 /Applications/microchip/xc32/v4.10/bin/bin/../../lib/gcc/pic32c/8.3.1/../../../../pic32c/lib/thumb/v6-m/nofp/libc-musl.a(shgetc.o)
 .debug_aranges
                0x00000a80       0x28 /Applications/microchip/xc32/v4.10/bin/bin/../../lib/gcc/pic32c/8.3.1/../../../../pic32c/lib/thumb/v6-m/nofp/libc-musl.a(__int_vsscanf.o)
 .debug_aranges
                0x00000aa8       0x20 /Applications/microchip/xc32/v4.10/bin/bin/../../lib/gcc/pic32c/8.3.1/../../../../pic32c/lib/thumb/v6-m/nofp/libc-musl.a(__string_read.o)
 .debug_aranges
                0x00000ac8       0x20 /Applications/microchip/xc32/v4.10/bin/bin/../../lib/gcc/pic32c/8.3.1/../../../../pic32c/lib/thumb/v6-m/nofp/libc-musl.a(__uflow.o)
 .debug_aranges
                0x00000ae8       0x50 /Applications/microchip/xc32/v4.10/bin/bin/../../lib/gcc/pic32c/8.3.1/../../../../pic32c/lib/thumb/v6-m/nofp/libc-musl.a(__printf_core.o)
 .debug_aranges
                0x00000b38       0x20 /Applications/microchip/xc32/v4.10/bin/bin/../../lib/gcc/pic32c/8.3.1/../../../../pic32c/lib/thumb/v6-m/nofp/libc-musl.a(__push_float.o)
 .debug_aranges
                0x00000b58       0x20 /Applications/microchip/xc32/v4.10/bin/bin/../../lib/gcc/pic32c/8.3.1/../../../../pic32c/lib/thumb/v6-m/nofp/libc-musl.a(__push_int.o)
 .debug_aranges
                0x00000b78       0x20 /Applications/microchip/xc32/v4.10/bin/bin/../../lib/gcc/pic32c/8.3.1/../../../../pic32c/lib/thumb/v6-m/nofp/libc-musl.a(memchr.o)
 .debug_aranges
                0x00000b98       0x18 /Applications/microchip/xc32/v4.10/bin/bin/../../lib/gcc/pic32c/8.3.1/../../../../pic32c/lib/thumb/v6-m/nofp/libc-musl.a(__errno_location.o)
 .debug_aranges
                0x00000bb0       0x20 /Applications/microchip/xc32/v4.10/bin/bin/../../lib/gcc/pic32c/8.3.1/../../../../pic32c/lib/thumb/v6-m/nofp/libc-musl.a(__int_vfscanf.o)
 .debug_aranges
                0x00000bd0       0x28 /Applications/microchip/xc32/v4.10/bin/bin/../../lib/gcc/pic32c/8.3.1/../../../../pic32c/lib/thumb/v6-m/nofp/libc-musl.a(__toread.o)
 .debug_aranges
                0x00000bf8       0x20 /Applications/microchip/xc32/v4.10/bin/bin/../../lib/gcc/pic32c/8.3.1/../../../../pic32c/lib/thumb/v6-m/nofp/libc-musl.a(__fmt_a.o)
 .debug_aranges
                0x00000c18       0x20 /Applications/microchip/xc32/v4.10/bin/bin/../../lib/gcc/pic32c/8.3.1/../../../../pic32c/lib/thumb/v6-m/nofp/libc-musl.a(__fmt_d.o)
 .debug_aranges
                0x00000c38       0x20 /Applications/microchip/xc32/v4.10/bin/bin/../../lib/gcc/pic32c/8.3.1/../../../../pic32c/lib/thumb/v6-m/nofp/libc-musl.a(__fmt_fp.o)
 .debug_aranges
                0x00000c58       0x20 /Applications/microchip/xc32/v4.10/bin/bin/../../lib/gcc/pic32c/8.3.1/../../../../pic32c/lib/thumb/v6-m/nofp/libc-musl.a(__fmt_o.o)
 .debug_aranges
                0x00000c78       0x20 /Applications/microchip/xc32/v4.10/bin/bin/../../lib/gcc/pic32c/8.3.1/../../../../pic32c/lib/thumb/v6-m/nofp/libc-musl.a(__fmt_s.o)
 .debug_aranges
                0x00000c98       0x28 /Applications/microchip/xc32/v4.10/bin/bin/../../lib/gcc/pic32c/8.3.1/../../../../pic32c/lib/thumb/v6-m/nofp/libc-musl.a(__fmt_u.o)
 .debug_aranges
                0x00000cc0       0x20 /Applications/microchip/xc32/v4.10/bin/bin/../../lib/gcc/pic32c/8.3.1/../../../../pic32c/lib/thumb/v6-m/nofp/libc-musl.a(__fmt_x.o)
 .debug_aranges
                0x00000ce0       0x28 /Applications/microchip/xc32/v4.10/bin/bin/../../lib/gcc/pic32c/8.3.1/../../../../pic32c/lib/thumb/v6-m/nofp/libc-musl.a(__init_stdio.o)
 .debug_aranges
                0x00000d08       0x28 /Applications/microchip/xc32/v4.10/bin/bin/../../lib/gcc/pic32c/8.3.1/../../../../pic32c/lib/thumb/v6-m/nofp/libc-musl.a(__out.o)
 .debug_aranges
                0x00000d30       0x20 /Applications/microchip/xc32/v4.10/bin/bin/../../lib/gcc/pic32c/8.3.1/../../../../pic32c/lib/thumb/v6-m/nofp/libc-musl.a(__pop_float.o)
 .debug_aranges
                0x00000d50       0x20 /Applications/microchip/xc32/v4.10/bin/bin/../../lib/gcc/pic32c/8.3.1/../../../../pic32c/lib/thumb/v6-m/nofp/libc-musl.a(__pop_int.o)
 .debug_aranges
                0x00000d70       0x20 /Applications/microchip/xc32/v4.10/bin/bin/../../lib/gcc/pic32c/8.3.1/../../../../pic32c/lib/thumb/v6-m/nofp/libc-musl.a(__pop_ptr.o)
 .debug_aranges
                0x00000d90       0x30 /Applications/microchip/xc32/v4.10/bin/bin/../../lib/gcc/pic32c/8.3.1/../../../../pic32c/lib/thumb/v6-m/nofp/libc-musl.a(__stderr.o)
 .debug_aranges
                0x00000dc0       0x28 /Applications/microchip/xc32/v4.10/bin/bin/../../lib/gcc/pic32c/8.3.1/../../../../pic32c/lib/thumb/v6-m/nofp/libc-musl.a(__stdio_close.o)
 .debug_aranges
                0x00000de8       0x30 /Applications/microchip/xc32/v4.10/bin/bin/../../lib/gcc/pic32c/8.3.1/../../../../pic32c/lib/thumb/v6-m/nofp/libc-musl.a(__stdio_seek.o)
 .debug_aranges
                0x00000e18       0x20 /Applications/microchip/xc32/v4.10/bin/bin/../../lib/gcc/pic32c/8.3.1/../../../../pic32c/lib/thumb/v6-m/nofp/libc-musl.a(strcpy.o)
 .debug_aranges
                0x00000e38       0x28 /Applications/microchip/xc32/v4.10/bin/bin/../../lib/gcc/pic32c/8.3.1/../../../../pic32c/lib/thumb/v6-m/nofp/libc-musl.a(toupper.o)
 .debug_aranges
                0x00000e60       0x20 /Applications/microchip/xc32/v4.10/bin/bin/../../lib/gcc/pic32c/8.3.1/../../../../pic32c/lib/thumb/v6-m/nofp/libc-musl.a(__fclose.o)
 .debug_aranges
                0x00000e80       0x28 /Applications/microchip/xc32/v4.10/bin/bin/../../lib/gcc/pic32c/8.3.1/../../../../pic32c/lib/thumb/v6-m/nofp/libc-musl.a(__fwrite.o)
 .debug_aranges
                0x00000ea8       0x20 /Applications/microchip/xc32/v4.10/bin/bin/../../lib/gcc/pic32c/8.3.1/../../../../pic32c/lib/thumb/v6-m/nofp/libc-musl.a(stpcpy.o)
 .debug_aranges
                0x00000ec8       0x20 /Applications/microchip/xc32/v4.10/bin/bin/../../lib/gcc/pic32c/8.3.1/thumb/v6-m/nofp/libgcc.a(_udivsi3.o)
 .debug_aranges
                0x00000ee8       0x20 /Applications/microchip/xc32/v4.10/bin/bin/../../lib/gcc/pic32c/8.3.1/thumb/v6-m/nofp/libgcc.a(_divsi3.o)
 .debug_aranges
                0x00000f08       0x20 /Applications/microchip/xc32/v4.10/bin/bin/../../lib/gcc/pic32c/8.3.1/thumb/v6-m/nofp/libgcc.a(_dvmd_tls.o)
 .debug_aranges
                0x00000f28       0x20 /Applications/microchip/xc32/v4.10/bin/bin/../../lib/gcc/pic32c/8.3.1/thumb/v6-m/nofp/libgcc.a(_lshrdi3.o)
 .debug_aranges
                0x00000f48       0x20 /Applications/microchip/xc32/v4.10/bin/bin/../../lib/gcc/pic32c/8.3.1/thumb/v6-m/nofp/libgcc.a(_ashldi3.o)
 .debug_aranges
                0x00000f68       0x20 /Applications/microchip/xc32/v4.10/bin/bin/../../lib/gcc/pic32c/8.3.1/thumb/v6-m/nofp/libgcc.a(_aeabi_uldivmod.o)
 .debug_aranges
                0x00000f88       0x20 /Applications/microchip/xc32/v4.10/bin/bin/../../lib/gcc/pic32c/8.3.1/thumb/v6-m/nofp/libgcc.a(_muldi3.o)
 .debug_aranges
                0x00000fa8       0x20 /Applications/microchip/xc32/v4.10/bin/bin/../../lib/gcc/pic32c/8.3.1/thumb/v6-m/nofp/libgcc.a(_udivmoddi4.o)
 .debug_aranges
                0x00000fc8       0x20 /Applications/microchip/xc32/v4.10/bin/bin/../../lib/gcc/pic32c/8.3.1/thumb/v6-m/nofp/libgcc.a(_clzdi2.o)
 .debug_aranges
                0x00000fe8       0x20 /Applications/microchip/xc32/v4.10/bin/bin/../../lib/gcc/pic32c/8.3.1/thumb/v6-m/nofp/libgcc.a(_clzsi2.o)
 .debug_aranges
                0x00001008       0x20 /Applications/microchip/xc32/v4.10/bin/bin/../../lib/gcc/pic32c/8.3.1/../../../../pic32c/lib/thumb/v6-m/nofp/libpic32c.a(close.o)
 .debug_aranges
                0x00001028       0x20 /Applications/microchip/xc32/v4.10/bin/bin/../../lib/gcc/pic32c/8.3.1/../../../../pic32c/lib/thumb/v6-m/nofp/libpic32c.a(lseek.o)

.debug_ranges   0x00000000      0xa58
 .debug_ranges  0x00000000       0x68 build/default/production/_ext/60163342/plib_adc.o
 .debug_ranges  0x00000068       0x38 build/default/production/_ext/1984496892/plib_clock.o
 .debug_ranges  0x000000a0       0x30 build/default/production/_ext/60167341/plib_eic.o
 .debug_ranges  0x000000d0       0x38 build/default/production/_ext/1865468468/plib_nvic.o
 .debug_ranges  0x00000108       0x90 build/default/production/_ext/1593096446/plib_nvmctrl.o
 .debug_ranges  0x00000198       0x60 build/default/production/_ext/1865521619/plib_port.o
 .debug_ranges  0x000001f8       0x40 build/default/production/_ext/60180175/plib_rtc_clock.o
 .debug_ranges  0x00000238       0x78 build/default/production/_ext/508257091/plib_sercom3_i2c_master.o
 .debug_ranges  0x000002b0       0x38 build/default/production/_ext/17022449/plib_sercom0_spi_master.o
 .debug_ranges  0x000002e8       0x60 build/default/production/_ext/1827571544/plib_systick.o
 .debug_ranges  0x00000348       0x60 build/default/production/_ext/829342655/plib_tc3.o