Archive member included to satisfy reference by file (symbol)

../src/libraries/sam-rtc-utils/sam-rtc-utils.X/dist/default/production/sam-rtc-utils.X.a(sam-rtc-utils.o)
                              build/default/production/_ext/1360937237/main.o (getCurrentTimeTm)
/Applications/microchip/xc32/v4.10/bin/bin/../../lib/gcc/pic32c/8.3.1/../../../../pic32c/lib/thumb/v6-m/nofp/libpic32c.a(data_init.o)
                              build/default/production/_ext/1171490990/startup_xc32.o (__pic32c_data_initialization)
/Applications/microchip/xc32/v4.10/bin/bin/../../lib/gcc/pic32c/8.3.1/../../../../pic32c/lib/thumb/v6-m/nofp/libm-emfloat.a(floatasmops_arm.o)
                              build/default/production/_ext/508257091/plib_sercom3_i2c_master.o (__aeabi_fadd)
/Applications/microchip/xc32/v4.10/bin/bin/../../lib/gcc/pic32c/8.3.1/../../../../pic32c/lib/thumb/v6-m/nofp/libc-musl.a(__libc_start_main.o)
                              build/default/production/_ext/1171490990/startup_xc32.o (__libc_init_array)
/Applications/microchip/xc32/v4.10/bin/bin/../../lib/gcc/pic32c/8.3.1/../../../../pic32c/lib/thumb/v6-m/nofp/libc-musl.a(libc.o)
                              /Applications/microchip/xc32/v4.10/bin/bin/../../lib/gcc/pic32c/8.3.1/../../../../pic32c/lib/thumb/v6-m/nofp/libc-musl.a(__libc_start_main.o) (__progname_full)
/Applications/microchip/xc32/v4.10/bin/bin/../../lib/gcc/pic32c/8.3.1/../../../../pic32c/lib/thumb/v6-m/nofp/libc-musl.a(malloc.o)
                              build/default/production/_ext/905221350/zutil.o (free)
/Applications/microchip/xc32/v4.10/bin/bin/../../lib/gcc/pic32c/8.3.1/../../../../pic32c/lib/thumb/v6-m/nofp/libc-musl.a(expand_heap.o)
                              /Applications/microchip/xc32/v4.10/bin/bin/../../lib/gcc/pic32c/8.3.1/../../../../pic32c/lib/thumb/v6-m/nofp/libc-musl.a(malloc.o) (__expand_heap)
/Applications/microchip/xc32/v4.10/bin/bin/../../lib/gcc/pic32c/8.3.1/../../../../pic32c/lib/thumb/v6-m/nofp/libc-musl.a(__sio_sscanf_dosux.o)
                              (_sscanf_cdnopsuxX)
/Applications/microchip/xc32/v4.10/bin/bin/../../lib/gcc/pic32c/8.3.1/../../../../pic32c/lib/thumb/v6-m/nofp/libc-musl.a(__scan_d.o)
                              /Applications/microchip/xc32/v4.10/bin/bin/../../lib/gcc/pic32c/8.3.1/../../../../pic32c/lib/thumb/v6-m/nofp/libc-musl.a(__sio_sscanf_dosux.o) (__scan_d_needed)
/Applications/microchip/xc32/v4.10/bin/bin/../../lib/gcc/pic32c/8.3.1/../../../../pic32c/lib/thumb/v6-m/nofp/libc-musl.a(__scan_i.o)
                              /Applications/microchip/xc32/v4.10/bin/bin/../../lib/gcc/pic32c/8.3.1/../../../../pic32c/lib/thumb/v6-m/nofp/libc-musl.a(__scan_d.o) (__scan_i_needed)
/Applications/microchip/xc32/v4.10/bin/bin/../../lib/gcc/pic32c/8.3.1/../../../../pic32c/lib/thumb/v6-m/nofp/libc-musl.a(__scan_o.o)
                              /Applications/microchip/xc32/v4.10/bin/bin/../../lib/gcc/pic32c/8.3.1/../../../../pic32c/lib/thumb/v6-m/nofp/libc-musl.a(__sio_sscanf_dosux.o) (__scan_o_needed)
/Applications/microchip/xc32/v4.10/bin/bin/../../lib/gcc/pic32c/8.3.1/../../../../pic32c/lib/thumb/v6-m/nofp/libc-musl.a(__scan_s.o)
                              /Applications/microchip/xc32/v4.10/bin/bin/../../lib/gcc/pic32c/8.3.1/../../../../pic32c/lib/thumb/v6-m/nofp/libc-musl.a(__sio_sscanf_dosux.o) (__scan_s_needed)
/Applications/microchip/xc32/v4.10/bin/bin/../../lib/gcc/pic32c/8.3.1/../../../../pic32c/lib/thumb/v6-m/nofp/libc-musl.a(__scan_u.o)
                              /Applications/microchip/xc32/v4.10/bin/bin/../../lib/gcc/pic32c/8.3.1/../../../../pic32c/lib/thumb/v6-m/nofp/libc-musl.a(__sio_sscanf_dosux.o) (__scan_u_needed)
/Applications/microchip/xc32/v4.10/bin/bin/../../lib/gcc/pic32c/8.3.1/../../../../pic32c/lib/thumb/v6-m/nofp/libc-musl.a(__scan_x.o)
                              /Applications/microchip/xc32/v4.10/bin/bin/../../lib/gcc/pic32c/8.3.1/../../../../pic32c/lib/thumb/v6-m/nofp/libc-musl.a(__sio_sscanf_dosux.o) (__scan_x_needed)
/Applications/microchip/xc32/v4.10/bin/bin/../../lib/gcc/pic32c/8.3.1/../../../../pic32c/lib/thumb/v6-m/nofp/libc-musl.a(__scanf_core.o)
                              /Applications/microchip/xc32/v4.10/bin/bin/../../lib/gcc/pic32c/8.3.1/../../../../pic32c/lib/thumb/v6-m/nofp/libc-musl.a(__scan_d.o) (__skipws)
/Applications/microchip/xc32/v4.10/bin/bin/../../lib/gcc/pic32c/8.3.1/../../../../pic32c/lib/thumb/v6-m/nofp/libc-musl.a(atoi.o)
                              /Applications/microchip/xc32/v4.10/bin/bin/../../lib/gcc/pic32c/8.3.1/../../../../pic32c/lib/thumb/v6-m/nofp/libc-musl.a(__scanf_core.o) (atoi)
/Applications/microchip/xc32/v4.10/bin/bin/../../lib/gcc/pic32c/8.3.1/../../../../pic32c/lib/thumb/v6-m/nofp/libc-musl.a(strtol.o)
                              /Applications/microchip/xc32/v4.10/bin/bin/../../lib/gcc/pic32c/8.3.1/../../../../pic32c/lib/thumb/v6-m/nofp/libc-musl.a(__scan_i.o) (strtoull)
[...]
Memory Configuration

Name             Origin             Length             Attributes
rom              0x00000000         0x00020000         xrl
ram              0x20000000         0x00004000         xw !r
config_00804000  0x00804000         0x00000004
config_00804004  0x00804004         0x00000004
*default*        0x00000000         0xffffffff

Linker script and memory map

LOAD /Applications/microchip/xc32/v4.10/bin/bin/../../lib/gcc/pic32c/8.3.1/thumb/v6-m/nofp/crti.o
LOAD /Applications/microchip/xc32/v4.10/bin/bin/../../lib/gcc/pic32c/8.3.1/thumb/v6-m/nofp/crtbegin.o
LOAD build/default/production/_ext/60163342/plib_adc.o
LOAD build/default/production/_ext/1984496892/plib_clock.o
LOAD build/default/production/_ext/60167341/plib_eic.o
LOAD build/default/production/_ext/1986646378/plib_evsys.o
LOAD build/default/production/_ext/1865468468/plib_nvic.o
LOAD build/default/production/_ext/1593096446/plib_nvmctrl.o
LOAD build/default/production/_ext/829342769/plib_pm.o
LOAD build/default/production/_ext/1865521619/plib_port.o
LOAD build/default/production/_ext/60180175/plib_rtc_clock.o
LOAD build/default/production/_ext/508257091/plib_sercom3_i2c_master.o
LOAD build/default/production/_ext/17022449/plib_sercom0_spi_master.o
LOAD build/default/production/_ext/829342655/plib_tc3.o
LOAD build/default/production/_ext/163028504/xc32_monitor.o
LOAD build/default/production/_ext/1171490990/initialization.o
LOAD build/default/production/_ext/1171490990/interrupts.o
LOAD build/default/production/_ext/1171490990/exceptions.o
LOAD build/default/production/_ext/1171490990/startup_xc32.o
LOAD build/default/production/_ext/1171490990/libc_syscalls.o
LOAD build/default/production/_ext/905221350/inflate.o
LOAD build/default/production/_ext/905221350/compress.o
LOAD build/default/production/_ext/905221350/deflate.o
LOAD build/default/production/_ext/905221350/crc32.o
LOAD build/default/production/_ext/905221350/infback.o
LOAD build/default/production/_ext/905221350/zutil.o
LOAD build/default/production/_ext/905221350/inftrees.o
LOAD build/default/production/_ext/905221350/uncompr.o
LOAD build/default/production/_ext/905221350/trees.o
LOAD build/default/production/_ext/905221350/gzclose.o
LOAD build/default/production/_ext/905221350/inffast.o
LOAD build/default/production/_ext/905221350/adler32.o
LOAD build/default/production/_ext/1360937237/main.o
LOAD build/default/production/_ext/258483974/sht20-sensor-t-h.o
LOAD ../src/libraries/sam-rtc-utils/sam-rtc-utils.X/dist/default/production/sam-rtc-utils.X.a
                0x00000001                __MPLAB_BUILD = 0x1
                0x00020000                __rom_end = (ORIGIN (rom) + LENGTH (rom))
                0x20004000                __ram_end = (ORIGIN (ram) + LENGTH (ram))

.config_00804000
 *(.config_00804000)

.config_00804004
 *(.config_00804004)

.vectors        0x00000000       0xb8
                0x00000000                . = ALIGN (0x4)
                0x00000000                _sfixed = .
 *(.vectors .vectors.* .vectors_default .vectors_default.*)
 .vectors.exception_table
                0x00000000       0xb8 build/default/production/_ext/1171490990/interrupts.o
                0x00000000                exception_table
 *(.isr_vector)
 *(.reset*)
 *(.after_vectors)

.text           0x000000b8       0x20
                0x000000b8                . = ALIGN (0x4)
 *(.glue_7t)
 .glue_7t       0x000000b8        0x0 linker stubs
 *(.glue_7)
 .glue_7        0x000000b8        0x0 linker stubs
 *(.gnu.linkonce.r.*)
 *(.ARM.extab* .gnu.linkonce.armextab.*)
                0x000000b8                . = ALIGN (0x4)
 *(.init)
 .init          0x000000b8        0x4 /Applications/microchip/xc32/v4.10/bin/bin/../../lib/gcc/pic32c/8.3.1/thumb/v6-m/nofp/crti.o
                0x000000b8                _init
 .init          0x000000bc        0x8 /Applications/microchip/xc32/v4.10/bin/bin/../../lib/gcc/pic32c/8.3.1/thumb/v6-m/nofp/crtn.o
                0x000000c4                . = ALIGN (0x4)
                0x000000c4                __preinit_array_start = .
 *(.preinit_array)
                0x000000c4                __preinit_array_end = .
                0x000000c4                . = ALIGN (0x4)
                0x000000c4                __init_array_start = .
 *(SORT_BY_NAME(.init_array.*))
 *(.init_array)
 .init_array    0x000000c4        0x4 /Applications/microchip/xc32/v4.10/bin/bin/../../lib/gcc/pic32c/8.3.1/thumb/v6-m/nofp/crtbegin.o
                0x000000c8                __init_array_end = .
                0x000000c8                . = ALIGN (0x4)
 *crtbegin.o(.ctors)
 *(EXCLUDE_FILE(*crtend.o) .ctors)
 *(SORT_BY_NAME(.ctors.*))
 *crtend.o(.ctors)
                0x000000c8                . = ALIGN (0x4)
 *(.fini)
 .fini          0x000000c8        0x4 /Applications/microchip/xc32/v4.10/bin/bin/../../lib/gcc/pic32c/8.3.1/thumb/v6-m/nofp/crti.o
                0x000000c8                _fini
 .fini          0x000000cc        0x8 /Applications/microchip/xc32/v4.10/bin/bin/../../lib/gcc/pic32c/8.3.1/thumb/v6-m/nofp/crtn.o
                0x000000d4                . = ALIGN (0x4)
                0x000000d4                __fini_array_start = .
 *(.fini_array)
 .fini_array    0x000000d4        0x4 /Applications/microchip/xc32/v4.10/bin/bin/../../lib/gcc/pic32c/8.3.1/thumb/v6-m/nofp/crtbegin.o
 *(SORT_BY_NAME(.fini_array.*))
                0x000000d8                __fini_array_end = .
 *crtbegin.o(.dtors)
 *(EXCLUDE_FILE(*crtend.o) .dtors)
 *(SORT_BY_NAME(.dtors.*))
 *crtend.o(.dtors)
                0x000000d8                . = ALIGN (0x4)
                0x000000d8                _efixed = .
                [!provide]                PROVIDE (__exidx_start = .)

.ARM.exidx
 *(.ARM.exidx* .gnu.linkonce.armexidx.*)
                [!provide]                PROVIDE (__exidx_end = .)
                0x000000d8                . = ALIGN (0x4)
                0x000000d8                _etext = .

.bss            0x20000000        0x0
                0x20000000                . = ALIGN (0x4)
                0x20000000                __bss_start__ = .
                0x20000000                _sbss = .
                0x20000000                _szero = .
 *(COMMON)
                0x20000000                . = ALIGN (0x4)
                0x20000000                __bss_end__ = .
                0x20000000                _ebss = .
                0x20000000                _ezero = .
                0x20000000                . = ALIGN (0x4)
                0x20000000                _end = .
                0x20003fff                _ram_end_ = ((ORIGIN (ram) + LENGTH (ram)) - 0x1)
                0x00000200                _min_heap_size = 0x200
START GROUP
LOAD /Applications/microchip/xc32/v4.10/bin/bin/../../lib/gcc/pic32c/8.3.1/../../../../pic32c/lib/thumb/v6-m/nofp/libpic32c.a
LOAD /Applications/microchip/xc32/v4.10/bin/bin/../../lib/gcc/pic32c/8.3.1/../../../../pic32c/lib/thumb/v6-m/nofp/libm-emfloat.a
LOAD /Applications/microchip/xc32/v4.10/bin/bin/../../lib/gcc/pic32c/8.3.1/../../../../pic32c/lib/thumb/v6-m/nofp/libc-musl.a
LOAD /Applications/microchip/xc32/v4.10/bin/bin/../../lib/gcc/pic32c/8.3.1/../../../../pic32c/lib/thumb/v6-m/nofp/libm-emfloat.a
LOAD /Applications/microchip/xc32/v4.10/bin/bin/../../lib/gcc/pic32c/8.3.1/thumb/v6-m/nofp/libgcc.a
END GROUP
LOAD /Applications/microchip/xc32/v4.10/bin/bin/../../lib/gcc/pic32c/8.3.1/thumb/v6-m/nofp/crtend.o
LOAD /Applications/microchip/xc32/v4.10/bin/bin/../../lib/gcc/pic32c/8.3.1/thumb/v6-m/nofp/crtn.o
OUTPUT(dist/default/production/lora-soil-moisture-sensor-liion.X.production.elf elf32-littlearm)
LOAD stack
LOAD data_init

.ARM.attributes
                0x00000000       0x2a
 .ARM.attributes
                0x00000000       0x1e /Applications/microchip/xc32/v4.10/bin/bin/../../lib/gcc/pic32c/8.3.1/thumb/v6-m/nofp/crti.o
 .ARM.attributes
                0x0000001e       0x2c /Applications/microchip/xc32/v4.10/bin/bin/../../lib/gcc/pic32c/8.3.1/thumb/v6-m/nofp/crtbegin.o
 .ARM.attributes
                0x0000004a       0x2c build/default/production/_ext/60163342/plib_adc.o
 .ARM.attributes
                0x00000076       0x2c build/default/production/_ext/1984496892/plib_clock.o
 .ARM.attributes
                0x000000a2       0x2c build/default/production/_ext/60167341/plib_eic.o
 .ARM.attributes
                0x000000ce       0x2c build/default/production/_ext/1865468468/plib_nvic.o
 .ARM.attributes
                0x000000fa       0x2c build/default/production/_ext/1593096446/plib_nvmctrl.o
 .ARM.attributes
                0x00000126       0x2c build/default/production/_ext/1865521619/plib_port.o
 .ARM.attributes
                0x00000152       0x2c build/default/production/_ext/60180175/plib_rtc_clock.o
 .ARM.attributes
                0x0000017e       0x2c build/default/production/_ext/508257091/plib_sercom3_i2c_master.o
 .ARM.attributes
                0x000001aa       0x2c build/default/production/_ext/17022449/plib_sercom0_spi_master.o
 .ARM.attributes
                0x000001d6       0x2c build/default/production/_ext/829342655/plib_tc3.o
 .ARM.attributes
                0x00000202       0x2c build/default/production/_ext/1171490990/initialization.o
 .ARM.attributes
                0x0000022e       0x2c build/default/production/_ext/1171490990/interrupts.o
 .ARM.attributes
                0x0000025a       0x2c build/default/production/_ext/1171490990/exceptions.o
 .ARM.attributes
                0x00000286       0x2c build/default/production/_ext/1171490990/startup_xc32.o
 .ARM.attributes
                0x000002b2       0x2c build/default/production/_ext/1360937237/main.o
 .ARM.attributes
                0x000002de       0x2c build/default/production/_ext/258483974/sht20-sensor-t-h.o
 .ARM.attributes
                0x0000030a       0x2c ../src/libraries/sam-rtc-utils/sam-rtc-utils.X/dist/default/production/sam-rtc-utils.X.a(sam-rtc-utils.o)
 .ARM.attributes
                0x00000336       0x2c /Applications/microchip/xc32/v4.10/bin/bin/../../lib/gcc/pic32c/8.3.1/../../../../pic32c/lib/thumb/v6-m/nofp/libpic32c.a(data_init.o)
 .ARM.attributes
                0x00000362       0x1c /Applications/microchip/xc32/v4.10/bin/bin/../../lib/gcc/pic32c/8.3.1/../../../../pic32c/lib/thumb/v6-m/nofp/libm-emfloat.a(floatasmops_arm.o)
 .ARM.attributes
                0x0000037e       0x2e /Applications/microchip/xc32/v4.10/bin/bin/../../lib/gcc/pic32c/8.3.1/../../../../pic32c/lib/thumb/v6-m/nofp/libc-musl.a(__libc_start_main.o)
 .ARM.attributes
                0x000003ac       0x2e /Applications/microchip/xc32/v4.10/bin/bin/../../lib/gcc/pic32c/8.3.1/../../../../pic32c/lib/thumb/v6-m/nofp/libc-musl.a(libc.o)
 .ARM.attributes
                0x000003da       0x2e /Applications/microchip/xc32/v4.10/bin/bin/../../lib/gcc/pic32c/8.3.1/../../../../pic32c/lib/thumb/v6-m/nofp/libc-musl.a(__sio_sscanf_dosux.o)
 .ARM.attributes
                0x00000408       0x2e /Applications/microchip/xc32/v4.10/bin/bin/../../lib/gcc/pic32c/8.3.1/../../../../pic32c/lib/thumb/v6-m/nofp/libc-musl.a(__scan_d.o)
 .ARM.attributes
                0x00000436       0x2e /Applications/microchip/xc32/v4.10/bin/bin/../../lib/gcc/pic32c/8.3.1/../../../../pic32c/lib/thumb/v6-m/nofp/libc-musl.a(__scan_i.o)
 .ARM.attributes
                0x00000464       0x2e /Applications/microchip/xc32/v4.10/bin/bin/../../lib/gcc/pic32c/8.3.1/../../../../pic32c/lib/thumb/v6-m/nofp/libc-musl.a(__scan_o.o)
 .ARM.attributes
                0x00000492       0x2e /Applications/microchip/xc32/v4.10/bin/bin/../../lib/gcc/pic32c/8.3.1/../../../../pic32c/lib/thumb/v6-m/nofp/libc-musl.a(__scan_s.o)
 .ARM.attributes
                0x000004c0       0x2e /Applications/microchip/xc32/v4.10/bin/bin/../../lib/gcc/pic32c/8.3.1/../../../../pic32c/lib/thumb/v6-m/nofp/libc-musl.a(__scan_u.o)
 .ARM.attributes
                0x000004ee       0x2e /Applications/microchip/xc32/v4.10/bin/bin/../../lib/gcc/pic32c/8.3.1/../../../../pic32c/lib/thumb/v6-m/nofp/libc-musl.a(__scan_x.o)
 .ARM.attributes
                0x0000051c       0x2e /Applications/microchip/xc32/v4.10/bin/bin/../../lib/gcc/pic32c/8.3.1/../../../../pic32c/lib/thumb/v6-m/nofp/libc-musl.a(__scanf_core.o)
 .ARM.attributes
                0x0000054a       0x2e /Applications/microchip/xc32/v4.10/bin/bin/../../lib/gcc/pic32c/8.3.1/../../../../pic32c/lib/thumb/v6-m/nofp/libc-musl.a(atoi.o)
 .ARM.attributes
                0x00000578       0x2e /Applications/microchip/xc32/v4.10/bin/bin/../../lib/gcc/pic32c/8.3.1/../../../../pic32c/lib/thumb/v6-m/nofp/libc-musl.a(strtol.o)
 .ARM.attributes
                0x000005a6       0x2e /Applications/microchip/xc32/v4.10/bin/bin/../../lib/gcc/pic32c/8.3.1/../../../../pic32c/lib/thumb/v6-m/nofp/libc-musl.a(memcpy.o)
 .ARM.attributes
                0x000005d4       0x2e /Applications/microchip/xc32/v4.10/bin/bin/../../lib/gcc/pic32c/8.3.1/../../../../pic32c/lib/thumb/v6-m/nofp/libc-musl.a(memset.o)
 .ARM.attributes
                0x00000602       0x2e /Applications/microchip/xc32/v4.10/bin/bin/../../lib/gcc/pic32c/8.3.1/../../../../pic32c/lib/thumb/v6-m/nofp/libc-musl.a(strcmp.o)
 .ARM.attributes
                0x00000630       0x2e /Applications/microchip/xc32/v4.10/bin/bin/../../lib/gcc/pic32c/8.3.1/../../../../pic32c/lib/thumb/v6-m/nofp/libc-musl.a(isxdigit.o)
 .ARM.attributes
                0x0000065e       0x2e /Applications/microchip/xc32/v4.10/bin/bin/../../lib/gcc/pic32c/8.3.1/../../../../pic32c/lib/thumb/v6-m/nofp/libc-musl.a(tolower.o)
 .ARM.attributes
                0x0000068c       0x2e /Applications/microchip/xc32/v4.10/bin/bin/../../lib/gcc/pic32c/8.3.1/../../../../pic32c/lib/thumb/v6-m/nofp/libc-musl.a(__environ.o)
 .ARM.attributes
                0x000006ba       0x2e /Applications/microchip/xc32/v4.10/bin/bin/../../lib/gcc/pic32c/8.3.1/../../../../pic32c/lib/thumb/v6-m/nofp/libc-musl.a(__errno_location.o)
 .ARM.attributes
                0x000006e8       0x2e /Applications/microchip/xc32/v4.10/bin/bin/../../lib/gcc/pic32c/8.3.1/../../../../pic32c/lib/thumb/v6-m/nofp/libc-musl.a(intscan.o)
 .ARM.attributes
                0x00000716       0x2e /Applications/microchip/xc32/v4.10/bin/bin/../../lib/gcc/pic32c/8.3.1/../../../../pic32c/lib/thumb/v6-m/nofp/libc-musl.a(shgetc.o)
 .ARM.attributes
                0x00000744       0x2e /Applications/microchip/xc32/v4.10/bin/bin/../../lib/gcc/pic32c/8.3.1/../../../../pic32c/lib/thumb/v6-m/nofp/libc-musl.a(__int_vsscanf.o)
 .ARM.attributes
                0x00000772       0x2e /Applications/microchip/xc32/v4.10/bin/bin/../../lib/gcc/pic32c/8.3.1/../../../../pic32c/lib/thumb/v6-m/nofp/libc-musl.a(__string_read.o)
 .ARM.attributes
                0x000007a0       0x2e /Applications/microchip/xc32/v4.10/bin/bin/../../lib/gcc/pic32c/8.3.1/../../../../pic32c/lib/thumb/v6-m/nofp/libc-musl.a(__uflow.o)
 .ARM.attributes
                0x000007ce       0x2e /Applications/microchip/xc32/v4.10/bin/bin/../../lib/gcc/pic32c/8.3.1/../../../../pic32c/lib/thumb/v6-m/nofp/libc-musl.a(__printf_core.o)
 .ARM.attributes
                0x000007fc       0x2e /Applications/microchip/xc32/v4.10/bin/bin/../../lib/gcc/pic32c/8.3.1/../../../../pic32c/lib/thumb/v6-m/nofp/libc-musl.a(__push_float.o)
 .ARM.attributes
                0x0000082a       0x2e /Applications/microchip/xc32/v4.10/bin/bin/../../lib/gcc/pic32c/8.3.1/../../../../pic32c/lib/thumb/v6-m/nofp/libc-musl.a(__push_int.o)
 .ARM.attributes
                0x00000858       0x2e /Applications/microchip/xc32/v4.10/bin/bin/../../lib/gcc/pic32c/8.3.1/../../../../pic32c/lib/thumb/v6-m/nofp/libc-musl.a(memchr.o)
 .ARM.attributes
                0x00000886       0x2e /Applications/microchip/xc32/v4.10/bin/bin/../../lib/gcc/pic32c/8.3.1/../../../../pic32c/lib/thumb/v6-m/nofp/libc-musl.a(__int_vfscanf.o)
 .ARM.attributes
                0x000008b4       0x2e /Applications/microchip/xc32/v4.10/bin/bin/../../lib/gcc/pic32c/8.3.1/../../../../pic32c/lib/thumb/v6-m/nofp/libc-musl.a(__toread.o)
 .ARM.attributes
                0x000008e2       0x2e /Applications/microchip/xc32/v4.10/bin/bin/../../lib/gcc/pic32c/8.3.1/../../../../pic32c/lib/thumb/v6-m/nofp/libc-musl.a(__init_stdio.o)
 .ARM.attributes
                0x00000910       0x1e /Applications/microchip/xc32/v4.10/bin/bin/../../lib/gcc/pic32c/8.3.1/thumb/v6-m/nofp/libgcc.a(_lshrdi3.o)
 .ARM.attributes
                0x0000092e       0x1e /Applications/microchip/xc32/v4.10/bin/bin/../../lib/gcc/pic32c/8.3.1/thumb/v6-m/nofp/libgcc.a(_ashldi3.o)
 .ARM.attributes
                0x0000094c       0x2c /Applications/microchip/xc32/v4.10/bin/bin/../../lib/gcc/pic32c/8.3.1/thumb/v6-m/nofp/libgcc.a(_muldi3.o)
 .ARM.attributes
                0x00000978       0x1e /Applications/microchip/xc32/v4.10/bin/bin/../../lib/gcc/pic32c/8.3.1/thumb/v6-m/nofp/crtn.o

.comment        0x00000000       0x2b
 .comment       0x00000000       0x2b /Applications/microchip/xc32/v4.10/bin/bin/../../lib/gcc/pic32c/8.3.1/thumb/v6-m/nofp/crtbegin.o
                                 0x2c (size before relaxing)
 .comment       0x0000002b       0x2c build/default/production/_ext/60163342/plib_adc.o
 .comment       0x0000002b       0x2c build/default/production/_ext/1984496892/plib_clock.o
 .comment       0x0000002b       0x2c build/default/production/_ext/60167341/plib_eic.o
 .comment       0x0000002b       0x2c build/default/production/_ext/1865468468/plib_nvic.o
 .comment       0x0000002b       0x2c build/default/production/_ext/1593096446/plib_nvmctrl.o
 .comment       0x0000002b       0x2c build/default/production/_ext/1865521619/plib_port.o
 .comment       0x0000002b       0x2c build/default/production/_ext/60180175/plib_rtc_clock.o
 .comment       0x0000002b       0x2c build/default/production/_ext/508257091/plib_sercom3_i2c_master.o
 .comment       0x0000002b       0x2c build/default/production/_ext/17022449/plib_sercom0_spi_master.o
 .comment       0x0000002b       0x2c build/default/production/_ext/829342655/plib_tc3.o
 .comment       0x0000002b       0x2c build/default/production/_ext/1171490990/initialization.o
 .comment       0x0000002b       0x2c build/default/production/_ext/1171490990/interrupts.o
 .comment       0x0000002b       0x2c build/default/production/_ext/1171490990/exceptions.o
 .comment       0x0000002b       0x2c build/default/production/_ext/1171490990/startup_xc32.o
 .comment       0x0000002b       0x2c build/default/production/_ext/1360937237/main.o
 .comment       0x0000002b       0x2c build/default/production/_ext/258483974/sht20-sensor-t-h.o
 .comment       0x0000002b       0x2c ../src/libraries/sam-rtc-utils/sam-rtc-utils.X/dist/default/production/sam-rtc-utils.X.a(sam-rtc-utils.o)
 .comment       0x0000002b       0x2c /Applications/microchip/xc32/v4.10/bin/bin/../../lib/gcc/pic32c/8.3.1/../../../../pic32c/lib/thumb/v6-m/nofp/libpic32c.a(data_init.o)
 .comment       0x0000002b       0x2c /Applications/microchip/xc32/v4.10/bin/bin/../../lib/gcc/pic32c/8.3.1/../../../../pic32c/lib/thumb/v6-m/nofp/libc-musl.a(__libc_start_main.o)
 .comment       0x0000002b       0x2c /Applications/microchip/xc32/v4.10/bin/bin/../../lib/gcc/pic32c/8.3.1/../../../../pic32c/lib/thumb/v6-m/nofp/libc-musl.a(libc.o)
 .comment       0x0000002b       0x2c /Applications/microchip/xc32/v4.10/bin/bin/../../lib/gcc/pic32c/8.3.1/../../../../pic32c/lib/thumb/v6-m/nofp/libc-musl.a(__sio_sscanf_dosux.o)
 .comment       0x0000002b       0x2c /Applications/microchip/xc32/v4.10/bin/bin/../../lib/gcc/pic32c/8.3.1/../../../../pic32c/lib/thumb/v6-m/nofp/libc-musl.a(__scan_d.o)
 .comment       0x0000002b       0x2c /Applications/microchip/xc32/v4.10/bin/bin/../../lib/gcc/pic32c/8.3.1/../../../../pic32c/lib/thumb/v6-m/nofp/libc-musl.a(__scan_i.o)
 .comment       0x0000002b       0x2c /Applications/microchip/xc32/v4.10/bin/bin/../../lib/gcc/pic32c/8.3.1/../../../../pic32c/lib/thumb/v6-m/nofp/libc-musl.a(__scan_o.o)
 .comment       0x0000002b       0x2c /Applications/microchip/xc32/v4.10/bin/bin/../../lib/gcc/pic32c/8.3.1/../../../../pic32c/lib/thumb/v6-m/nofp/libc-musl.a(__scan_s.o)
 .comment       0x0000002b       0x2c /Applications/microchip/xc32/v4.10/bin/bin/../../lib/gcc/pic32c/8.3.1/../../../../pic32c/lib/thumb/v6-m/nofp/libc-musl.a(__scan_u.o)
 .comment       0x0000002b       0x2c /Applications/microchip/xc32/v4.10/bin/bin/../../lib/gcc/pic32c/8.3.1/../../../../pic32c/lib/thumb/v6-m/nofp/libc-musl.a(__scan_x.o)
 .comment       0x0000002b       0x2c /Applications/microchip/xc32/v4.10/bin/bin/../../lib/gcc/pic32c/8.3.1/../../../../pic32c/lib/thumb/v6-m/nofp/libc-musl.a(__scanf_core.o)
 .comment       0x0000002b       0x2c /Applications/microchip/xc32/v4.10/bin/bin/../../lib/gcc/pic32c/8.3.1/../../../../pic32c/lib/thumb/v6-m/nofp/libc-musl.a(atoi.o)
 .comment       0x0000002b       0x2c /Applications/microchip/xc32/v4.10/bin/bin/../../lib/gcc/pic32c/8.3.1/../../../../pic32c/lib/thumb/v6-m/nofp/libc-musl.a(strtol.o)
 .comment       0x0000002b       0x2c /Applications/microchip/xc32/v4.10/bin/bin/../../lib/gcc/pic32c/8.3.1/../../../../pic32c/lib/thumb/v6-m/nofp/libc-musl.a(memcpy.o)
 .comment       0x0000002b       0x2c /Applications/microchip/xc32/v4.10/bin/bin/../../lib/gcc/pic32c/8.3.1/../../../../pic32c/lib/thumb/v6-m/nofp/libc-musl.a(memset.o)
 .comment       0x0000002b       0x2c /Applications/microchip/xc32/v4.10/bin/bin/../../lib/gcc/pic32c/8.3.1/../../../../pic32c/lib/thumb/v6-m/nofp/libc-musl.a(strcmp.o)
 .comment       0x0000002b       0x2c /Applications/microchip/xc32/v4.10/bin/bin/../../lib/gcc/pic32c/8.3.1/../../../../pic32c/lib/thumb/v6-m/nofp/libc-musl.a(isxdigit.o)
 .comment       0x0000002b       0x2c /Applications/microchip/xc32/v4.10/bin/bin/../../lib/gcc/pic32c/8.3.1/../../../../pic32c/lib/thumb/v6-m/nofp/libc-musl.a(tolower.o)
 .comment       0x0000002b       0x2c /Applications/microchip/xc32/v4.10/bin/bin/../../lib/gcc/pic32c/8.3.1/../../../../pic32c/lib/thumb/v6-m/nofp/libc-musl.a(__environ.o)
 .comment       0x0000002b       0x2c /Applications/microchip/xc32/v4.10/bin/bin/../../lib/gcc/pic32c/8.3.1/../../../../pic32c/lib/thumb/v6-m/nofp/libc-musl.a(__errno_location.o)
 .comment       0x0000002b       0x2c /Applications/microchip/xc32/v4.10/bin/bin/../../lib/gcc/pic32c/8.3.1/../../../../pic32c/lib/thumb/v6-m/nofp/libc-musl.a(intscan.o)
 .comment       0x0000002b       0x2c /Applications/microchip/xc32/v4.10/bin/bin/../../lib/gcc/pic32c/8.3.1/../../../../pic32c/lib/thumb/v6-m/nofp/libc-musl.a(shgetc.o)
 .comment       0x0000002b       0x2c /Applications/microchip/xc32/v4.10/bin/bin/../../lib/gcc/pic32c/8.3.1/../../../../pic32c/lib/thumb/v6-m/nofp/libc-musl.a(__int_vsscanf.o)
 .comment       0x0000002b       0x2c /Applications/microchip/xc32/v4.10/bin/bin/../../lib/gcc/pic32c/8.3.1/../../../../pic32c/lib/thumb/v6-m/nofp/libc-musl.a(__string_read.o)
 .comment       0x0000002b       0x2c /Applications/microchip/xc32/v4.10/bin/bin/../../lib/gcc/pic32c/8.3.1/../../../../pic32c/lib/thumb/v6-m/nofp/libc-musl.a(__uflow.o)
 .comment       0x0000002b       0x2c /Applications/microchip/xc32/v4.10/bin/bin/../../lib/gcc/pic32c/8.3.1/../../../../pic32c/lib/thumb/v6-m/nofp/libc-musl.a(__printf_core.o)
 .comment       0x0000002b       0x2c /Applications/microchip/xc32/v4.10/bin/bin/../../lib/gcc/pic32c/8.3.1/../../../../pic32c/lib/thumb/v6-m/nofp/libc-musl.a(__push_float.o)
 .comment       0x0000002b       0x2c /Applications/microchip/xc32/v4.10/bin/bin/../../lib/gcc/pic32c/8.3.1/../../../../pic32c/lib/thumb/v6-m/nofp/libc-musl.a(__push_int.o)
 .comment       0x0000002b       0x2c /Applications/microchip/xc32/v4.10/bin/bin/../../lib/gcc/pic32c/8.3.1/../../../../pic32c/lib/thumb/v6-m/nofp/libc-musl.a(memchr.o)
 .comment       0x0000002b       0x2c /Applications/microchip/xc32/v4.10/bin/bin/../../lib/gcc/pic32c/8.3.1/../../../../pic32c/lib/thumb/v6-m/nofp/libc-musl.a(__int_vfscanf.o)
 .comment       0x0000002b       0x2c /Applications/microchip/xc32/v4.10/bin/bin/../../lib/gcc/pic32c/8.3.1/../../../../pic32c/lib/thumb/v6-m/nofp/libc-musl.a(__toread.o)
 .comment       0x0000002b       0x2c /Applications/microchip/xc32/v4.10/bin/bin/../../lib/gcc/pic32c/8.3.1/../../../../pic32c/lib/thumb/v6-m/nofp/libc-musl.a(__init_stdio.o)
 .comment       0x0000002b       0x2c /Applications/microchip/xc32/v4.10/bin/bin/../../lib/gcc/pic32c/8.3.1/thumb/v6-m/nofp/libgcc.a(_muldi3.o)

.debug_info     0x00000000    0x16424
 .debug_info    0x00000000      0xd09 build/default/production/_ext/60163342/plib_adc.o
 .debug_info    0x00000d09      0xa69 build/default/production/_ext/1984496892/plib_clock.o
 .debug_info    0x00001772      0x467 build/default/production/_ext/60167341/plib_eic.o
 .debug_info    0x00001bd9      0x96c build/default/production/_ext/1865468468/plib_nvic.o
 .debug_info    0x00002545      0xa5c build/default/production/_ext/1593096446/plib_nvmctrl.o
 .debug_info    0x00002fa1      0xb96 build/default/production/_ext/1865521619/plib_port.o
 .debug_info    0x00003b37      0xc31 build/default/production/_ext/60180175/plib_rtc_clock.o
 .debug_info    0x00004768     0x15de build/default/production/_ext/508257091/plib_sercom3_i2c_master.o
 .debug_info    0x00005d46     0x1392 build/default/production/_ext/17022449/plib_sercom0_spi_master.o
 .debug_info    0x000070d8      0xb7a build/default/production/_ext/829342655/plib_tc3.o
 .debug_info    0x00007c52      0x527 build/default/production/_ext/1171490990/initialization.o
 .debug_info    0x00008179      0x8a7 build/default/production/_ext/1171490990/interrupts.o
 .debug_info    0x00008a20      0x33d build/default/production/_ext/1171490990/exceptions.o
 .debug_info    0x00008d5d      0x441 build/default/production/_ext/1171490990/startup_xc32.o
 .debug_info    0x0000919e      0x952 build/default/production/_ext/1360937237/main.o
 .debug_info    0x00009af0      0x4ee build/default/production/_ext/258483974/sht20-sensor-t-h.o
 .debug_info    0x00009fde      0x41a ../src/libraries/sam-rtc-utils/sam-rtc-utils.X/dist/default/production/sam-rtc-utils.X.a(sam-rtc-utils.o)
 .debug_info    0x0000a3f8      0x2a4 /Applications/microchip/xc32/v4.10/bin/bin/../../lib/gcc/pic32c/8.3.1/../../../../pic32c/lib/thumb/v6-m/nofp/libpic32c.a(data_init.o)
 .debug_info    0x0000a69c      0x61d /Applications/microchip/xc32/v4.10/bin/bin/../../lib/gcc/pic32c/8.3.1/../../../../pic32c/lib/thumb/v6-m/nofp/libc-musl.a(__libc_start_main.o)
 .debug_info    0x0000acb9      0x52f /Applications/microchip/xc32/v4.10/bin/bin/../../lib/gcc/pic32c/8.3.1/../../../../pic32c/lib/thumb/v6-m/nofp/libc-musl.a(libc.o)
 .debug_info    0x0000b1e8      0x444 /Applications/microchip/xc32/v4.10/bin/bin/../../lib/gcc/pic32c/8.3.1/../../../../pic32c/lib/thumb/v6-m/nofp/libc-musl.a(__sio_sscanf_dosux.o)
 .debug_info    0x0000b62c      0x8c5 /Applications/microchip/xc32/v4.10/bin/bin/../../lib/gcc/pic32c/8.3.1/../../../../pic32c/lib/thumb/v6-m/nofp/libc-musl.a(__scan_d.o)
 .debug_info    0x0000bef1      0x8cc /Applications/microchip/xc32/v4.10/bin/bin/../../lib/gcc/pic32c/8.3.1/../../../../pic32c/lib/thumb/v6-m/nofp/libc-musl.a(__scan_i.o)
 .debug_info    0x0000c7bd      0x7e0 /Applications/microchip/xc32/v4.10/bin/bin/../../lib/gcc/pic32c/8.3.1/../../../../pic32c/lib/thumb/v6-m/nofp/libc-musl.a(__scan_o.o)
 .debug_info    0x0000cf9d      0x759 /Applications/microchip/xc32/v4.10/bin/bin/../../lib/gcc/pic32c/8.3.1/../../../../pic32c/lib/thumb/v6-m/nofp/libc-musl.a(__scan_s.o)
 .debug_info    0x0000d6f6      0x555 /Applications/microchip/xc32/v4.10/bin/bin/../../lib/gcc/pic32c/8.3.1/../../../../pic32c/lib/thumb/v6-m/nofp/libc-musl.a(__scan_u.o)
 .debug_info    0x0000dc4b      0x85c /Applications/microchip/xc32/v4.10/bin/bin/../../lib/gcc/pic32c/8.3.1/../../../../pic32c/lib/thumb/v6-m/nofp/libc-musl.a(__scan_x.o)
 .debug_info    0x0000e4a7      0xf3c /Applications/microchip/xc32/v4.10/bin/bin/../../lib/gcc/pic32c/8.3.1/../../../../pic32c/lib/thumb/v6-m/nofp/libc-musl.a(__scanf_core.o)
 .debug_info    0x0000f3e3      0x2f5 /Applications/microchip/xc32/v4.10/bin/bin/../../lib/gcc/pic32c/8.3.1/../../../../pic32c/lib/thumb/v6-m/nofp/libc-musl.a(atoi.o)
 .debug_info    0x0000f6d8      0x9e9 /Applications/microchip/xc32/v4.10/bin/bin/../../lib/gcc/pic32c/8.3.1/../../../../pic32c/lib/thumb/v6-m/nofp/libc-musl.a(strtol.o)
 .debug_info    0x000100c1      0x2eb /Applications/microchip/xc32/v4.10/bin/bin/../../lib/gcc/pic32c/8.3.1/../../../../pic32c/lib/thumb/v6-m/nofp/libc-musl.a(memcpy.o)
 .debug_info    0x000103ac      0x2af /Applications/microchip/xc32/v4.10/bin/bin/../../lib/gcc/pic32c/8.3.1/../../../../pic32c/lib/thumb/v6-m/nofp/libc-musl.a(memset.o)
 .debug_info    0x0001065b      0x285 /Applications/microchip/xc32/v4.10/bin/bin/../../lib/gcc/pic32c/8.3.1/../../../../pic32c/lib/thumb/v6-m/nofp/libc-musl.a(strcmp.o)
 .debug_info    0x000108e0      0x356 /Applications/microchip/xc32/v4.10/bin/bin/../../lib/gcc/pic32c/8.3.1/../../../../pic32c/lib/thumb/v6-m/nofp/libc-musl.a(isxdigit.o)
 .debug_info    0x00010c36      0x353 /Applications/microchip/xc32/v4.10/bin/bin/../../lib/gcc/pic32c/8.3.1/../../../../pic32c/lib/thumb/v6-m/nofp/libc-musl.a(tolower.o)
 .debug_info    0x00010f89      0x2a9 /Applications/microchip/xc32/v4.10/bin/bin/../../lib/gcc/pic32c/8.3.1/../../../../pic32c/lib/thumb/v6-m/nofp/libc-musl.a(__environ.o)
 .debug_info    0x00011232      0x26d /Applications/microchip/xc32/v4.10/bin/bin/../../lib/gcc/pic32c/8.3.1/../../../../pic32c/lib/thumb/v6-m/nofp/libc-musl.a(__errno_location.o)
 .debug_info    0x0001149f      0x83f /Applications/microchip/xc32/v4.10/bin/bin/../../lib/gcc/pic32c/8.3.1/../../../../pic32c/lib/thumb/v6-m/nofp/libc-musl.a(intscan.o)
 .debug_info    0x00011cde      0x644 /Applications/microchip/xc32/v4.10/bin/bin/../../lib/gcc/pic32c/8.3.1/../../../../pic32c/lib/thumb/v6-m/nofp/libc-musl.a(shgetc.o)
 .debug_info    0x00012322      0x735 /Applications/microchip/xc32/v4.10/bin/bin/../../lib/gcc/pic32c/8.3.1/../../../../pic32c/lib/thumb/v6-m/nofp/libc-musl.a(__int_vsscanf.o)
 .debug_info    0x00012a57      0x6a2 /Applications/microchip/xc32/v4.10/bin/bin/../../lib/gcc/pic32c/8.3.1/../../../../pic32c/lib/thumb/v6-m/nofp/libc-musl.a(__string_read.o)
 .debug_info    0x000130f9      0x610 /Applications/microchip/xc32/v4.10/bin/bin/../../lib/gcc/pic32c/8.3.1/../../../../pic32c/lib/thumb/v6-m/nofp/libc-musl.a(__uflow.o)
 .debug_info    0x00013709      0xd3f /Applications/microchip/xc32/v4.10/bin/bin/../../lib/gcc/pic32c/8.3.1/../../../../pic32c/lib/thumb/v6-m/nofp/libc-musl.a(__printf_core.o)
 .debug_info    0x00014448      0x3da /Applications/microchip/xc32/v4.10/bin/bin/../../lib/gcc/pic32c/8.3.1/../../../../pic32c/lib/thumb/v6-m/nofp/libc-musl.a(__push_float.o)
 .debug_info    0x00014822      0x40c /Applications/microchip/xc32/v4.10/bin/bin/../../lib/gcc/pic32c/8.3.1/../../../../pic32c/lib/thumb/v6-m/nofp/libc-musl.a(__push_int.o)
 .debug_info    0x00014c2e      0x2f0 /Applications/microchip/xc32/v4.10/bin/bin/../../lib/gcc/pic32c/8.3.1/../../../../pic32c/lib/thumb/v6-m/nofp/libc-musl.a(memchr.o)
 .debug_info    0x00014f1e      0x68e /Applications/microchip/xc32/v4.10/bin/bin/../../lib/gcc/pic32c/8.3.1/../../../../pic32c/lib/thumb/v6-m/nofp/libc-musl.a(__int_vfscanf.o)
 .debug_info    0x000155ac      0x62a /Applications/microchip/xc32/v4.10/bin/bin/../../lib/gcc/pic32c/8.3.1/../../../../pic32c/lib/thumb/v6-m/nofp/libc-musl.a(__toread.o)
 .debug_info    0x00015bd6      0x326 /Applications/microchip/xc32/v4.10/bin/bin/../../lib/gcc/pic32c/8.3.1/../../../../pic32c/lib/thumb/v6-m/nofp/libc-musl.a(__init_stdio.o)
 .debug_info    0x00015efc       0x26 /Applications/microchip/xc32/v4.10/bin/bin/../../lib/gcc/pic32c/8.3.1/thumb/v6-m/nofp/libgcc.a(_lshrdi3.o)
 .debug_info    0x00015f22       0x26 /Applications/microchip/xc32/v4.10/bin/bin/../../lib/gcc/pic32c/8.3.1/thumb/v6-m/nofp/libgcc.a(_ashldi3.o)
 .debug_info    0x00015f48      0x4dc /Applications/microchip/xc32/v4.10/bin/bin/../../lib/gcc/pic32c/8.3.1/thumb/v6-m/nofp/libgcc.a(_muldi3.o)

.debug_abbrev   0x00000000     0x3b09
 .debug_abbrev  0x00000000      0x181 build/default/production/_ext/60163342/plib_adc.o
 .debug_abbrev  0x00000181      0x125 build/default/production/_ext/1984496892/plib_clock.o
 .debug_abbrev  0x000002a6       0x99 build/default/production/_ext/60167341/plib_eic.o
 .debug_abbrev  0x0000033f      0x1d4 build/default/production/_ext/1865468468/plib_nvic.o
 .debug_abbrev  0x00000513      0x174 build/default/production/_ext/1593096446/plib_nvmctrl.o
 .debug_abbrev  0x00000687      0x189 build/default/production/_ext/1865521619/plib_port.o
 .debug_abbrev  0x00000810      0x1d8 build/default/production/_ext/60180175/plib_rtc_clock.o
 .debug_abbrev  0x000009e8      0x2cf build/default/production/_ext/508257091/plib_sercom3_i2c_master.o
 .debug_abbrev  0x00000cb7      0x241 build/default/production/_ext/17022449/plib_sercom0_spi_master.o
 .debug_abbrev  0x00000ef8      0x1b5 build/default/production/_ext/829342655/plib_tc3.o
 .debug_abbrev  0x000010ad       0xb1 build/default/production/_ext/1171490990/initialization.o
 .debug_abbrev  0x0000115e       0xb5 build/default/production/_ext/1171490990/interrupts.o
 .debug_abbrev  0x00001213       0x3e build/default/production/_ext/1171490990/exceptions.o
 .debug_abbrev  0x00001251       0xd4 build/default/production/_ext/1171490990/startup_xc32.o
 .debug_abbrev  0x00001325      0x174 build/default/production/_ext/1360937237/main.o
 .debug_abbrev  0x00001499       0xf1 build/default/production/_ext/258483974/sht20-sensor-t-h.o
 .debug_abbrev  0x0000158a       0xb1 ../src/libraries/sam-rtc-utils/sam-rtc-utils.X/dist/default/production/sam-rtc-utils.X.a(sam-rtc-utils.o)
 .debug_abbrev  0x0000163b       0x2e /Applications/microchip/xc32/v4.10/bin/bin/../../lib/gcc/pic32c/8.3.1/../../../../pic32c/lib/thumb/v6-m/nofp/libpic32c.a(data_init.o)
 .debug_abbrev  0x00001669      0x117 /Applications/microchip/xc32/v4.10/bin/bin/../../lib/gcc/pic32c/8.3.1/../../../../pic32c/lib/thumb/v6-m/nofp/libc-musl.a(__libc_start_main.o)
 .debug_abbrev  0x00001780       0xb8 /Applications/microchip/xc32/v4.10/bin/bin/../../lib/gcc/pic32c/8.3.1/../../../../pic32c/lib/thumb/v6-m/nofp/libc-musl.a(libc.o)
 .debug_abbrev  0x00001838      0x120 /Applications/microchip/xc32/v4.10/bin/bin/../../lib/gcc/pic32c/8.3.1/../../../../pic32c/lib/thumb/v6-m/nofp/libc-musl.a(__sio_sscanf_dosux.o)
 .debug_abbrev  0x00001958      0x194 /Applications/microchip/xc32/v4.10/bin/bin/../../lib/gcc/pic32c/8.3.1/../../../../pic32c/lib/thumb/v6-m/nofp/libc-musl.a(__scan_d.o)
 .debug_abbrev  0x00001aec      0x1a7 /Applications/microchip/xc32/v4.10/bin/bin/../../lib/gcc/pic32c/8.3.1/../../../../pic32c/lib/thumb/v6-m/nofp/libc-musl.a(__scan_i.o)
 .debug_abbrev  0x00001c93      0x15b /Applications/microchip/xc32/v4.10/bin/bin/../../lib/gcc/pic32c/8.3.1/../../../../pic32c/lib/thumb/v6-m/nofp/libc-musl.a(__scan_o.o)
 .debug_abbrev  0x00001dee      0x183 /Applications/microchip/xc32/v4.10/bin/bin/../../lib/gcc/pic32c/8.3.1/../../../../pic32c/lib/thumb/v6-m/nofp/libc-musl.a(__scan_s.o)
 .debug_abbrev  0x00001f71      0x120 /Applications/microchip/xc32/v4.10/bin/bin/../../lib/gcc/pic32c/8.3.1/../../../../pic32c/lib/thumb/v6-m/nofp/libc-musl.a(__scan_u.o)
 .debug_abbrev  0x00002091      0x17a /Applications/microchip/xc32/v4.10/bin/bin/../../lib/gcc/pic32c/8.3.1/../../../../pic32c/lib/thumb/v6-m/nofp/libc-musl.a(__scan_x.o)
 .debug_abbrev  0x0000220b      0x322 /Applications/microchip/xc32/v4.10/bin/bin/../../lib/gcc/pic32c/8.3.1/../../../../pic32c/lib/thumb/v6-m/nofp/libc-musl.a(__scanf_core.o)
 .debug_abbrev  0x0000252d       0xbb /Applications/microchip/xc32/v4.10/bin/bin/../../lib/gcc/pic32c/8.3.1/../../../../pic32c/lib/thumb/v6-m/nofp/libc-musl.a(atoi.o)
 .debug_abbrev  0x000025e8      0x19b /Applications/microchip/xc32/v4.10/bin/bin/../../lib/gcc/pic32c/8.3.1/../../../../pic32c/lib/thumb/v6-m/nofp/libc-musl.a(strtol.o)
 .debug_abbrev  0x00002783       0x9c /Applications/microchip/xc32/v4.10/bin/bin/../../lib/gcc/pic32c/8.3.1/../../../../pic32c/lib/thumb/v6-m/nofp/libc-musl.a(memcpy.o)
 .debug_abbrev  0x0000281f       0x97 /Applications/microchip/xc32/v4.10/bin/bin/../../lib/gcc/pic32c/8.3.1/../../../../pic32c/lib/thumb/v6-m/nofp/libc-musl.a(memset.o)
 .debug_abbrev  0x000028b6       0x63 /Applications/microchip/xc32/v4.10/bin/bin/../../lib/gcc/pic32c/8.3.1/../../../../pic32c/lib/thumb/v6-m/nofp/libc-musl.a(strcmp.o)
 .debug_abbrev  0x00002919       0xe9 /Applications/microchip/xc32/v4.10/bin/bin/../../lib/gcc/pic32c/8.3.1/../../../../pic32c/lib/thumb/v6-m/nofp/libc-musl.a(isxdigit.o)
 .debug_abbrev  0x00002a02       0xe9 /Applications/microchip/xc32/v4.10/bin/bin/../../lib/gcc/pic32c/8.3.1/../../../../pic32c/lib/thumb/v6-m/nofp/libc-musl.a(tolower.o)
 .debug_abbrev  0x00002aeb       0x57 /Applications/microchip/xc32/v4.10/bin/bin/../../lib/gcc/pic32c/8.3.1/../../../../pic32c/lib/thumb/v6-m/nofp/libc-musl.a(__environ.o)
 .debug_abbrev  0x00002b42       0x2e /Applications/microchip/xc32/v4.10/bin/bin/../../lib/gcc/pic32c/8.3.1/../../../../pic32c/lib/thumb/v6-m/nofp/libc-musl.a(__errno_location.o)
 .debug_abbrev  0x00002b70      0x1de /Applications/microchip/xc32/v4.10/bin/bin/../../lib/gcc/pic32c/8.3.1/../../../../pic32c/lib/thumb/v6-m/nofp/libc-musl.a(intscan.o)
 .debug_abbrev  0x00002d4e      0x14a /Applications/microchip/xc32/v4.10/bin/bin/../../lib/gcc/pic32c/8.3.1/../../../../pic32c/lib/thumb/v6-m/nofp/libc-musl.a(shgetc.o)
 .debug_abbrev  0x00002e98      0x171 /Applications/microchip/xc32/v4.10/bin/bin/../../lib/gcc/pic32c/8.3.1/../../../../pic32c/lib/thumb/v6-m/nofp/libc-musl.a(__int_vsscanf.o)
 .debug_abbrev  0x00003009      0x12a /Applications/microchip/xc32/v4.10/bin/bin/../../lib/gcc/pic32c/8.3.1/../../../../pic32c/lib/thumb/v6-m/nofp/libc-musl.a(__string_read.o)
 .debug_abbrev  0x00003133      0x125 /Applications/microchip/xc32/v4.10/bin/bin/../../lib/gcc/pic32c/8.3.1/../../../../pic32c/lib/thumb/v6-m/nofp/libc-musl.a(__uflow.o)
 .debug_abbrev  0x00003258      0x2be /Applications/microchip/xc32/v4.10/bin/bin/../../lib/gcc/pic32c/8.3.1/../../../../pic32c/lib/thumb/v6-m/nofp/libc-musl.a(__printf_core.o)
 .debug_abbrev  0x00003516       0xbd /Applications/microchip/xc32/v4.10/bin/bin/../../lib/gcc/pic32c/8.3.1/../../../../pic32c/lib/thumb/v6-m/nofp/libc-musl.a(__push_float.o)
 .debug_abbrev  0x000035d3       0xbd /Applications/microchip/xc32/v4.10/bin/bin/../../lib/gcc/pic32c/8.3.1/../../../../pic32c/lib/thumb/v6-m/nofp/libc-musl.a(__push_int.o)
 .debug_abbrev  0x00003690       0x92 /Applications/microchip/xc32/v4.10/bin/bin/../../lib/gcc/pic32c/8.3.1/../../../../pic32c/lib/thumb/v6-m/nofp/libc-musl.a(memchr.o)
 .debug_abbrev  0x00003722      0x14a /Applications/microchip/xc32/v4.10/bin/bin/../../lib/gcc/pic32c/8.3.1/../../../../pic32c/lib/thumb/v6-m/nofp/libc-musl.a(__int_vfscanf.o)
 .debug_abbrev  0x0000386c      0x12c /Applications/microchip/xc32/v4.10/bin/bin/../../lib/gcc/pic32c/8.3.1/../../../../pic32c/lib/thumb/v6-m/nofp/libc-musl.a(__toread.o)
 .debug_abbrev  0x00003998       0x5a /Applications/microchip/xc32/v4.10/bin/bin/../../lib/gcc/pic32c/8.3.1/../../../../pic32c/lib/thumb/v6-m/nofp/libc-musl.a(__init_stdio.o)
 .debug_abbrev  0x000039f2       0x14 /Applications/microchip/xc32/v4.10/bin/bin/../../lib/gcc/pic32c/8.3.1/thumb/v6-m/nofp/libgcc.a(_lshrdi3.o)
 .debug_abbrev  0x00003a06       0x14 /Applications/microchip/xc32/v4.10/bin/bin/../../lib/gcc/pic32c/8.3.1/thumb/v6-m/nofp/libgcc.a(_ashldi3.o)
 .debug_abbrev  0x00003a1a       0xef /Applications/microchip/xc32/v4.10/bin/bin/../../lib/gcc/pic32c/8.3.1/thumb/v6-m/nofp/libgcc.a(_muldi3.o)

.debug_loc      0x00000000     0x509a
 .debug_loc     0x00000000      0x270 build/default/production/_ext/60163342/plib_adc.o
 .debug_loc     0x00000270      0x120 build/default/production/_ext/1984496892/plib_clock.o
 .debug_loc     0x00000390       0x2c build/default/production/_ext/60167341/plib_eic.o
 .debug_loc     0x000003bc      0x138 build/default/production/_ext/1865468468/plib_nvic.o
 .debug_loc     0x000004f4      0x388 build/default/production/_ext/1593096446/plib_nvmctrl.o
 .debug_loc     0x0000087c      0x25c build/default/production/_ext/1865521619/plib_port.o
 .debug_loc     0x00000ad8      0x164 build/default/production/_ext/60180175/plib_rtc_clock.o
 .debug_loc     0x00000c3c      0x2e0 build/default/production/_ext/508257091/plib_sercom3_i2c_master.o
 .debug_loc     0x00000f1c      0x1e0 build/default/production/_ext/17022449/plib_sercom0_spi_master.o
 .debug_loc     0x000010fc      0x220 build/default/production/_ext/829342655/plib_tc3.o
 .debug_loc     0x0000131c       0x38 build/default/production/_ext/1171490990/initialization.o
 .debug_loc     0x00001354       0x58 build/default/production/_ext/1171490990/exceptions.o
 .debug_loc     0x000013ac       0x20 build/default/production/_ext/1171490990/startup_xc32.o
 .debug_loc     0x000013cc      0x10e build/default/production/_ext/1360937237/main.o
 .debug_loc     0x000014da       0xa8 build/default/production/_ext/258483974/sht20-sensor-t-h.o
 .debug_loc     0x00001582       0x3a ../src/libraries/sam-rtc-utils/sam-rtc-utils.X/dist/default/production/sam-rtc-utils.X.a(sam-rtc-utils.o)
 .debug_loc     0x000015bc       0x14 /Applications/microchip/xc32/v4.10/bin/bin/../../lib/gcc/pic32c/8.3.1/../../../../pic32c/lib/thumb/v6-m/nofp/libpic32c.a(data_init.o)
 .debug_loc     0x000015d0       0x5e /Applications/microchip/xc32/v4.10/bin/bin/../../lib/gcc/pic32c/8.3.1/../../../../pic32c/lib/thumb/v6-m/nofp/libc-musl.a(__libc_start_main.o)
 .debug_loc     0x0000162e       0x86 /Applications/microchip/xc32/v4.10/bin/bin/../../lib/gcc/pic32c/8.3.1/../../../../pic32c/lib/thumb/v6-m/nofp/libc-musl.a(__sio_sscanf_dosux.o)
 .debug_loc     0x000016b4      0x2cb /Applications/microchip/xc32/v4.10/bin/bin/../../lib/gcc/pic32c/8.3.1/../../../../pic32c/lib/thumb/v6-m/nofp/libc-musl.a(__scan_d.o)
 .debug_loc     0x0000197f      0x2ee /Applications/microchip/xc32/v4.10/bin/bin/../../lib/gcc/pic32c/8.3.1/../../../../pic32c/lib/thumb/v6-m/nofp/libc-musl.a(__scan_i.o)
 .debug_loc     0x00001c6d      0x1dd /Applications/microchip/xc32/v4.10/bin/bin/../../lib/gcc/pic32c/8.3.1/../../../../pic32c/lib/thumb/v6-m/nofp/libc-musl.a(__scan_o.o)
 .debug_loc     0x00001e4a      0x1a6 /Applications/microchip/xc32/v4.10/bin/bin/../../lib/gcc/pic32c/8.3.1/../../../../pic32c/lib/thumb/v6-m/nofp/libc-musl.a(__scan_s.o)
 .debug_loc     0x00001ff0       0xe3 /Applications/microchip/xc32/v4.10/bin/bin/../../lib/gcc/pic32c/8.3.1/../../../../pic32c/lib/thumb/v6-m/nofp/libc-musl.a(__scan_u.o)
 .debug_loc     0x000020d3      0x21d /Applications/microchip/xc32/v4.10/bin/bin/../../lib/gcc/pic32c/8.3.1/../../../../pic32c/lib/thumb/v6-m/nofp/libc-musl.a(__scan_x.o)
 .debug_loc     0x000022f0      0xc2c /Applications/microchip/xc32/v4.10/bin/bin/../../lib/gcc/pic32c/8.3.1/../../../../pic32c/lib/thumb/v6-m/nofp/libc-musl.a(__scanf_core.o)
 .debug_loc     0x00002f1c       0xdc /Applications/microchip/xc32/v4.10/bin/bin/../../lib/gcc/pic32c/8.3.1/../../../../pic32c/lib/thumb/v6-m/nofp/libc-musl.a(atoi.o)
 .debug_loc     0x00002ff8      0x48b /Applications/microchip/xc32/v4.10/bin/bin/../../lib/gcc/pic32c/8.3.1/../../../../pic32c/lib/thumb/v6-m/nofp/libc-musl.a(strtol.o)
 .debug_loc     0x00003483      0x109 /Applications/microchip/xc32/v4.10/bin/bin/../../lib/gcc/pic32c/8.3.1/../../../../pic32c/lib/thumb/v6-m/nofp/libc-musl.a(memcpy.o)
 .debug_loc     0x0000358c       0x80 /Applications/microchip/xc32/v4.10/bin/bin/../../lib/gcc/pic32c/8.3.1/../../../../pic32c/lib/thumb/v6-m/nofp/libc-musl.a(memset.o)
 .debug_loc     0x0000360c       0x96 /Applications/microchip/xc32/v4.10/bin/bin/../../lib/gcc/pic32c/8.3.1/../../../../pic32c/lib/thumb/v6-m/nofp/libc-musl.a(strcmp.o)
 .debug_loc     0x000036a2       0x9c /Applications/microchip/xc32/v4.10/bin/bin/../../lib/gcc/pic32c/8.3.1/../../../../pic32c/lib/thumb/v6-m/nofp/libc-musl.a(isxdigit.o)
 .debug_loc     0x0000373e       0x8f /Applications/microchip/xc32/v4.10/bin/bin/../../lib/gcc/pic32c/8.3.1/../../../../pic32c/lib/thumb/v6-m/nofp/libc-musl.a(tolower.o)
 .debug_loc     0x000037cd      0x751 /Applications/microchip/xc32/v4.10/bin/bin/../../lib/gcc/pic32c/8.3.1/../../../../pic32c/lib/thumb/v6-m/nofp/libc-musl.a(intscan.o)
 .debug_loc     0x00003f1e       0xad /Applications/microchip/xc32/v4.10/bin/bin/../../lib/gcc/pic32c/8.3.1/../../../../pic32c/lib/thumb/v6-m/nofp/libc-musl.a(shgetc.o)
 .debug_loc     0x00003fcb      0x142 /Applications/microchip/xc32/v4.10/bin/bin/../../lib/gcc/pic32c/8.3.1/../../../../pic32c/lib/thumb/v6-m/nofp/libc-musl.a(__int_vsscanf.o)
 .debug_loc     0x0000410d       0xf1 /Applications/microchip/xc32/v4.10/bin/bin/../../lib/gcc/pic32c/8.3.1/../../../../pic32c/lib/thumb/v6-m/nofp/libc-musl.a(__string_read.o)
 .debug_loc     0x000041fe       0x5f /Applications/microchip/xc32/v4.10/bin/bin/../../lib/gcc/pic32c/8.3.1/../../../../pic32c/lib/thumb/v6-m/nofp/libc-musl.a(__uflow.o)
 .debug_loc     0x0000425d      0x6c7 /Applications/microchip/xc32/v4.10/bin/bin/../../lib/gcc/pic32c/8.3.1/../../../../pic32c/lib/thumb/v6-m/nofp/libc-musl.a(__printf_core.o)
 .debug_loc     0x00004924      0x15a /Applications/microchip/xc32/v4.10/bin/bin/../../lib/gcc/pic32c/8.3.1/../../../../pic32c/lib/thumb/v6-m/nofp/libc-musl.a(__push_float.o)
 .debug_loc     0x00004a7e      0x2ae /Applications/microchip/xc32/v4.10/bin/bin/../../lib/gcc/pic32c/8.3.1/../../../../pic32c/lib/thumb/v6-m/nofp/libc-musl.a(__push_int.o)
 .debug_loc     0x00004d2c       0xa8 /Applications/microchip/xc32/v4.10/bin/bin/../../lib/gcc/pic32c/8.3.1/../../../../pic32c/lib/thumb/v6-m/nofp/libc-musl.a(memchr.o)
 .debug_loc     0x00004dd4       0xb0 /Applications/microchip/xc32/v4.10/bin/bin/../../lib/gcc/pic32c/8.3.1/../../../../pic32c/lib/thumb/v6-m/nofp/libc-musl.a(__int_vfscanf.o)
 .debug_loc     0x00004e84       0x7f /Applications/microchip/xc32/v4.10/bin/bin/../../lib/gcc/pic32c/8.3.1/../../../../pic32c/lib/thumb/v6-m/nofp/libc-musl.a(__toread.o)
 .debug_loc     0x00004f03       0x20 /Applications/microchip/xc32/v4.10/bin/bin/../../lib/gcc/pic32c/8.3.1/../../../../pic32c/lib/thumb/v6-m/nofp/libc-musl.a(__init_stdio.o)
 .debug_loc     0x00004f23      0x177 /Applications/microchip/xc32/v4.10/bin/bin/../../lib/gcc/pic32c/8.3.1/thumb/v6-m/nofp/libgcc.a(_muldi3.o)

.debug_aranges  0x00000000      0xa20
 .debug_aranges
                0x00000000       0x78 build/default/production/_ext/60163342/plib_adc.o
 .debug_aranges
                0x00000078       0x48 build/default/production/_ext/1984496892/plib_clock.o
 .debug_aranges
                0x000000c0       0x20 build/default/production/_ext/60167341/plib_eic.o
 .debug_aranges
                0x000000e0       0x48 build/default/production/_ext/1865468468/plib_nvic.o
 .debug_aranges
                0x00000128       0xa0 build/default/production/_ext/1593096446/plib_nvmctrl.o
 .debug_aranges
                0x000001c8       0x70 build/default/production/_ext/1865521619/plib_port.o
 .debug_aranges
                0x00000238       0x50 build/default/production/_ext/60180175/plib_rtc_clock.o
 .debug_aranges
                0x00000288       0x88 build/default/production/_ext/508257091/plib_sercom3_i2c_master.o
 .debug_aranges
                0x00000310       0x60 build/default/production/_ext/17022449/plib_sercom0_spi_master.o
 .debug_aranges
                0x00000370       0x70 build/default/production/_ext/829342655/plib_tc3.o
 .debug_aranges
                0x000003e0       0x20 build/default/production/_ext/1171490990/initialization.o
 .debug_aranges
                0x00000400       0x20 build/default/production/_ext/1171490990/interrupts.o
 .debug_aranges
                0x00000420       0x28 build/default/production/_ext/1171490990/exceptions.o
 .debug_aranges
                0x00000448       0x28 build/default/production/_ext/1171490990/startup_xc32.o
 .debug_aranges
                0x00000470       0x40 build/default/production/_ext/1360937237/main.o
 .debug_aranges
                0x000004b0       0x30 build/default/production/_ext/258483974/sht20-sensor-t-h.o
 .debug_aranges
                0x000004e0       0x20 ../src/libraries/sam-rtc-utils/sam-rtc-utils.X/dist/default/production/sam-rtc-utils.X.a(sam-rtc-utils.o)
 .debug_aranges
                0x00000500       0x20 /Applications/microchip/xc32/v4.10/bin/bin/../../lib/gcc/pic32c/8.3.1/../../../../pic32c/lib/thumb/v6-m/nofp/libpic32c.a(data_init.o)
 .debug_aranges
                0x00000520       0x28 /Applications/microchip/xc32/v4.10/bin/bin/../../lib/gcc/pic32c/8.3.1/../../../../pic32c/lib/thumb/v6-m/nofp/libc-musl.a(__libc_start_main.o)
 .debug_aranges
                0x00000548       0x18 /Applications/microchip/xc32/v4.10/bin/bin/../../lib/gcc/pic32c/8.3.1/../../../../pic32c/lib/thumb/v6-m/nofp/libc-musl.a(libc.o)
 .debug_aranges
                0x00000560       0x28 /Applications/microchip/xc32/v4.10/bin/bin/../../lib/gcc/pic32c/8.3.1/../../../../pic32c/lib/thumb/v6-m/nofp/libc-musl.a(__sio_sscanf_dosux.o)
 .debug_aranges
                0x00000588       0x30 /Applications/microchip/xc32/v4.10/bin/bin/../../lib/gcc/pic32c/8.3.1/../../../../pic32c/lib/thumb/v6-m/nofp/libc-musl.a(__scan_d.o)
 .debug_aranges
                0x000005b8       0x20 /Applications/microchip/xc32/v4.10/bin/bin/../../lib/gcc/pic32c/8.3.1/../../../../pic32c/lib/thumb/v6-m/nofp/libc-musl.a(__scan_i.o)
 .debug_aranges
                0x000005d8       0x20 /Applications/microchip/xc32/v4.10/bin/bin/../../lib/gcc/pic32c/8.3.1/../../../../pic32c/lib/thumb/v6-m/nofp/libc-musl.a(__scan_o.o)
 .debug_aranges
                0x000005f8       0x20 /Applications/microchip/xc32/v4.10/bin/bin/../../lib/gcc/pic32c/8.3.1/../../../../pic32c/lib/thumb/v6-m/nofp/libc-musl.a(__scan_s.o)
 .debug_aranges
                0x00000618       0x20 /Applications/microchip/xc32/v4.10/bin/bin/../../lib/gcc/pic32c/8.3.1/../../../../pic32c/lib/thumb/v6-m/nofp/libc-musl.a(__scan_u.o)
 .debug_aranges
                0x00000638       0x20 /Applications/microchip/xc32/v4.10/bin/bin/../../lib/gcc/pic32c/8.3.1/../../../../pic32c/lib/thumb/v6-m/nofp/libc-musl.a(__scan_x.o)
 .debug_aranges
                0x00000658       0x48 /Applications/microchip/xc32/v4.10/bin/bin/../../lib/gcc/pic32c/8.3.1/../../../../pic32c/lib/thumb/v6-m/nofp/libc-musl.a(__scanf_core.o)
 .debug_aranges
                0x000006a0       0x20 /Applications/microchip/xc32/v4.10/bin/bin/../../lib/gcc/pic32c/8.3.1/../../../../pic32c/lib/thumb/v6-m/nofp/libc-musl.a(atoi.o)
 .debug_aranges
                0x000006c0       0x50 /Applications/microchip/xc32/v4.10/bin/bin/../../lib/gcc/pic32c/8.3.1/../../../../pic32c/lib/thumb/v6-m/nofp/libc-musl.a(strtol.o)
 .debug_aranges
                0x00000710       0x20 /Applications/microchip/xc32/v4.10/bin/bin/../../lib/gcc/pic32c/8.3.1/../../../../pic32c/lib/thumb/v6-m/nofp/libc-musl.a(memcpy.o)
 .debug_aranges
                0x00000730       0x20 /Applications/microchip/xc32/v4.10/bin/bin/../../lib/gcc/pic32c/8.3.1/../../../../pic32c/lib/thumb/v6-m/nofp/libc-musl.a(memset.o)
 .debug_aranges
                0x00000750       0x20 /Applications/microchip/xc32/v4.10/bin/bin/../../lib/gcc/pic32c/8.3.1/../../../../pic32c/lib/thumb/v6-m/nofp/libc-musl.a(strcmp.o)
 .debug_aranges
                0x00000770       0x28 /Applications/microchip/xc32/v4.10/bin/bin/../../lib/gcc/pic32c/8.3.1/../../../../pic32c/lib/thumb/v6-m/nofp/libc-musl.a(isxdigit.o)
 .debug_aranges
                0x00000798       0x28 /Applications/microchip/xc32/v4.10/bin/bin/../../lib/gcc/pic32c/8.3.1/../../../../pic32c/lib/thumb/v6-m/nofp/libc-musl.a(tolower.o)
 .debug_aranges
                0x000007c0       0x18 /Applications/microchip/xc32/v4.10/bin/bin/../../lib/gcc/pic32c/8.3.1/../../../../pic32c/lib/thumb/v6-m/nofp/libc-musl.a(__environ.o)
 .debug_aranges
                0x000007d8       0x18 /Applications/microchip/xc32/v4.10/bin/bin/../../lib/gcc/pic32c/8.3.1/../../../../pic32c/lib/thumb/v6-m/nofp/libc-musl.a(__errno_location.o)
 .debug_aranges
                0x000007f0       0x20 /Applications/microchip/xc32/v4.10/bin/bin/../../lib/gcc/pic32c/8.3.1/../../../../pic32c/lib/thumb/v6-m/nofp/libc-musl.a(intscan.o)
 .debug_aranges
                0x00000810       0x28 /Applications/microchip/xc32/v4.10/bin/bin/../../lib/gcc/pic32c/8.3.1/../../../../pic32c/lib/thumb/v6-m/nofp/libc-musl.a(shgetc.o)
 .debug_aranges
                0x00000838       0x28 /Applications/microchip/xc32/v4.10/bin/bin/../../lib/gcc/pic32c/8.3.1/../../../../pic32c/lib/thumb/v6-m/nofp/libc-musl.a(__int_vsscanf.o)
 .debug_aranges
                0x00000860       0x20 /Applications/microchip/xc32/v4.10/bin/bin/../../lib/gcc/pic32c/8.3.1/../../../../pic32c/lib/thumb/v6-m/nofp/libc-musl.a(__string_read.o)
 .debug_aranges
                0x00000880       0x20 /Applications/microchip/xc32/v4.10/bin/bin/../../lib/gcc/pic32c/8.3.1/../../../../pic32c/lib/thumb/v6-m/nofp/libc-musl.a(__uflow.o)
 .debug_aranges
                0x000008a0       0x50 /Applications/microchip/xc32/v4.10/bin/bin/../../lib/gcc/pic32c/8.3.1/../../../../pic32c/lib/thumb/v6-m/nofp/libc-musl.a(__printf_core.o)
 .debug_aranges
                0x000008f0       0x20 /Applications/microchip/xc32/v4.10/bin/bin/../../lib/gcc/pic32c/8.3.1/../../../../pic32c/lib/thumb/v6-m/nofp/libc-musl.a(__push_float.o)
 .debug_aranges
                0x00000910       0x20 /Applications/microchip/xc32/v4.10/bin/bin/../../lib/gcc/pic32c/8.3.1/../../../../pic32c/lib/thumb/v6-m/nofp/libc-musl.a(__push_int.o)
 .debug_aranges
                0x00000930       0x20 /Applications/microchip/xc32/v4.10/bin/bin/../../lib/gcc/pic32c/8.3.1/../../../../pic32c/lib/thumb/v6-m/nofp/libc-musl.a(memchr.o)
 .debug_aranges
                0x00000950       0x20 /Applications/microchip/xc32/v4.10/bin/bin/../../lib/gcc/pic32c/8.3.1/../../../../pic32c/lib/thumb/v6-m/nofp/libc-musl.a(__int_vfscanf.o)
 .debug_aranges
                0x00000970       0x28 /Applications/microchip/xc32/v4.10/bin/bin/../../lib/gcc/pic32c/8.3.1/../../../../pic32c/lib/thumb/v6-m/nofp/libc-musl.a(__toread.o)
 .debug_aranges
                0x00000998       0x28 /Applications/microchip/xc32/v4.10/bin/bin/../../lib/gcc/pic32c/8.3.1/../../../../pic32c/lib/thumb/v6-m/nofp/libc-musl.a(__init_stdio.o)
 .debug_aranges
                0x000009c0       0x20 /Applications/microchip/xc32/v4.10/bin/bin/../../lib/gcc/pic32c/8.3.1/thumb/v6-m/nofp/libgcc.a(_lshrdi3.o)
 .debug_aranges
                0x000009e0       0x20 /Applications/microchip/xc32/v4.10/bin/bin/../../lib/gcc/pic32c/8.3.1/thumb/v6-m/nofp/libgcc.a(_ashldi3.o)
 .debug_aranges
                0x00000a00       0x20 /Applications/microchip/xc32/v4.10/bin/bin/../../lib/gcc/pic32c/8.3.1/thumb/v6-m/nofp/libgcc.a(_muldi3.o)

.debug_ranges   0x00000000      0x740
 .debug_ranges  0x00000000       0x68 build/default/production/_ext/60163342/plib_adc.o
 .debug_ranges  0x00000068       0x38 build/default/production/_ext/1984496892/plib_clock.o
 .debug_ranges  0x000000a0       0x10 build/default/production/_ext/60167341/plib_eic.o
 .debug_ranges  0x000000b0       0x38 build/default/production/_ext/1865468468/plib_nvic.o
 .debug_ranges  0x000000e8       0x90 build/default/production/_ext/1593096446/plib_nvmctrl.o
 .debug_ranges  0x00000178       0x60 build/default/production/_ext/1865521619/plib_port.o
 .debug_ranges  0x000001d8       0x40 build/default/production/_ext/60180175/plib_rtc_clock.o
 .debug_ranges  0x00000218       0x78 build/default/production/_ext/508257091/plib_sercom3_i2c_master.o
 .debug_ranges  0x00000290       0x50 build/default/production/_ext/17022449/plib_sercom0_spi_master.o
 .debug_ranges  0x000002e0       0x60 build/default/production/_ext/829342655/plib_tc3.o
 .debug_ranges  0x00000340       0x10 build/default/production/_ext/1171490990/initialization.o
 .debug_ranges  0x00000350       0x10 build/default/production/_ext/1171490990/interrupts.o
 .debug_ranges  0x00000360       0x18 build/default/production/_ext/1171490990/exceptions.o
 .debug_ranges  0x00000378       0x18 build/default/production/_ext/1171490990/startup_xc32.o
 .debug_ranges  0x00000390       0x30 build/default/production/_ext/1360937237/main.o
 .debug_ranges  0x000003c0       0x20 build/default/production/_ext/258483974/sht20-sensor-t-h.o
 .debug_ranges  0x000003e0       0x10 /Applications/microchip/xc32/v4.10/bin/bin/../../lib/gcc/pic32c/8.3.1/../../../../pic32c/lib/thumb/v6-m/nofp/libpic32c.a(data_init.o)
 .debug_ranges  0x000003f0       0x30 /Applications/microchip/xc32/v4.10/bin/bin/../../lib/gcc/pic32c/8.3.1/../../../../pic32c/lib/thumb/v6-m/nofp/libc-musl.a(__libc_start_main.o)
 .debug_ranges  0x00000420       0x18 /Applications/microchip/xc32/v4.10/bin/bin/../../lib/gcc/pic32c/8.3.1/../../../../pic32c/lib/thumb/v6-m/nofp/libc-musl.a(__sio_sscanf_dosux.o)
 .debug_ranges  0x00000438       0x20 /Applications/microchip/xc32/v4.10/bin/bin/../../lib/gcc/pic32c/8.3.1/../../../../pic32c/lib/thumb/v6-m/nofp/libc-musl.a(__scan_d.o)
 .debug_ranges  0x00000458       0x10 /Applications/microchip/xc32/v4.10/bin/bin/../../lib/gcc/pic32c/8.3.1/../../../../pic32c/lib/thumb/v6-m/nofp/libc-musl.a(__scan_i.o)
 .debug_ranges  0x00000468       0x10 /Applications/microchip/xc32/v4.10/bin/bin/../../lib/gcc/pic32c/8.3.1/../../../../pic32c/lib/thumb/v6-m/nofp/libc-musl.a(__scan_o.o)
 .debug_ranges  0x00000478       0x10 /Applications/microchip/xc32/v4.10/bin/bin/../../lib/gcc/pic32c/8.3.1/../../../../pic32c/lib/thumb/v6-m/nofp/libc-musl.a(__scan_s.o)
 .debug_ranges  0x00000488       0x10 /Applications/microchip/xc32/v4.10/bin/bin/../../lib/gcc/pic32c/8.3.1/../../../../pic32c/lib/thumb/v6-m/nofp/libc-musl.a(__scan_u.o)
 .debug_ranges  0x00000498       0x10 /Applications/microchip/xc32/v4.10/bin/bin/../../lib/gcc/pic32c/8.3.1/../../../../pic32c/lib/thumb/v6-m/nofp/libc-musl.a(__scan_x.o)
 .debug_ranges  0x000004a8       0x98 /Applications/microchip/xc32/v4.10/bin/bin/../../lib/gcc/pic32c/8.3.1/../../../../pic32c/lib/thumb/v6-m/nofp/libc-musl.a(__scanf_core.o)
 .debug_ranges  0x00000540       0x10 /Applications/microchip/xc32/v4.10/bin/bin/../../lib/gcc/pic32c/8.3.1/../../../../pic32c/lib/thumb/v6-m/nofp/libc-musl.a(atoi.o)
 .debug_ranges  0x00000550       0x40 /Applications/microchip/xc32/v4.10/bin/bin/../../lib/gcc/pic32c/8.3.1/../../../../pic32c/lib/thumb/v6-m/nofp/libc-musl.a(strtol.o)
 .debug_ranges  0x00000590       0x10 /Applications/microchip/xc32/v4.10/bin/bin/../../lib/gcc/pic32c/8.3.1/../../../../pic32c/lib/thumb/v6-m/nofp/libc-musl.a(memcpy.o)
 .debug_ranges  0x000005a0       0x10 /Applications/microchip/xc32/v4.10/bin/bin/../../lib/gcc/pic32c/8.3.1/../../../../pic32c/lib/thumb/v6-m/nofp/libc-musl.a(memset.o)
 .debug_ranges  0x000005b0       0x10 /Applications/microchip/xc32/v4.10/bin/bin/../../lib/gcc/pic32c/8.3.1/../../../../pic32c/lib/thumb/v6-m/nofp/libc-musl.a(strcmp.o)
 .debug_ranges  0x000005c0       0x18 /Applications/microchip/xc32/v4.10/bin/bin/../../lib/gcc/pic32c/8.3.1/../../../../pic32c/lib/thumb/v6-m/nofp/libc-musl.a(isxdigit.o)
 .debug_ranges  0x000005d8       0x18 /Applications/microchip/xc32/v4.10/bin/bin/../../lib/gcc/pic32c/8.3.1/../../../../pic32c/lib/thumb/v6-m/nofp/libc-musl.a(tolower.o)
 .debug_ranges  0x000005f0       0x10 /Applications/microchip/xc32/v4.10/bin/bin/../../lib/gcc/pic32c/8.3.1/../../../../pic32c/lib/thumb/v6-m/nofp/libc-musl.a(intscan.o)
 .debug_ranges  0x00000600       0x18 /Applications/microchip/xc32/v4.10/bin/bin/../../lib/gcc/pic32c/8.3.1/../../../../pic32c/lib/thumb/v6-m/nofp/libc-musl.a(shgetc.o)
 .debug_ranges  0x00000618       0x18 /Applications/microchip/xc32/v4.10/bin/bin/../../lib/gcc/pic32c/8.3.1/../../../../pic32c/lib/thumb/v6-m/nofp/libc-musl.a(__int_vsscanf.o)
 .debug_ranges  0x00000630       0x10 /Applications/microchip/xc32/v4.10/bin/bin/../../lib/gcc/pic32c/8.3.1/../../../../pic32c/lib/thumb/v6-m/nofp/libc-musl.a(__string_read.o)
 .debug_ranges  0x00000640       0x10 /Applications/microchip/xc32/v4.10/bin/bin/../../lib/gcc/pic32c/8.3.1/../../../../pic32c/lib/thumb/v6-m/nofp/libc-musl.a(__uflow.o)
 .debug_ranges  0x00000650       0x58 /Applications/microchip/xc32/v4.10/bin/bin/../../lib/gcc/pic32c/8.3.1/../../../../pic32c/lib/thumb/v6-m/nofp/libc-musl.a(__printf_core.o)
 .debug_ranges  0x000006a8       0x10 /Applications/microchip/xc32/v4.10/bin/bin/../../lib/gcc/pic32c/8.3.1/../../../../pic32c/lib/thumb/v6-m/nofp/libc-musl.a(__push_float.o)
 .debug_ranges  0x000006b8       0x10 /Applications/microchip/xc32/v4.10/bin/bin/../../lib/gcc/pic32c/8.3.1/../../../../pic32c/lib/thumb/v6-m/nofp/libc-musl.a(__push_int.o)
 .debug_ranges  0x000006c8       0x10 /Applications/microchip/xc32/v4.10/bin/bin/../../lib/gcc/pic32c/8.3.1/../../../../pic32c/lib/thumb/v6-m/nofp/libc-musl.a(memchr.o)
 .debug_ranges  0x000006d8       0x10 /Applications/microchip/xc32/v4.10/bin/bin/../../lib/gcc/pic32c/8.3.1/../../../../pic32c/lib/thumb/v6-m/nofp/libc-musl.a(__int_vfscanf.o)
 .debug_ranges  0x000006e8       0x18 /Applications/microchip/xc32/v4.10/bin/bin/../../lib/gcc/pic32c/8.3.1/../../../../pic32c/lib/thumb/v6-m/nofp/libc-musl.a(__toread.o)
 .debug_ranges  0x00000700       0x18 /Applications/microchip/xc32/v4.10/bin/bin/../../lib/gcc/pic32c/8.3.1/../../../../pic32c/lib/thumb/v6-m/nofp/libc-musl.a(__init_stdio.o)
 .debug_ranges  0x00000718       0x28 /Applications/microchip/xc32/v4.10/bin/bin/../../lib/gcc/pic32c/8.3.1/thumb/v6-m/nofp/libgcc.a(_muldi3.o)

.debug_line     0x00000000     0x72c5
 .debug_line    0x00000000      0x30a build/default/production/_ext/60163342/plib_adc.o
 .debug_line    0x0000030a      0x25c build/default/production/_ext/1984496892/plib_clock.o
 .debug_line    0x00000566      0x10e build/default/production/_ext/60167341/plib_eic.o
 .debug_line    0x00000674      0x286 build/default/production/_ext/1865468468/plib_nvic.o
 .debug_line    0x000008fa      0x3c5 build/default/production/_ext/1593096446/plib_nvmctrl.o
 .debug_line    0x00000cbf      0x2da build/default/production/_ext/1865521619/plib_port.o
 .debug_line    0x00000f99      0x324 build/default/production/_ext/60180175/plib_rtc_clock.o
 .debug_line    0x000012bd      0x59a build/default/production/_ext/508257091/plib_sercom3_i2c_master.o
 .debug_line    0x00001857      0x515 build/default/production/_ext/17022449/plib_sercom0_spi_master.o
 .debug_line    0x00001d6c      0x2cc build/default/production/_ext/829342655/plib_tc3.o
 .debug_line    0x00002038       0xed build/default/production/_ext/1171490990/initialization.o
 .debug_line    0x00002125       0xb3 build/default/production/_ext/1171490990/interrupts.o
 .debug_line    0x000021d8       0x6c build/default/production/_ext/1171490990/exceptions.o
 .debug_line    0x00002244       0xfe build/default/production/_ext/1171490990/startup_xc32.o
 .debug_line    0x00002342      0x25b build/default/production/_ext/1360937237/main.o
 .debug_line    0x0000259d      0x13d build/default/production/_ext/258483974/sht20-sensor-t-h.o
 .debug_line    0x000026da       0xa7 ../src/libraries/sam-rtc-utils/sam-rtc-utils.X/dist/default/production/sam-rtc-utils.X.a(sam-rtc-utils.o)
 .debug_line    0x00002781      0x134 /Applications/microchip/xc32/v4.10/bin/bin/../../lib/gcc/pic32c/8.3.1/../../../../pic32c/lib/thumb/v6-m/nofp/libpic32c.a(data_init.o)
 .debug_line    0x000028b5      0x1d0 /Applications/microchip/xc32/v4.10/bin/bin/../../lib/gcc/pic32c/8.3.1/../../../../pic32c/lib/thumb/v6-m/nofp/libc-musl.a(__libc_start_main.o)
 .debug_line    0x00002a85       0xbf /Applications/microchip/xc32/v4.10/bin/bin/../../lib/gcc/pic32c/8.3.1/../../../../pic32c/lib/thumb/v6-m/nofp/libc-musl.a(libc.o)
 .debug_line    0x00002b44      0x1b7 /Applications/microchip/xc32/v4.10/bin/bin/../../lib/gcc/pic32c/8.3.1/../../../../pic32c/lib/thumb/v6-m/nofp/libc-musl.a(__sio_sscanf_dosux.o)
 .debug_line    0x00002cfb      0x360 /Applications/microchip/xc32/v4.10/bin/bin/../../lib/gcc/pic32c/8.3.1/../../../../pic32c/lib/thumb/v6-m/nofp/libc-musl.a(__scan_d.o)
 .debug_line    0x0000305b      0x3c1 /Applications/microchip/xc32/v4.10/bin/bin/../../lib/gcc/pic32c/8.3.1/../../../../pic32c/lib/thumb/v6-m/nofp/libc-musl.a(__scan_i.o)
 .debug_line    0x0000341c      0x2ff /Applications/microchip/xc32/v4.10/bin/bin/../../lib/gcc/pic32c/8.3.1/../../../../pic32c/lib/thumb/v6-m/nofp/libc-musl.a(__scan_o.o)
 .debug_line    0x0000371b      0x2fa /Applications/microchip/xc32/v4.10/bin/bin/../../lib/gcc/pic32c/8.3.1/../../../../pic32c/lib/thumb/v6-m/nofp/libc-musl.a(__scan_s.o)
 .debug_line    0x00003a15      0x1f3 /Applications/microchip/xc32/v4.10/bin/bin/../../lib/gcc/pic32c/8.3.1/../../../../pic32c/lib/thumb/v6-m/nofp/libc-musl.a(__scan_u.o)
 .debug_line    0x00003c08      0x342 /Applications/microchip/xc32/v4.10/bin/bin/../../lib/gcc/pic32c/8.3.1/../../../../pic32c/lib/thumb/v6-m/nofp/libc-musl.a(__scan_x.o)
 .debug_line    0x00003f4a      0x750 /Applications/microchip/xc32/v4.10/bin/bin/../../lib/gcc/pic32c/8.3.1/../../../../pic32c/lib/thumb/v6-m/nofp/libc-musl.a(__scanf_core.o)
 .debug_line    0x0000469a      0x187 /Applications/microchip/xc32/v4.10/bin/bin/../../lib/gcc/pic32c/8.3.1/../../../../pic32c/lib/thumb/v6-m/nofp/libc-musl.a(atoi.o)
 .debug_line    0x00004821      0x2ec /Applications/microchip/xc32/v4.10/bin/bin/../../lib/gcc/pic32c/8.3.1/../../../../pic32c/lib/thumb/v6-m/nofp/libc-musl.a(strtol.o)
 .debug_line    0x00004b0d       0xf7 /Applications/microchip/xc32/v4.10/bin/bin/../../lib/gcc/pic32c/8.3.1/../../../../pic32c/lib/thumb/v6-m/nofp/libc-musl.a(memcpy.o)
 .debug_line    0x00004c04       0xeb /Applications/microchip/xc32/v4.10/bin/bin/../../lib/gcc/pic32c/8.3.1/../../../../pic32c/lib/thumb/v6-m/nofp/libc-musl.a(memset.o)
 .debug_line    0x00004cef       0xc3 /Applications/microchip/xc32/v4.10/bin/bin/../../lib/gcc/pic32c/8.3.1/../../../../pic32c/lib/thumb/v6-m/nofp/libc-musl.a(strcmp.o)
 .debug_line    0x00004db2      0x17f /Applications/microchip/xc32/v4.10/bin/bin/../../lib/gcc/pic32c/8.3.1/../../../../pic32c/lib/thumb/v6-m/nofp/libc-musl.a(isxdigit.o)
 .debug_line    0x00004f31      0x170 /Applications/microchip/xc32/v4.10/bin/bin/../../lib/gcc/pic32c/8.3.1/../../../../pic32c/lib/thumb/v6-m/nofp/libc-musl.a(tolower.o)
 .debug_line    0x000050a1      0x10f /Applications/microchip/xc32/v4.10/bin/bin/../../lib/gcc/pic32c/8.3.1/../../../../pic32c/lib/thumb/v6-m/nofp/libc-musl.a(__environ.o)
 .debug_line    0x000051b0       0xa4 /Applications/microchip/xc32/v4.10/bin/bin/../../lib/gcc/pic32c/8.3.1/../../../../pic32c/lib/thumb/v6-m/nofp/libc-musl.a(__errno_location.o)
 .debug_line    0x00005254      0x4ed /Applications/microchip/xc32/v4.10/bin/bin/../../lib/gcc/pic32c/8.3.1/../../../../pic32c/lib/thumb/v6-m/nofp/libc-musl.a(intscan.o)
 .debug_line    0x00005741      0x229 /Applications/microchip/xc32/v4.10/bin/bin/../../lib/gcc/pic32c/8.3.1/../../../../pic32c/lib/thumb/v6-m/nofp/libc-musl.a(shgetc.o)
 .debug_line    0x0000596a      0x21c /Applications/microchip/xc32/v4.10/bin/bin/../../lib/gcc/pic32c/8.3.1/../../../../pic32c/lib/thumb/v6-m/nofp/libc-musl.a(__int_vsscanf.o)
 .debug_line    0x00005b86      0x298 /Applications/microchip/xc32/v4.10/bin/bin/../../lib/gcc/pic32c/8.3.1/../../../../pic32c/lib/thumb/v6-m/nofp/libc-musl.a(__string_read.o)
 .debug_line    0x00005e1e      0x1dd /Applications/microchip/xc32/v4.10/bin/bin/../../lib/gcc/pic32c/8.3.1/../../../../pic32c/lib/thumb/v6-m/nofp/libc-musl.a(__uflow.o)
 .debug_line    0x00005ffb      0x6e8 /Applications/microchip/xc32/v4.10/bin/bin/../../lib/gcc/pic32c/8.3.1/../../../../pic32c/lib/thumb/v6-m/nofp/libc-musl.a(__printf_core.o)
 .debug_line    0x000066e3      0x1ab /Applications/microchip/xc32/v4.10/bin/bin/../../lib/gcc/pic32c/8.3.1/../../../../pic32c/lib/thumb/v6-m/nofp/libc-musl.a(__push_float.o)
 .debug_line    0x0000688e      0x1d6 /Applications/microchip/xc32/v4.10/bin/bin/../../lib/gcc/pic32c/8.3.1/../../../../pic32c/lib/thumb/v6-m/nofp/libc-musl.a(__push_int.o)
 .debug_line    0x00006a64       0xfe /Applications/microchip/xc32/v4.10/bin/bin/../../lib/gcc/pic32c/8.3.1/../../../../pic32c/lib/thumb/v6-m/nofp/libc-musl.a(memchr.o)
 .debug_line    0x00006b62      0x1fe /Applications/microchip/xc32/v4.10/bin/bin/../../lib/gcc/pic32c/8.3.1/../../../../pic32c/lib/thumb/v6-m/nofp/libc-musl.a(__int_vfscanf.o)
 .debug_line    0x00006d60      0x245 /Applications/microchip/xc32/v4.10/bin/bin/../../lib/gcc/pic32c/8.3.1/../../../../pic32c/lib/thumb/v6-m/nofp/libc-musl.a(__toread.o)
 .debug_line    0x00006fa5       0xda /Applications/microchip/xc32/v4.10/bin/bin/../../lib/gcc/pic32c/8.3.1/../../../../pic32c/lib/thumb/v6-m/nofp/libc-musl.a(__init_stdio.o)
 .debug_line    0x0000707f       0xa9 /Applications/microchip/xc32/v4.10/bin/bin/../../lib/gcc/pic32c/8.3.1/thumb/v6-m/nofp/libgcc.a(_lshrdi3.o)
 .debug_line    0x00007128       0xa9 /Applications/microchip/xc32/v4.10/bin/bin/../../lib/gcc/pic32c/8.3.1/thumb/v6-m/nofp/libgcc.a(_ashldi3.o)
 .debug_line    0x000071d1       0xf4 /Applications/microchip/xc32/v4.10/bin/bin/../../lib/gcc/pic32c/8.3.1/thumb/v6-m/nofp/libgcc.a(_muldi3.o)

.debug_str      0x00000000      0x7de
 .debug_str     0x00000000       0x19 build/default/production/_ext/60163342/plib_adc.o
 .debug_str     0x00000019       0x28 build/default/production/_ext/1984496892/plib_clock.o
 .debug_str     0x00000041        0x0 build/default/production/_ext/60167341/plib_eic.o
 .debug_str     0x00000041        0xa build/default/production/_ext/1865468468/plib_nvic.o
 .debug_str     0x0000004b       0x16 build/default/production/_ext/1593096446/plib_nvmctrl.o
 .debug_str     0x00000061        0xb build/default/production/_ext/1865521619/plib_port.o
 .debug_str     0x0000006c       0x9b build/default/production/_ext/60180175/plib_rtc_clock.o
 .debug_str     0x00000107      0x14a build/default/production/_ext/508257091/plib_sercom3_i2c_master.o
 .debug_str     0x00000251      0x11e build/default/production/_ext/17022449/plib_sercom0_spi_master.o
 .debug_str     0x0000036f       0xa7 build/default/production/_ext/829342655/plib_tc3.o
 .debug_str     0x00000416        0x0 build/default/production/_ext/1171490990/initialization.o
 .debug_str     0x00000416        0x0 build/default/production/_ext/1171490990/interrupts.o
 .debug_str     0x00000416        0x0 build/default/production/_ext/1171490990/exceptions.o
 .debug_str     0x00000416        0x0 build/default/production/_ext/1171490990/startup_xc32.o
 .debug_str     0x00000416        0x9 build/default/production/_ext/1360937237/main.o
 .debug_str     0x0000041f       0x19 build/default/production/_ext/258483974/sht20-sensor-t-h.o
 .debug_str     0x00000438        0x0 ../src/libraries/sam-rtc-utils/sam-rtc-utils.X/dist/default/production/sam-rtc-utils.X.a(sam-rtc-utils.o)
 .debug_str     0x00000438        0x0 /Applications/microchip/xc32/v4.10/bin/bin/../../lib/gcc/pic32c/8.3.1/../../../../pic32c/lib/thumb/v6-m/nofp/libpic32c.a(data_init.o)
 .debug_str     0x00000438        0x0 /Applications/microchip/xc32/v4.10/bin/bin/../../lib/gcc/pic32c/8.3.1/../../../../pic32c/lib/thumb/v6-m/nofp/libc-musl.a(__libc_start_main.o)
 .debug_str     0x00000438        0x0 /Applications/microchip/xc32/v4.10/bin/bin/../../lib/gcc/pic32c/8.3.1/../../../../pic32c/lib/thumb/v6-m/nofp/libc-musl.a(libc.o)
 .debug_str     0x00000438       0x5a /Applications/microchip/xc32/v4.10/bin/bin/../../lib/gcc/pic32c/8.3.1/../../../../pic32c/lib/thumb/v6-m/nofp/libc-musl.a(__sio_sscanf_dosux.o)
 .debug_str     0x00000492       0x22 /Applications/microchip/xc32/v4.10/bin/bin/../../lib/gcc/pic32c/8.3.1/../../../../pic32c/lib/thumb/v6-m/nofp/libc-musl.a(__scan_d.o)
 .debug_str     0x000004b4       0x24 /Applications/microchip/xc32/v4.10/bin/bin/../../lib/gcc/pic32c/8.3.1/../../../../pic32c/lib/thumb/v6-m/nofp/libc-musl.a(__scan_i.o)
 .debug_str     0x000004d8       0x1b /Applications/microchip/xc32/v4.10/bin/bin/../../lib/gcc/pic32c/8.3.1/../../../../pic32c/lib/thumb/v6-m/nofp/libc-musl.a(__scan_o.o)
 .debug_str     0x000004f3       0x12 /Applications/microchip/xc32/v4.10/bin/bin/../../lib/gcc/pic32c/8.3.1/../../../../pic32c/lib/thumb/v6-m/nofp/libc-musl.a(__scan_s.o)
 .debug_str     0x00000505       0x14 /Applications/microchip/xc32/v4.10/bin/bin/../../lib/gcc/pic32c/8.3.1/../../../../pic32c/lib/thumb/v6-m/nofp/libc-musl.a(__scan_u.o)
 .debug_str     0x00000519       0x24 /Applications/microchip/xc32/v4.10/bin/bin/../../lib/gcc/pic32c/8.3.1/../../../../pic32c/lib/thumb/v6-m/nofp/libc-musl.a(__scan_x.o)
 .debug_str     0x0000053d       0x43 /Applications/microchip/xc32/v4.10/bin/bin/../../lib/gcc/pic32c/8.3.1/../../../../pic32c/lib/thumb/v6-m/nofp/libc-musl.a(__scanf_core.o)
 .debug_str     0x00000580        0x0 /Applications/microchip/xc32/v4.10/bin/bin/../../lib/gcc/pic32c/8.3.1/../../../../pic32c/lib/thumb/v6-m/nofp/libc-musl.a(atoi.o)
 .debug_str     0x00000580        0xf /Applications/microchip/xc32/v4.10/bin/bin/../../lib/gcc/pic32c/8.3.1/../../../../pic32c/lib/thumb/v6-m/nofp/libc-musl.a(strtol.o)
 .debug_str     0x0000058f        0x0 /Applications/microchip/xc32/v4.10/bin/bin/../../lib/gcc/pic32c/8.3.1/../../../../pic32c/lib/thumb/v6-m/nofp/libc-musl.a(memcpy.o)
 .debug_str     0x0000058f        0x0 /Applications/microchip/xc32/v4.10/bin/bin/../../lib/gcc/pic32c/8.3.1/../../../../pic32c/lib/thumb/v6-m/nofp/libc-musl.a(memset.o)
 .debug_str     0x0000058f        0x0 /Applications/microchip/xc32/v4.10/bin/bin/../../lib/gcc/pic32c/8.3.1/../../../../pic32c/lib/thumb/v6-m/nofp/libc-musl.a(strcmp.o)
 .debug_str     0x0000058f        0x0 /Applications/microchip/xc32/v4.10/bin/bin/../../lib/gcc/pic32c/8.3.1/../../../../pic32c/lib/thumb/v6-m/nofp/libc-musl.a(isxdigit.o)
 .debug_str     0x0000058f        0x0 /Applications/microchip/xc32/v4.10/bin/bin/../../lib/gcc/pic32c/8.3.1/../../../../pic32c/lib/thumb/v6-m/nofp/libc-musl.a(tolower.o)
 .debug_str     0x0000058f        0x0 /Applications/microchip/xc32/v4.10/bin/bin/../../lib/gcc/pic32c/8.3.1/../../../../pic32c/lib/thumb/v6-m/nofp/libc-musl.a(__environ.o)
 .debug_str     0x0000058f        0x0 /Applications/microchip/xc32/v4.10/bin/bin/../../lib/gcc/pic32c/8.3.1/../../../../pic32c/lib/thumb/v6-m/nofp/libc-musl.a(__errno_location.o)
 .debug_str     0x0000058f        0x9 /Applications/microchip/xc32/v4.10/bin/bin/../../lib/gcc/pic32c/8.3.1/../../../../pic32c/lib/thumb/v6-m/nofp/libc-musl.a(intscan.o)
 .debug_str     0x00000598        0x0 /Applications/microchip/xc32/v4.10/bin/bin/../../lib/gcc/pic32c/8.3.1/../../../../pic32c/lib/thumb/v6-m/nofp/libc-musl.a(shgetc.o)
 .debug_str     0x00000598       0x18 /Applications/microchip/xc32/v4.10/bin/bin/../../lib/gcc/pic32c/8.3.1/../../../../pic32c/lib/thumb/v6-m/nofp/libc-musl.a(__int_vsscanf.o)
 .debug_str     0x000005b0        0x0 /Applications/microchip/xc32/v4.10/bin/bin/../../lib/gcc/pic32c/8.3.1/../../../../pic32c/lib/thumb/v6-m/nofp/libc-musl.a(__string_read.o)
 .debug_str     0x000005b0        0x9 /Applications/microchip/xc32/v4.10/bin/bin/../../lib/gcc/pic32c/8.3.1/../../../../pic32c/lib/thumb/v6-m/nofp/libc-musl.a(__uflow.o)
 .debug_str     0x000005b9       0x20 /Applications/microchip/xc32/v4.10/bin/bin/../../lib/gcc/pic32c/8.3.1/../../../../pic32c/lib/thumb/v6-m/nofp/libc-musl.a(__printf_core.o)
 .debug_str     0x000005d9        0x0 /Applications/microchip/xc32/v4.10/bin/bin/../../lib/gcc/pic32c/8.3.1/../../../../pic32c/lib/thumb/v6-m/nofp/libc-musl.a(__push_float.o)
 .debug_str     0x000005d9        0x0 /Applications/microchip/xc32/v4.10/bin/bin/../../lib/gcc/pic32c/8.3.1/../../../../pic32c/lib/thumb/v6-m/nofp/libc-musl.a(__push_int.o)
 .debug_str     0x000005d9        0x0 /Applications/microchip/xc32/v4.10/bin/bin/../../lib/gcc/pic32c/8.3.1/../../../../pic32c/lib/thumb/v6-m/nofp/libc-musl.a(memchr.o)
 .debug_str     0x000005d9        0xd /Applications/microchip/xc32/v4.10/bin/bin/../../lib/gcc/pic32c/8.3.1/../../../../pic32c/lib/thumb/v6-m/nofp/libc-musl.a(__int_vfscanf.o)
 .debug_str     0x000005e6       0x14 /Applications/microchip/xc32/v4.10/bin/bin/../../lib/gcc/pic32c/8.3.1/../../../../pic32c/lib/thumb/v6-m/nofp/libc-musl.a(__toread.o)
 .debug_str     0x000005fa        0x0 /Applications/microchip/xc32/v4.10/bin/bin/../../lib/gcc/pic32c/8.3.1/../../../../pic32c/lib/thumb/v6-m/nofp/libc-musl.a(__init_stdio.o)
 .debug_str     0x000005fa       0xf2 /Applications/microchip/xc32/v4.10/bin/bin/../../lib/gcc/pic32c/8.3.1/thumb/v6-m/nofp/libgcc.a(_lshrdi3.o)
 .debug_str     0x000006ec       0xf2 /Applications/microchip/xc32/v4.10/bin/bin/../../lib/gcc/pic32c/8.3.1/thumb/v6-m/nofp/libgcc.a(_ashldi3.o)
 .debug_str     0x000007de        0x0 /Applications/microchip/xc32/v4.10/bin/bin/../../lib/gcc/pic32c/8.3.1/thumb/v6-m/nofp/libgcc.a(_muldi3.o)

.debug_frame    0x00000000     0x15dc
 .debug_frame   0x00000000      0x180 build/default/production/_ext/60163342/plib_adc.o
 .debug_frame   0x00000180       0xc0 build/default/production/_ext/1984496892/plib_clock.o
 .debug_frame   0x00000240       0x2c build/default/production/_ext/60167341/plib_eic.o
 .debug_frame   0x0000026c       0xc8 build/default/production/_ext/1865468468/plib_nvic.o
 .debug_frame   0x00000334      0x220 build/default/production/_ext/1593096446/plib_nvmctrl.o
 .debug_frame   0x00000554      0x16c build/default/production/_ext/1865521619/plib_port.o
 .debug_frame   0x000006c0       0xe4 build/default/production/_ext/60180175/plib_rtc_clock.o
 .debug_frame   0x000007a4      0x1c8 build/default/production/_ext/508257091/plib_sercom3_i2c_master.o
 .debug_frame   0x0000096c      0x128 build/default/production/_ext/17022449/plib_sercom0_spi_master.o
 .debug_frame   0x00000a94      0x158 build/default/production/_ext/829342655/plib_tc3.o
 .debug_frame   0x00000bec       0x30 build/default/production/_ext/1171490990/initialization.o
 .debug_frame   0x00000c1c       0x20 build/default/production/_ext/1171490990/interrupts.o
 .debug_frame   0x00000c3c       0x48 build/default/production/_ext/1171490990/exceptions.o
 .debug_frame   0x00000c84       0x38 build/default/production/_ext/1171490990/startup_xc32.o
 .debug_frame   0x00000cbc       0xac build/default/production/_ext/1360937237/main.o
 .debug_frame   0x00000d68       0x70 build/default/production/_ext/258483974/sht20-sensor-t-h.o
 .debug_frame   0x00000dd8       0x34 ../src/libraries/sam-rtc-utils/sam-rtc-utils.X/dist/default/production/sam-rtc-utils.X.a(sam-rtc-utils.o)
 .debug_frame   0x00000e0c       0x34 /Applications/microchip/xc32/v4.10/bin/bin/../../lib/gcc/pic32c/8.3.1/../../../../pic32c/lib/thumb/v6-m/nofp/libpic32c.a(data_init.o)
 .debug_frame   0x00000e40       0x38 /Applications/microchip/xc32/v4.10/bin/bin/../../lib/gcc/pic32c/8.3.1/../../../../pic32c/lib/thumb/v6-m/nofp/libc-musl.a(__libc_start_main.o)
 .debug_frame   0x00000e78       0x44 /Applications/microchip/xc32/v4.10/bin/bin/../../lib/gcc/pic32c/8.3.1/../../../../pic32c/lib/thumb/v6-m/nofp/libc-musl.a(__sio_sscanf_dosux.o)
 .debug_frame   0x00000ebc       0x6c /Applications/microchip/xc32/v4.10/bin/bin/../../lib/gcc/pic32c/8.3.1/../../../../pic32c/lib/thumb/v6-m/nofp/libc-musl.a(__scan_d.o)
 .debug_frame   0x00000f28       0x30 /Applications/microchip/xc32/v4.10/bin/bin/../../lib/gcc/pic32c/8.3.1/../../../../pic32c/lib/thumb/v6-m/nofp/libc-musl.a(__scan_i.o)
 .debug_frame   0x00000f58       0x30 /Applications/microchip/xc32/v4.10/bin/bin/../../lib/gcc/pic32c/8.3.1/../../../../pic32c/lib/thumb/v6-m/nofp/libc-musl.a(__scan_o.o)
 .debug_frame   0x00000f88       0x34 /Applications/microchip/xc32/v4.10/bin/bin/../../lib/gcc/pic32c/8.3.1/../../../../pic32c/lib/thumb/v6-m/nofp/libc-musl.a(__scan_s.o)
 .debug_frame   0x00000fbc       0x30 /Applications/microchip/xc32/v4.10/bin/bin/../../lib/gcc/pic32c/8.3.1/../../../../pic32c/lib/thumb/v6-m/nofp/libc-musl.a(__scan_u.o)
 .debug_frame   0x00000fec       0x30 /Applications/microchip/xc32/v4.10/bin/bin/../../lib/gcc/pic32c/8.3.1/../../../../pic32c/lib/thumb/v6-m/nofp/libc-musl.a(__scan_x.o)
 .debug_frame   0x0000101c       0xa0 /Applications/microchip/xc32/v4.10/bin/bin/../../lib/gcc/pic32c/8.3.1/../../../../pic32c/lib/thumb/v6-m/nofp/libc-musl.a(__scanf_core.o)
 .debug_frame   0x000010bc       0x28 /Applications/microchip/xc32/v4.10/bin/bin/../../lib/gcc/pic32c/8.3.1/../../../../pic32c/lib/thumb/v6-m/nofp/libc-musl.a(atoi.o)
 .debug_frame   0x000010e4       0xe0 /Applications/microchip/xc32/v4.10/bin/bin/../../lib/gcc/pic32c/8.3.1/../../../../pic32c/lib/thumb/v6-m/nofp/libc-musl.a(strtol.o)
 .debug_frame   0x000011c4       0x28 /Applications/microchip/xc32/v4.10/bin/bin/../../lib/gcc/pic32c/8.3.1/../../../../pic32c/lib/thumb/v6-m/nofp/libc-musl.a(memcpy.o)
 .debug_frame   0x000011ec       0x20 /Applications/microchip/xc32/v4.10/bin/bin/../../lib/gcc/pic32c/8.3.1/../../../../pic32c/lib/thumb/v6-m/nofp/libc-musl.a(memset.o)
 .debug_frame   0x0000120c       0x28 /Applications/microchip/xc32/v4.10/bin/bin/../../lib/gcc/pic32c/8.3.1/../../../../pic32c/lib/thumb/v6-m/nofp/libc-musl.a(strcmp.o)
 .debug_frame   0x00001234       0x38 /Applications/microchip/xc32/v4.10/bin/bin/../../lib/gcc/pic32c/8.3.1/../../../../pic32c/lib/thumb/v6-m/nofp/libc-musl.a(isxdigit.o)
 .debug_frame   0x0000126c       0x38 /Applications/microchip/xc32/v4.10/bin/bin/../../lib/gcc/pic32c/8.3.1/../../../../pic32c/lib/thumb/v6-m/nofp/libc-musl.a(tolower.o)
 .debug_frame   0x000012a4       0x30 /Applications/microchip/xc32/v4.10/bin/bin/../../lib/gcc/pic32c/8.3.1/../../../../pic32c/lib/thumb/v6-m/nofp/libc-musl.a(intscan.o)
 .debug_frame   0x000012d4       0x50 /Applications/microchip/xc32/v4.10/bin/bin/../../lib/gcc/pic32c/8.3.1/../../../../pic32c/lib/thumb/v6-m/nofp/libc-musl.a(shgetc.o)
 .debug_frame   0x00001324       0x48 /Applications/microchip/xc32/v4.10/bin/bin/../../lib/gcc/pic32c/8.3.1/../../../../pic32c/lib/thumb/v6-m/nofp/libc-musl.a(__int_vsscanf.o)
 .debug_frame   0x0000136c       0x34 /Applications/microchip/xc32/v4.10/bin/bin/../../lib/gcc/pic32c/8.3.1/../../../../pic32c/lib/thumb/v6-m/nofp/libc-musl.a(__string_read.o)
 .debug_frame   0x000013a0       0x30 /Applications/microchip/xc32/v4.10/bin/bin/../../lib/gcc/pic32c/8.3.1/../../../../pic32c/lib/thumb/v6-m/nofp/libc-musl.a(__uflow.o)
 .debug_frame   0x000013d0       0xc0 /Applications/microchip/xc32/v4.10/bin/bin/../../lib/gcc/pic32c/8.3.1/../../../../pic32c/lib/thumb/v6-m/nofp/libc-musl.a(__printf_core.o)
 .debug_frame   0x00001490       0x28 /Applications/microchip/xc32/v4.10/bin/bin/../../lib/gcc/pic32c/8.3.1/../../../../pic32c/lib/thumb/v6-m/nofp/libc-musl.a(__push_float.o)
 .debug_frame   0x000014b8       0x2c /Applications/microchip/xc32/v4.10/bin/bin/../../lib/gcc/pic32c/8.3.1/../../../../pic32c/lib/thumb/v6-m/nofp/libc-musl.a(__push_int.o)
 .debug_frame   0x000014e4       0x20 /Applications/microchip/xc32/v4.10/bin/bin/../../lib/gcc/pic32c/8.3.1/../../../../pic32c/lib/thumb/v6-m/nofp/libc-musl.a(memchr.o)
 .debug_frame   0x00001504       0x2c /Applications/microchip/xc32/v4.10/bin/bin/../../lib/gcc/pic32c/8.3.1/../../../../pic32c/lib/thumb/v6-m/nofp/libc-musl.a(__int_vfscanf.o)
 .debug_frame   0x00001530       0x40 /Applications/microchip/xc32/v4.10/bin/bin/../../lib/gcc/pic32c/8.3.1/../../../../pic32c/lib/thumb/v6-m/nofp/libc-musl.a(__toread.o)
 .debug_frame   0x00001570       0x38 /Applications/microchip/xc32/v4.10/bin/bin/../../lib/gcc/pic32c/8.3.1/../../../../pic32c/lib/thumb/v6-m/nofp/libc-musl.a(__init_stdio.o)
 .debug_frame   0x000015a8       0x34 /Applications/microchip/xc32/v4.10/bin/bin/../../lib/gcc/pic32c/8.3.1/thumb/v6-m/nofp/libgcc.a(_muldi3.o)

.note.GNU-stack
                0x00000000        0x0
 .note.GNU-stack
                0x00000000        0x0 /Applications/microchip/xc32/v4.10/bin/bin/../../lib/gcc/pic32c/8.3.1/../../../../pic32c/lib/thumb/v6-m/nofp/libc-musl.a(__libc_start_main.o)
 .note.GNU-stack
                0x00000000        0x0 /Applications/microchip/xc32/v4.10/bin/bin/../../lib/gcc/pic32c/8.3.1/../../../../pic32c/lib/thumb/v6-m/nofp/libc-musl.a(libc.o)
 .note.GNU-stack
                0x00000000        0x0 /Applications/microchip/xc32/v4.10/bin/bin/../../lib/gcc/pic32c/8.3.1/../../../../pic32c/lib/thumb/v6-m/nofp/libc-musl.a(__sio_sscanf_dosux.o)
 .note.GNU-stack
                0x00000000        0x0 /Applications/microchip/xc32/v4.10/bin/bin/../../lib/gcc/pic32c/8.3.1/../../../../pic32c/lib/thumb/v6-m/nofp/libc-musl.a(__scan_d.o)
 .note.GNU-stack
                0x00000000        0x0 /Applications/microchip/xc32/v4.10/bin/bin/../../lib/gcc/pic32c/8.3.1/../../../../pic32c/lib/thumb/v6-m/nofp/libc-musl.a(__scan_i.o)
 .note.GNU-stack
                0x00000000        0x0 /Applications/microchip/xc32/v4.10/bin/bin/../../lib/gcc/pic32c/8.3.1/../../../../pic32c/lib/thumb/v6-m/nofp/libc-musl.a(__scan_o.o)
 .note.GNU-stack
                0x00000000        0x0 /Applications/microchip/xc32/v4.10/bin/bin/../../lib/gcc/pic32c/8.3.1/../../../../pic32c/lib/thumb/v6-m/nofp/libc-musl.a(__scan_s.o)
 .note.GNU-stack
                0x00000000        0x0 /Applications/microchip/xc32/v4.10/bin/bin/../../lib/gcc/pic32c/8.3.1/../../../../pic32c/lib/thumb/v6-m/nofp/libc-musl.a(__scan_u.o)
 .note.GNU-stack
                0x00000000        0x0 /Applications/microchip/xc32/v4.10/bin/bin/../../lib/gcc/pic32c/8.3.1/../../../../pic32c/lib/thumb/v6-m/nofp/libc-musl.a(__scan_x.o)
 .note.GNU-stack
                0x00000000        0x0 /Applications/microchip/xc32/v4.10/bin/bin/../../lib/gcc/pic32c/8.3.1/../../../../pic32c/lib/thumb/v6-m/nofp/libc-musl.a(__scanf_core.o)
 .note.GNU-stack
                0x00000000        0x0 /Applications/microchip/xc32/v4.10/bin/bin/../../lib/gcc/pic32c/8.3.1/../../../../pic32c/lib/thumb/v6-m/nofp/libc-musl.a(atoi.o)
 .note.GNU-stack
                0x00000000        0x0 /Applications/microchip/xc32/v4.10/bin/bin/../../lib/gcc/pic32c/8.3.1/../../../../pic32c/lib/thumb/v6-m/nofp/libc-musl.a(strtol.o)
 .note.GNU-stack
                0x00000000        0x0 /Applications/microchip/xc32/v4.10/bin/bin/../../lib/gcc/pic32c/8.3.1/../../../../pic32c/lib/thumb/v6-m/nofp/libc-musl.a(memcpy.o)
 .note.GNU-stack
                0x00000000        0x0 /Applications/microchip/xc32/v4.10/bin/bin/../../lib/gcc/pic32c/8.3.1/../../../../pic32c/lib/thumb/v6-m/nofp/libc-musl.a(memset.o)
 .note.GNU-stack
                0x00000000        0x0 /Applications/microchip/xc32/v4.10/bin/bin/../../lib/gcc/pic32c/8.3.1/../../../../pic32c/lib/thumb/v6-m/nofp/libc-musl.a(strcmp.o)
 .note.GNU-stack
                0x00000000        0x0 /Applications/microchip/xc32/v4.10/bin/bin/../../lib/gcc/pic32c/8.3.1/../../../../pic32c/lib/thumb/v6-m/nofp/libc-musl.a(isxdigit.o)
 .note.GNU-stack
                0x00000000        0x0 /Applications/microchip/xc32/v4.10/bin/bin/../../lib/gcc/pic32c/8.3.1/../../../../pic32c/lib/thumb/v6-m/nofp/libc-musl.a(tolower.o)
 .note.GNU-stack
                0x00000000        0x0 /Applications/microchip/xc32/v4.10/bin/bin/../../lib/gcc/pic32c/8.3.1/../../../../pic32c/lib/thumb/v6-m/nofp/libc-musl.a(__environ.o)
 .note.GNU-stack
                0x00000000        0x0 /Applications/microchip/xc32/v4.10/bin/bin/../../lib/gcc/pic32c/8.3.1/../../../../pic32c/lib/thumb/v6-m/nofp/libc-musl.a(__errno_location.o)
 .note.GNU-stack
                0x00000000        0x0 /Applications/microchip/xc32/v4.10/bin/bin/../../lib/gcc/pic32c/8.3.1/../../../../pic32c/lib/thumb/v6-m/nofp/libc-musl.a(intscan.o)
 .note.GNU-stack
                0x00000000        0x0 /Applications/microchip/xc32/v4.10/bin/bin/../../lib/gcc/pic32c/8.3.1/../../../../pic32c/lib/thumb/v6-m/nofp/libc-musl.a(shgetc.o)
 .note.GNU-stack
                0x00000000        0x0 /Applications/microchip/xc32/v4.10/bin/bin/../../lib/gcc/pic32c/8.3.1/../../../../pic32c/lib/thumb/v6-m/nofp/libc-musl.a(__int_vsscanf.o)
 .note.GNU-stack
                0x00000000        0x0 /Applications/microchip/xc32/v4.10/bin/bin/../../lib/gcc/pic32c/8.3.1/../../../../pic32c/lib/thumb/v6-m/nofp/libc-musl.a(__string_read.o)
 .note.GNU-stack
                0x00000000        0x0 /Applications/microchip/xc32/v4.10/bin/bin/../../lib/gcc/pic32c/8.3.1/../../../../pic32c/lib/thumb/v6-m/nofp/libc-musl.a(__uflow.o)
 .note.GNU-stack
                0x00000000        0x0 /Applications/microchip/xc32/v4.10/bin/bin/../../lib/gcc/pic32c/8.3.1/../../../../pic32c/lib/thumb/v6-m/nofp/libc-musl.a(__printf_core.o)
 .note.GNU-stack
                0x00000000        0x0 /Applications/microchip/xc32/v4.10/bin/bin/../../lib/gcc/pic32c/8.3.1/../../../../pic32c/lib/thumb/v6-m/nofp/libc-musl.a(__push_float.o)
 .note.GNU-stack
                0x00000000        0x0 /Applications/microchip/xc32/v4.10/bin/bin/../../lib/gcc/pic32c/8.3.1/../../../../pic32c/lib/thumb/v6-m/nofp/libc-musl.a(__push_int.o)
 .note.GNU-stack
                0x00000000        0x0 /Applications/microchip/xc32/v4.10/bin/bin/../../lib/gcc/pic32c/8.3.1/../../../../pic32c/lib/thumb/v6-m/nofp/libc-musl.a(memchr.o)
 .note.GNU-stack
                0x00000000        0x0 /Applications/microchip/xc32/v4.10/bin/bin/../../lib/gcc/pic32c/8.3.1/../../../../pic32c/lib/thumb/v6-m/nofp/libc-musl.a(__int_vfscanf.o)
 .note.GNU-stack
                0x00000000        0x0 /Applications/microchip/xc32/v4.10/bin/bin/../../lib/gcc/pic32c/8.3.1/../../../../pic32c/lib/thumb/v6-m/nofp/libc-musl.a(__toread.o)
 .note.GNU-stack
                0x00000000        0x0 /Applications/microchip/xc32/v4.10/bin/bin/../../lib/gcc/pic32c/8.3.1/../../../../pic32c/lib/thumb/v6-m/nofp/libc-musl.a(__init_stdio.o)

__xc_reference_data
                0x00000000       0xb4
 __xc_reference_data
                0x00000000        0xc /Applications/microchip/xc32/v4.10/bin/bin/../../lib/gcc/pic32c/8.3.1/../../../../pic32c/lib/thumb/v6-m/nofp/libc-musl.a(__scan_d.o)
                0x00000000                __scan_d_needs_scan_i
 __xc_reference_data
                0x0000000c        0x8 /Applications/microchip/xc32/v4.10/bin/bin/../../lib/gcc/pic32c/8.3.1/../../../../pic32c/lib/thumb/v6-m/nofp/libc-musl.a(__scanf_core.o)
                0x0000000c                __scanf_needs_rw
 __xc_reference_data
                0x00000014       0x20 /Applications/microchip/xc32/v4.10/bin/bin/../../lib/gcc/pic32c/8.3.1/../../../../pic32c/lib/thumb/v6-m/nofp/libc-musl.a(__io_rw_needed.o)
                0x00000014                __io_rw_needed
 __xc_reference_data
                0x00000034       0x34 /Applications/microchip/xc32/v4.10/bin/bin/../../lib/gcc/pic32c/8.3.1/../../../../pic32c/lib/thumb/v6-m/nofp/libc-musl.a(__io_buf_needed.o)
                0x00000034                __io_buf_needed
 __xc_reference_data
                0x00000068        0xc /Applications/microchip/xc32/v4.10/bin/bin/../../lib/gcc/pic32c/8.3.1/../../../../pic32c/lib/thumb/v6-m/nofp/libc-musl.a(__io_file_needed.o)
                0x00000068                __io_file_needed
 __xc_reference_data
                0x00000074       0x2c /Applications/microchip/xc32/v4.10/bin/bin/../../lib/gcc/pic32c/8.3.1/../../../../pic32c/lib/thumb/v6-m/nofp/libc-musl.a(__io_std_needed.o)
                0x00000074                __io_std_needed
 __xc_reference_data
                0x000000a0       0x14 /Applications/microchip/xc32/v4.10/bin/bin/../../lib/gcc/pic32c/8.3.1/../../../../pic32c/lib/thumb/v6-m/nofp/libc-musl.a(__io_init_needed.o)
                0x000000a0                __io_init_needed
                0x000000ac                __io_init_needs_file

.stack          0x20000310      0x100
 .stack         0x20000310      0x100 stack

.bss%1          0x20000000       0x50
 .bss           0x20000000       0x50 /Applications/microchip/xc32/v4.10/bin/bin/../../lib/gcc/pic32c/8.3.1/../../../../pic32c/lib/thumb/v6-m/nofp/libc-musl.a(libc.o)
                0x20000000                program_invocation_name
                0x20000000                __progname_full
                0x20000004                __progname
                0x20000004                program_invocation_short_name
                0x20000008                __sysinfo
                0x2000000c                __hwcap
                0x20000010                __libc

.bss.sercom3I2CObj%2
                0x20000050       0x2c
 .bss.sercom3I2CObj
                0x20000050       0x2c build/default/production/_ext/508257091/plib_sercom3_i2c_master.o

.bss.sercom0SPIObj%3
                0x2000007c       0x2c
 .bss.sercom0SPIObj
                0x2000007c       0x2c build/default/production/_ext/17022449/plib_sercom0_spi_master.o

.bss%4          0x200000a8       0x1c
 .bss           0x200000a8       0x1c /Applications/microchip/xc32/v4.10/bin/bin/../../lib/gcc/pic32c/8.3.1/thumb/v6-m/nofp/crtbegin.o

.bss.rtcObj%5   0x200000c4        0xc
 .bss.rtcObj    0x200000c4        0xc build/default/production/_ext/60180175/plib_rtc_clock.o

.bss.TC3_CallbackObject%6
                0x200000d0        0x8
 .bss.TC3_CallbackObject
                0x200000d0        0x8 build/default/production/_ext/829342655/plib_tc3.o

.bss.sht20_settings%7
                0x200000d8        0x8
 .bss.sht20_settings
                0x200000d8        0x8 build/default/production/_ext/258483974/sht20-sensor-t-h.o

.bss.T%8        0x200000e0        0x4
 .bss.T         0x200000e0        0x4 build/default/production/_ext/1360937237/main.o

.bss.RH%9       0x200000e4        0x4
 .bss.RH        0x200000e4        0x4 build/default/production/_ext/1360937237/main.o

.bss%10         0x200000e8        0xc
 .bss           0x200000e8        0x4 /Applications/microchip/xc32/v4.10/bin/bin/../../lib/gcc/pic32c/8.3.1/../../../../pic32c/lib/thumb/v6-m/nofp/libpic32c.a(data_init.o)
 .bss           0x200000ec        0x4 /Applications/microchip/xc32/v4.10/bin/bin/../../lib/gcc/pic32c/8.3.1/../../../../pic32c/lib/thumb/v6-m/nofp/libc-musl.a(__environ.o)
                0x200000ec                _environ
                0x200000ec                __environ
                0x200000ec                environ
                0x200000ec                ___environ
 .bss           0x200000f0        0x4 /Applications/microchip/xc32/v4.10/bin/bin/../../lib/gcc/pic32c/8.3.1/../../../../pic32c/lib/thumb/v6-m/nofp/libc-musl.a(__errno_location.o)
                0x200000f0                __errno_val

.bss.isLastByteTransferInProgress.5604%13
                0x200000f4        0x1
 .bss.isLastByteTransferInProgress.5604
                0x200000f4        0x1 build/default/production/_ext/17022449/plib_sercom0_spi_master.o

.bss.isRTCAlarm%14
                0x200000f5        0x1
 .bss.isRTCAlarm
                0x200000f5        0x1 build/default/production/_ext/1360937237/main.o

.bss.isTC3Interrupt%15
                0x200000f6        0x1
 .bss.isTC3Interrupt
                0x200000f6        0x1 build/default/production/_ext/1360937237/main.o

.eh_frame%z1    0x00000000        0x0
 .eh_frame      0x00000000        0x0 /Applications/microchip/xc32/v4.10/bin/bin/../../lib/gcc/pic32c/8.3.1/thumb/v6-m/nofp/crtbegin.o

.config_00804004.__config_00804004%16
                0x00804004        0x4
 .config_00804004.__config_00804004