Archive member included to satisfy reference by file (symbol)

../libraries/microchip-LoRa-semtech/microchip-LoRa-semtech.X/dist/default/debug/microchip-LoRa-semtech.X.a(LoRa.o)
                              build/default/debug/_ext/1360937237/main.o (LoRaInitDriver)
../libraries/sam-rtc-utils/sam-rtc-utils.X/dist/default/debug/sam-rtc-utils.X.a(sam-rtc-utils.o)
                              build/default/debug/_ext/1360937237/main.o (getCurrentTimeTm)
/Applications/microchip/xc32/v4.10/bin/bin/../../lib/gcc/pic32c/8.3.1/../../../../pic32c/lib/thumb/v6-m/nofp/libpic32c.a(data_init.o)
                              build/default/debug/_ext/1171490990/startup_xc32.o (__pic32c_data_initialization)
/Applications/microchip/xc32/v4.10/bin/bin/../../lib/gcc/pic32c/8.3.1/../../../../pic32c/lib/thumb/v6-m/nofp/libm-emfloat.a(floatasmops_arm.o)
                              build/default/debug/_ext/508257091/plib_sercom3_i2c_master.o (__aeabi_fadd)
/Applications/microchip/xc32/v4.10/bin/bin/../../lib/gcc/pic32c/8.3.1/../../../../pic32c/lib/thumb/v6-m/nofp/libg-musl.a(__libc_start_main.o)
                              build/default/debug/_ext/1171490990/startup_xc32.o (__libc_init_array)
/Applications/microchip/xc32/v4.10/bin/bin/../../lib/gcc/pic32c/8.3.1/../../../../pic32c/lib/thumb/v6-m/nofp/libg-musl.a(assert.o)
                              ../libraries/microchip-LoRa-semtech/microchip-LoRa-semtech.X/dist/default/debug/microchip-LoRa-semtech.X.a(LoRa.o) (__assert_fail)
/Applications/microchip/xc32/v4.10/bin/bin/../../lib/gcc/pic32c/8.3.1/../../../../pic32c/lib/thumb/v6-m/nofp/libg-musl.a(abort.o)
                              /Applications/microchip/xc32/v4.10/bin/bin/../../lib/gcc/pic32c/8.3.1/../../../../pic32c/lib/thumb/v6-m/nofp/libg-musl.a(assert.o) (abort)
/Applications/microchip/xc32/v4.10/bin/bin/../../lib/gcc/pic32c/8.3.1/../../../../pic32c/lib/thumb/v6-m/nofp/libg-musl.a(libc.o)
                              /Applications/microchip/xc32/v4.10/bin/bin/../../lib/gcc/pic32c/8.3.1/../../../../pic32c/lib/thumb/v6-m/nofp/libg-musl.a(__libc_start_main.o) (__progname_full)
/Applications/microchip/xc32/v4.10/bin/bin/../../lib/gcc/pic32c/8.3.1/../../../../pic32c/lib/thumb/v6-m/nofp/libg-musl.a(__sio_sprintf_dfosux.o)
                              (_sprintf_cdfFgGnopsuxX)
/Applications/microchip/xc32/v4.10/bin/bin/../../lib/gcc/pic32c/8.3.1/../../../../pic32c/lib/thumb/v6-m/nofp/libg-musl.a(__sio_sscanf_dosux.o)
                              (_sscanf_cdnopsuxX)
/Applications/microchip/xc32/v4.10/bin/bin/../../lib/gcc/pic32c/8.3.1/../../../../pic32c/lib/thumb/v6-m/nofp/libg-musl.a(fprintf.o)
                              /Applications/microchip/xc32/v4.10/bin/bin/../../lib/gcc/pic32c/8.3.1/../../../../pic32c/lib/thumb/v6-m/nofp/libg-musl.a(assert.o) (fprintf)
/Applications/microchip/xc32/v4.10/bin/bin/../../lib/gcc/pic32c/8.3.1/../../../../pic32c/lib/thumb/v6-m/nofp/libg-musl.a(__fmt_d.o)
                              /Applications/microchip/xc32/v4.10/bin/bin/../../lib/gcc/pic32c/8.3.1/../../../../pic32c/lib/thumb/v6-m/nofp/libg-musl.a(__sio_sprintf_dfosux.o) (__fmt_d_needed)
/Applications/microchip/xc32/v4.10/bin/bin/../../lib/gcc/pic32c/8.3.1/../../../../pic32c/lib/thumb/v6-m/nofp/libg-musl.a(__fmt_fp.o)
                              /Applications/microchip/xc32/v4.10/bin/bin/../../lib/gcc/pic32c/8.3.1/../../../../pic32c/lib/thumb/v6-m/nofp/libg-musl.a(__sio_sprintf_dfosux.o) (__fmt_f_needed)
/Applications/microchip/xc32/v4.10/bin/bin/../../lib/gcc/pic32c/8.3.1/../../../../pic32c/lib/thumb/v6-m/nofp/libg-musl.a(__fmt_o.o)
                              /Applications/microchip/xc32/v4.10/bin/bin/../../lib/gcc/pic32c/8.3.1/../../../../pic32c/lib/thumb/v6-m/nofp/libg-musl.a(__sio_sprintf_dfosux.o) (__fmt_o_needed)
/Applications/microchip/xc32/v4.10/bin/bin/../../lib/gcc/pic32c/8.3.1/../../../../pic32c/lib/thumb/v6-m/nofp/libg-musl.a(__fmt_s.o)
                              /Applications/microchip/xc32/v4.10/bin/bin/../../lib/gcc/pic32c/8.3.1/../../../../pic32c/lib/thumb/v6-m/nofp/libg-musl.a(__sio_sprintf_dfosux.o) (__fmt_s_needed)
/Applications/microchip/xc32/v4.10/bin/bin/../../lib/gcc/pic32c/8.3.1/../../../../pic32c/lib/thumb/v6-m/nofp/libg-musl.a(__fmt_u.o)
                              /Applications/microchip/xc32/v4.10/bin/bin/../../lib/gcc/pic32c/8.3.1/../../../../pic32c/lib/thumb/v6-m/nofp/libg-musl.a(__fmt_d.o) (__cvt_u)
/Applications/microchip/xc32/v4.10/bin/bin/../../lib/gcc/pic32c/8.3.1/../../../../pic32c/lib/thumb/v6-m/nofp/libg-musl.a(__fmt_x.o)
                              /Applications/microchip/xc32/v4.10/bin/bin/../../lib/gcc/pic32c/8.3.1/../../../../pic32c/lib/thumb/v6-m/nofp/libg-musl.a(__sio_sprintf_dfosux.o) (__fmt_x_needed)
/Applications/microchip/xc32/v4.10/bin/bin/../../lib/gcc/pic32c/8.3.1/../../../../pic32c/lib/thumb/v6-m/nofp/libg-musl.a(__printf_core.o)
[...]
Memory Configuration

Name             Origin             Length             Attributes
rom              0x00000000         0x00020000         xrl
ram              0x20000000         0x00004000         xw !r
config_00804000  0x00804000         0x00000004
config_00804004  0x00804004         0x00000004
*default*        0x00000000         0xffffffff

Linker script and memory map

LOAD /Applications/microchip/xc32/v4.10/bin/bin/../../lib/gcc/pic32c/8.3.1/thumb/v6-m/nofp/crti.o
LOAD /Applications/microchip/xc32/v4.10/bin/bin/../../lib/gcc/pic32c/8.3.1/thumb/v6-m/nofp/crtbegin.o
LOAD build/default/debug/_ext/60163342/plib_adc.o
LOAD build/default/debug/_ext/1984496892/plib_clock.o
LOAD build/default/debug/_ext/60167341/plib_eic.o
LOAD build/default/debug/_ext/1986646378/plib_evsys.o
LOAD build/default/debug/_ext/1865468468/plib_nvic.o
LOAD build/default/debug/_ext/1593096446/plib_nvmctrl.o
LOAD build/default/debug/_ext/829342769/plib_pm.o
LOAD build/default/debug/_ext/1865521619/plib_port.o
LOAD build/default/debug/_ext/60180175/plib_rtc_clock.o
LOAD build/default/debug/_ext/508257091/plib_sercom3_i2c_master.o
LOAD build/default/debug/_ext/17022449/plib_sercom0_spi_master.o
LOAD build/default/debug/_ext/1827571544/plib_systick.o
LOAD build/default/debug/_ext/829342655/plib_tc3.o
LOAD build/default/debug/_ext/163028504/xc32_monitor.o
LOAD build/default/debug/_ext/1171490990/initialization.o
LOAD build/default/debug/_ext/1171490990/interrupts.o
LOAD build/default/debug/_ext/1171490990/exceptions.o
LOAD build/default/debug/_ext/1171490990/startup_xc32.o
LOAD build/default/debug/_ext/1171490990/libc_syscalls.o
LOAD build/default/debug/_ext/258483974/sht20-sensor-t-h.o
LOAD build/default/debug/_ext/1360937237/main.o
LOAD ../libraries/microchip-LoRa-semtech/microchip-LoRa-semtech.X/dist/default/debug/microchip-LoRa-semtech.X.a
LOAD ../libraries/sam-rtc-utils/sam-rtc-utils.X/dist/default/debug/sam-rtc-utils.X.a
                0x00000001                __MPLAB_BUILD = 0x1
                0x00020000                __rom_end = (ORIGIN (rom) + LENGTH (rom))
                0x20004000                __ram_end = (ORIGIN (ram) + LENGTH (ram))

.config_00804000
 *(.config_00804000)

.config_00804004
 *(.config_00804004)

.vectors        0x00000000       0xb8
                0x00000000                . = ALIGN (0x4)
                0x00000000                _sfixed = .
 *(.vectors .vectors.* .vectors_default .vectors_default.*)
 .vectors.exception_table
                0x00000000       0xb8 build/default/debug/_ext/1171490990/interrupts.o
                0x00000000                exception_table
 *(.isr_vector)
 *(.reset*)
 *(.after_vectors)

.text           0x000000b8       0x20
                0x000000b8                . = ALIGN (0x4)
 *(.glue_7t)
 .glue_7t       0x000000b8        0x0 linker stubs
 *(.glue_7)
 .glue_7        0x000000b8        0x0 linker stubs
 *(.gnu.linkonce.r.*)
 *(.ARM.extab* .gnu.linkonce.armextab.*)
                0x000000b8                . = ALIGN (0x4)
 *(.init)
 .init          0x000000b8        0x4 /Applications/microchip/xc32/v4.10/bin/bin/../../lib/gcc/pic32c/8.3.1/thumb/v6-m/nofp/crti.o
                0x000000b8                _init
 .init          0x000000bc        0x8 /Applications/microchip/xc32/v4.10/bin/bin/../../lib/gcc/pic32c/8.3.1/thumb/v6-m/nofp/crtn.o
                0x000000c4                . = ALIGN (0x4)
                0x000000c4                __preinit_array_start = .
 *(.preinit_array)
                0x000000c4                __preinit_array_end = .
                0x000000c4                . = ALIGN (0x4)
                0x000000c4                __init_array_start = .
 *(SORT_BY_NAME(.init_array.*))
 *(.init_array)
 .init_array    0x000000c4        0x4 /Applications/microchip/xc32/v4.10/bin/bin/../../lib/gcc/pic32c/8.3.1/thumb/v6-m/nofp/crtbegin.o
                0x000000c8                __init_array_end = .
                0x000000c8                . = ALIGN (0x4)
 *crtbegin.o(.ctors)
 *(EXCLUDE_FILE(*crtend.o) .ctors)
 *(SORT_BY_NAME(.ctors.*))
 *crtend.o(.ctors)
                0x000000c8                . = ALIGN (0x4)
 *(.fini)
 .fini          0x000000c8        0x4 /Applications/microchip/xc32/v4.10/bin/bin/../../lib/gcc/pic32c/8.3.1/thumb/v6-m/nofp/crti.o
                0x000000c8                _fini
 .fini          0x000000cc        0x8 /Applications/microchip/xc32/v4.10/bin/bin/../../lib/gcc/pic32c/8.3.1/thumb/v6-m/nofp/crtn.o
                0x000000d4                . = ALIGN (0x4)
                0x000000d4                __fini_array_start = .
 *(.fini_array)
 .fini_array    0x000000d4        0x4 /Applications/microchip/xc32/v4.10/bin/bin/../../lib/gcc/pic32c/8.3.1/thumb/v6-m/nofp/crtbegin.o
 *(SORT_BY_NAME(.fini_array.*))
                0x000000d8                __fini_array_end = .
 *crtbegin.o(.dtors)
 *(EXCLUDE_FILE(*crtend.o) .dtors)
 *(SORT_BY_NAME(.dtors.*))
 *crtend.o(.dtors)
                0x000000d8                . = ALIGN (0x4)
                0x000000d8                _efixed = .
                [!provide]                PROVIDE (__exidx_start = .)

.ARM.exidx      0x000000d8        0x8
 *(.ARM.exidx* .gnu.linkonce.armexidx.*)
 .ARM.exidx     0x000000d8        0x8 /Applications/microchip/xc32/v4.10/bin/bin/../../lib/gcc/pic32c/8.3.1/thumb/v6-m/nofp/libgcc.a(_udivmoddi4.o)
                [!provide]                PROVIDE (__exidx_end = .)
                0x000000e0                . = ALIGN (0x4)
                0x000000e0                _etext = .

.bss            0x20000000        0x0
                0x20000000                . = ALIGN (0x4)
                0x20000000                __bss_start__ = .
                0x20000000                _sbss = .
                0x20000000                _szero = .
 *(COMMON)
                0x20000000                . = ALIGN (0x4)
                0x20000000                __bss_end__ = .
                0x20000000                _ebss = .
                0x20000000                _ezero = .
                0x20000000                . = ALIGN (0x4)
                0x20000000                _end = .
                0x20003fff                _ram_end_ = ((ORIGIN (ram) + LENGTH (ram)) - 0x1)
                0x00000001                __ICD2RAM = 0x1
                0x00000001                __MPLAB_DEBUG = 0x1
                0x00000001                __DEBUG = 0x1
                0x00000200                _min_heap_size = 0x200
START GROUP
LOAD /Applications/microchip/xc32/v4.10/bin/bin/../../lib/gcc/pic32c/8.3.1/../../../../pic32c/lib/thumb/v6-m/nofp/libpic32c.a
LOAD /Applications/microchip/xc32/v4.10/bin/bin/../../lib/gcc/pic32c/8.3.1/../../../../pic32c/lib/thumb/v6-m/nofp/libm-emfloat.a
LOAD /Applications/microchip/xc32/v4.10/bin/bin/../../lib/gcc/pic32c/8.3.1/../../../../pic32c/lib/thumb/v6-m/nofp/libg-musl.a
LOAD /Applications/microchip/xc32/v4.10/bin/bin/../../lib/gcc/pic32c/8.3.1/../../../../pic32c/lib/thumb/v6-m/nofp/libc-musl.a
LOAD /Applications/microchip/xc32/v4.10/bin/bin/../../lib/gcc/pic32c/8.3.1/../../../../pic32c/lib/thumb/v6-m/nofp/libm-emfloat.a
LOAD /Applications/microchip/xc32/v4.10/bin/bin/../../lib/gcc/pic32c/8.3.1/thumb/v6-m/nofp/libgcc.a
END GROUP
LOAD /Applications/microchip/xc32/v4.10/bin/bin/../../lib/gcc/pic32c/8.3.1/thumb/v6-m/nofp/crtend.o
LOAD /Applications/microchip/xc32/v4.10/bin/bin/../../lib/gcc/pic32c/8.3.1/thumb/v6-m/nofp/crtn.o
OUTPUT(dist/default/debug/lora-soil-moisture-sensor-liion.X.debug.elf elf32-littlearm)
LOAD stack
LOAD data_init

.ARM.attributes
                0x00000000       0x2a
 .ARM.attributes
                0x00000000       0x1e /Applications/microchip/xc32/v4.10/bin/bin/../../lib/gcc/pic32c/8.3.1/thumb/v6-m/nofp/crti.o
 .ARM.attributes
                0x0000001e       0x2c /Applications/microchip/xc32/v4.10/bin/bin/../../lib/gcc/pic32c/8.3.1/thumb/v6-m/nofp/crtbegin.o
 .ARM.attributes
                0x0000004a       0x2c build/default/debug/_ext/60163342/plib_adc.o
 .ARM.attributes
                0x00000076       0x2c build/default/debug/_ext/1984496892/plib_clock.o
 .ARM.attributes
                0x000000a2       0x2c build/default/debug/_ext/60167341/plib_eic.o
 .ARM.attributes
                0x000000ce       0x2c build/default/debug/_ext/1865468468/plib_nvic.o
 .ARM.attributes
                0x000000fa       0x2c build/default/debug/_ext/1593096446/plib_nvmctrl.o
 .ARM.attributes
                0x00000126       0x2c build/default/debug/_ext/1865521619/plib_port.o
 .ARM.attributes
                0x00000152       0x2c build/default/debug/_ext/60180175/plib_rtc_clock.o
 .ARM.attributes
                0x0000017e       0x2c build/default/debug/_ext/508257091/plib_sercom3_i2c_master.o
 .ARM.attributes
                0x000001aa       0x2c build/default/debug/_ext/17022449/plib_sercom0_spi_master.o
 .ARM.attributes
                0x000001d6       0x2c build/default/debug/_ext/1827571544/plib_systick.o
 .ARM.attributes
                0x00000202       0x2c build/default/debug/_ext/829342655/plib_tc3.o
 .ARM.attributes
                0x0000022e       0x2c build/default/debug/_ext/163028504/xc32_monitor.o
 .ARM.attributes
                0x0000025a       0x2c build/default/debug/_ext/1171490990/initialization.o
 .ARM.attributes
                0x00000286       0x2c build/default/debug/_ext/1171490990/interrupts.o
 .ARM.attributes
                0x000002b2       0x2c build/default/debug/_ext/1171490990/exceptions.o
 .ARM.attributes
                0x000002de       0x2c build/default/debug/_ext/1171490990/startup_xc32.o
 .ARM.attributes
                0x0000030a       0x2c build/default/debug/_ext/1171490990/libc_syscalls.o
 .ARM.attributes
                0x00000336       0x2c build/default/debug/_ext/258483974/sht20-sensor-t-h.o
 .ARM.attributes
                0x00000362       0x2c build/default/debug/_ext/1360937237/main.o
 .ARM.attributes
                0x0000038e       0x2c ../libraries/microchip-LoRa-semtech/microchip-LoRa-semtech.X/dist/default/debug/microchip-LoRa-semtech.X.a(LoRa.o)
 .ARM.attributes
                0x000003ba       0x2c ../libraries/sam-rtc-utils/sam-rtc-utils.X/dist/default/debug/sam-rtc-utils.X.a(sam-rtc-utils.o)
 .ARM.attributes
                0x000003e6       0x2c /Applications/microchip/xc32/v4.10/bin/bin/../../lib/gcc/pic32c/8.3.1/../../../../pic32c/lib/thumb/v6-m/nofp/libpic32c.a(data_init.o)
 .ARM.attributes
                0x00000412       0x1c /Applications/microchip/xc32/v4.10/bin/bin/../../lib/gcc/pic32c/8.3.1/../../../../pic32c/lib/thumb/v6-m/nofp/libm-emfloat.a(floatasmops_arm.o)
 .ARM.attributes
                0x0000042e       0x2e /Applications/microchip/xc32/v4.10/bin/bin/../../lib/gcc/pic32c/8.3.1/../../../../pic32c/lib/thumb/v6-m/nofp/libg-musl.a(__libc_start_main.o)
 .ARM.attributes
                0x0000045c       0x2e /Applications/microchip/xc32/v4.10/bin/bin/../../lib/gcc/pic32c/8.3.1/../../../../pic32c/lib/thumb/v6-m/nofp/libg-musl.a(assert.o)
 .ARM.attributes
                0x0000048a       0x2e /Applications/microchip/xc32/v4.10/bin/bin/../../lib/gcc/pic32c/8.3.1/../../../../pic32c/lib/thumb/v6-m/nofp/libg-musl.a(abort.o)
 .ARM.attributes
                0x000004b8       0x2e /Applications/microchip/xc32/v4.10/bin/bin/../../lib/gcc/pic32c/8.3.1/../../../../pic32c/lib/thumb/v6-m/nofp/libg-musl.a(libc.o)
 .ARM.attributes
                0x000004e6       0x2e /Applications/microchip/xc32/v4.10/bin/bin/../../lib/gcc/pic32c/8.3.1/../../../../pic32c/lib/thumb/v6-m/nofp/libg-musl.a(__sio_sscanf_dosux.o)
 .ARM.attributes
                0x00000514       0x2e /Applications/microchip/xc32/v4.10/bin/bin/../../lib/gcc/pic32c/8.3.1/../../../../pic32c/lib/thumb/v6-m/nofp/libg-musl.a(fprintf.o)
 .ARM.attributes
                0x00000542       0x2e /Applications/microchip/xc32/v4.10/bin/bin/../../lib/gcc/pic32c/8.3.1/../../../../pic32c/lib/thumb/v6-m/nofp/libg-musl.a(__fmt_d.o)
 .ARM.attributes
                0x00000570       0x2e /Applications/microchip/xc32/v4.10/bin/bin/../../lib/gcc/pic32c/8.3.1/../../../../pic32c/lib/thumb/v6-m/nofp/libg-musl.a(__fmt_fp.o)
 .ARM.attributes
                0x0000059e       0x2e /Applications/microchip/xc32/v4.10/bin/bin/../../lib/gcc/pic32c/8.3.1/../../../../pic32c/lib/thumb/v6-m/nofp/libg-musl.a(__fmt_o.o)
 .ARM.attributes
                0x000005cc       0x2e /Applications/microchip/xc32/v4.10/bin/bin/../../lib/gcc/pic32c/8.3.1/../../../../pic32c/lib/thumb/v6-m/nofp/libg-musl.a(__fmt_s.o)
 .ARM.attributes
                0x000005fa       0x2e /Applications/microchip/xc32/v4.10/bin/bin/../../lib/gcc/pic32c/8.3.1/../../../../pic32c/lib/thumb/v6-m/nofp/libg-musl.a(__fmt_u.o)
 .ARM.attributes
                0x00000628       0x2e /Applications/microchip/xc32/v4.10/bin/bin/../../lib/gcc/pic32c/8.3.1/../../../../pic32c/lib/thumb/v6-m/nofp/libg-musl.a(__fmt_x.o)
 .ARM.attributes
                0x00000656       0x2e /Applications/microchip/xc32/v4.10/bin/bin/../../lib/gcc/pic32c/8.3.1/../../../../pic32c/lib/thumb/v6-m/nofp/libg-musl.a(__printf_core.o)
 .ARM.attributes
                0x00000684       0x2e /Applications/microchip/xc32/v4.10/bin/bin/../../lib/gcc/pic32c/8.3.1/../../../../pic32c/lib/thumb/v6-m/nofp/libg-musl.a(__scan_d.o)
 .ARM.attributes
                0x000006b2       0x2e /Applications/microchip/xc32/v4.10/bin/bin/../../lib/gcc/pic32c/8.3.1/../../../../pic32c/lib/thumb/v6-m/nofp/libg-musl.a(__scan_i.o)
 .ARM.attributes
                0x000006e0       0x2e /Applications/microchip/xc32/v4.10/bin/bin/../../lib/gcc/pic32c/8.3.1/../../../../pic32c/lib/thumb/v6-m/nofp/libg-musl.a(__scan_o.o)
 .ARM.attributes
                0x0000070e       0x2e /Applications/microchip/xc32/v4.10/bin/bin/../../lib/gcc/pic32c/8.3.1/../../../../pic32c/lib/thumb/v6-m/nofp/libg-musl.a(__scan_s.o)
 .ARM.attributes
                0x0000073c       0x2e /Applications/microchip/xc32/v4.10/bin/bin/../../lib/gcc/pic32c/8.3.1/../../../../pic32c/lib/thumb/v6-m/nofp/libg-musl.a(__scan_u.o)
 .ARM.attributes
                0x0000076a       0x2e /Applications/microchip/xc32/v4.10/bin/bin/../../lib/gcc/pic32c/8.3.1/../../../../pic32c/lib/thumb/v6-m/nofp/libg-musl.a(__scan_x.o)
 .ARM.attributes
                0x00000798       0x2e /Applications/microchip/xc32/v4.10/bin/bin/../../lib/gcc/pic32c/8.3.1/../../../../pic32c/lib/thumb/v6-m/nofp/libg-musl.a(__scanf_core.o)
 .ARM.attributes
                0x000007c6       0x2e /Applications/microchip/xc32/v4.10/bin/bin/../../lib/gcc/pic32c/8.3.1/../../../../pic32c/lib/thumb/v6-m/nofp/libg-musl.a(fflush.o)
 .ARM.attributes
                0x000007f4       0x2e /Applications/microchip/xc32/v4.10/bin/bin/../../lib/gcc/pic32c/8.3.1/../../../../pic32c/lib/thumb/v6-m/nofp/libg-musl.a(stderr.o)
 .ARM.attributes
                0x00000822       0x2e /Applications/microchip/xc32/v4.10/bin/bin/../../lib/gcc/pic32c/8.3.1/../../../../pic32c/lib/thumb/v6-m/nofp/libg-musl.a(vfprintf.o)
 .ARM.attributes
                0x00000850       0x2e /Applications/microchip/xc32/v4.10/bin/bin/../../lib/gcc/pic32c/8.3.1/../../../../pic32c/lib/thumb/v6-m/nofp/libg-musl.a(atoi.o)
 .ARM.attributes
                0x0000087e       0x2e /Applications/microchip/xc32/v4.10/bin/bin/../../lib/gcc/pic32c/8.3.1/../../../../pic32c/lib/thumb/v6-m/nofp/libg-musl.a(strtol.o)
 .ARM.attributes
                0x000008ac       0x2e /Applications/microchip/xc32/v4.10/bin/bin/../../lib/gcc/pic32c/8.3.1/../../../../pic32c/lib/thumb/v6-m/nofp/libg-musl.a(memcpy.o)
 .ARM.attributes
                0x000008da       0x2e /Applications/microchip/xc32/v4.10/bin/bin/../../lib/gcc/pic32c/8.3.1/../../../../pic32c/lib/thumb/v6-m/nofp/libg-musl.a(memset.o)
 .ARM.attributes
                0x00000908       0x2e /Applications/microchip/xc32/v4.10/bin/bin/../../lib/gcc/pic32c/8.3.1/../../../../pic32c/lib/thumb/v6-m/nofp/libg-musl.a(strlen.o)
 .ARM.attributes
                0x00000936       0x2e /Applications/microchip/xc32/v4.10/bin/bin/../../lib/gcc/pic32c/8.3.1/../../../../pic32c/lib/thumb/v6-m/nofp/libg-musl.a(strcmp.o)
 .ARM.attributes
                0x00000964       0x2e /Applications/microchip/xc32/v4.10/bin/bin/../../lib/gcc/pic32c/8.3.1/../../../../pic32c/lib/thumb/v6-m/nofp/libg-musl.a(strcpy.o)
 .ARM.attributes
                0x00000992       0x2e /Applications/microchip/xc32/v4.10/bin/bin/../../lib/gcc/pic32c/8.3.1/../../../../pic32c/lib/thumb/v6-m/nofp/libg-musl.a(strncat.o)
 .ARM.attributes
                0x000009c0       0x2e /Applications/microchip/xc32/v4.10/bin/bin/../../lib/gcc/pic32c/8.3.1/../../../../pic32c/lib/thumb/v6-m/nofp/libg-musl.a(asctime.o)
 .ARM.attributes
                0x000009ee       0x2e /Applications/microchip/xc32/v4.10/bin/bin/../../lib/gcc/pic32c/8.3.1/../../../../pic32c/lib/thumb/v6-m/nofp/libg-musl.a(isxdigit.o)
 .ARM.attributes
                0x00000a1c       0x2e /Applications/microchip/xc32/v4.10/bin/bin/../../lib/gcc/pic32c/8.3.1/../../../../pic32c/lib/thumb/v6-m/nofp/libg-musl.a(tolower.o)
 .ARM.attributes
                0x00000a4a       0x2e /Applications/microchip/xc32/v4.10/bin/bin/../../lib/gcc/pic32c/8.3.1/../../../../pic32c/lib/thumb/v6-m/nofp/libg-musl.a(toupper.o)
 .ARM.attributes
                0x00000a78       0x2e /Applications/microchip/xc32/v4.10/bin/bin/../../lib/gcc/pic32c/8.3.1/../../../../pic32c/lib/thumb/v6-m/nofp/libg-musl.a(__environ.o)
 .ARM.attributes
                0x00000aa6       0x2e /Applications/microchip/xc32/v4.10/bin/bin/../../lib/gcc/pic32c/8.3.1/../../../../pic32c/lib/thumb/v6-m/nofp/libg-musl.a(__errno_location.o)
 .ARM.attributes
                0x00000ad4       0x2e /Applications/microchip/xc32/v4.10/bin/bin/../../lib/gcc/pic32c/8.3.1/../../../../pic32c/lib/thumb/v6-m/nofp/libg-musl.a(_Exit.o)
 .ARM.attributes
                0x00000b02       0x2e /Applications/microchip/xc32/v4.10/bin/bin/../../lib/gcc/pic32c/8.3.1/../../../../pic32c/lib/thumb/v6-m/nofp/libg-musl.a(intscan.o)
 .ARM.attributes
                0x00000b30       0x2e /Applications/microchip/xc32/v4.10/bin/bin/../../lib/gcc/pic32c/8.3.1/../../../../pic32c/lib/thumb/v6-m/nofp/libg-musl.a(shgetc.o)
 .ARM.attributes
                0x00000b5e       0x2e /Applications/microchip/xc32/v4.10/bin/bin/../../lib/gcc/pic32c/8.3.1/../../../../pic32c/lib/thumb/v6-m/nofp/libg-musl.a(__int_vsscanf.o)
 .ARM.attributes
                0x00000b8c       0x2e /Applications/microchip/xc32/v4.10/bin/bin/../../lib/gcc/pic32c/8.3.1/../../../../pic32c/lib/thumb/v6-m/nofp/libg-musl.a(__string_read.o)
 .ARM.attributes
                0x00000bba       0x2e /Applications/microchip/xc32/v4.10/bin/bin/../../lib/gcc/pic32c/8.3.1/../../../../pic32c/lib/thumb/v6-m/nofp/libg-musl.a(__uflow.o)
 .ARM.attributes
                0x00000be8       0x2e /Applications/microchip/xc32/v4.10/bin/bin/../../lib/gcc/pic32c/8.3.1/../../../../pic32c/lib/thumb/v6-m/nofp/libg-musl.a(__pop_float.o)
 .ARM.attributes
                0x00000c16       0x2e /Applications/microchip/xc32/v4.10/bin/bin/../../lib/gcc/pic32c/8.3.1/../../../../pic32c/lib/thumb/v6-m/nofp/libg-musl.a(__pop_int.o)
 .ARM.attributes
                0x00000c44       0x2e /Applications/microchip/xc32/v4.10/bin/bin/../../lib/gcc/pic32c/8.3.1/../../../../pic32c/lib/thumb/v6-m/nofp/libg-musl.a(__pop_ptr.o)
 .ARM.attributes
                0x00000c72       0x2e /Applications/microchip/xc32/v4.10/bin/bin/../../lib/gcc/pic32c/8.3.1/../../../../pic32c/lib/thumb/v6-m/nofp/libg-musl.a(__push_float.o)
 .ARM.attributes
                0x00000ca0       0x2e /Applications/microchip/xc32/v4.10/bin/bin/../../lib/gcc/pic32c/8.3.1/../../../../pic32c/lib/thumb/v6-m/nofp/libg-musl.a(__push_int.o)
 .ARM.attributes
                0x00000cce       0x2e /Applications/microchip/xc32/v4.10/bin/bin/../../lib/gcc/pic32c/8.3.1/../../../../pic32c/lib/thumb/v6-m/nofp/libg-musl.a(memchr.o)
 .ARM.attributes
                0x00000cfc       0x2e /Applications/microchip/xc32/v4.10/bin/bin/../../lib/gcc/pic32c/8.3.1/../../../../pic32c/lib/thumb/v6-m/nofp/libg-musl.a(stpcpy.o)
 .ARM.attributes
                0x00000d2a       0x2e /Applications/microchip/xc32/v4.10/bin/bin/../../lib/gcc/pic32c/8.3.1/../../../../pic32c/lib/thumb/v6-m/nofp/libg-musl.a(__asctime.o)
 .ARM.attributes
                0x00000d58       0x2e /Applications/microchip/xc32/v4.10/bin/bin/../../lib/gcc/pic32c/8.3.1/../../../../pic32c/lib/thumb/v6-m/nofp/libg-musl.a(langinfo.o)
 .ARM.attributes
                0x00000d86       0x2e /Applications/microchip/xc32/v4.10/bin/bin/../../lib/gcc/pic32c/8.3.1/../../../../pic32c/lib/thumb/v6-m/nofp/libg-musl.a(c_locale.o)
 .ARM.attributes
                0x00000db4       0x2e /Applications/microchip/xc32/v4.10/bin/bin/../../lib/gcc/pic32c/8.3.1/../../../../pic32c/lib/thumb/v6-m/nofp/libg-musl.a(__int_vfscanf.o)
 .ARM.attributes
                0x00000de2       0x2e /Applications/microchip/xc32/v4.10/bin/bin/../../lib/gcc/pic32c/8.3.1/../../../../pic32c/lib/thumb/v6-m/nofp/libg-musl.a(__toread.o)
 .ARM.attributes
                0x00000e10       0x2e /Applications/microchip/xc32/v4.10/bin/bin/../../lib/gcc/pic32c/8.3.1/../../../../pic32c/lib/thumb/v6-m/nofp/libg-musl.a(__fmt_a.o)
 .ARM.attributes
                0x00000e3e       0x2e /Applications/microchip/xc32/v4.10/bin/bin/../../lib/gcc/pic32c/8.3.1/../../../../pic32c/lib/thumb/v6-m/nofp/libg-musl.a(__init_stdio.o)
 .ARM.attributes
                0x00000e6c       0x2e /Applications/microchip/xc32/v4.10/bin/bin/../../lib/gcc/pic32c/8.3.1/../../../../pic32c/lib/thumb/v6-m/nofp/libg-musl.a(__out.o)
 .ARM.attributes
                0x00000e9a       0x2e /Applications/microchip/xc32/v4.10/bin/bin/../../lib/gcc/pic32c/8.3.1/../../../../pic32c/lib/thumb/v6-m/nofp/libg-musl.a(__stderr.o)
 .ARM.attributes
                0x00000ec8       0x2e /Applications/microchip/xc32/v4.10/bin/bin/../../lib/gcc/pic32c/8.3.1/../../../../pic32c/lib/thumb/v6-m/nofp/libg-musl.a(__stdio_close.o)
 .ARM.attributes
                0x00000ef6       0x2e /Applications/microchip/xc32/v4.10/bin/bin/../../lib/gcc/pic32c/8.3.1/../../../../pic32c/lib/thumb/v6-m/nofp/libg-musl.a(__stdio_seek.o)
 .ARM.attributes
                0x00000f24       0x2e /Applications/microchip/xc32/v4.10/bin/bin/../../lib/gcc/pic32c/8.3.1/../../../../pic32c/lib/thumb/v6-m/nofp/libg-musl.a(snprintf.o)
 .ARM.attributes
                0x00000f52       0x2e /Applications/microchip/xc32/v4.10/bin/bin/../../lib/gcc/pic32c/8.3.1/../../../../pic32c/lib/thumb/v6-m/nofp/libg-musl.a(__fclose.o)
 .ARM.attributes
                0x00000f80       0x2e /Applications/microchip/xc32/v4.10/bin/bin/../../lib/gcc/pic32c/8.3.1/../../../../pic32c/lib/thumb/v6-m/nofp/libg-musl.a(__fwrite.o)
 .ARM.attributes
                0x00000fae       0x2e /Applications/microchip/xc32/v4.10/bin/bin/../../lib/gcc/pic32c/8.3.1/../../../../pic32c/lib/thumb/v6-m/nofp/libg-musl.a(vsnprintf.o)
 .ARM.attributes
                0x00000fdc       0x2e /Applications/microchip/xc32/v4.10/bin/bin/../../lib/gcc/pic32c/8.3.1/../../../../pic32c/lib/thumb/v6-m/nofp/libc-musl.a(sprintf.o)
 .ARM.attributes
                0x0000100a       0x2e /Applications/microchip/xc32/v4.10/bin/bin/../../lib/gcc/pic32c/8.3.1/../../../../pic32c/lib/thumb/v6-m/nofp/libc-musl.a(vsprintf.o)
 .ARM.attributes
                0x00001038       0x2c /Applications/microchip/xc32/v4.10/bin/bin/../../lib/gcc/pic32c/8.3.1/../../../../pic32c/lib/thumb/v6-m/nofp/libm-emfloat.a(lib_a-_FLOOR.o)
 .ARM.attributes
                0x00001064       0x2c /Applications/microchip/xc32/v4.10/bin/bin/../../lib/gcc/pic32c/8.3.1/../../../../pic32c/lib/thumb/v6-m/nofp/libm-emfloat.a(lib_a-_FMA.o)
 .ARM.attributes
                0x00001090       0x1e /Applications/microchip/xc32/v4.10/bin/bin/../../lib/gcc/pic32c/8.3.1/thumb/v6-m/nofp/libgcc.a(_udivsi3.o)
 .ARM.attributes
                0x000010ae       0x1e /Applications/microchip/xc32/v4.10/bin/bin/../../lib/gcc/pic32c/8.3.1/thumb/v6-m/nofp/libgcc.a(_divsi3.o)
 .ARM.attributes
                0x000010cc       0x1e /Applications/microchip/xc32/v4.10/bin/bin/../../lib/gcc/pic32c/8.3.1/thumb/v6-m/nofp/libgcc.a(_dvmd_tls.o)
 .ARM.attributes
                0x000010ea       0x1e /Applications/microchip/xc32/v4.10/bin/bin/../../lib/gcc/pic32c/8.3.1/thumb/v6-m/nofp/libgcc.a(_lshrdi3.o)
 .ARM.attributes
                0x00001108       0x1e /Applications/microchip/xc32/v4.10/bin/bin/../../lib/gcc/pic32c/8.3.1/thumb/v6-m/nofp/libgcc.a(_ashldi3.o)
 .ARM.attributes
                0x00001126       0x1e /Applications/microchip/xc32/v4.10/bin/bin/../../lib/gcc/pic32c/8.3.1/thumb/v6-m/nofp/libgcc.a(_aeabi_uldivmod.o)
 .ARM.attributes
                0x00001144       0x2c /Applications/microchip/xc32/v4.10/bin/bin/../../lib/gcc/pic32c/8.3.1/thumb/v6-m/nofp/libgcc.a(_muldi3.o)
 .ARM.attributes
                0x00001170       0x2c /Applications/microchip/xc32/v4.10/bin/bin/../../lib/gcc/pic32c/8.3.1/thumb/v6-m/nofp/libgcc.a(_udivmoddi4.o)
 .ARM.attributes
                0x0000119c       0x1e /Applications/microchip/xc32/v4.10/bin/bin/../../lib/gcc/pic32c/8.3.1/thumb/v6-m/nofp/libgcc.a(_clzdi2.o)
 .ARM.attributes
                0x000011ba       0x1e /Applications/microchip/xc32/v4.10/bin/bin/../../lib/gcc/pic32c/8.3.1/thumb/v6-m/nofp/libgcc.a(_clzsi2.o)
 .ARM.attributes
                0x000011d8       0x2c /Applications/microchip/xc32/v4.10/bin/bin/../../lib/gcc/pic32c/8.3.1/../../../../pic32c/lib/thumb/v6-m/nofp/libpic32c.a(close.o)
 .ARM.attributes
                0x00001204       0x2c /Applications/microchip/xc32/v4.10/bin/bin/../../lib/gcc/pic32c/8.3.1/../../../../pic32c/lib/thumb/v6-m/nofp/libpic32c.a(lseek.o)
 .ARM.attributes
                0x00001230       0x1e /Applications/microchip/xc32/v4.10/bin/bin/../../lib/gcc/pic32c/8.3.1/thumb/v6-m/nofp/crtn.o

.comment        0x00000000       0x2b
 .comment       0x00000000       0x2b /Applications/microchip/xc32/v4.10/bin/bin/../../lib/gcc/pic32c/8.3.1/thumb/v6-m/nofp/crtbegin.o
                                 0x2c (size before relaxing)
 .comment       0x0000002b       0x2c build/default/debug/_ext/60163342/plib_adc.o
 .comment       0x0000002b       0x2c build/default/debug/_ext/1984496892/plib_clock.o
 .comment       0x0000002b       0x2c build/default/debug/_ext/60167341/plib_eic.o
 .comment       0x0000002b       0x2c build/default/debug/_ext/1865468468/plib_nvic.o
 .comment       0x0000002b       0x2c build/default/debug/_ext/1593096446/plib_nvmctrl.o
 .comment       0x0000002b       0x2c build/default/debug/_ext/1865521619/plib_port.o
 .comment       0x0000002b       0x2c build/default/debug/_ext/60180175/plib_rtc_clock.o
 .comment       0x0000002b       0x2c build/default/debug/_ext/508257091/plib_sercom3_i2c_master.o
 .comment       0x0000002b       0x2c build/default/debug/_ext/17022449/plib_sercom0_spi_master.o
 .comment       0x0000002b       0x2c build/default/debug/_ext/1827571544/plib_systick.o
 .comment       0x0000002b       0x2c build/default/debug/_ext/829342655/plib_tc3.o
 .comment       0x0000002b       0x2c build/default/debug/_ext/163028504/xc32_monitor.o
 .comment       0x0000002b       0x2c build/default/debug/_ext/1171490990/initialization.o
 .comment       0x0000002b       0x2c build/default/debug/_ext/1171490990/interrupts.o
 .comment       0x0000002b       0x2c build/default/debug/_ext/1171490990/exceptions.o
 .comment       0x0000002b       0x2c build/default/debug/_ext/1171490990/startup_xc32.o
 .comment       0x0000002b       0x2c build/default/debug/_ext/1171490990/libc_syscalls.o
 .comment       0x0000002b       0x2c build/default/debug/_ext/258483974/sht20-sensor-t-h.o
 .comment       0x0000002b       0x2c build/default/debug/_ext/1360937237/main.o
 .comment       0x0000002b       0x2c ../libraries/microchip-LoRa-semtech/microchip-LoRa-semtech.X/dist/default/debug/microchip-LoRa-semtech.X.a(LoRa.o)
 .comment       0x0000002b       0x2c ../libraries/sam-rtc-utils/sam-rtc-utils.X/dist/default/debug/sam-rtc-utils.X.a(sam-rtc-utils.o)
 .comment       0x0000002b       0x2c /Applications/microchip/xc32/v4.10/bin/bin/../../lib/gcc/pic32c/8.3.1/../../../../pic32c/lib/thumb/v6-m/nofp/libpic32c.a(data_init.o)
 .comment       0x0000002b       0x2c /Applications/microchip/xc32/v4.10/bin/bin/../../lib/gcc/pic32c/8.3.1/../../../../pic32c/lib/thumb/v6-m/nofp/libg-musl.a(__libc_start_main.o)
 .comment       0x0000002b       0x2c /Applications/microchip/xc32/v4.10/bin/bin/../../lib/gcc/pic32c/8.3.1/../../../../pic32c/lib/thumb/v6-m/nofp/libg-musl.a(assert.o)
 .comment       0x0000002b       0x2c /Applications/microchip/xc32/v4.10/bin/bin/../../lib/gcc/pic32c/8.3.1/../../../../pic32c/lib/thumb/v6-m/nofp/libg-musl.a(abort.o)
 .comment       0x0000002b       0x2c /Applications/microchip/xc32/v4.10/bin/bin/../../lib/gcc/pic32c/8.3.1/../../../../pic32c/lib/thumb/v6-m/nofp/libg-musl.a(libc.o)
 .comment       0x0000002b       0x2c /Applications/microchip/xc32/v4.10/bin/bin/../../lib/gcc/pic32c/8.3.1/../../../../pic32c/lib/thumb/v6-m/nofp/libg-musl.a(__sio_sscanf_dosux.o)
 .comment       0x0000002b       0x2c /Applications/microchip/xc32/v4.10/bin/bin/../../lib/gcc/pic32c/8.3.1/../../../../pic32c/lib/thumb/v6-m/nofp/libg-musl.a(fprintf.o)
 .comment       0x0000002b       0x2c /Applications/microchip/xc32/v4.10/bin/bin/../../lib/gcc/pic32c/8.3.1/../../../../pic32c/lib/thumb/v6-m/nofp/libg-musl.a(__fmt_d.o)
 .comment       0x0000002b       0x2c /Applications/microchip/xc32/v4.10/bin/bin/../../lib/gcc/pic32c/8.3.1/../../../../pic32c/lib/thumb/v6-m/nofp/libg-musl.a(__fmt_fp.o)
 .comment       0x0000002b       0x2c /Applications/microchip/xc32/v4.10/bin/bin/../../lib/gcc/pic32c/8.3.1/../../../../pic32c/lib/thumb/v6-m/nofp/libg-musl.a(__fmt_o.o)
 .comment       0x0000002b       0x2c /Applications/microchip/xc32/v4.10/bin/bin/../../lib/gcc/pic32c/8.3.1/../../../../pic32c/lib/thumb/v6-m/nofp/libg-musl.a(__fmt_s.o)
 .comment       0x0000002b       0x2c /Applications/microchip/xc32/v4.10/bin/bin/../../lib/gcc/pic32c/8.3.1/../../../../pic32c/lib/thumb/v6-m/nofp/libg-musl.a(__fmt_u.o)
 .comment       0x0000002b       0x2c /Applications/microchip/xc32/v4.10/bin/bin/../../lib/gcc/pic32c/8.3.1/../../../../pic32c/lib/thumb/v6-m/nofp/libg-musl.a(__fmt_x.o)
 .comment       0x0000002b       0x2c /Applications/microchip/xc32/v4.10/bin/bin/../../lib/gcc/pic32c/8.3.1/../../../../pic32c/lib/thumb/v6-m/nofp/libg-musl.a(__printf_core.o)
 .comment       0x0000002b       0x2c /Applications/microchip/xc32/v4.10/bin/bin/../../lib/gcc/pic32c/8.3.1/../../../../pic32c/lib/thumb/v6-m/nofp/libg-musl.a(__scan_d.o)
 .comment       0x0000002b       0x2c /Applications/microchip/xc32/v4.10/bin/bin/../../lib/gcc/pic32c/8.3.1/../../../../pic32c/lib/thumb/v6-m/nofp/libg-musl.a(__scan_i.o)
 .comment       0x0000002b       0x2c /Applications/microchip/xc32/v4.10/bin/bin/../../lib/gcc/pic32c/8.3.1/../../../../pic32c/lib/thumb/v6-m/nofp/libg-musl.a(__scan_o.o)
 .comment       0x0000002b       0x2c /Applications/microchip/xc32/v4.10/bin/bin/../../lib/gcc/pic32c/8.3.1/../../../../pic32c/lib/thumb/v6-m/nofp/libg-musl.a(__scan_s.o)
 .comment       0x0000002b       0x2c /Applications/microchip/xc32/v4.10/bin/bin/../../lib/gcc/pic32c/8.3.1/../../../../pic32c/lib/thumb/v6-m/nofp/libg-musl.a(__scan_u.o)
 .comment       0x0000002b       0x2c /Applications/microchip/xc32/v4.10/bin/bin/../../lib/gcc/pic32c/8.3.1/../../../../pic32c/lib/thumb/v6-m/nofp/libg-musl.a(__scan_x.o)
 .comment       0x0000002b       0x2c /Applications/microchip/xc32/v4.10/bin/bin/../../lib/gcc/pic32c/8.3.1/../../../../pic32c/lib/thumb/v6-m/nofp/libg-musl.a(__scanf_core.o)
 .comment       0x0000002b       0x2c /Applications/microchip/xc32/v4.10/bin/bin/../../lib/gcc/pic32c/8.3.1/../../../../pic32c/lib/thumb/v6-m/nofp/libg-musl.a(fflush.o)
 .comment       0x0000002b       0x2c /Applications/microchip/xc32/v4.10/bin/bin/../../lib/gcc/pic32c/8.3.1/../../../../pic32c/lib/thumb/v6-m/nofp/libg-musl.a(stderr.o)
 .comment       0x0000002b       0x2c /Applications/microchip/xc32/v4.10/bin/bin/../../lib/gcc/pic32c/8.3.1/../../../../pic32c/lib/thumb/v6-m/nofp/libg-musl.a(vfprintf.o)
 .comment       0x0000002b       0x2c /Applications/microchip/xc32/v4.10/bin/bin/../../lib/gcc/pic32c/8.3.1/../../../../pic32c/lib/thumb/v6-m/nofp/libg-musl.a(atoi.o)
 .comment       0x0000002b       0x2c /Applications/microchip/xc32/v4.10/bin/bin/../../lib/gcc/pic32c/8.3.1/../../../../pic32c/lib/thumb/v6-m/nofp/libg-musl.a(strtol.o)
 .comment       0x0000002b       0x2c /Applications/microchip/xc32/v4.10/bin/bin/../../lib/gcc/pic32c/8.3.1/../../../../pic32c/lib/thumb/v6-m/nofp/libg-musl.a(memcpy.o)
 .comment       0x0000002b       0x2c /Applications/microchip/xc32/v4.10/bin/bin/../../lib/gcc/pic32c/8.3.1/../../../../pic32c/lib/thumb/v6-m/nofp/libg-musl.a(memset.o)
 .comment       0x0000002b       0x2c /Applications/microchip/xc32/v4.10/bin/bin/../../lib/gcc/pic32c/8.3.1/../../../../pic32c/lib/thumb/v6-m/nofp/libg-musl.a(strlen.o)
 .comment       0x0000002b       0x2c /Applications/microchip/xc32/v4.10/bin/bin/../../lib/gcc/pic32c/8.3.1/../../../../pic32c/lib/thumb/v6-m/nofp/libg-musl.a(strcmp.o)
 .comment       0x0000002b       0x2c /Applications/microchip/xc32/v4.10/bin/bin/../../lib/gcc/pic32c/8.3.1/../../../../pic32c/lib/thumb/v6-m/nofp/libg-musl.a(strcpy.o)
 .comment       0x0000002b       0x2c /Applications/microchip/xc32/v4.10/bin/bin/../../lib/gcc/pic32c/8.3.1/../../../../pic32c/lib/thumb/v6-m/nofp/libg-musl.a(strncat.o)
 .comment       0x0000002b       0x2c /Applications/microchip/xc32/v4.10/bin/bin/../../lib/gcc/pic32c/8.3.1/../../../../pic32c/lib/thumb/v6-m/nofp/libg-musl.a(asctime.o)
 .comment       0x0000002b       0x2c /Applications/microchip/xc32/v4.10/bin/bin/../../lib/gcc/pic32c/8.3.1/../../../../pic32c/lib/thumb/v6-m/nofp/libg-musl.a(isxdigit.o)
 .comment       0x0000002b       0x2c /Applications/microchip/xc32/v4.10/bin/bin/../../lib/gcc/pic32c/8.3.1/../../../../pic32c/lib/thumb/v6-m/nofp/libg-musl.a(tolower.o)
 .comment       0x0000002b       0x2c /Applications/microchip/xc32/v4.10/bin/bin/../../lib/gcc/pic32c/8.3.1/../../../../pic32c/lib/thumb/v6-m/nofp/libg-musl.a(toupper.o)
 .comment       0x0000002b       0x2c /Applications/microchip/xc32/v4.10/bin/bin/../../lib/gcc/pic32c/8.3.1/../../../../pic32c/lib/thumb/v6-m/nofp/libg-musl.a(__environ.o)
 .comment       0x0000002b       0x2c /Applications/microchip/xc32/v4.10/bin/bin/../../lib/gcc/pic32c/8.3.1/../../../../pic32c/lib/thumb/v6-m/nofp/libg-musl.a(__errno_location.o)
 .comment       0x0000002b       0x2c /Applications/microchip/xc32/v4.10/bin/bin/../../lib/gcc/pic32c/8.3.1/../../../../pic32c/lib/thumb/v6-m/nofp/libg-musl.a(_Exit.o)
 .comment       0x0000002b       0x2c /Applications/microchip/xc32/v4.10/bin/bin/../../lib/gcc/pic32c/8.3.1/../../../../pic32c/lib/thumb/v6-m/nofp/libg-musl.a(intscan.o)
 .comment       0x0000002b       0x2c /Applications/microchip/xc32/v4.10/bin/bin/../../lib/gcc/pic32c/8.3.1/../../../../pic32c/lib/thumb/v6-m/nofp/libg-musl.a(shgetc.o)
 .comment       0x0000002b       0x2c /Applications/microchip/xc32/v4.10/bin/bin/../../lib/gcc/pic32c/8.3.1/../../../../pic32c/lib/thumb/v6-m/nofp/libg-musl.a(__int_vsscanf.o)
 .comment       0x0000002b       0x2c /Applications/microchip/xc32/v4.10/bin/bin/../../lib/gcc/pic32c/8.3.1/../../../../pic32c/lib/thumb/v6-m/nofp/libg-musl.a(__string_read.o)
 .comment       0x0000002b       0x2c /Applications/microchip/xc32/v4.10/bin/bin/../../lib/gcc/pic32c/8.3.1/../../../../pic32c/lib/thumb/v6-m/nofp/libg-musl.a(__uflow.o)
 .comment       0x0000002b       0x2c /Applications/microchip/xc32/v4.10/bin/bin/../../lib/gcc/pic32c/8.3.1/../../../../pic32c/lib/thumb/v6-m/nofp/libg-musl.a(__pop_float.o)
 .comment       0x0000002b       0x2c /Applications/microchip/xc32/v4.10/bin/bin/../../lib/gcc/pic32c/8.3.1/../../../../pic32c/lib/thumb/v6-m/nofp/libg-musl.a(__pop_int.o)
 .comment       0x0000002b       0x2c /Applications/microchip/xc32/v4.10/bin/bin/../../lib/gcc/pic32c/8.3.1/../../../../pic32c/lib/thumb/v6-m/nofp/libg-musl.a(__pop_ptr.o)
 .comment       0x0000002b       0x2c /Applications/microchip/xc32/v4.10/bin/bin/../../lib/gcc/pic32c/8.3.1/../../../../pic32c/lib/thumb/v6-m/nofp/libg-musl.a(__push_float.o)
 .comment       0x0000002b       0x2c /Applications/microchip/xc32/v4.10/bin/bin/../../lib/gcc/pic32c/8.3.1/../../../../pic32c/lib/thumb/v6-m/nofp/libg-musl.a(__push_int.o)
 .comment       0x0000002b       0x2c /Applications/microchip/xc32/v4.10/bin/bin/../../lib/gcc/pic32c/8.3.1/../../../../pic32c/lib/thumb/v6-m/nofp/libg-musl.a(memchr.o)
 .comment       0x0000002b       0x2c /Applications/microchip/xc32/v4.10/bin/bin/../../lib/gcc/pic32c/8.3.1/../../../../pic32c/lib/thumb/v6-m/nofp/libg-musl.a(stpcpy.o)
 .comment       0x0000002b       0x2c /Applications/microchip/xc32/v4.10/bin/bin/../../lib/gcc/pic32c/8.3.1/../../../../pic32c/lib/thumb/v6-m/nofp/libg-musl.a(__asctime.o)
 .comment       0x0000002b       0x2c /Applications/microchip/xc32/v4.10/bin/bin/../../lib/gcc/pic32c/8.3.1/../../../../pic32c/lib/thumb/v6-m/nofp/libg-musl.a(langinfo.o)
 .comment       0x0000002b       0x2c /Applications/microchip/xc32/v4.10/bin/bin/../../lib/gcc/pic32c/8.3.1/../../../../pic32c/lib/thumb/v6-m/nofp/libg-musl.a(c_locale.o)
 .comment       0x0000002b       0x2c /Applications/microchip/xc32/v4.10/bin/bin/../../lib/gcc/pic32c/8.3.1/../../../../pic32c/lib/thumb/v6-m/nofp/libg-musl.a(__int_vfscanf.o)
 .comment       0x0000002b       0x2c /Applications/microchip/xc32/v4.10/bin/bin/../../lib/gcc/pic32c/8.3.1/../../../../pic32c/lib/thumb/v6-m/nofp/libg-musl.a(__toread.o)
 .comment       0x0000002b       0x2c /Applications/microchip/xc32/v4.10/bin/bin/../../lib/gcc/pic32c/8.3.1/../../../../pic32c/lib/thumb/v6-m/nofp/libg-musl.a(__fmt_a.o)
 .comment       0x0000002b       0x2c /Applications/microchip/xc32/v4.10/bin/bin/../../lib/gcc/pic32c/8.3.1/../../../../pic32c/lib/thumb/v6-m/nofp/libg-musl.a(__init_stdio.o)
 .comment       0x0000002b       0x2c /Applications/microchip/xc32/v4.10/bin/bin/../../lib/gcc/pic32c/8.3.1/../../../../pic32c/lib/thumb/v6-m/nofp/libg-musl.a(__out.o)
 .comment       0x0000002b       0x2c /Applications/microchip/xc32/v4.10/bin/bin/../../lib/gcc/pic32c/8.3.1/../../../../pic32c/lib/thumb/v6-m/nofp/libg-musl.a(__stderr.o)
 .comment       0x0000002b       0x2c /Applications/microchip/xc32/v4.10/bin/bin/../../lib/gcc/pic32c/8.3.1/../../../../pic32c/lib/thumb/v6-m/nofp/libg-musl.a(__stdio_close.o)
 .comment       0x0000002b       0x2c /Applications/microchip/xc32/v4.10/bin/bin/../../lib/gcc/pic32c/8.3.1/../../../../pic32c/lib/thumb/v6-m/nofp/libg-musl.a(__stdio_seek.o)
 .comment       0x0000002b       0x2c /Applications/microchip/xc32/v4.10/bin/bin/../../lib/gcc/pic32c/8.3.1/../../../../pic32c/lib/thumb/v6-m/nofp/libg-musl.a(snprintf.o)
 .comment       0x0000002b       0x2c /Applications/microchip/xc32/v4.10/bin/bin/../../lib/gcc/pic32c/8.3.1/../../../../pic32c/lib/thumb/v6-m/nofp/libg-musl.a(__fclose.o)
 .comment       0x0000002b       0x2c /Applications/microchip/xc32/v4.10/bin/bin/../../lib/gcc/pic32c/8.3.1/../../../../pic32c/lib/thumb/v6-m/nofp/libg-musl.a(__fwrite.o)
 .comment       0x0000002b       0x2c /Applications/microchip/xc32/v4.10/bin/bin/../../lib/gcc/pic32c/8.3.1/../../../../pic32c/lib/thumb/v6-m/nofp/libg-musl.a(vsnprintf.o)
 .comment       0x0000002b       0x2c /Applications/microchip/xc32/v4.10/bin/bin/../../lib/gcc/pic32c/8.3.1/../../../../pic32c/lib/thumb/v6-m/nofp/libc-musl.a(sprintf.o)
 .comment       0x0000002b       0x2c /Applications/microchip/xc32/v4.10/bin/bin/../../lib/gcc/pic32c/8.3.1/../../../../pic32c/lib/thumb/v6-m/nofp/libc-musl.a(vsprintf.o)
 .comment       0x0000002b       0x2c /Applications/microchip/xc32/v4.10/bin/bin/../../lib/gcc/pic32c/8.3.1/../../../../pic32c/lib/thumb/v6-m/nofp/libm-emfloat.a(lib_a-_FLOOR.o)
 .comment       0x0000002b       0x2c /Applications/microchip/xc32/v4.10/bin/bin/../../lib/gcc/pic32c/8.3.1/../../../../pic32c/lib/thumb/v6-m/nofp/libm-emfloat.a(lib_a-_FMA.o)
 .comment       0x0000002b       0x2c /Applications/microchip/xc32/v4.10/bin/bin/../../lib/gcc/pic32c/8.3.1/thumb/v6-m/nofp/libgcc.a(_muldi3.o)
 .comment       0x0000002b       0x2c /Applications/microchip/xc32/v4.10/bin/bin/../../lib/gcc/pic32c/8.3.1/thumb/v6-m/nofp/libgcc.a(_udivmoddi4.o)
 .comment       0x0000002b       0x2c /Applications/microchip/xc32/v4.10/bin/bin/../../lib/gcc/pic32c/8.3.1/../../../../pic32c/lib/thumb/v6-m/nofp/libpic32c.a(close.o)
 .comment       0x0000002b       0x2c /Applications/microchip/xc32/v4.10/bin/bin/../../lib/gcc/pic32c/8.3.1/../../../../pic32c/lib/thumb/v6-m/nofp/libpic32c.a(lseek.o)

.debug_info     0x00000000    0x23972
 .debug_info    0x00000000      0xd14 build/default/debug/_ext/60163342/plib_adc.o
 .debug_info    0x00000d14      0xa74 build/default/debug/_ext/1984496892/plib_clock.o
 .debug_info    0x00001788      0x6a5 build/default/debug/_ext/60167341/plib_eic.o
 .debug_info    0x00001e2d      0x977 build/default/debug/_ext/1865468468/plib_nvic.o
 .debug_info    0x000027a4      0xa67 build/default/debug/_ext/1593096446/plib_nvmctrl.o
 .debug_info    0x0000320b      0xba1 build/default/debug/_ext/1865521619/plib_port.o
 .debug_info    0x00003dac      0xc3c build/default/debug/_ext/60180175/plib_rtc_clock.o
 .debug_info    0x000049e8     0x15e9 build/default/debug/_ext/508257091/plib_sercom3_i2c_master.o
 .debug_info    0x00005fd1     0x1168 build/default/debug/_ext/17022449/plib_sercom0_spi_master.o
 .debug_info    0x00007139      0x658 build/default/debug/_ext/1827571544/plib_systick.o
 .debug_info    0x00007791      0xb85 build/default/debug/_ext/829342655/plib_tc3.o
 .debug_info    0x00008316      0x328 build/default/debug/_ext/163028504/xc32_monitor.o
 .debug_info    0x0000863e      0x532 build/default/debug/_ext/1171490990/initialization.o
 .debug_info    0x00008b70      0x8b2 build/default/debug/_ext/1171490990/interrupts.o
 .debug_info    0x00009422      0x348 build/default/debug/_ext/1171490990/exceptions.o
 .debug_info    0x0000976a      0x44c build/default/debug/_ext/1171490990/startup_xc32.o
 .debug_info    0x00009bb6      0x30f build/default/debug/_ext/1171490990/libc_syscalls.o
 .debug_info    0x00009ec5      0x4f9 build/default/debug/_ext/258483974/sht20-sensor-t-h.o
 .debug_info    0x0000a3be      0xb73 build/default/debug/_ext/1360937237/main.o
 .debug_info    0x0000af31      0xfb9 ../libraries/microchip-LoRa-semtech/microchip-LoRa-semtech.X/dist/default/debug/microchip-LoRa-semtech.X.a(LoRa.o)
 .debug_info    0x0000beea      0x421 ../libraries/sam-rtc-utils/sam-rtc-utils.X/dist/default/debug/sam-rtc-utils.X.a(sam-rtc-utils.o)
 .debug_info    0x0000c30b      0x2a4 /Applications/microchip/xc32/v4.10/bin/bin/../../lib/gcc/pic32c/8.3.1/../../../../pic32c/lib/thumb/v6-m/nofp/libpic32c.a(data_init.o)
 .debug_info    0x0000c5af      0x61d /Applications/microchip/xc32/v4.10/bin/bin/../../lib/gcc/pic32c/8.3.1/../../../../pic32c/lib/thumb/v6-m/nofp/libg-musl.a(__libc_start_main.o)
 .debug_info    0x0000cbcc      0x39d /Applications/microchip/xc32/v4.10/bin/bin/../../lib/gcc/pic32c/8.3.1/../../../../pic32c/lib/thumb/v6-m/nofp/libg-musl.a(assert.o)
 .debug_info    0x0000cf69      0x294 /Applications/microchip/xc32/v4.10/bin/bin/../../lib/gcc/pic32c/8.3.1/../../../../pic32c/lib/thumb/v6-m/nofp/libg-musl.a(abort.o)
 .debug_info    0x0000d1fd      0x52f /Applications/microchip/xc32/v4.10/bin/bin/../../lib/gcc/pic32c/8.3.1/../../../../pic32c/lib/thumb/v6-m/nofp/libg-musl.a(libc.o)
 .debug_info    0x0000d72c      0x444 /Applications/microchip/xc32/v4.10/bin/bin/../../lib/gcc/pic32c/8.3.1/../../../../pic32c/lib/thumb/v6-m/nofp/libg-musl.a(__sio_sscanf_dosux.o)
 .debug_info    0x0000db70      0x335 /Applications/microchip/xc32/v4.10/bin/bin/../../lib/gcc/pic32c/8.3.1/../../../../pic32c/lib/thumb/v6-m/nofp/libg-musl.a(fprintf.o)
 .debug_info    0x0000dea5      0x5bc /Applications/microchip/xc32/v4.10/bin/bin/../../lib/gcc/pic32c/8.3.1/../../../../pic32c/lib/thumb/v6-m/nofp/libg-musl.a(__fmt_d.o)
 .debug_info    0x0000e461      0x957 /Applications/microchip/xc32/v4.10/bin/bin/../../lib/gcc/pic32c/8.3.1/../../../../pic32c/lib/thumb/v6-m/nofp/libg-musl.a(__fmt_fp.o)
 .debug_info    0x0000edb8      0x58d /Applications/microchip/xc32/v4.10/bin/bin/../../lib/gcc/pic32c/8.3.1/../../../../pic32c/lib/thumb/v6-m/nofp/libg-musl.a(__fmt_o.o)
 .debug_info    0x0000f345      0x578 /Applications/microchip/xc32/v4.10/bin/bin/../../lib/gcc/pic32c/8.3.1/../../../../pic32c/lib/thumb/v6-m/nofp/libg-musl.a(__fmt_s.o)
 .debug_info    0x0000f8bd      0x650 /Applications/microchip/xc32/v4.10/bin/bin/../../lib/gcc/pic32c/8.3.1/../../../../pic32c/lib/thumb/v6-m/nofp/libg-musl.a(__fmt_u.o)
 .debug_info    0x0000ff0d      0x5c1 /Applications/microchip/xc32/v4.10/bin/bin/../../lib/gcc/pic32c/8.3.1/../../../../pic32c/lib/thumb/v6-m/nofp/libg-musl.a(__fmt_x.o)
 .debug_info    0x000104ce      0xd3f /Applications/microchip/xc32/v4.10/bin/bin/../../lib/gcc/pic32c/8.3.1/../../../../pic32c/lib/thumb/v6-m/nofp/libg-musl.a(__printf_core.o)
 .debug_info    0x0001120d      0x8c5 /Applications/microchip/xc32/v4.10/bin/bin/../../lib/gcc/pic32c/8.3.1/../../../../pic32c/lib/thumb/v6-m/nofp/libg-musl.a(__scan_d.o)
 .debug_info    0x00011ad2      0x8cc /Applications/microchip/xc32/v4.10/bin/bin/../../lib/gcc/pic32c/8.3.1/../../../../pic32c/lib/thumb/v6-m/nofp/libg-musl.a(__scan_i.o)
 .debug_info    0x0001239e      0x7e0 /Applications/microchip/xc32/v4.10/bin/bin/../../lib/gcc/pic32c/8.3.1/../../../../pic32c/lib/thumb/v6-m/nofp/libg-musl.a(__scan_o.o)
 .debug_info    0x00012b7e      0x759 /Applications/microchip/xc32/v4.10/bin/bin/../../lib/gcc/pic32c/8.3.1/../../../../pic32c/lib/thumb/v6-m/nofp/libg-musl.a(__scan_s.o)
 .debug_info    0x000132d7      0x555 /Applications/microchip/xc32/v4.10/bin/bin/../../lib/gcc/pic32c/8.3.1/../../../../pic32c/lib/thumb/v6-m/nofp/libg-musl.a(__scan_u.o)
 .debug_info    0x0001382c      0x85c /Applications/microchip/xc32/v4.10/bin/bin/../../lib/gcc/pic32c/8.3.1/../../../../pic32c/lib/thumb/v6-m/nofp/libg-musl.a(__scan_x.o)
 .debug_info    0x00014088      0xf3c /Applications/microchip/xc32/v4.10/bin/bin/../../lib/gcc/pic32c/8.3.1/../../../../pic32c/lib/thumb/v6-m/nofp/libg-musl.a(__scanf_core.o)
 .debug_info    0x00014fc4      0x5a1 /Applications/microchip/xc32/v4.10/bin/bin/../../lib/gcc/pic32c/8.3.1/../../../../pic32c/lib/thumb/v6-m/nofp/libg-musl.a(fflush.o)
 .debug_info    0x00015565      0x47d /Applications/microchip/xc32/v4.10/bin/bin/../../lib/gcc/pic32c/8.3.1/../../../../pic32c/lib/thumb/v6-m/nofp/libg-musl.a(stderr.o)
 .debug_info    0x000159e2      0x6c5 /Applications/microchip/xc32/v4.10/bin/bin/../../lib/gcc/pic32c/8.3.1/../../../../pic32c/lib/thumb/v6-m/nofp/libg-musl.a(vfprintf.o)
 .debug_info    0x000160a7      0x2f5 /Applications/microchip/xc32/v4.10/bin/bin/../../lib/gcc/pic32c/8.3.1/../../../../pic32c/lib/thumb/v6-m/nofp/libg-musl.a(atoi.o)
 .debug_info    0x0001639c      0x9e9 /Applications/microchip/xc32/v4.10/bin/bin/../../lib/gcc/pic32c/8.3.1/../../../../pic32c/lib/thumb/v6-m/nofp/libg-musl.a(strtol.o)
 .debug_info    0x00016d85      0x2eb /Applications/microchip/xc32/v4.10/bin/bin/../../lib/gcc/pic32c/8.3.1/../../../../pic32c/lib/thumb/v6-m/nofp/libg-musl.a(memcpy.o)
 .debug_info    0x00017070      0x2af /Applications/microchip/xc32/v4.10/bin/bin/../../lib/gcc/pic32c/8.3.1/../../../../pic32c/lib/thumb/v6-m/nofp/libg-musl.a(memset.o)
 .debug_info    0x0001731f      0x2a0 /Applications/microchip/xc32/v4.10/bin/bin/../../lib/gcc/pic32c/8.3.1/../../../../pic32c/lib/thumb/v6-m/nofp/libg-musl.a(strlen.o)
 .debug_info    0x000175bf      0x285 /Applications/microchip/xc32/v4.10/bin/bin/../../lib/gcc/pic32c/8.3.1/../../../../pic32c/lib/thumb/v6-m/nofp/libg-musl.a(strcmp.o)
 .debug_info    0x00017844      0x2ae /Applications/microchip/xc32/v4.10/bin/bin/../../lib/gcc/pic32c/8.3.1/../../../../pic32c/lib/thumb/v6-m/nofp/libg-musl.a(strcpy.o)
 .debug_info    0x00017af2      0x2dd /Applications/microchip/xc32/v4.10/bin/bin/../../lib/gcc/pic32c/8.3.1/../../../../pic32c/lib/thumb/v6-m/nofp/libg-musl.a(strncat.o)
 .debug_info    0x00017dcf      0x3d2 /Applications/microchip/xc32/v4.10/bin/bin/../../lib/gcc/pic32c/8.3.1/../../../../pic32c/lib/thumb/v6-m/nofp/libg-musl.a(asctime.o)
 .debug_info    0x000181a1      0x356 /Applications/microchip/xc32/v4.10/bin/bin/../../lib/gcc/pic32c/8.3.1/../../../../pic32c/lib/thumb/v6-m/nofp/libg-musl.a(isxdigit.o)
 .debug_info    0x000184f7      0x353 /Applications/microchip/xc32/v4.10/bin/bin/../../lib/gcc/pic32c/8.3.1/../../../../pic32c/lib/thumb/v6-m/nofp/libg-musl.a(tolower.o)
 .debug_info    0x0001884a      0x353 /Applications/microchip/xc32/v4.10/bin/bin/../../lib/gcc/pic32c/8.3.1/../../../../pic32c/lib/thumb/v6-m/nofp/libg-musl.a(toupper.o)
 .debug_info    0x00018b9d      0x2a9 /Applications/microchip/xc32/v4.10/bin/bin/../../lib/gcc/pic32c/8.3.1/../../../../pic32c/lib/thumb/v6-m/nofp/libg-musl.a(__environ.o)
 .debug_info    0x00018e46      0x26d /Applications/microchip/xc32/v4.10/bin/bin/../../lib/gcc/pic32c/8.3.1/../../../../pic32c/lib/thumb/v6-m/nofp/libg-musl.a(__errno_location.o)
 .debug_info    0x000190b3      0x2ab /Applications/microchip/xc32/v4.10/bin/bin/../../lib/gcc/pic32c/8.3.1/../../../../pic32c/lib/thumb/v6-m/nofp/libg-musl.a(_Exit.o)
 .debug_info    0x0001935e      0x83f /Applications/microchip/xc32/v4.10/bin/bin/../../lib/gcc/pic32c/8.3.1/../../../../pic32c/lib/thumb/v6-m/nofp/libg-musl.a(intscan.o)
 .debug_info    0x00019b9d      0x644 /Applications/microchip/xc32/v4.10/bin/bin/../../lib/gcc/pic32c/8.3.1/../../../../pic32c/lib/thumb/v6-m/nofp/libg-musl.a(shgetc.o)
 .debug_info    0x0001a1e1      0x735 /Applications/microchip/xc32/v4.10/bin/bin/../../lib/gcc/pic32c/8.3.1/../../../../pic32c/lib/thumb/v6-m/nofp/libg-musl.a(__int_vsscanf.o)
 .debug_info    0x0001a916      0x6a2 /Applications/microchip/xc32/v4.10/bin/bin/../../lib/gcc/pic32c/8.3.1/../../../../pic32c/lib/thumb/v6-m/nofp/libg-musl.a(__string_read.o)
 .debug_info    0x0001afb8      0x610 /Applications/microchip/xc32/v4.10/bin/bin/../../lib/gcc/pic32c/8.3.1/../../../../pic32c/lib/thumb/v6-m/nofp/libg-musl.a(__uflow.o)
 .debug_info    0x0001b5c8      0x3d7 /Applications/microchip/xc32/v4.10/bin/bin/../../lib/gcc/pic32c/8.3.1/../../../../pic32c/lib/thumb/v6-m/nofp/libg-musl.a(__pop_float.o)
 .debug_info    0x0001b99f      0x3fb /Applications/microchip/xc32/v4.10/bin/bin/../../lib/gcc/pic32c/8.3.1/../../../../pic32c/lib/thumb/v6-m/nofp/libg-musl.a(__pop_int.o)
 .debug_info    0x0001bd9a      0x407 /Applications/microchip/xc32/v4.10/bin/bin/../../lib/gcc/pic32c/8.3.1/../../../../pic32c/lib/thumb/v6-m/nofp/libg-musl.a(__pop_ptr.o)
 .debug_info    0x0001c1a1      0x3da /Applications/microchip/xc32/v4.10/bin/bin/../../lib/gcc/pic32c/8.3.1/../../../../pic32c/lib/thumb/v6-m/nofp/libg-musl.a(__push_float.o)
 .debug_info    0x0001c57b      0x40c /Applications/microchip/xc32/v4.10/bin/bin/../../lib/gcc/pic32c/8.3.1/../../../../pic32c/lib/thumb/v6-m/nofp/libg-musl.a(__push_int.o)
 .debug_info    0x0001c987      0x2f0 /Applications/microchip/xc32/v4.10/bin/bin/../../lib/gcc/pic32c/8.3.1/../../../../pic32c/lib/thumb/v6-m/nofp/libg-musl.a(memchr.o)
 .debug_info    0x0001cc77      0x2b2 /Applications/microchip/xc32/v4.10/bin/bin/../../lib/gcc/pic32c/8.3.1/../../../../pic32c/lib/thumb/v6-m/nofp/libg-musl.a(stpcpy.o)
 .debug_info    0x0001cf29      0x598 /Applications/microchip/xc32/v4.10/bin/bin/../../lib/gcc/pic32c/8.3.1/../../../../pic32c/lib/thumb/v6-m/nofp/libg-musl.a(__asctime.o)
 .debug_info    0x0001d4c1      0x4da /Applications/microchip/xc32/v4.10/bin/bin/../../lib/gcc/pic32c/8.3.1/../../../../pic32c/lib/thumb/v6-m/nofp/libg-musl.a(langinfo.o)
 .debug_info    0x0001d99b      0x3f3 /Applications/microchip/xc32/v4.10/bin/bin/../../lib/gcc/pic32c/8.3.1/../../../../pic32c/lib/thumb/v6-m/nofp/libg-musl.a(c_locale.o)
 .debug_info    0x0001dd8e      0x68e /Applications/microchip/xc32/v4.10/bin/bin/../../lib/gcc/pic32c/8.3.1/../../../../pic32c/lib/thumb/v6-m/nofp/libg-musl.a(__int_vfscanf.o)
 .debug_info    0x0001e41c      0x62a /Applications/microchip/xc32/v4.10/bin/bin/../../lib/gcc/pic32c/8.3.1/../../../../pic32c/lib/thumb/v6-m/nofp/libg-musl.a(__toread.o)
 .debug_info    0x0001ea46      0x8c7 /Applications/microchip/xc32/v4.10/bin/bin/../../lib/gcc/pic32c/8.3.1/../../../../pic32c/lib/thumb/v6-m/nofp/libg-musl.a(__fmt_a.o)
 .debug_info    0x0001f30d      0x326 /Applications/microchip/xc32/v4.10/bin/bin/../../lib/gcc/pic32c/8.3.1/../../../../pic32c/lib/thumb/v6-m/nofp/libg-musl.a(__init_stdio.o)
 .debug_info    0x0001f633      0x53a /Applications/microchip/xc32/v4.10/bin/bin/../../lib/gcc/pic32c/8.3.1/../../../../pic32c/lib/thumb/v6-m/nofp/libg-musl.a(__out.o)
 .debug_info    0x0001fb6d      0x665 /Applications/microchip/xc32/v4.10/bin/bin/../../lib/gcc/pic32c/8.3.1/../../../../pic32c/lib/thumb/v6-m/nofp/libg-musl.a(__stderr.o)
 .debug_info    0x000201d2      0x6be /Applications/microchip/xc32/v4.10/bin/bin/../../lib/gcc/pic32c/8.3.1/../../../../pic32c/lib/thumb/v6-m/nofp/libg-musl.a(__stdio_close.o)
 .debug_info    0x00020890      0x75c /Applications/microchip/xc32/v4.10/bin/bin/../../lib/gcc/pic32c/8.3.1/../../../../pic32c/lib/thumb/v6-m/nofp/libg-musl.a(__stdio_seek.o)
 .debug_info    0x00020fec      0x346 /Applications/microchip/xc32/v4.10/bin/bin/../../lib/gcc/pic32c/8.3.1/../../../../pic32c/lib/thumb/v6-m/nofp/libg-musl.a(snprintf.o)
 .debug_info    0x00021332      0x428 /Applications/microchip/xc32/v4.10/bin/bin/../../lib/gcc/pic32c/8.3.1/../../../../pic32c/lib/thumb/v6-m/nofp/libg-musl.a(__fclose.o)
 .debug_info    0x0002175a      0x5a5 /Applications/microchip/xc32/v4.10/bin/bin/../../lib/gcc/pic32c/8.3.1/../../../../pic32c/lib/thumb/v6-m/nofp/libg-musl.a(__fwrite.o)
 .debug_info    0x00021cff      0x6fc /Applications/microchip/xc32/v4.10/bin/bin/../../lib/gcc/pic32c/8.3.1/../../../../pic32c/lib/thumb/v6-m/nofp/libg-musl.a(vsnprintf.o)
 .debug_info    0x000223fb      0x31c /Applications/microchip/xc32/v4.10/bin/bin/../../lib/gcc/pic32c/8.3.1/../../../../pic32c/lib/thumb/v6-m/nofp/libc-musl.a(sprintf.o)
 .debug_info    0x00022717      0x316 /Applications/microchip/xc32/v4.10/bin/bin/../../lib/gcc/pic32c/8.3.1/../../../../pic32c/lib/thumb/v6-m/nofp/libc-musl.a(vsprintf.o)
 .debug_info    0x00022a2d       0x26 /Applications/microchip/xc32/v4.10/bin/bin/../../lib/gcc/pic32c/8.3.1/thumb/v6-m/nofp/libgcc.a(_udivsi3.o)
 .debug_info    0x00022a53       0x26 /Applications/microchip/xc32/v4.10/bin/bin/../../lib/gcc/pic32c/8.3.1/thumb/v6-m/nofp/libgcc.a(_divsi3.o)
 .debug_info    0x00022a79       0x26 /Applications/microchip/xc32/v4.10/bin/bin/../../lib/gcc/pic32c/8.3.1/thumb/v6-m/nofp/libgcc.a(_dvmd_tls.o)
 .debug_info    0x00022a9f       0x26 /Applications/microchip/xc32/v4.10/bin/bin/../../lib/gcc/pic32c/8.3.1/thumb/v6-m/nofp/libgcc.a(_lshrdi3.o)
 .debug_info    0x00022ac5       0x26 /Applications/microchip/xc32/v4.10/bin/bin/../../lib/gcc/pic32c/8.3.1/thumb/v6-m/nofp/libgcc.a(_ashldi3.o)
 .debug_info    0x00022aeb       0x26 /Applications/microchip/xc32/v4.10/bin/bin/../../lib/gcc/pic32c/8.3.1/thumb/v6-m/nofp/libgcc.a(_aeabi_uldivmod.o)
 .debug_info    0x00022b11      0x4dc /Applications/microchip/xc32/v4.10/bin/bin/../../lib/gcc/pic32c/8.3.1/thumb/v6-m/nofp/libgcc.a(_muldi3.o)
 .debug_info    0x00022fed      0x429 /Applications/microchip/xc32/v4.10/bin/bin/../../lib/gcc/pic32c/8.3.1/thumb/v6-m/nofp/libgcc.a(_udivmoddi4.o)
 .debug_info    0x00023416       0x26 /Applications/microchip/xc32/v4.10/bin/bin/../../lib/gcc/pic32c/8.3.1/thumb/v6-m/nofp/libgcc.a(_clzdi2.o)
 .debug_info    0x0002343c       0x26 /Applications/microchip/xc32/v4.10/bin/bin/../../lib/gcc/pic32c/8.3.1/thumb/v6-m/nofp/libgcc.a(_clzsi2.o)
 .debug_info    0x00023462      0x288 /Applications/microchip/xc32/v4.10/bin/bin/../../lib/gcc/pic32c/8.3.1/../../../../pic32c/lib/thumb/v6-m/nofp/libpic32c.a(close.o)
 .debug_info    0x000236ea      0x288 /Applications/microchip/xc32/v4.10/bin/bin/../../lib/gcc/pic32c/8.3.1/../../../../pic32c/lib/thumb/v6-m/nofp/libpic32c.a(lseek.o)

.debug_abbrev   0x00000000     0x661d
 .debug_abbrev  0x00000000      0x181 build/default/debug/_ext/60163342/plib_adc.o
 .debug_abbrev  0x00000181      0x125 build/default/debug/_ext/1984496892/plib_clock.o
 .debug_abbrev  0x000002a6      0x16a build/default/debug/_ext/60167341/plib_eic.o
 .debug_abbrev  0x00000410      0x1d4 build/default/debug/_ext/1865468468/plib_nvic.o
 .debug_abbrev  0x000005e4      0x174 build/default/debug/_ext/1593096446/plib_nvmctrl.o
 .debug_abbrev  0x00000758      0x189 build/default/debug/_ext/1865521619/plib_port.o
 .debug_abbrev  0x000008e1      0x1d8 build/default/debug/_ext/60180175/plib_rtc_clock.o
 .debug_abbrev  0x00000ab9      0x2cf build/default/debug/_ext/508257091/plib_sercom3_i2c_master.o
 .debug_abbrev  0x00000d88      0x20a build/default/debug/_ext/17022449/plib_sercom0_spi_master.o
 .debug_abbrev  0x00000f92       0xe3 build/default/debug/_ext/1827571544/plib_systick.o
 .debug_abbrev  0x00001075      0x1b5 build/default/debug/_ext/829342655/plib_tc3.o
 .debug_abbrev  0x0000122a       0x82 build/default/debug/_ext/163028504/xc32_monitor.o
 .debug_abbrev  0x000012ac       0xb1 build/default/debug/_ext/1171490990/initialization.o
 .debug_abbrev  0x0000135d       0xb5 build/default/debug/_ext/1171490990/interrupts.o
 .debug_abbrev  0x00001412       0x3e build/default/debug/_ext/1171490990/exceptions.o
 .debug_abbrev  0x00001450       0xd4 build/default/debug/_ext/1171490990/startup_xc32.o
 .debug_abbrev  0x00001524       0x4f build/default/debug/_ext/1171490990/libc_syscalls.o
 .debug_abbrev  0x00001573       0xf1 build/default/debug/_ext/258483974/sht20-sensor-t-h.o
 .debug_abbrev  0x00001664      0x1cd build/default/debug/_ext/1360937237/main.o
 .debug_abbrev  0x00001831      0x2c3 ../libraries/microchip-LoRa-semtech/microchip-LoRa-semtech.X/dist/default/debug/microchip-LoRa-semtech.X.a(LoRa.o)
 .debug_abbrev  0x00001af4       0xb1 ../libraries/sam-rtc-utils/sam-rtc-utils.X/dist/default/debug/sam-rtc-utils.X.a(sam-rtc-utils.o)
 .debug_abbrev  0x00001ba5       0x2e /Applications/microchip/xc32/v4.10/bin/bin/../../lib/gcc/pic32c/8.3.1/../../../../pic32c/lib/thumb/v6-m/nofp/libpic32c.a(data_init.o)
 .debug_abbrev  0x00001bd3      0x117 /Applications/microchip/xc32/v4.10/bin/bin/../../lib/gcc/pic32c/8.3.1/../../../../pic32c/lib/thumb/v6-m/nofp/libg-musl.a(__libc_start_main.o)
 .debug_abbrev  0x00001cea       0xc7 /Applications/microchip/xc32/v4.10/bin/bin/../../lib/gcc/pic32c/8.3.1/../../../../pic32c/lib/thumb/v6-m/nofp/libg-musl.a(assert.o)
 .debug_abbrev  0x00001db1       0x69 /Applications/microchip/xc32/v4.10/bin/bin/../../lib/gcc/pic32c/8.3.1/../../../../pic32c/lib/thumb/v6-m/nofp/libg-musl.a(abort.o)
 .debug_abbrev  0x00001e1a       0xb8 /Applications/microchip/xc32/v4.10/bin/bin/../../lib/gcc/pic32c/8.3.1/../../../../pic32c/lib/thumb/v6-m/nofp/libg-musl.a(libc.o)
 .debug_abbrev  0x00001ed2      0x120 /Applications/microchip/xc32/v4.10/bin/bin/../../lib/gcc/pic32c/8.3.1/../../../../pic32c/lib/thumb/v6-m/nofp/libg-musl.a(__sio_sscanf_dosux.o)
 .debug_abbrev  0x00001ff2      0x113 /Applications/microchip/xc32/v4.10/bin/bin/../../lib/gcc/pic32c/8.3.1/../../../../pic32c/lib/thumb/v6-m/nofp/libg-musl.a(fprintf.o)
 .debug_abbrev  0x00002105      0x120 /Applications/microchip/xc32/v4.10/bin/bin/../../lib/gcc/pic32c/8.3.1/../../../../pic32c/lib/thumb/v6-m/nofp/libg-musl.a(__fmt_d.o)
 .debug_abbrev  0x00002225      0x1a2 /Applications/microchip/xc32/v4.10/bin/bin/../../lib/gcc/pic32c/8.3.1/../../../../pic32c/lib/thumb/v6-m/nofp/libg-musl.a(__fmt_fp.o)
 .debug_abbrev  0x000023c7      0x120 /Applications/microchip/xc32/v4.10/bin/bin/../../lib/gcc/pic32c/8.3.1/../../../../pic32c/lib/thumb/v6-m/nofp/libg-musl.a(__fmt_o.o)
 .debug_abbrev  0x000024e7      0x11d /Applications/microchip/xc32/v4.10/bin/bin/../../lib/gcc/pic32c/8.3.1/../../../../pic32c/lib/thumb/v6-m/nofp/libg-musl.a(__fmt_s.o)
 .debug_abbrev  0x00002604      0x174 /Applications/microchip/xc32/v4.10/bin/bin/../../lib/gcc/pic32c/8.3.1/../../../../pic32c/lib/thumb/v6-m/nofp/libg-musl.a(__fmt_u.o)
 .debug_abbrev  0x00002778      0x10f /Applications/microchip/xc32/v4.10/bin/bin/../../lib/gcc/pic32c/8.3.1/../../../../pic32c/lib/thumb/v6-m/nofp/libg-musl.a(__fmt_x.o)
 .debug_abbrev  0x00002887      0x2be /Applications/microchip/xc32/v4.10/bin/bin/../../lib/gcc/pic32c/8.3.1/../../../../pic32c/lib/thumb/v6-m/nofp/libg-musl.a(__printf_core.o)
 .debug_abbrev  0x00002b45      0x194 /Applications/microchip/xc32/v4.10/bin/bin/../../lib/gcc/pic32c/8.3.1/../../../../pic32c/lib/thumb/v6-m/nofp/libg-musl.a(__scan_d.o)
 .debug_abbrev  0x00002cd9      0x1a7 /Applications/microchip/xc32/v4.10/bin/bin/../../lib/gcc/pic32c/8.3.1/../../../../pic32c/lib/thumb/v6-m/nofp/libg-musl.a(__scan_i.o)
 .debug_abbrev  0x00002e80      0x15b /Applications/microchip/xc32/v4.10/bin/bin/../../lib/gcc/pic32c/8.3.1/../../../../pic32c/lib/thumb/v6-m/nofp/libg-musl.a(__scan_o.o)
 .debug_abbrev  0x00002fdb      0x183 /Applications/microchip/xc32/v4.10/bin/bin/../../lib/gcc/pic32c/8.3.1/../../../../pic32c/lib/thumb/v6-m/nofp/libg-musl.a(__scan_s.o)
 .debug_abbrev  0x0000315e      0x120 /Applications/microchip/xc32/v4.10/bin/bin/../../lib/gcc/pic32c/8.3.1/../../../../pic32c/lib/thumb/v6-m/nofp/libg-musl.a(__scan_u.o)
 .debug_abbrev  0x0000327e      0x17a /Applications/microchip/xc32/v4.10/bin/bin/../../lib/gcc/pic32c/8.3.1/../../../../pic32c/lib/thumb/v6-m/nofp/libg-musl.a(__scan_x.o)
 .debug_abbrev  0x000033f8      0x322 /Applications/microchip/xc32/v4.10/bin/bin/../../lib/gcc/pic32c/8.3.1/../../../../pic32c/lib/thumb/v6-m/nofp/libg-musl.a(__scanf_core.o)
 .debug_abbrev  0x0000371a      0x1b3 /Applications/microchip/xc32/v4.10/bin/bin/../../lib/gcc/pic32c/8.3.1/../../../../pic32c/lib/thumb/v6-m/nofp/libg-musl.a(fflush.o)
 .debug_abbrev  0x000038cd      0x118 /Applications/microchip/xc32/v4.10/bin/bin/../../lib/gcc/pic32c/8.3.1/../../../../pic32c/lib/thumb/v6-m/nofp/libg-musl.a(stderr.o)
 .debug_abbrev  0x000039e5      0x16f /Applications/microchip/xc32/v4.10/bin/bin/../../lib/gcc/pic32c/8.3.1/../../../../pic32c/lib/thumb/v6-m/nofp/libg-musl.a(vfprintf.o)
 .debug_abbrev  0x00003b54       0xbb /Applications/microchip/xc32/v4.10/bin/bin/../../lib/gcc/pic32c/8.3.1/../../../../pic32c/lib/thumb/v6-m/nofp/libg-musl.a(atoi.o)
 .debug_abbrev  0x00003c0f      0x19b /Applications/microchip/xc32/v4.10/bin/bin/../../lib/gcc/pic32c/8.3.1/../../../../pic32c/lib/thumb/v6-m/nofp/libg-musl.a(strtol.o)
 .debug_abbrev  0x00003daa       0x9c /Applications/microchip/xc32/v4.10/bin/bin/../../lib/gcc/pic32c/8.3.1/../../../../pic32c/lib/thumb/v6-m/nofp/libg-musl.a(memcpy.o)
 .debug_abbrev  0x00003e46       0x97 /Applications/microchip/xc32/v4.10/bin/bin/../../lib/gcc/pic32c/8.3.1/../../../../pic32c/lib/thumb/v6-m/nofp/libg-musl.a(memset.o)
 .debug_abbrev  0x00003edd       0x86 /Applications/microchip/xc32/v4.10/bin/bin/../../lib/gcc/pic32c/8.3.1/../../../../pic32c/lib/thumb/v6-m/nofp/libg-musl.a(strlen.o)
 .debug_abbrev  0x00003f63       0x63 /Applications/microchip/xc32/v4.10/bin/bin/../../lib/gcc/pic32c/8.3.1/../../../../pic32c/lib/thumb/v6-m/nofp/libg-musl.a(strcmp.o)
 .debug_abbrev  0x00003fc6       0x8e /Applications/microchip/xc32/v4.10/bin/bin/../../lib/gcc/pic32c/8.3.1/../../../../pic32c/lib/thumb/v6-m/nofp/libg-musl.a(strcpy.o)
 .debug_abbrev  0x00004054       0xb1 /Applications/microchip/xc32/v4.10/bin/bin/../../lib/gcc/pic32c/8.3.1/../../../../pic32c/lib/thumb/v6-m/nofp/libg-musl.a(strncat.o)
 .debug_abbrev  0x00004105       0xd3 /Applications/microchip/xc32/v4.10/bin/bin/../../lib/gcc/pic32c/8.3.1/../../../../pic32c/lib/thumb/v6-m/nofp/libg-musl.a(asctime.o)
 .debug_abbrev  0x000041d8       0xe9 /Applications/microchip/xc32/v4.10/bin/bin/../../lib/gcc/pic32c/8.3.1/../../../../pic32c/lib/thumb/v6-m/nofp/libg-musl.a(isxdigit.o)
 .debug_abbrev  0x000042c1       0xe9 /Applications/microchip/xc32/v4.10/bin/bin/../../lib/gcc/pic32c/8.3.1/../../../../pic32c/lib/thumb/v6-m/nofp/libg-musl.a(tolower.o)
 .debug_abbrev  0x000043aa       0xe9 /Applications/microchip/xc32/v4.10/bin/bin/../../lib/gcc/pic32c/8.3.1/../../../../pic32c/lib/thumb/v6-m/nofp/libg-musl.a(toupper.o)
 .debug_abbrev  0x00004493       0x57 /Applications/microchip/xc32/v4.10/bin/bin/../../lib/gcc/pic32c/8.3.1/../../../../pic32c/lib/thumb/v6-m/nofp/libg-musl.a(__environ.o)
 .debug_abbrev  0x000044ea       0x2e /Applications/microchip/xc32/v4.10/bin/bin/../../lib/gcc/pic32c/8.3.1/../../../../pic32c/lib/thumb/v6-m/nofp/libg-musl.a(__errno_location.o)
 .debug_abbrev  0x00004518       0x7f /Applications/microchip/xc32/v4.10/bin/bin/../../lib/gcc/pic32c/8.3.1/../../../../pic32c/lib/thumb/v6-m/nofp/libg-musl.a(_Exit.o)
 .debug_abbrev  0x00004597      0x1de /Applications/microchip/xc32/v4.10/bin/bin/../../lib/gcc/pic32c/8.3.1/../../../../pic32c/lib/thumb/v6-m/nofp/libg-musl.a(intscan.o)
 .debug_abbrev  0x00004775      0x14a /Applications/microchip/xc32/v4.10/bin/bin/../../lib/gcc/pic32c/8.3.1/../../../../pic32c/lib/thumb/v6-m/nofp/libg-musl.a(shgetc.o)
 .debug_abbrev  0x000048bf      0x171 /Applications/microchip/xc32/v4.10/bin/bin/../../lib/gcc/pic32c/8.3.1/../../../../pic32c/lib/thumb/v6-m/nofp/libg-musl.a(__int_vsscanf.o)
 .debug_abbrev  0x00004a30      0x12a /Applications/microchip/xc32/v4.10/bin/bin/../../lib/gcc/pic32c/8.3.1/../../../../pic32c/lib/thumb/v6-m/nofp/libg-musl.a(__string_read.o)
 .debug_abbrev  0x00004b5a      0x125 /Applications/microchip/xc32/v4.10/bin/bin/../../lib/gcc/pic32c/8.3.1/../../../../pic32c/lib/thumb/v6-m/nofp/libg-musl.a(__uflow.o)
 .debug_abbrev  0x00004c7f       0xbd /Applications/microchip/xc32/v4.10/bin/bin/../../lib/gcc/pic32c/8.3.1/../../../../pic32c/lib/thumb/v6-m/nofp/libg-musl.a(__pop_float.o)
 .debug_abbrev  0x00004d3c       0xbd /Applications/microchip/xc32/v4.10/bin/bin/../../lib/gcc/pic32c/8.3.1/../../../../pic32c/lib/thumb/v6-m/nofp/libg-musl.a(__pop_int.o)
 .debug_abbrev  0x00004df9       0xbd /Applications/microchip/xc32/v4.10/bin/bin/../../lib/gcc/pic32c/8.3.1/../../../../pic32c/lib/thumb/v6-m/nofp/libg-musl.a(__pop_ptr.o)
 .debug_abbrev  0x00004eb6       0xbd /Applications/microchip/xc32/v4.10/bin/bin/../../lib/gcc/pic32c/8.3.1/../../../../pic32c/lib/thumb/v6-m/nofp/libg-musl.a(__push_float.o)
 .debug_abbrev  0x00004f73       0xbd /Applications/microchip/xc32/v4.10/bin/bin/../../lib/gcc/pic32c/8.3.1/../../../../pic32c/lib/thumb/v6-m/nofp/libg-musl.a(__push_int.o)
 .debug_abbrev  0x00005030       0x92 /Applications/microchip/xc32/v4.10/bin/bin/../../lib/gcc/pic32c/8.3.1/../../../../pic32c/lib/thumb/v6-m/nofp/libg-musl.a(memchr.o)
 .debug_abbrev  0x000050c2       0x63 /Applications/microchip/xc32/v4.10/bin/bin/../../lib/gcc/pic32c/8.3.1/../../../../pic32c/lib/thumb/v6-m/nofp/libg-musl.a(stpcpy.o)
 .debug_abbrev  0x00005125      0x131 /Applications/microchip/xc32/v4.10/bin/bin/../../lib/gcc/pic32c/8.3.1/../../../../pic32c/lib/thumb/v6-m/nofp/libg-musl.a(__asctime.o)
 .debug_abbrev  0x00005256      0x119 /Applications/microchip/xc32/v4.10/bin/bin/../../lib/gcc/pic32c/8.3.1/../../../../pic32c/lib/thumb/v6-m/nofp/libg-musl.a(langinfo.o)
 .debug_abbrev  0x0000536f       0xab /Applications/microchip/xc32/v4.10/bin/bin/../../lib/gcc/pic32c/8.3.1/../../../../pic32c/lib/thumb/v6-m/nofp/libg-musl.a(c_locale.o)
 .debug_abbrev  0x0000541a      0x14a /Applications/microchip/xc32/v4.10/bin/bin/../../lib/gcc/pic32c/8.3.1/../../../../pic32c/lib/thumb/v6-m/nofp/libg-musl.a(__int_vfscanf.o)
 .debug_abbrev  0x00005564      0x12c /Applications/microchip/xc32/v4.10/bin/bin/../../lib/gcc/pic32c/8.3.1/../../../../pic32c/lib/thumb/v6-m/nofp/libg-musl.a(__toread.o)
 .debug_abbrev  0x00005690      0x194 /Applications/microchip/xc32/v4.10/bin/bin/../../lib/gcc/pic32c/8.3.1/../../../../pic32c/lib/thumb/v6-m/nofp/libg-musl.a(__fmt_a.o)
 .debug_abbrev  0x00005824       0x5a /Applications/microchip/xc32/v4.10/bin/bin/../../lib/gcc/pic32c/8.3.1/../../../../pic32c/lib/thumb/v6-m/nofp/libg-musl.a(__init_stdio.o)
 .debug_abbrev  0x0000587e      0x15b /Applications/microchip/xc32/v4.10/bin/bin/../../lib/gcc/pic32c/8.3.1/../../../../pic32c/lib/thumb/v6-m/nofp/libg-musl.a(__out.o)
 .debug_abbrev  0x000059d9      0x151 /Applications/microchip/xc32/v4.10/bin/bin/../../lib/gcc/pic32c/8.3.1/../../../../pic32c/lib/thumb/v6-m/nofp/libg-musl.a(__stderr.o)
 .debug_abbrev  0x00005b2a      0x11f /Applications/microchip/xc32/v4.10/bin/bin/../../lib/gcc/pic32c/8.3.1/../../../../pic32c/lib/thumb/v6-m/nofp/libg-musl.a(__stdio_close.o)
 .debug_abbrev  0x00005c49      0x130 /Applications/microchip/xc32/v4.10/bin/bin/../../lib/gcc/pic32c/8.3.1/../../../../pic32c/lib/thumb/v6-m/nofp/libg-musl.a(__stdio_seek.o)
 .debug_abbrev  0x00005d79       0xfb /Applications/microchip/xc32/v4.10/bin/bin/../../lib/gcc/pic32c/8.3.1/../../../../pic32c/lib/thumb/v6-m/nofp/libg-musl.a(snprintf.o)
 .debug_abbrev  0x00005e74       0xc1 /Applications/microchip/xc32/v4.10/bin/bin/../../lib/gcc/pic32c/8.3.1/../../../../pic32c/lib/thumb/v6-m/nofp/libg-musl.a(__fclose.o)
 .debug_abbrev  0x00005f35      0x14c /Applications/microchip/xc32/v4.10/bin/bin/../../lib/gcc/pic32c/8.3.1/../../../../pic32c/lib/thumb/v6-m/nofp/libg-musl.a(__fwrite.o)
 .debug_abbrev  0x00006081      0x168 /Applications/microchip/xc32/v4.10/bin/bin/../../lib/gcc/pic32c/8.3.1/../../../../pic32c/lib/thumb/v6-m/nofp/libg-musl.a(vsnprintf.o)
 .debug_abbrev  0x000061e9       0xfb /Applications/microchip/xc32/v4.10/bin/bin/../../lib/gcc/pic32c/8.3.1/../../../../pic32c/lib/thumb/v6-m/nofp/libc-musl.a(sprintf.o)
 .debug_abbrev  0x000062e4       0xc0 /Applications/microchip/xc32/v4.10/bin/bin/../../lib/gcc/pic32c/8.3.1/../../../../pic32c/lib/thumb/v6-m/nofp/libc-musl.a(vsprintf.o)
 .debug_abbrev  0x000063a4       0x14 /Applications/microchip/xc32/v4.10/bin/bin/../../lib/gcc/pic32c/8.3.1/thumb/v6-m/nofp/libgcc.a(_udivsi3.o)
 .debug_abbrev  0x000063b8       0x14 /Applications/microchip/xc32/v4.10/bin/bin/../../lib/gcc/pic32c/8.3.1/thumb/v6-m/nofp/libgcc.a(_divsi3.o)
 .debug_abbrev  0x000063cc       0x14 /Applications/microchip/xc32/v4.10/bin/bin/../../lib/gcc/pic32c/8.3.1/thumb/v6-m/nofp/libgcc.a(_dvmd_tls.o)
 .debug_abbrev  0x000063e0       0x14 /Applications/microchip/xc32/v4.10/bin/bin/../../lib/gcc/pic32c/8.3.1/thumb/v6-m/nofp/libgcc.a(_lshrdi3.o)
 .debug_abbrev  0x000063f4       0x14 /Applications/microchip/xc32/v4.10/bin/bin/../../lib/gcc/pic32c/8.3.1/thumb/v6-m/nofp/libgcc.a(_ashldi3.o)
 .debug_abbrev  0x00006408       0x14 /Applications/microchip/xc32/v4.10/bin/bin/../../lib/gcc/pic32c/8.3.1/thumb/v6-m/nofp/libgcc.a(_aeabi_uldivmod.o)
 .debug_abbrev  0x0000641c       0xef /Applications/microchip/xc32/v4.10/bin/bin/../../lib/gcc/pic32c/8.3.1/thumb/v6-m/nofp/libgcc.a(_muldi3.o)
 .debug_abbrev  0x0000650b       0x8e /Applications/microchip/xc32/v4.10/bin/bin/../../lib/gcc/pic32c/8.3.1/thumb/v6-m/nofp/libgcc.a(_udivmoddi4.o)
 .debug_abbrev  0x00006599       0x14 /Applications/microchip/xc32/v4.10/bin/bin/../../lib/gcc/pic32c/8.3.1/thumb/v6-m/nofp/libgcc.a(_clzdi2.o)
 .debug_abbrev  0x000065ad       0x14 /Applications/microchip/xc32/v4.10/bin/bin/../../lib/gcc/pic32c/8.3.1/thumb/v6-m/nofp/libgcc.a(_clzsi2.o)
 .debug_abbrev  0x000065c1       0x2e /Applications/microchip/xc32/v4.10/bin/bin/../../lib/gcc/pic32c/8.3.1/../../../../pic32c/lib/thumb/v6-m/nofp/libpic32c.a(close.o)
 .debug_abbrev  0x000065ef       0x2e /Applications/microchip/xc32/v4.10/bin/bin/../../lib/gcc/pic32c/8.3.1/../../../../pic32c/lib/thumb/v6-m/nofp/libpic32c.a(lseek.o)

.debug_loc      0x00000000     0x9f56
 .debug_loc     0x00000000      0x270 build/default/debug/_ext/60163342/plib_adc.o
 .debug_loc     0x00000270      0x120 build/default/debug/_ext/1984496892/plib_clock.o
 .debug_loc     0x00000390      0x10c build/default/debug/_ext/60167341/plib_eic.o
 .debug_loc     0x0000049c      0x138 build/default/debug/_ext/1865468468/plib_nvic.o
 .debug_loc     0x000005d4      0x388 build/default/debug/_ext/1593096446/plib_nvmctrl.o
 .debug_loc     0x0000095c      0x25c build/default/debug/_ext/1865521619/plib_port.o
 .debug_loc     0x00000bb8      0x164 build/default/debug/_ext/60180175/plib_rtc_clock.o
 .debug_loc     0x00000d1c      0x2e0 build/default/debug/_ext/508257091/plib_sercom3_i2c_master.o
 .debug_loc     0x00000ffc      0x138 build/default/debug/_ext/17022449/plib_sercom0_spi_master.o
 .debug_loc     0x00001134      0x208 build/default/debug/_ext/1827571544/plib_systick.o
 .debug_loc     0x0000133c      0x220 build/default/debug/_ext/829342655/plib_tc3.o
 .debug_loc     0x0000155c       0x70 build/default/debug/_ext/163028504/xc32_monitor.o
 .debug_loc     0x000015cc       0x38 build/default/debug/_ext/1171490990/initialization.o
 .debug_loc     0x00001604       0x58 build/default/debug/_ext/1171490990/exceptions.o
 .debug_loc     0x0000165c       0x20 build/default/debug/_ext/1171490990/startup_xc32.o
 .debug_loc     0x0000167c       0x38 build/default/debug/_ext/1171490990/libc_syscalls.o
 .debug_loc     0x000016b4       0xa8 build/default/debug/_ext/258483974/sht20-sensor-t-h.o
 .debug_loc     0x0000175c      0x268 build/default/debug/_ext/1360937237/main.o
 .debug_loc     0x000019c4      0x870 ../libraries/microchip-LoRa-semtech/microchip-LoRa-semtech.X/dist/default/debug/microchip-LoRa-semtech.X.a(LoRa.o)
 .debug_loc     0x00002234       0x3a ../libraries/sam-rtc-utils/sam-rtc-utils.X/dist/default/debug/sam-rtc-utils.X.a(sam-rtc-utils.o)
 .debug_loc     0x0000226e       0x14 /Applications/microchip/xc32/v4.10/bin/bin/../../lib/gcc/pic32c/8.3.1/../../../../pic32c/lib/thumb/v6-m/nofp/libpic32c.a(data_init.o)
 .debug_loc     0x00002282       0x5e /Applications/microchip/xc32/v4.10/bin/bin/../../lib/gcc/pic32c/8.3.1/../../../../pic32c/lib/thumb/v6-m/nofp/libg-musl.a(__libc_start_main.o)
 .debug_loc     0x000022e0       0xea /Applications/microchip/xc32/v4.10/bin/bin/../../lib/gcc/pic32c/8.3.1/../../../../pic32c/lib/thumb/v6-m/nofp/libg-musl.a(assert.o)
 .debug_loc     0x000023ca       0x20 /Applications/microchip/xc32/v4.10/bin/bin/../../lib/gcc/pic32c/8.3.1/../../../../pic32c/lib/thumb/v6-m/nofp/libg-musl.a(abort.o)
 .debug_loc     0x000023ea       0x86 /Applications/microchip/xc32/v4.10/bin/bin/../../lib/gcc/pic32c/8.3.1/../../../../pic32c/lib/thumb/v6-m/nofp/libg-musl.a(__sio_sscanf_dosux.o)
 .debug_loc     0x00002470       0x66 /Applications/microchip/xc32/v4.10/bin/bin/../../lib/gcc/pic32c/8.3.1/../../../../pic32c/lib/thumb/v6-m/nofp/libg-musl.a(fprintf.o)
 .debug_loc     0x000024d6      0x2a6 /Applications/microchip/xc32/v4.10/bin/bin/../../lib/gcc/pic32c/8.3.1/../../../../pic32c/lib/thumb/v6-m/nofp/libg-musl.a(__fmt_d.o)
 .debug_loc     0x0000277c      0xd09 /Applications/microchip/xc32/v4.10/bin/bin/../../lib/gcc/pic32c/8.3.1/../../../../pic32c/lib/thumb/v6-m/nofp/libg-musl.a(__fmt_fp.o)
 .debug_loc     0x00003485      0x12d /Applications/microchip/xc32/v4.10/bin/bin/../../lib/gcc/pic32c/8.3.1/../../../../pic32c/lib/thumb/v6-m/nofp/libg-musl.a(__fmt_o.o)
 .debug_loc     0x000035b2      0x144 /Applications/microchip/xc32/v4.10/bin/bin/../../lib/gcc/pic32c/8.3.1/../../../../pic32c/lib/thumb/v6-m/nofp/libg-musl.a(__fmt_s.o)
 .debug_loc     0x000036f6      0x2e3 /Applications/microchip/xc32/v4.10/bin/bin/../../lib/gcc/pic32c/8.3.1/../../../../pic32c/lib/thumb/v6-m/nofp/libg-musl.a(__fmt_u.o)
 .debug_loc     0x000039d9      0x391 /Applications/microchip/xc32/v4.10/bin/bin/../../lib/gcc/pic32c/8.3.1/../../../../pic32c/lib/thumb/v6-m/nofp/libg-musl.a(__fmt_x.o)
 .debug_loc     0x00003d6a      0x6c7 /Applications/microchip/xc32/v4.10/bin/bin/../../lib/gcc/pic32c/8.3.1/../../../../pic32c/lib/thumb/v6-m/nofp/libg-musl.a(__printf_core.o)
 .debug_loc     0x00004431      0x2cb /Applications/microchip/xc32/v4.10/bin/bin/../../lib/gcc/pic32c/8.3.1/../../../../pic32c/lib/thumb/v6-m/nofp/libg-musl.a(__scan_d.o)
 .debug_loc     0x000046fc      0x2ee /Applications/microchip/xc32/v4.10/bin/bin/../../lib/gcc/pic32c/8.3.1/../../../../pic32c/lib/thumb/v6-m/nofp/libg-musl.a(__scan_i.o)
 .debug_loc     0x000049ea      0x1dd /Applications/microchip/xc32/v4.10/bin/bin/../../lib/gcc/pic32c/8.3.1/../../../../pic32c/lib/thumb/v6-m/nofp/libg-musl.a(__scan_o.o)
 .debug_loc     0x00004bc7      0x1a6 /Applications/microchip/xc32/v4.10/bin/bin/../../lib/gcc/pic32c/8.3.1/../../../../pic32c/lib/thumb/v6-m/nofp/libg-musl.a(__scan_s.o)
 .debug_loc     0x00004d6d       0xe3 /Applications/microchip/xc32/v4.10/bin/bin/../../lib/gcc/pic32c/8.3.1/../../../../pic32c/lib/thumb/v6-m/nofp/libg-musl.a(__scan_u.o)
 .debug_loc     0x00004e50      0x21d /Applications/microchip/xc32/v4.10/bin/bin/../../lib/gcc/pic32c/8.3.1/../../../../pic32c/lib/thumb/v6-m/nofp/libg-musl.a(__scan_x.o)
 .debug_loc     0x0000506d      0xc2c /Applications/microchip/xc32/v4.10/bin/bin/../../lib/gcc/pic32c/8.3.1/../../../../pic32c/lib/thumb/v6-m/nofp/libg-musl.a(__scanf_core.o)
 .debug_loc     0x00005c99       0xcc /Applications/microchip/xc32/v4.10/bin/bin/../../lib/gcc/pic32c/8.3.1/../../../../pic32c/lib/thumb/v6-m/nofp/libg-musl.a(fflush.o)
 .debug_loc     0x00005d65       0x40 /Applications/microchip/xc32/v4.10/bin/bin/../../lib/gcc/pic32c/8.3.1/../../../../pic32c/lib/thumb/v6-m/nofp/libg-musl.a(stderr.o)
 .debug_loc     0x00005da5       0xd0 /Applications/microchip/xc32/v4.10/bin/bin/../../lib/gcc/pic32c/8.3.1/../../../../pic32c/lib/thumb/v6-m/nofp/libg-musl.a(vfprintf.o)
 .debug_loc     0x00005e75       0xdc /Applications/microchip/xc32/v4.10/bin/bin/../../lib/gcc/pic32c/8.3.1/../../../../pic32c/lib/thumb/v6-m/nofp/libg-musl.a(atoi.o)
 .debug_loc     0x00005f51      0x48b /Applications/microchip/xc32/v4.10/bin/bin/../../lib/gcc/pic32c/8.3.1/../../../../pic32c/lib/thumb/v6-m/nofp/libg-musl.a(strtol.o)
 .debug_loc     0x000063dc      0x109 /Applications/microchip/xc32/v4.10/bin/bin/../../lib/gcc/pic32c/8.3.1/../../../../pic32c/lib/thumb/v6-m/nofp/libg-musl.a(memcpy.o)
 .debug_loc     0x000064e5       0x80 /Applications/microchip/xc32/v4.10/bin/bin/../../lib/gcc/pic32c/8.3.1/../../../../pic32c/lib/thumb/v6-m/nofp/libg-musl.a(memset.o)
 .debug_loc     0x00006565       0x54 /Applications/microchip/xc32/v4.10/bin/bin/../../lib/gcc/pic32c/8.3.1/../../../../pic32c/lib/thumb/v6-m/nofp/libg-musl.a(strlen.o)
 .debug_loc     0x000065b9       0x96 /Applications/microchip/xc32/v4.10/bin/bin/../../lib/gcc/pic32c/8.3.1/../../../../pic32c/lib/thumb/v6-m/nofp/libg-musl.a(strcmp.o)
 .debug_loc     0x0000664f       0x74 /Applications/microchip/xc32/v4.10/bin/bin/../../lib/gcc/pic32c/8.3.1/../../../../pic32c/lib/thumb/v6-m/nofp/libg-musl.a(strcpy.o)
 .debug_loc     0x000066c3      0x1b1 /Applications/microchip/xc32/v4.10/bin/bin/../../lib/gcc/pic32c/8.3.1/../../../../pic32c/lib/thumb/v6-m/nofp/libg-musl.a(strncat.o)
 .debug_loc     0x00006874       0x45 /Applications/microchip/xc32/v4.10/bin/bin/../../lib/gcc/pic32c/8.3.1/../../../../pic32c/lib/thumb/v6-m/nofp/libg-musl.a(asctime.o)
 .debug_loc     0x000068b9       0x9c /Applications/microchip/xc32/v4.10/bin/bin/../../lib/gcc/pic32c/8.3.1/../../../../pic32c/lib/thumb/v6-m/nofp/libg-musl.a(isxdigit.o)
 .debug_loc     0x00006955       0x8f /Applications/microchip/xc32/v4.10/bin/bin/../../lib/gcc/pic32c/8.3.1/../../../../pic32c/lib/thumb/v6-m/nofp/libg-musl.a(tolower.o)
 .debug_loc     0x000069e4       0x8f /Applications/microchip/xc32/v4.10/bin/bin/../../lib/gcc/pic32c/8.3.1/../../../../pic32c/lib/thumb/v6-m/nofp/libg-musl.a(toupper.o)
 .debug_loc     0x00006a73       0x45 /Applications/microchip/xc32/v4.10/bin/bin/../../lib/gcc/pic32c/8.3.1/../../../../pic32c/lib/thumb/v6-m/nofp/libg-musl.a(_Exit.o)
 .debug_loc     0x00006ab8      0x751 /Applications/microchip/xc32/v4.10/bin/bin/../../lib/gcc/pic32c/8.3.1/../../../../pic32c/lib/thumb/v6-m/nofp/libg-musl.a(intscan.o)
 .debug_loc     0x00007209       0xad /Applications/microchip/xc32/v4.10/bin/bin/../../lib/gcc/pic32c/8.3.1/../../../../pic32c/lib/thumb/v6-m/nofp/libg-musl.a(shgetc.o)
 .debug_loc     0x000072b6      0x142 /Applications/microchip/xc32/v4.10/bin/bin/../../lib/gcc/pic32c/8.3.1/../../../../pic32c/lib/thumb/v6-m/nofp/libg-musl.a(__int_vsscanf.o)
 .debug_loc     0x000073f8       0xf1 /Applications/microchip/xc32/v4.10/bin/bin/../../lib/gcc/pic32c/8.3.1/../../../../pic32c/lib/thumb/v6-m/nofp/libg-musl.a(__string_read.o)
 .debug_loc     0x000074e9       0x5f /Applications/microchip/xc32/v4.10/bin/bin/../../lib/gcc/pic32c/8.3.1/../../../../pic32c/lib/thumb/v6-m/nofp/libg-musl.a(__uflow.o)
 .debug_loc     0x00007548       0x6f /Applications/microchip/xc32/v4.10/bin/bin/../../lib/gcc/pic32c/8.3.1/../../../../pic32c/lib/thumb/v6-m/nofp/libg-musl.a(__pop_float.o)
 .debug_loc     0x000075b7      0x281 /Applications/microchip/xc32/v4.10/bin/bin/../../lib/gcc/pic32c/8.3.1/../../../../pic32c/lib/thumb/v6-m/nofp/libg-musl.a(__pop_int.o)
 .debug_loc     0x00007838      0x1fe /Applications/microchip/xc32/v4.10/bin/bin/../../lib/gcc/pic32c/8.3.1/../../../../pic32c/lib/thumb/v6-m/nofp/libg-musl.a(__pop_ptr.o)
 .debug_loc     0x00007a36      0x15a /Applications/microchip/xc32/v4.10/bin/bin/../../lib/gcc/pic32c/8.3.1/../../../../pic32c/lib/thumb/v6-m/nofp/libg-musl.a(__push_float.o)
 .debug_loc     0x00007b90      0x2ae /Applications/microchip/xc32/v4.10/bin/bin/../../lib/gcc/pic32c/8.3.1/../../../../pic32c/lib/thumb/v6-m/nofp/libg-musl.a(__push_int.o)
 .debug_loc     0x00007e3e       0xa8 /Applications/microchip/xc32/v4.10/bin/bin/../../lib/gcc/pic32c/8.3.1/../../../../pic32c/lib/thumb/v6-m/nofp/libg-musl.a(memchr.o)
 .debug_loc     0x00007ee6       0x90 /Applications/microchip/xc32/v4.10/bin/bin/../../lib/gcc/pic32c/8.3.1/../../../../pic32c/lib/thumb/v6-m/nofp/libg-musl.a(stpcpy.o)
 .debug_loc     0x00007f76       0x8d /Applications/microchip/xc32/v4.10/bin/bin/../../lib/gcc/pic32c/8.3.1/../../../../pic32c/lib/thumb/v6-m/nofp/libg-musl.a(__asctime.o)
 .debug_loc     0x00008003      0x237 /Applications/microchip/xc32/v4.10/bin/bin/../../lib/gcc/pic32c/8.3.1/../../../../pic32c/lib/thumb/v6-m/nofp/libg-musl.a(langinfo.o)
 .debug_loc     0x0000823a       0xb0 /Applications/microchip/xc32/v4.10/bin/bin/../../lib/gcc/pic32c/8.3.1/../../../../pic32c/lib/thumb/v6-m/nofp/libg-musl.a(__int_vfscanf.o)
 .debug_loc     0x000082ea       0x7f /Applications/microchip/xc32/v4.10/bin/bin/../../lib/gcc/pic32c/8.3.1/../../../../pic32c/lib/thumb/v6-m/nofp/libg-musl.a(__toread.o)
 .debug_loc     0x00008369      0xd41 /Applications/microchip/xc32/v4.10/bin/bin/../../lib/gcc/pic32c/8.3.1/../../../../pic32c/lib/thumb/v6-m/nofp/libg-musl.a(__fmt_a.o)
 .debug_loc     0x000090aa       0x20 /Applications/microchip/xc32/v4.10/bin/bin/../../lib/gcc/pic32c/8.3.1/../../../../pic32c/lib/thumb/v6-m/nofp/libg-musl.a(__init_stdio.o)
 .debug_loc     0x000090ca      0x1e6 /Applications/microchip/xc32/v4.10/bin/bin/../../lib/gcc/pic32c/8.3.1/../../../../pic32c/lib/thumb/v6-m/nofp/libg-musl.a(__out.o)
 .debug_loc     0x000092b0       0x45 /Applications/microchip/xc32/v4.10/bin/bin/../../lib/gcc/pic32c/8.3.1/../../../../pic32c/lib/thumb/v6-m/nofp/libg-musl.a(__stderr.o)
 .debug_loc     0x000092f5      0x1d8 /Applications/microchip/xc32/v4.10/bin/bin/../../lib/gcc/pic32c/8.3.1/../../../../pic32c/lib/thumb/v6-m/nofp/libg-musl.a(__stdio_close.o)
 .debug_loc     0x000094cd      0x1b6 /Applications/microchip/xc32/v4.10/bin/bin/../../lib/gcc/pic32c/8.3.1/../../../../pic32c/lib/thumb/v6-m/nofp/libg-musl.a(__stdio_seek.o)
 .debug_loc     0x00009683       0x8b /Applications/microchip/xc32/v4.10/bin/bin/../../lib/gcc/pic32c/8.3.1/../../../../pic32c/lib/thumb/v6-m/nofp/libg-musl.a(snprintf.o)
 .debug_loc     0x0000970e       0x77 /Applications/microchip/xc32/v4.10/bin/bin/../../lib/gcc/pic32c/8.3.1/../../../../pic32c/lib/thumb/v6-m/nofp/libg-musl.a(__fclose.o)
 .debug_loc     0x00009785      0x175 /Applications/microchip/xc32/v4.10/bin/bin/../../lib/gcc/pic32c/8.3.1/../../../../pic32c/lib/thumb/v6-m/nofp/libg-musl.a(__fwrite.o)
 .debug_loc     0x000098fa      0x10c /Applications/microchip/xc32/v4.10/bin/bin/../../lib/gcc/pic32c/8.3.1/../../../../pic32c/lib/thumb/v6-m/nofp/libg-musl.a(vsnprintf.o)
 .debug_loc     0x00009a06       0x66 /Applications/microchip/xc32/v4.10/bin/bin/../../lib/gcc/pic32c/8.3.1/../../../../pic32c/lib/thumb/v6-m/nofp/libc-musl.a(sprintf.o)
 .debug_loc     0x00009a6c       0x8c /Applications/microchip/xc32/v4.10/bin/bin/../../lib/gcc/pic32c/8.3.1/../../../../pic32c/lib/thumb/v6-m/nofp/libc-musl.a(vsprintf.o)
 .debug_loc     0x00009af8      0x177 /Applications/microchip/xc32/v4.10/bin/bin/../../lib/gcc/pic32c/8.3.1/thumb/v6-m/nofp/libgcc.a(_muldi3.o)
 .debug_loc     0x00009c6f      0x2e7 /Applications/microchip/xc32/v4.10/bin/bin/../../lib/gcc/pic32c/8.3.1/thumb/v6-m/nofp/libgcc.a(_udivmoddi4.o)

.debug_aranges  0x00000000     0x1148
 .debug_aranges
                0x00000000       0x78 build/default/debug/_ext/60163342/plib_adc.o
 .debug_aranges
                0x00000078       0x48 build/default/debug/_ext/1984496892/plib_clock.o
 .debug_aranges
                0x000000c0       0x40 build/default/debug/_ext/60167341/plib_eic.o
 .debug_aranges
                0x00000100       0x48 build/default/debug/_ext/1865468468/plib_nvic.o
 .debug_aranges
                0x00000148       0xa0 build/default/debug/_ext/1593096446/plib_nvmctrl.o
 .debug_aranges
                0x000001e8       0x70 build/default/debug/_ext/1865521619/plib_port.o
 .debug_aranges
                0x00000258       0x50 build/default/debug/_ext/60180175/plib_rtc_clock.o
 .debug_aranges
                0x000002a8       0x88 build/default/debug/_ext/508257091/plib_sercom3_i2c_master.o
 .debug_aranges
                0x00000330       0x48 build/default/debug/_ext/17022449/plib_sercom0_spi_master.o
 .debug_aranges
                0x00000378       0x70 build/default/debug/_ext/1827571544/plib_systick.o
 .debug_aranges
                0x000003e8       0x70 build/default/debug/_ext/829342655/plib_tc3.o
 .debug_aranges
                0x00000458       0x28 build/default/debug/_ext/163028504/xc32_monitor.o
 .debug_aranges
                0x00000480       0x20 build/default/debug/_ext/1171490990/initialization.o
 .debug_aranges
                0x000004a0       0x20 build/default/debug/_ext/1171490990/interrupts.o
 .debug_aranges
                0x000004c0       0x28 build/default/debug/_ext/1171490990/exceptions.o
 .debug_aranges
                0x000004e8       0x28 build/default/debug/_ext/1171490990/startup_xc32.o
 .debug_aranges
                0x00000510       0x20 build/default/debug/_ext/1171490990/libc_syscalls.o
 .debug_aranges
                0x00000530       0x30 build/default/debug/_ext/258483974/sht20-sensor-t-h.o
 .debug_aranges
                0x00000560       0x78 build/default/debug/_ext/1360937237/main.o
 .debug_aranges
                0x000005d8       0x20 ../libraries/microchip-LoRa-semtech/microchip-LoRa-semtech.X/dist/default/debug/microchip-LoRa-semtech.X.a(LoRa.o)
 .debug_aranges
                0x000005f8       0x20 ../libraries/sam-rtc-utils/sam-rtc-utils.X/dist/default/debug/sam-rtc-utils.X.a(sam-rtc-utils.o)
 .debug_aranges
                0x00000618       0x20 /Applications/microchip/xc32/v4.10/bin/bin/../../lib/gcc/pic32c/8.3.1/../../../../pic32c/lib/thumb/v6-m/nofp/libpic32c.a(data_init.o)
 .debug_aranges
                0x00000638       0x28 /Applications/microchip/xc32/v4.10/bin/bin/../../lib/gcc/pic32c/8.3.1/../../../../pic32c/lib/thumb/v6-m/nofp/libg-musl.a(__libc_start_main.o)
 .debug_aranges
                0x00000660       0x20 /Applications/microchip/xc32/v4.10/bin/bin/../../lib/gcc/pic32c/8.3.1/../../../../pic32c/lib/thumb/v6-m/nofp/libg-musl.a(assert.o)
 .debug_aranges
                0x00000680       0x20 /Applications/microchip/xc32/v4.10/bin/bin/../../lib/gcc/pic32c/8.3.1/../../../../pic32c/lib/thumb/v6-m/nofp/libg-musl.a(abort.o)
 .debug_aranges
                0x000006a0       0x18 /Applications/microchip/xc32/v4.10/bin/bin/../../lib/gcc/pic32c/8.3.1/../../../../pic32c/lib/thumb/v6-m/nofp/libg-musl.a(libc.o)
 .debug_aranges
                0x000006b8       0x28 /Applications/microchip/xc32/v4.10/bin/bin/../../lib/gcc/pic32c/8.3.1/../../../../pic32c/lib/thumb/v6-m/nofp/libg-musl.a(__sio_sscanf_dosux.o)
 .debug_aranges
                0x000006e0       0x20 /Applications/microchip/xc32/v4.10/bin/bin/../../lib/gcc/pic32c/8.3.1/../../../../pic32c/lib/thumb/v6-m/nofp/libg-musl.a(fprintf.o)
 .debug_aranges
                0x00000700       0x20 /Applications/microchip/xc32/v4.10/bin/bin/../../lib/gcc/pic32c/8.3.1/../../../../pic32c/lib/thumb/v6-m/nofp/libg-musl.a(__fmt_d.o)
 .debug_aranges
                0x00000720       0x20 /Applications/microchip/xc32/v4.10/bin/bin/../../lib/gcc/pic32c/8.3.1/../../../../pic32c/lib/thumb/v6-m/nofp/libg-musl.a(__fmt_fp.o)
 .debug_aranges
                0x00000740       0x20 /Applications/microchip/xc32/v4.10/bin/bin/../../lib/gcc/pic32c/8.3.1/../../../../pic32c/lib/thumb/v6-m/nofp/libg-musl.a(__fmt_o.o)
 .debug_aranges
                0x00000760       0x20 /Applications/microchip/xc32/v4.10/bin/bin/../../lib/gcc/pic32c/8.3.1/../../../../pic32c/lib/thumb/v6-m/nofp/libg-musl.a(__fmt_s.o)
 .debug_aranges
                0x00000780       0x28 /Applications/microchip/xc32/v4.10/bin/bin/../../lib/gcc/pic32c/8.3.1/../../../../pic32c/lib/thumb/v6-m/nofp/libg-musl.a(__fmt_u.o)
 .debug_aranges
                0x000007a8       0x20 /Applications/microchip/xc32/v4.10/bin/bin/../../lib/gcc/pic32c/8.3.1/../../../../pic32c/lib/thumb/v6-m/nofp/libg-musl.a(__fmt_x.o)
 .debug_aranges
                0x000007c8       0x50 /Applications/microchip/xc32/v4.10/bin/bin/../../lib/gcc/pic32c/8.3.1/../../../../pic32c/lib/thumb/v6-m/nofp/libg-musl.a(__printf_core.o)
 .debug_aranges
                0x00000818       0x30 /Applications/microchip/xc32/v4.10/bin/bin/../../lib/gcc/pic32c/8.3.1/../../../../pic32c/lib/thumb/v6-m/nofp/libg-musl.a(__scan_d.o)
 .debug_aranges
                0x00000848       0x20 /Applications/microchip/xc32/v4.10/bin/bin/../../lib/gcc/pic32c/8.3.1/../../../../pic32c/lib/thumb/v6-m/nofp/libg-musl.a(__scan_i.o)
 .debug_aranges
                0x00000868       0x20 /Applications/microchip/xc32/v4.10/bin/bin/../../lib/gcc/pic32c/8.3.1/../../../../pic32c/lib/thumb/v6-m/nofp/libg-musl.a(__scan_o.o)
 .debug_aranges
                0x00000888       0x20 /Applications/microchip/xc32/v4.10/bin/bin/../../lib/gcc/pic32c/8.3.1/../../../../pic32c/lib/thumb/v6-m/nofp/libg-musl.a(__scan_s.o)
 .debug_aranges
                0x000008a8       0x20 /Applications/microchip/xc32/v4.10/bin/bin/../../lib/gcc/pic32c/8.3.1/../../../../pic32c/lib/thumb/v6-m/nofp/libg-musl.a(__scan_u.o)
 .debug_aranges
                0x000008c8       0x20 /Applications/microchip/xc32/v4.10/bin/bin/../../lib/gcc/pic32c/8.3.1/../../../../pic32c/lib/thumb/v6-m/nofp/libg-musl.a(__scan_x.o)
 .debug_aranges
                0x000008e8       0x48 /Applications/microchip/xc32/v4.10/bin/bin/../../lib/gcc/pic32c/8.3.1/../../../../pic32c/lib/thumb/v6-m/nofp/libg-musl.a(__scanf_core.o)
 .debug_aranges
                0x00000930       0x30 /Applications/microchip/xc32/v4.10/bin/bin/../../lib/gcc/pic32c/8.3.1/../../../../pic32c/lib/thumb/v6-m/nofp/libg-musl.a(fflush.o)
 .debug_aranges
                0x00000960       0x30 /Applications/microchip/xc32/v4.10/bin/bin/../../lib/gcc/pic32c/8.3.1/../../../../pic32c/lib/thumb/v6-m/nofp/libg-musl.a(stderr.o)
 .debug_aranges
                0x00000990       0x28 /Applications/microchip/xc32/v4.10/bin/bin/../../lib/gcc/pic32c/8.3.1/../../../../pic32c/lib/thumb/v6-m/nofp/libg-musl.a(vfprintf.o)
 .debug_aranges
                0x000009b8       0x20 /Applications/microchip/xc32/v4.10/bin/bin/../../lib/gcc/pic32c/8.3.1/../../../../pic32c/lib/thumb/v6-m/nofp/libg-musl.a(atoi.o)
 .debug_aranges
                0x000009d8       0x50 /Applications/microchip/xc32/v4.10/bin/bin/../../lib/gcc/pic32c/8.3.1/../../../../pic32c/lib/thumb/v6-m/nofp/libg-musl.a(strtol.o)
 .debug_aranges
                0x00000a28       0x20 /Applications/microchip/xc32/v4.10/bin/bin/../../lib/gcc/pic32c/8.3.1/../../../../pic32c/lib/thumb/v6-m/nofp/libg-musl.a(memcpy.o)
 .debug_aranges
                0x00000a48       0x20 /Applications/microchip/xc32/v4.10/bin/bin/../../lib/gcc/pic32c/8.3.1/../../../../pic32c/lib/thumb/v6-m/nofp/libg-musl.a(memset.o)
 .debug_aranges
                0x00000a68       0x20 /Applications/microchip/xc32/v4.10/bin/bin/../../lib/gcc/pic32c/8.3.1/../../../../pic32c/lib/thumb/v6-m/nofp/libg-musl.a(strlen.o)
 .debug_aranges
                0x00000a88       0x20 /Applications/microchip/xc32/v4.10/bin/bin/../../lib/gcc/pic32c/8.3.1/../../../../pic32c/lib/thumb/v6-m/nofp/libg-musl.a(strcmp.o)
 .debug_aranges
                0x00000aa8       0x20 /Applications/microchip/xc32/v4.10/bin/bin/../../lib/gcc/pic32c/8.3.1/../../../../pic32c/lib/thumb/v6-m/nofp/libg-musl.a(strcpy.o)
 .debug_aranges
                0x00000ac8       0x20 /Applications/microchip/xc32/v4.10/bin/bin/../../lib/gcc/pic32c/8.3.1/../../../../pic32c/lib/thumb/v6-m/nofp/libg-musl.a(strncat.o)
 .debug_aranges
                0x00000ae8       0x20 /Applications/microchip/xc32/v4.10/bin/bin/../../lib/gcc/pic32c/8.3.1/../../../../pic32c/lib/thumb/v6-m/nofp/libg-musl.a(asctime.o)
 .debug_aranges
                0x00000b08       0x28 /Applications/microchip/xc32/v4.10/bin/bin/../../lib/gcc/pic32c/8.3.1/../../../../pic32c/lib/thumb/v6-m/nofp/libg-musl.a(isxdigit.o)
 .debug_aranges
                0x00000b30       0x28 /Applications/microchip/xc32/v4.10/bin/bin/../../lib/gcc/pic32c/8.3.1/../../../../pic32c/lib/thumb/v6-m/nofp/libg-musl.a(tolower.o)
 .debug_aranges
                0x00000b58       0x28 /Applications/microchip/xc32/v4.10/bin/bin/../../lib/gcc/pic32c/8.3.1/../../../../pic32c/lib/thumb/v6-m/nofp/libg-musl.a(toupper.o)
 .debug_aranges
                0x00000b80       0x18 /Applications/microchip/xc32/v4.10/bin/bin/../../lib/gcc/pic32c/8.3.1/../../../../pic32c/lib/thumb/v6-m/nofp/libg-musl.a(__environ.o)
 .debug_aranges
                0x00000b98       0x18 /Applications/microchip/xc32/v4.10/bin/bin/../../lib/gcc/pic32c/8.3.1/../../../../pic32c/lib/thumb/v6-m/nofp/libg-musl.a(__errno_location.o)
 .debug_aranges
                0x00000bb0       0x20 /Applications/microchip/xc32/v4.10/bin/bin/../../lib/gcc/pic32c/8.3.1/../../../../pic32c/lib/thumb/v6-m/nofp/libg-musl.a(_Exit.o)
 .debug_aranges
                0x00000bd0       0x20 /Applications/microchip/xc32/v4.10/bin/bin/../../lib/gcc/pic32c/8.3.1/../../../../pic32c/lib/thumb/v6-m/nofp/libg-musl.a(intscan.o)
 .debug_aranges
                0x00000bf0       0x28 /Applications/microchip/xc32/v4.10/bin/bin/../../lib/gcc/pic32c/8.3.1/../../../../pic32c/lib/thumb/v6-m/nofp/libg-musl.a(shgetc.o)
 .debug_aranges
                0x00000c18       0x28 /Applications/microchip/xc32/v4.10/bin/bin/../../lib/gcc/pic32c/8.3.1/../../../../pic32c/lib/thumb/v6-m/nofp/libg-musl.a(__int_vsscanf.o)
 .debug_aranges