Archive member included to satisfy reference by file (symbol)

../src/libraries/sam-rtc-utils/sam-rtc-utils.X/dist/default/debug/sam-rtc-utils.X.a(sam-rtc-utils.o)
                              build/default/debug/_ext/1360937237/main.o (getCurrentTimeTm)
../src/libraries/microchip-LoRa-semtech/microchip-LoRa-semtech.X/dist/default/debug/microchip-LoRa-semtech.X.a(LoRa.o)
                              build/default/debug/_ext/1360937237/main.o (LoRaInitDriver)
/Applications/microchip/xc32/v4.10/bin/bin/../../lib/gcc/pic32c/8.3.1/../../../../pic32c/lib/thumb/v6-m/nofp/libpic32c.a(data_init.o)
                              build/default/debug/_ext/1171490990/startup_xc32.o (__pic32c_data_initialization)
/Applications/microchip/xc32/v4.10/bin/bin/../../lib/gcc/pic32c/8.3.1/../../../../pic32c/lib/thumb/v6-m/nofp/libm-emfloat.a(floatasmops_arm.o)
                              build/default/debug/_ext/508257091/plib_sercom3_i2c_master.o (__aeabi_fadd)
/Applications/microchip/xc32/v4.10/bin/bin/../../lib/gcc/pic32c/8.3.1/../../../../pic32c/lib/thumb/v6-m/nofp/libg-musl.a(__libc_start_main.o)
                              build/default/debug/_ext/1171490990/startup_xc32.o (__libc_init_array)
/Applications/microchip/xc32/v4.10/bin/bin/../../lib/gcc/pic32c/8.3.1/../../../../pic32c/lib/thumb/v6-m/nofp/libg-musl.a(assert.o)
                              ../src/libraries/microchip-LoRa-semtech/microchip-LoRa-semtech.X/dist/default/debug/microchip-LoRa-semtech.X.a(LoRa.o) (__assert_fail)
/Applications/microchip/xc32/v4.10/bin/bin/../../lib/gcc/pic32c/8.3.1/../../../../pic32c/lib/thumb/v6-m/nofp/libg-musl.a(abort.o)
                              /Applications/microchip/xc32/v4.10/bin/bin/../../lib/gcc/pic32c/8.3.1/../../../../pic32c/lib/thumb/v6-m/nofp/libg-musl.a(assert.o) (abort)
/Applications/microchip/xc32/v4.10/bin/bin/../../lib/gcc/pic32c/8.3.1/../../../../pic32c/lib/thumb/v6-m/nofp/libg-musl.a(libc.o)
                              /Applications/microchip/xc32/v4.10/bin/bin/../../lib/gcc/pic32c/8.3.1/../../../../pic32c/lib/thumb/v6-m/nofp/libg-musl.a(__libc_start_main.o) (__progname_full)
/Applications/microchip/xc32/v4.10/bin/bin/../../lib/gcc/pic32c/8.3.1/../../../../pic32c/lib/thumb/v6-m/nofp/libg-musl.a(__sio_sprintf_fs.o)
                              (_sprintf_fFgGs)
/Applications/microchip/xc32/v4.10/bin/bin/../../lib/gcc/pic32c/8.3.1/../../../../pic32c/lib/thumb/v6-m/nofp/libg-musl.a(__sio_sscanf_dosux.o)
                              (_sscanf_cdnopsuxX)
/Applications/microchip/xc32/v4.10/bin/bin/../../lib/gcc/pic32c/8.3.1/../../../../pic32c/lib/thumb/v6-m/nofp/libg-musl.a(fprintf.o)
                              /Applications/microchip/xc32/v4.10/bin/bin/../../lib/gcc/pic32c/8.3.1/../../../../pic32c/lib/thumb/v6-m/nofp/libg-musl.a(assert.o) (fprintf)
/Applications/microchip/xc32/v4.10/bin/bin/../../lib/gcc/pic32c/8.3.1/../../../../pic32c/lib/thumb/v6-m/nofp/libg-musl.a(__fmt_fp.o)
                              /Applications/microchip/xc32/v4.10/bin/bin/../../lib/gcc/pic32c/8.3.1/../../../../pic32c/lib/thumb/v6-m/nofp/libg-musl.a(__sio_sprintf_fs.o) (__fmt_f_needed)
/Applications/microchip/xc32/v4.10/bin/bin/../../lib/gcc/pic32c/8.3.1/../../../../pic32c/lib/thumb/v6-m/nofp/libg-musl.a(__fmt_s.o)
                              /Applications/microchip/xc32/v4.10/bin/bin/../../lib/gcc/pic32c/8.3.1/../../../../pic32c/lib/thumb/v6-m/nofp/libg-musl.a(__sio_sprintf_fs.o) (__fmt_s_needed)
/Applications/microchip/xc32/v4.10/bin/bin/../../lib/gcc/pic32c/8.3.1/../../../../pic32c/lib/thumb/v6-m/nofp/libg-musl.a(__printf_core.o)
                              /Applications/microchip/xc32/v4.10/bin/bin/../../lib/gcc/pic32c/8.3.1/../../../../pic32c/lib/thumb/v6-m/nofp/libg-musl.a(__fmt_fp.o) (__pad)
/Applications/microchip/xc32/v4.10/bin/bin/../../lib/gcc/pic32c/8.3.1/../../../../pic32c/lib/thumb/v6-m/nofp/libg-musl.a(__scan_d.o)
                              /Applications/microchip/xc32/v4.10/bin/bin/../../lib/gcc/pic32c/8.3.1/../../../../pic32c/lib/thumb/v6-m/nofp/libg-musl.a(__sio_sscanf_dosux.o) (__scan_d_needed)
/Applications/microchip/xc32/v4.10/bin/bin/../../lib/gcc/pic32c/8.3.1/../../../../pic32c/lib/thumb/v6-m/nofp/libg-musl.a(__scan_i.o)
                              /Applications/microchip/xc32/v4.10/bin/bin/../../lib/gcc/pic32c/8.3.1/../../../../pic32c/lib/thumb/v6-m/nofp/libg-musl.a(__scan_d.o) (__scan_i_needed)
/Applications/microchip/xc32/v4.10/bin/bin/../../lib/gcc/pic32c/8.3.1/../../../../pic32c/lib/thumb/v6-m/nofp/libg-musl.a(__scan_o.o)
                              /Applications/microchip/xc32/v4.10/bin/bin/../../lib/gcc/pic32c/8.3.1/../../../../pic32c/lib/thumb/v6-m/nofp/libg-musl.a(__sio_sscanf_dosux.o) (__scan_o_needed)
/Applications/microchip/xc32/v4.10/bin/bin/../../lib/gcc/pic32c/8.3.1/../../../../pic32c/lib/thumb/v6-m/nofp/libg-musl.a(__scan_s.o)
[...]
Memory Configuration

Name             Origin             Length             Attributes
rom              0x00000000         0x00020000         xrl
ram              0x20000000         0x00004000         xw !r
config_00804000  0x00804000         0x00000004
config_00804004  0x00804004         0x00000004
*default*        0x00000000         0xffffffff

Linker script and memory map

LOAD /Applications/microchip/xc32/v4.10/bin/bin/../../lib/gcc/pic32c/8.3.1/thumb/v6-m/nofp/crti.o
LOAD /Applications/microchip/xc32/v4.10/bin/bin/../../lib/gcc/pic32c/8.3.1/thumb/v6-m/nofp/crtbegin.o
LOAD build/default/debug/_ext/60163342/plib_adc.o
LOAD build/default/debug/_ext/1984496892/plib_clock.o
LOAD build/default/debug/_ext/60167341/plib_eic.o
LOAD build/default/debug/_ext/1986646378/plib_evsys.o
LOAD build/default/debug/_ext/1865468468/plib_nvic.o
LOAD build/default/debug/_ext/1593096446/plib_nvmctrl.o
LOAD build/default/debug/_ext/829342769/plib_pm.o
LOAD build/default/debug/_ext/1865521619/plib_port.o
LOAD build/default/debug/_ext/60180175/plib_rtc_clock.o
LOAD build/default/debug/_ext/508257091/plib_sercom3_i2c_master.o
LOAD build/default/debug/_ext/17022449/plib_sercom0_spi_master.o
LOAD build/default/debug/_ext/829342655/plib_tc3.o
LOAD build/default/debug/_ext/163028504/xc32_monitor.o
LOAD build/default/debug/_ext/1171490990/initialization.o
LOAD build/default/debug/_ext/1171490990/interrupts.o
LOAD build/default/debug/_ext/1171490990/exceptions.o
LOAD build/default/debug/_ext/1171490990/startup_xc32.o
LOAD build/default/debug/_ext/1171490990/libc_syscalls.o
LOAD build/default/debug/_ext/258483974/sht20-sensor-t-h.o
LOAD build/default/debug/_ext/1360937237/main.o
LOAD build/default/debug/_ext/1827571544/plib_systick.o
LOAD ../src/libraries/sam-rtc-utils/sam-rtc-utils.X/dist/default/debug/sam-rtc-utils.X.a
LOAD ../src/libraries/microchip-LoRa-semtech/microchip-LoRa-semtech.X/dist/default/debug/microchip-LoRa-semtech.X.a
                0x00000001                __MPLAB_BUILD = 0x1
                0x00020000                __rom_end = (ORIGIN (rom) + LENGTH (rom))
                0x20004000                __ram_end = (ORIGIN (ram) + LENGTH (ram))

.config_00804000
 *(.config_00804000)

.config_00804004
 *(.config_00804004)

.vectors        0x00000000       0xb8
                0x00000000                . = ALIGN (0x4)
                0x00000000                _sfixed = .
 *(.vectors .vectors.* .vectors_default .vectors_default.*)
 .vectors.exception_table
                0x00000000       0xb8 build/default/debug/_ext/1171490990/interrupts.o
                0x00000000                exception_table
 *(.isr_vector)
 *(.reset*)
 *(.after_vectors)

.text           0x000000b8       0x20
                0x000000b8                . = ALIGN (0x4)
 *(.glue_7t)
 .glue_7t       0x000000b8        0x0 linker stubs
 *(.glue_7)
 .glue_7        0x000000b8        0x0 linker stubs
 *(.gnu.linkonce.r.*)
 *(.ARM.extab* .gnu.linkonce.armextab.*)
                0x000000b8                . = ALIGN (0x4)
 *(.init)
 .init          0x000000b8        0x4 /Applications/microchip/xc32/v4.10/bin/bin/../../lib/gcc/pic32c/8.3.1/thumb/v6-m/nofp/crti.o
                0x000000b8                _init
 .init          0x000000bc        0x8 /Applications/microchip/xc32/v4.10/bin/bin/../../lib/gcc/pic32c/8.3.1/thumb/v6-m/nofp/crtn.o
                0x000000c4                . = ALIGN (0x4)
                0x000000c4                __preinit_array_start = .
 *(.preinit_array)
                0x000000c4                __preinit_array_end = .
                0x000000c4                . = ALIGN (0x4)
                0x000000c4                __init_array_start = .
 *(SORT_BY_NAME(.init_array.*))
 *(.init_array)
 .init_array    0x000000c4        0x4 /Applications/microchip/xc32/v4.10/bin/bin/../../lib/gcc/pic32c/8.3.1/thumb/v6-m/nofp/crtbegin.o
                0x000000c8                __init_array_end = .
                0x000000c8                . = ALIGN (0x4)
 *crtbegin.o(.ctors)
 *(EXCLUDE_FILE(*crtend.o) .ctors)
 *(SORT_BY_NAME(.ctors.*))
 *crtend.o(.ctors)
                0x000000c8                . = ALIGN (0x4)
 *(.fini)
 .fini          0x000000c8        0x4 /Applications/microchip/xc32/v4.10/bin/bin/../../lib/gcc/pic32c/8.3.1/thumb/v6-m/nofp/crti.o
                0x000000c8                _fini
 .fini          0x000000cc        0x8 /Applications/microchip/xc32/v4.10/bin/bin/../../lib/gcc/pic32c/8.3.1/thumb/v6-m/nofp/crtn.o
                0x000000d4                . = ALIGN (0x4)
                0x000000d4                __fini_array_start = .
 *(.fini_array)
 .fini_array    0x000000d4        0x4 /Applications/microchip/xc32/v4.10/bin/bin/../../lib/gcc/pic32c/8.3.1/thumb/v6-m/nofp/crtbegin.o
 *(SORT_BY_NAME(.fini_array.*))
                0x000000d8                __fini_array_end = .
 *crtbegin.o(.dtors)
 *(EXCLUDE_FILE(*crtend.o) .dtors)
 *(SORT_BY_NAME(.dtors.*))
 *crtend.o(.dtors)
                0x000000d8                . = ALIGN (0x4)
                0x000000d8                _efixed = .
                [!provide]                PROVIDE (__exidx_start = .)

.ARM.exidx      0x000000d8        0x8
 *(.ARM.exidx* .gnu.linkonce.armexidx.*)
 .ARM.exidx     0x000000d8        0x8 /Applications/microchip/xc32/v4.10/bin/bin/../../lib/gcc/pic32c/8.3.1/thumb/v6-m/nofp/libgcc.a(_udivmoddi4.o)
                [!provide]                PROVIDE (__exidx_end = .)
                0x000000e0                . = ALIGN (0x4)
                0x000000e0                _etext = .

.bss            0x20000000        0x0
                0x20000000                . = ALIGN (0x4)
                0x20000000                __bss_start__ = .
                0x20000000                _sbss = .
                0x20000000                _szero = .
 *(COMMON)
                0x20000000                . = ALIGN (0x4)
                0x20000000                __bss_end__ = .
                0x20000000                _ebss = .
                0x20000000                _ezero = .
                0x20000000                . = ALIGN (0x4)
                0x20000000                _end = .
                0x20003fff                _ram_end_ = ((ORIGIN (ram) + LENGTH (ram)) - 0x1)
                0x00000001                __ICD2RAM = 0x1
                0x00000001                __MPLAB_DEBUG = 0x1
                0x00000001                __DEBUG = 0x1
                0x00000200                _min_heap_size = 0x200
START GROUP
LOAD /Applications/microchip/xc32/v4.10/bin/bin/../../lib/gcc/pic32c/8.3.1/../../../../pic32c/lib/thumb/v6-m/nofp/libpic32c.a
LOAD /Applications/microchip/xc32/v4.10/bin/bin/../../lib/gcc/pic32c/8.3.1/../../../../pic32c/lib/thumb/v6-m/nofp/libm-emfloat.a
LOAD /Applications/microchip/xc32/v4.10/bin/bin/../../lib/gcc/pic32c/8.3.1/../../../../pic32c/lib/thumb/v6-m/nofp/libg-musl.a
LOAD /Applications/microchip/xc32/v4.10/bin/bin/../../lib/gcc/pic32c/8.3.1/../../../../pic32c/lib/thumb/v6-m/nofp/libc-musl.a
LOAD /Applications/microchip/xc32/v4.10/bin/bin/../../lib/gcc/pic32c/8.3.1/../../../../pic32c/lib/thumb/v6-m/nofp/libm-emfloat.a
LOAD /Applications/microchip/xc32/v4.10/bin/bin/../../lib/gcc/pic32c/8.3.1/thumb/v6-m/nofp/libgcc.a
END GROUP
LOAD /Applications/microchip/xc32/v4.10/bin/bin/../../lib/gcc/pic32c/8.3.1/thumb/v6-m/nofp/crtend.o
LOAD /Applications/microchip/xc32/v4.10/bin/bin/../../lib/gcc/pic32c/8.3.1/thumb/v6-m/nofp/crtn.o
OUTPUT(dist/default/debug/lora-soil-moisture-sensor-liion.X.debug.elf elf32-littlearm)
LOAD stack
LOAD data_init

.ARM.attributes
                0x00000000       0x2a
 .ARM.attributes
                0x00000000       0x1e /Applications/microchip/xc32/v4.10/bin/bin/../../lib/gcc/pic32c/8.3.1/thumb/v6-m/nofp/crti.o
 .ARM.attributes
                0x0000001e       0x2c /Applications/microchip/xc32/v4.10/bin/bin/../../lib/gcc/pic32c/8.3.1/thumb/v6-m/nofp/crtbegin.o
 .ARM.attributes
                0x0000004a       0x2c build/default/debug/_ext/60163342/plib_adc.o
 .ARM.attributes
                0x00000076       0x2c build/default/debug/_ext/1984496892/plib_clock.o
 .ARM.attributes
                0x000000a2       0x2c build/default/debug/_ext/60167341/plib_eic.o
 .ARM.attributes
                0x000000ce       0x2c build/default/debug/_ext/1865468468/plib_nvic.o
 .ARM.attributes
                0x000000fa       0x2c build/default/debug/_ext/1593096446/plib_nvmctrl.o
 .ARM.attributes
                0x00000126       0x2c build/default/debug/_ext/1865521619/plib_port.o
 .ARM.attributes
                0x00000152       0x2c build/default/debug/_ext/60180175/plib_rtc_clock.o
 .ARM.attributes
                0x0000017e       0x2c build/default/debug/_ext/508257091/plib_sercom3_i2c_master.o
 .ARM.attributes
                0x000001aa       0x2c build/default/debug/_ext/17022449/plib_sercom0_spi_master.o
 .ARM.attributes
                0x000001d6       0x2c build/default/debug/_ext/829342655/plib_tc3.o
 .ARM.attributes
                0x00000202       0x2c build/default/debug/_ext/163028504/xc32_monitor.o
 .ARM.attributes
                0x0000022e       0x2c build/default/debug/_ext/1171490990/initialization.o
 .ARM.attributes
                0x0000025a       0x2c build/default/debug/_ext/1171490990/interrupts.o
 .ARM.attributes
                0x00000286       0x2c build/default/debug/_ext/1171490990/exceptions.o
 .ARM.attributes
                0x000002b2       0x2c build/default/debug/_ext/1171490990/startup_xc32.o
 .ARM.attributes
                0x000002de       0x2c build/default/debug/_ext/1171490990/libc_syscalls.o
 .ARM.attributes
                0x0000030a       0x2c build/default/debug/_ext/258483974/sht20-sensor-t-h.o
 .ARM.attributes
                0x00000336       0x2c build/default/debug/_ext/1360937237/main.o
 .ARM.attributes
                0x00000362       0x2c build/default/debug/_ext/1827571544/plib_systick.o
 .ARM.attributes
                0x0000038e       0x2c ../src/libraries/sam-rtc-utils/sam-rtc-utils.X/dist/default/debug/sam-rtc-utils.X.a(sam-rtc-utils.o)
 .ARM.attributes
                0x000003ba       0x2c ../src/libraries/microchip-LoRa-semtech/microchip-LoRa-semtech.X/dist/default/debug/microchip-LoRa-semtech.X.a(LoRa.o)
 .ARM.attributes
                0x000003e6       0x2c /Applications/microchip/xc32/v4.10/bin/bin/../../lib/gcc/pic32c/8.3.1/../../../../pic32c/lib/thumb/v6-m/nofp/libpic32c.a(data_init.o)
 .ARM.attributes
                0x00000412       0x1c /Applications/microchip/xc32/v4.10/bin/bin/../../lib/gcc/pic32c/8.3.1/../../../../pic32c/lib/thumb/v6-m/nofp/libm-emfloat.a(floatasmops_arm.o)
 .ARM.attributes
                0x0000042e       0x2e /Applications/microchip/xc32/v4.10/bin/bin/../../lib/gcc/pic32c/8.3.1/../../../../pic32c/lib/thumb/v6-m/nofp/libg-musl.a(__libc_start_main.o)
 .ARM.attributes
                0x0000045c       0x2e /Applications/microchip/xc32/v4.10/bin/bin/../../lib/gcc/pic32c/8.3.1/../../../../pic32c/lib/thumb/v6-m/nofp/libg-musl.a(assert.o)
 .ARM.attributes
                0x0000048a       0x2e /Applications/microchip/xc32/v4.10/bin/bin/../../lib/gcc/pic32c/8.3.1/../../../../pic32c/lib/thumb/v6-m/nofp/libg-musl.a(abort.o)
 .ARM.attributes
                0x000004b8       0x2e /Applications/microchip/xc32/v4.10/bin/bin/../../lib/gcc/pic32c/8.3.1/../../../../pic32c/lib/thumb/v6-m/nofp/libg-musl.a(libc.o)
 .ARM.attributes
                0x000004e6       0x2e /Applications/microchip/xc32/v4.10/bin/bin/../../lib/gcc/pic32c/8.3.1/../../../../pic32c/lib/thumb/v6-m/nofp/libg-musl.a(__sio_sscanf_dosux.o)
 .ARM.attributes
                0x00000514       0x2e /Applications/microchip/xc32/v4.10/bin/bin/../../lib/gcc/pic32c/8.3.1/../../../../pic32c/lib/thumb/v6-m/nofp/libg-musl.a(fprintf.o)
 .ARM.attributes
                0x00000542       0x2e /Applications/microchip/xc32/v4.10/bin/bin/../../lib/gcc/pic32c/8.3.1/../../../../pic32c/lib/thumb/v6-m/nofp/libg-musl.a(__fmt_fp.o)
 .ARM.attributes
                0x00000570       0x2e /Applications/microchip/xc32/v4.10/bin/bin/../../lib/gcc/pic32c/8.3.1/../../../../pic32c/lib/thumb/v6-m/nofp/libg-musl.a(__fmt_s.o)
 .ARM.attributes
                0x0000059e       0x2e /Applications/microchip/xc32/v4.10/bin/bin/../../lib/gcc/pic32c/8.3.1/../../../../pic32c/lib/thumb/v6-m/nofp/libg-musl.a(__printf_core.o)
 .ARM.attributes
                0x000005cc       0x2e /Applications/microchip/xc32/v4.10/bin/bin/../../lib/gcc/pic32c/8.3.1/../../../../pic32c/lib/thumb/v6-m/nofp/libg-musl.a(__scan_d.o)
 .ARM.attributes
                0x000005fa       0x2e /Applications/microchip/xc32/v4.10/bin/bin/../../lib/gcc/pic32c/8.3.1/../../../../pic32c/lib/thumb/v6-m/nofp/libg-musl.a(__scan_i.o)
 .ARM.attributes
                0x00000628       0x2e /Applications/microchip/xc32/v4.10/bin/bin/../../lib/gcc/pic32c/8.3.1/../../../../pic32c/lib/thumb/v6-m/nofp/libg-musl.a(__scan_o.o)
 .ARM.attributes
                0x00000656       0x2e /Applications/microchip/xc32/v4.10/bin/bin/../../lib/gcc/pic32c/8.3.1/../../../../pic32c/lib/thumb/v6-m/nofp/libg-musl.a(__scan_s.o)
 .ARM.attributes
                0x00000684       0x2e /Applications/microchip/xc32/v4.10/bin/bin/../../lib/gcc/pic32c/8.3.1/../../../../pic32c/lib/thumb/v6-m/nofp/libg-musl.a(__scan_u.o)
 .ARM.attributes
                0x000006b2       0x2e /Applications/microchip/xc32/v4.10/bin/bin/../../lib/gcc/pic32c/8.3.1/../../../../pic32c/lib/thumb/v6-m/nofp/libg-musl.a(__scan_x.o)
 .ARM.attributes
                0x000006e0       0x2e /Applications/microchip/xc32/v4.10/bin/bin/../../lib/gcc/pic32c/8.3.1/../../../../pic32c/lib/thumb/v6-m/nofp/libg-musl.a(__scanf_core.o)
 .ARM.attributes
                0x0000070e       0x2e /Applications/microchip/xc32/v4.10/bin/bin/../../lib/gcc/pic32c/8.3.1/../../../../pic32c/lib/thumb/v6-m/nofp/libg-musl.a(fflush.o)
 .ARM.attributes
                0x0000073c       0x2e /Applications/microchip/xc32/v4.10/bin/bin/../../lib/gcc/pic32c/8.3.1/../../../../pic32c/lib/thumb/v6-m/nofp/libg-musl.a(stderr.o)
 .ARM.attributes
                0x0000076a       0x2e /Applications/microchip/xc32/v4.10/bin/bin/../../lib/gcc/pic32c/8.3.1/../../../../pic32c/lib/thumb/v6-m/nofp/libg-musl.a(vfprintf.o)
 .ARM.attributes
                0x00000798       0x2e /Applications/microchip/xc32/v4.10/bin/bin/../../lib/gcc/pic32c/8.3.1/../../../../pic32c/lib/thumb/v6-m/nofp/libg-musl.a(atoi.o)
 .ARM.attributes
                0x000007c6       0x2e /Applications/microchip/xc32/v4.10/bin/bin/../../lib/gcc/pic32c/8.3.1/../../../../pic32c/lib/thumb/v6-m/nofp/libg-musl.a(strtol.o)
 .ARM.attributes
                0x000007f4       0x2e /Applications/microchip/xc32/v4.10/bin/bin/../../lib/gcc/pic32c/8.3.1/../../../../pic32c/lib/thumb/v6-m/nofp/libg-musl.a(memcpy.o)
 .ARM.attributes
                0x00000822       0x2e /Applications/microchip/xc32/v4.10/bin/bin/../../lib/gcc/pic32c/8.3.1/../../../../pic32c/lib/thumb/v6-m/nofp/libg-musl.a(memset.o)
 .ARM.attributes
                0x00000850       0x2e /Applications/microchip/xc32/v4.10/bin/bin/../../lib/gcc/pic32c/8.3.1/../../../../pic32c/lib/thumb/v6-m/nofp/libg-musl.a(strlen.o)
 .ARM.attributes
                0x0000087e       0x2e /Applications/microchip/xc32/v4.10/bin/bin/../../lib/gcc/pic32c/8.3.1/../../../../pic32c/lib/thumb/v6-m/nofp/libg-musl.a(strcmp.o)
 .ARM.attributes
                0x000008ac       0x2e /Applications/microchip/xc32/v4.10/bin/bin/../../lib/gcc/pic32c/8.3.1/../../../../pic32c/lib/thumb/v6-m/nofp/libg-musl.a(strcpy.o)
 .ARM.attributes
                0x000008da       0x2e /Applications/microchip/xc32/v4.10/bin/bin/../../lib/gcc/pic32c/8.3.1/../../../../pic32c/lib/thumb/v6-m/nofp/libg-musl.a(asctime.o)
 .ARM.attributes
                0x00000908       0x2e /Applications/microchip/xc32/v4.10/bin/bin/../../lib/gcc/pic32c/8.3.1/../../../../pic32c/lib/thumb/v6-m/nofp/libg-musl.a(isxdigit.o)
 .ARM.attributes
                0x00000936       0x2e /Applications/microchip/xc32/v4.10/bin/bin/../../lib/gcc/pic32c/8.3.1/../../../../pic32c/lib/thumb/v6-m/nofp/libg-musl.a(tolower.o)
 .ARM.attributes
                0x00000964       0x2e /Applications/microchip/xc32/v4.10/bin/bin/../../lib/gcc/pic32c/8.3.1/../../../../pic32c/lib/thumb/v6-m/nofp/libg-musl.a(__environ.o)
 .ARM.attributes
                0x00000992       0x2e /Applications/microchip/xc32/v4.10/bin/bin/../../lib/gcc/pic32c/8.3.1/../../../../pic32c/lib/thumb/v6-m/nofp/libg-musl.a(__errno_location.o)
 .ARM.attributes
                0x000009c0       0x2e /Applications/microchip/xc32/v4.10/bin/bin/../../lib/gcc/pic32c/8.3.1/../../../../pic32c/lib/thumb/v6-m/nofp/libg-musl.a(_Exit.o)
 .ARM.attributes
                0x000009ee       0x2e /Applications/microchip/xc32/v4.10/bin/bin/../../lib/gcc/pic32c/8.3.1/../../../../pic32c/lib/thumb/v6-m/nofp/libg-musl.a(intscan.o)
 .ARM.attributes
                0x00000a1c       0x2e /Applications/microchip/xc32/v4.10/bin/bin/../../lib/gcc/pic32c/8.3.1/../../../../pic32c/lib/thumb/v6-m/nofp/libg-musl.a(shgetc.o)
 .ARM.attributes
                0x00000a4a       0x2e /Applications/microchip/xc32/v4.10/bin/bin/../../lib/gcc/pic32c/8.3.1/../../../../pic32c/lib/thumb/v6-m/nofp/libg-musl.a(__int_vsscanf.o)
 .ARM.attributes
                0x00000a78       0x2e /Applications/microchip/xc32/v4.10/bin/bin/../../lib/gcc/pic32c/8.3.1/../../../../pic32c/lib/thumb/v6-m/nofp/libg-musl.a(__string_read.o)
 .ARM.attributes
                0x00000aa6       0x2e /Applications/microchip/xc32/v4.10/bin/bin/../../lib/gcc/pic32c/8.3.1/../../../../pic32c/lib/thumb/v6-m/nofp/libg-musl.a(__uflow.o)
 .ARM.attributes
                0x00000ad4       0x2e /Applications/microchip/xc32/v4.10/bin/bin/../../lib/gcc/pic32c/8.3.1/../../../../pic32c/lib/thumb/v6-m/nofp/libg-musl.a(__pop_float.o)
 .ARM.attributes
                0x00000b02       0x2e /Applications/microchip/xc32/v4.10/bin/bin/../../lib/gcc/pic32c/8.3.1/../../../../pic32c/lib/thumb/v6-m/nofp/libg-musl.a(__pop_int.o)
 .ARM.attributes
                0x00000b30       0x2e /Applications/microchip/xc32/v4.10/bin/bin/../../lib/gcc/pic32c/8.3.1/../../../../pic32c/lib/thumb/v6-m/nofp/libg-musl.a(__pop_ptr.o)
 .ARM.attributes
                0x00000b5e       0x2e /Applications/microchip/xc32/v4.10/bin/bin/../../lib/gcc/pic32c/8.3.1/../../../../pic32c/lib/thumb/v6-m/nofp/libg-musl.a(__push_float.o)
 .ARM.attributes
                0x00000b8c       0x2e /Applications/microchip/xc32/v4.10/bin/bin/../../lib/gcc/pic32c/8.3.1/../../../../pic32c/lib/thumb/v6-m/nofp/libg-musl.a(__push_int.o)
 .ARM.attributes
                0x00000bba       0x2e /Applications/microchip/xc32/v4.10/bin/bin/../../lib/gcc/pic32c/8.3.1/../../../../pic32c/lib/thumb/v6-m/nofp/libg-musl.a(memchr.o)
 .ARM.attributes
                0x00000be8       0x2e /Applications/microchip/xc32/v4.10/bin/bin/../../lib/gcc/pic32c/8.3.1/../../../../pic32c/lib/thumb/v6-m/nofp/libg-musl.a(stpcpy.o)
 .ARM.attributes
                0x00000c16       0x2e /Applications/microchip/xc32/v4.10/bin/bin/../../lib/gcc/pic32c/8.3.1/../../../../pic32c/lib/thumb/v6-m/nofp/libg-musl.a(__asctime.o)
 .ARM.attributes
                0x00000c44       0x2e /Applications/microchip/xc32/v4.10/bin/bin/../../lib/gcc/pic32c/8.3.1/../../../../pic32c/lib/thumb/v6-m/nofp/libg-musl.a(langinfo.o)
 .ARM.attributes
                0x00000c72       0x2e /Applications/microchip/xc32/v4.10/bin/bin/../../lib/gcc/pic32c/8.3.1/../../../../pic32c/lib/thumb/v6-m/nofp/libg-musl.a(c_locale.o)
 .ARM.attributes
                0x00000ca0       0x2e /Applications/microchip/xc32/v4.10/bin/bin/../../lib/gcc/pic32c/8.3.1/../../../../pic32c/lib/thumb/v6-m/nofp/libg-musl.a(__int_vfscanf.o)
 .ARM.attributes
                0x00000cce       0x2e /Applications/microchip/xc32/v4.10/bin/bin/../../lib/gcc/pic32c/8.3.1/../../../../pic32c/lib/thumb/v6-m/nofp/libg-musl.a(__toread.o)
 .ARM.attributes
                0x00000cfc       0x2e /Applications/microchip/xc32/v4.10/bin/bin/../../lib/gcc/pic32c/8.3.1/../../../../pic32c/lib/thumb/v6-m/nofp/libg-musl.a(__fmt_a.o)
 .ARM.attributes
                0x00000d2a       0x2e /Applications/microchip/xc32/v4.10/bin/bin/../../lib/gcc/pic32c/8.3.1/../../../../pic32c/lib/thumb/v6-m/nofp/libg-musl.a(__fmt_d.o)
 .ARM.attributes
                0x00000d58       0x2e /Applications/microchip/xc32/v4.10/bin/bin/../../lib/gcc/pic32c/8.3.1/../../../../pic32c/lib/thumb/v6-m/nofp/libg-musl.a(__fmt_o.o)
 .ARM.attributes
                0x00000d86       0x2e /Applications/microchip/xc32/v4.10/bin/bin/../../lib/gcc/pic32c/8.3.1/../../../../pic32c/lib/thumb/v6-m/nofp/libg-musl.a(__fmt_u.o)
 .ARM.attributes
                0x00000db4       0x2e /Applications/microchip/xc32/v4.10/bin/bin/../../lib/gcc/pic32c/8.3.1/../../../../pic32c/lib/thumb/v6-m/nofp/libg-musl.a(__fmt_x.o)
 .ARM.attributes
                0x00000de2       0x2e /Applications/microchip/xc32/v4.10/bin/bin/../../lib/gcc/pic32c/8.3.1/../../../../pic32c/lib/thumb/v6-m/nofp/libg-musl.a(__init_stdio.o)
 .ARM.attributes
                0x00000e10       0x2e /Applications/microchip/xc32/v4.10/bin/bin/../../lib/gcc/pic32c/8.3.1/../../../../pic32c/lib/thumb/v6-m/nofp/libg-musl.a(__out.o)
 .ARM.attributes
                0x00000e3e       0x2e /Applications/microchip/xc32/v4.10/bin/bin/../../lib/gcc/pic32c/8.3.1/../../../../pic32c/lib/thumb/v6-m/nofp/libg-musl.a(__stderr.o)
 .ARM.attributes
                0x00000e6c       0x2e /Applications/microchip/xc32/v4.10/bin/bin/../../lib/gcc/pic32c/8.3.1/../../../../pic32c/lib/thumb/v6-m/nofp/libg-musl.a(__stdio_close.o)
 .ARM.attributes
                0x00000e9a       0x2e /Applications/microchip/xc32/v4.10/bin/bin/../../lib/gcc/pic32c/8.3.1/../../../../pic32c/lib/thumb/v6-m/nofp/libg-musl.a(__stdio_seek.o)
 .ARM.attributes
                0x00000ec8       0x2e /Applications/microchip/xc32/v4.10/bin/bin/../../lib/gcc/pic32c/8.3.1/../../../../pic32c/lib/thumb/v6-m/nofp/libg-musl.a(snprintf.o)
 .ARM.attributes
                0x00000ef6       0x2e /Applications/microchip/xc32/v4.10/bin/bin/../../lib/gcc/pic32c/8.3.1/../../../../pic32c/lib/thumb/v6-m/nofp/libg-musl.a(toupper.o)
 .ARM.attributes
                0x00000f24       0x2e /Applications/microchip/xc32/v4.10/bin/bin/../../lib/gcc/pic32c/8.3.1/../../../../pic32c/lib/thumb/v6-m/nofp/libg-musl.a(__fclose.o)
 .ARM.attributes
                0x00000f52       0x2e /Applications/microchip/xc32/v4.10/bin/bin/../../lib/gcc/pic32c/8.3.1/../../../../pic32c/lib/thumb/v6-m/nofp/libg-musl.a(__fwrite.o)
 .ARM.attributes
                0x00000f80       0x2e /Applications/microchip/xc32/v4.10/bin/bin/../../lib/gcc/pic32c/8.3.1/../../../../pic32c/lib/thumb/v6-m/nofp/libg-musl.a(vsnprintf.o)
 .ARM.attributes
                0x00000fae       0x2e /Applications/microchip/xc32/v4.10/bin/bin/../../lib/gcc/pic32c/8.3.1/../../../../pic32c/lib/thumb/v6-m/nofp/libc-musl.a(sprintf.o)
 .ARM.attributes
                0x00000fdc       0x2e /Applications/microchip/xc32/v4.10/bin/bin/../../lib/gcc/pic32c/8.3.1/../../../../pic32c/lib/thumb/v6-m/nofp/libc-musl.a(vsprintf.o)
 .ARM.attributes
                0x0000100a       0x2c /Applications/microchip/xc32/v4.10/bin/bin/../../lib/gcc/pic32c/8.3.1/../../../../pic32c/lib/thumb/v6-m/nofp/libm-emfloat.a(lib_a-_FLOOR.o)
 .ARM.attributes
                0x00001036       0x2c /Applications/microchip/xc32/v4.10/bin/bin/../../lib/gcc/pic32c/8.3.1/../../../../pic32c/lib/thumb/v6-m/nofp/libm-emfloat.a(lib_a-_FMA.o)
 .ARM.attributes
                0x00001062       0x1e /Applications/microchip/xc32/v4.10/bin/bin/../../lib/gcc/pic32c/8.3.1/thumb/v6-m/nofp/libgcc.a(_divsi3.o)
 .ARM.attributes
                0x00001080       0x1e /Applications/microchip/xc32/v4.10/bin/bin/../../lib/gcc/pic32c/8.3.1/thumb/v6-m/nofp/libgcc.a(_dvmd_tls.o)
 .ARM.attributes
                0x0000109e       0x1e /Applications/microchip/xc32/v4.10/bin/bin/../../lib/gcc/pic32c/8.3.1/thumb/v6-m/nofp/libgcc.a(_lshrdi3.o)
 .ARM.attributes
                0x000010bc       0x1e /Applications/microchip/xc32/v4.10/bin/bin/../../lib/gcc/pic32c/8.3.1/thumb/v6-m/nofp/libgcc.a(_ashldi3.o)
 .ARM.attributes
                0x000010da       0x1e /Applications/microchip/xc32/v4.10/bin/bin/../../lib/gcc/pic32c/8.3.1/thumb/v6-m/nofp/libgcc.a(_aeabi_uldivmod.o)
 .ARM.attributes
                0x000010f8       0x2c /Applications/microchip/xc32/v4.10/bin/bin/../../lib/gcc/pic32c/8.3.1/thumb/v6-m/nofp/libgcc.a(_muldi3.o)
 .ARM.attributes
                0x00001124       0x2c /Applications/microchip/xc32/v4.10/bin/bin/../../lib/gcc/pic32c/8.3.1/thumb/v6-m/nofp/libgcc.a(_udivmoddi4.o)
 .ARM.attributes
                0x00001150       0x1e /Applications/microchip/xc32/v4.10/bin/bin/../../lib/gcc/pic32c/8.3.1/thumb/v6-m/nofp/libgcc.a(_clzdi2.o)
 .ARM.attributes
                0x0000116e       0x1e /Applications/microchip/xc32/v4.10/bin/bin/../../lib/gcc/pic32c/8.3.1/thumb/v6-m/nofp/libgcc.a(_clzsi2.o)
 .ARM.attributes
                0x0000118c       0x2c /Applications/microchip/xc32/v4.10/bin/bin/../../lib/gcc/pic32c/8.3.1/../../../../pic32c/lib/thumb/v6-m/nofp/libpic32c.a(close.o)
 .ARM.attributes
                0x000011b8       0x2c /Applications/microchip/xc32/v4.10/bin/bin/../../lib/gcc/pic32c/8.3.1/../../../../pic32c/lib/thumb/v6-m/nofp/libpic32c.a(lseek.o)
 .ARM.attributes
                0x000011e4       0x1e /Applications/microchip/xc32/v4.10/bin/bin/../../lib/gcc/pic32c/8.3.1/thumb/v6-m/nofp/crtn.o

.comment        0x00000000       0x2b
 .comment       0x00000000       0x2b /Applications/microchip/xc32/v4.10/bin/bin/../../lib/gcc/pic32c/8.3.1/thumb/v6-m/nofp/crtbegin.o
                                 0x2c (size before relaxing)
 .comment       0x0000002b       0x2c build/default/debug/_ext/60163342/plib_adc.o
 .comment       0x0000002b       0x2c build/default/debug/_ext/1984496892/plib_clock.o
 .comment       0x0000002b       0x2c build/default/debug/_ext/60167341/plib_eic.o
 .comment       0x0000002b       0x2c build/default/debug/_ext/1865468468/plib_nvic.o
 .comment       0x0000002b       0x2c build/default/debug/_ext/1593096446/plib_nvmctrl.o
 .comment       0x0000002b       0x2c build/default/debug/_ext/1865521619/plib_port.o
 .comment       0x0000002b       0x2c build/default/debug/_ext/60180175/plib_rtc_clock.o
 .comment       0x0000002b       0x2c build/default/debug/_ext/508257091/plib_sercom3_i2c_master.o
 .comment       0x0000002b       0x2c build/default/debug/_ext/17022449/plib_sercom0_spi_master.o
 .comment       0x0000002b       0x2c build/default/debug/_ext/829342655/plib_tc3.o
 .comment       0x0000002b       0x2c build/default/debug/_ext/163028504/xc32_monitor.o
 .comment       0x0000002b       0x2c build/default/debug/_ext/1171490990/initialization.o
 .comment       0x0000002b       0x2c build/default/debug/_ext/1171490990/interrupts.o
 .comment       0x0000002b       0x2c build/default/debug/_ext/1171490990/exceptions.o
 .comment       0x0000002b       0x2c build/default/debug/_ext/1171490990/startup_xc32.o
 .comment       0x0000002b       0x2c build/default/debug/_ext/1171490990/libc_syscalls.o
 .comment       0x0000002b       0x2c build/default/debug/_ext/258483974/sht20-sensor-t-h.o
 .comment       0x0000002b       0x2c build/default/debug/_ext/1360937237/main.o
 .comment       0x0000002b       0x2c build/default/debug/_ext/1827571544/plib_systick.o
 .comment       0x0000002b       0x2c ../src/libraries/sam-rtc-utils/sam-rtc-utils.X/dist/default/debug/sam-rtc-utils.X.a(sam-rtc-utils.o)
 .comment       0x0000002b       0x2c ../src/libraries/microchip-LoRa-semtech/microchip-LoRa-semtech.X/dist/default/debug/microchip-LoRa-semtech.X.a(LoRa.o)
 .comment       0x0000002b       0x2c /Applications/microchip/xc32/v4.10/bin/bin/../../lib/gcc/pic32c/8.3.1/../../../../pic32c/lib/thumb/v6-m/nofp/libpic32c.a(data_init.o)
 .comment       0x0000002b       0x2c /Applications/microchip/xc32/v4.10/bin/bin/../../lib/gcc/pic32c/8.3.1/../../../../pic32c/lib/thumb/v6-m/nofp/libg-musl.a(__libc_start_main.o)
 .comment       0x0000002b       0x2c /Applications/microchip/xc32/v4.10/bin/bin/../../lib/gcc/pic32c/8.3.1/../../../../pic32c/lib/thumb/v6-m/nofp/libg-musl.a(assert.o)
 .comment       0x0000002b       0x2c /Applications/microchip/xc32/v4.10/bin/bin/../../lib/gcc/pic32c/8.3.1/../../../../pic32c/lib/thumb/v6-m/nofp/libg-musl.a(abort.o)
 .comment       0x0000002b       0x2c /Applications/microchip/xc32/v4.10/bin/bin/../../lib/gcc/pic32c/8.3.1/../../../../pic32c/lib/thumb/v6-m/nofp/libg-musl.a(libc.o)
 .comment       0x0000002b       0x2c /Applications/microchip/xc32/v4.10/bin/bin/../../lib/gcc/pic32c/8.3.1/../../../../pic32c/lib/thumb/v6-m/nofp/libg-musl.a(__sio_sscanf_dosux.o)
 .comment       0x0000002b       0x2c /Applications/microchip/xc32/v4.10/bin/bin/../../lib/gcc/pic32c/8.3.1/../../../../pic32c/lib/thumb/v6-m/nofp/libg-musl.a(fprintf.o)
 .comment       0x0000002b       0x2c /Applications/microchip/xc32/v4.10/bin/bin/../../lib/gcc/pic32c/8.3.1/../../../../pic32c/lib/thumb/v6-m/nofp/libg-musl.a(__fmt_fp.o)
 .comment       0x0000002b       0x2c /Applications/microchip/xc32/v4.10/bin/bin/../../lib/gcc/pic32c/8.3.1/../../../../pic32c/lib/thumb/v6-m/nofp/libg-musl.a(__fmt_s.o)
 .comment       0x0000002b       0x2c /Applications/microchip/xc32/v4.10/bin/bin/../../lib/gcc/pic32c/8.3.1/../../../../pic32c/lib/thumb/v6-m/nofp/libg-musl.a(__printf_core.o)
 .comment       0x0000002b       0x2c /Applications/microchip/xc32/v4.10/bin/bin/../../lib/gcc/pic32c/8.3.1/../../../../pic32c/lib/thumb/v6-m/nofp/libg-musl.a(__scan_d.o)
 .comment       0x0000002b       0x2c /Applications/microchip/xc32/v4.10/bin/bin/../../lib/gcc/pic32c/8.3.1/../../../../pic32c/lib/thumb/v6-m/nofp/libg-musl.a(__scan_i.o)
 .comment       0x0000002b       0x2c /Applications/microchip/xc32/v4.10/bin/bin/../../lib/gcc/pic32c/8.3.1/../../../../pic32c/lib/thumb/v6-m/nofp/libg-musl.a(__scan_o.o)
 .comment       0x0000002b       0x2c /Applications/microchip/xc32/v4.10/bin/bin/../../lib/gcc/pic32c/8.3.1/../../../../pic32c/lib/thumb/v6-m/nofp/libg-musl.a(__scan_s.o)
 .comment       0x0000002b       0x2c /Applications/microchip/xc32/v4.10/bin/bin/../../lib/gcc/pic32c/8.3.1/../../../../pic32c/lib/thumb/v6-m/nofp/libg-musl.a(__scan_u.o)
 .comment       0x0000002b       0x2c /Applications/microchip/xc32/v4.10/bin/bin/../../lib/gcc/pic32c/8.3.1/../../../../pic32c/lib/thumb/v6-m/nofp/libg-musl.a(__scan_x.o)
 .comment       0x0000002b       0x2c /Applications/microchip/xc32/v4.10/bin/bin/../../lib/gcc/pic32c/8.3.1/../../../../pic32c/lib/thumb/v6-m/nofp/libg-musl.a(__scanf_core.o)
 .comment       0x0000002b       0x2c /Applications/microchip/xc32/v4.10/bin/bin/../../lib/gcc/pic32c/8.3.1/../../../../pic32c/lib/thumb/v6-m/nofp/libg-musl.a(fflush.o)
 .comment       0x0000002b       0x2c /Applications/microchip/xc32/v4.10/bin/bin/../../lib/gcc/pic32c/8.3.1/../../../../pic32c/lib/thumb/v6-m/nofp/libg-musl.a(stderr.o)
 .comment       0x0000002b       0x2c /Applications/microchip/xc32/v4.10/bin/bin/../../lib/gcc/pic32c/8.3.1/../../../../pic32c/lib/thumb/v6-m/nofp/libg-musl.a(vfprintf.o)
 .comment       0x0000002b       0x2c /Applications/microchip/xc32/v4.10/bin/bin/../../lib/gcc/pic32c/8.3.1/../../../../pic32c/lib/thumb/v6-m/nofp/libg-musl.a(atoi.o)
 .comment       0x0000002b       0x2c /Applications/microchip/xc32/v4.10/bin/bin/../../lib/gcc/pic32c/8.3.1/../../../../pic32c/lib/thumb/v6-m/nofp/libg-musl.a(strtol.o)
 .comment       0x0000002b       0x2c /Applications/microchip/xc32/v4.10/bin/bin/../../lib/gcc/pic32c/8.3.1/../../../../pic32c/lib/thumb/v6-m/nofp/libg-musl.a(memcpy.o)
 .comment       0x0000002b       0x2c /Applications/microchip/xc32/v4.10/bin/bin/../../lib/gcc/pic32c/8.3.1/../../../../pic32c/lib/thumb/v6-m/nofp/libg-musl.a(memset.o)
 .comment       0x0000002b       0x2c /Applications/microchip/xc32/v4.10/bin/bin/../../lib/gcc/pic32c/8.3.1/../../../../pic32c/lib/thumb/v6-m/nofp/libg-musl.a(strlen.o)
 .comment       0x0000002b       0x2c /Applications/microchip/xc32/v4.10/bin/bin/../../lib/gcc/pic32c/8.3.1/../../../../pic32c/lib/thumb/v6-m/nofp/libg-musl.a(strcmp.o)
 .comment       0x0000002b       0x2c /Applications/microchip/xc32/v4.10/bin/bin/../../lib/gcc/pic32c/8.3.1/../../../../pic32c/lib/thumb/v6-m/nofp/libg-musl.a(strcpy.o)
 .comment       0x0000002b       0x2c /Applications/microchip/xc32/v4.10/bin/bin/../../lib/gcc/pic32c/8.3.1/../../../../pic32c/lib/thumb/v6-m/nofp/libg-musl.a(asctime.o)
 .comment       0x0000002b       0x2c /Applications/microchip/xc32/v4.10/bin/bin/../../lib/gcc/pic32c/8.3.1/../../../../pic32c/lib/thumb/v6-m/nofp/libg-musl.a(isxdigit.o)
 .comment       0x0000002b       0x2c /Applications/microchip/xc32/v4.10/bin/bin/../../lib/gcc/pic32c/8.3.1/../../../../pic32c/lib/thumb/v6-m/nofp/libg-musl.a(tolower.o)
 .comment       0x0000002b       0x2c /Applications/microchip/xc32/v4.10/bin/bin/../../lib/gcc/pic32c/8.3.1/../../../../pic32c/lib/thumb/v6-m/nofp/libg-musl.a(__environ.o)
 .comment       0x0000002b       0x2c /Applications/microchip/xc32/v4.10/bin/bin/../../lib/gcc/pic32c/8.3.1/../../../../pic32c/lib/thumb/v6-m/nofp/libg-musl.a(__errno_location.o)
 .comment       0x0000002b       0x2c /Applications/microchip/xc32/v4.10/bin/bin/../../lib/gcc/pic32c/8.3.1/../../../../pic32c/lib/thumb/v6-m/nofp/libg-musl.a(_Exit.o)
 .comment       0x0000002b       0x2c /Applications/microchip/xc32/v4.10/bin/bin/../../lib/gcc/pic32c/8.3.1/../../../../pic32c/lib/thumb/v6-m/nofp/libg-musl.a(intscan.o)
 .comment       0x0000002b       0x2c /Applications/microchip/xc32/v4.10/bin/bin/../../lib/gcc/pic32c/8.3.1/../../../../pic32c/lib/thumb/v6-m/nofp/libg-musl.a(shgetc.o)
 .comment       0x0000002b       0x2c /Applications/microchip/xc32/v4.10/bin/bin/../../lib/gcc/pic32c/8.3.1/../../../../pic32c/lib/thumb/v6-m/nofp/libg-musl.a(__int_vsscanf.o)
 .comment       0x0000002b       0x2c /Applications/microchip/xc32/v4.10/bin/bin/../../lib/gcc/pic32c/8.3.1/../../../../pic32c/lib/thumb/v6-m/nofp/libg-musl.a(__string_read.o)
 .comment       0x0000002b       0x2c /Applications/microchip/xc32/v4.10/bin/bin/../../lib/gcc/pic32c/8.3.1/../../../../pic32c/lib/thumb/v6-m/nofp/libg-musl.a(__uflow.o)
 .comment       0x0000002b       0x2c /Applications/microchip/xc32/v4.10/bin/bin/../../lib/gcc/pic32c/8.3.1/../../../../pic32c/lib/thumb/v6-m/nofp/libg-musl.a(__pop_float.o)
 .comment       0x0000002b       0x2c /Applications/microchip/xc32/v4.10/bin/bin/../../lib/gcc/pic32c/8.3.1/../../../../pic32c/lib/thumb/v6-m/nofp/libg-musl.a(__pop_int.o)
 .comment       0x0000002b       0x2c /Applications/microchip/xc32/v4.10/bin/bin/../../lib/gcc/pic32c/8.3.1/../../../../pic32c/lib/thumb/v6-m/nofp/libg-musl.a(__pop_ptr.o)
 .comment       0x0000002b       0x2c /Applications/microchip/xc32/v4.10/bin/bin/../../lib/gcc/pic32c/8.3.1/../../../../pic32c/lib/thumb/v6-m/nofp/libg-musl.a(__push_float.o)
 .comment       0x0000002b       0x2c /Applications/microchip/xc32/v4.10/bin/bin/../../lib/gcc/pic32c/8.3.1/../../../../pic32c/lib/thumb/v6-m/nofp/libg-musl.a(__push_int.o)
 .comment       0x0000002b       0x2c /Applications/microchip/xc32/v4.10/bin/bin/../../lib/gcc/pic32c/8.3.1/../../../../pic32c/lib/thumb/v6-m/nofp/libg-musl.a(memchr.o)
 .comment       0x0000002b       0x2c /Applications/microchip/xc32/v4.10/bin/bin/../../lib/gcc/pic32c/8.3.1/../../../../pic32c/lib/thumb/v6-m/nofp/libg-musl.a(stpcpy.o)
 .comment       0x0000002b       0x2c /Applications/microchip/xc32/v4.10/bin/bin/../../lib/gcc/pic32c/8.3.1/../../../../pic32c/lib/thumb/v6-m/nofp/libg-musl.a(__asctime.o)
 .comment       0x0000002b       0x2c /Applications/microchip/xc32/v4.10/bin/bin/../../lib/gcc/pic32c/8.3.1/../../../../pic32c/lib/thumb/v6-m/nofp/libg-musl.a(langinfo.o)
 .comment       0x0000002b       0x2c /Applications/microchip/xc32/v4.10/bin/bin/../../lib/gcc/pic32c/8.3.1/../../../../pic32c/lib/thumb/v6-m/nofp/libg-musl.a(c_locale.o)
 .comment       0x0000002b       0x2c /Applications/microchip/xc32/v4.10/bin/bin/../../lib/gcc/pic32c/8.3.1/../../../../pic32c/lib/thumb/v6-m/nofp/libg-musl.a(__int_vfscanf.o)
 .comment       0x0000002b       0x2c /Applications/microchip/xc32/v4.10/bin/bin/../../lib/gcc/pic32c/8.3.1/../../../../pic32c/lib/thumb/v6-m/nofp/libg-musl.a(__toread.o)
 .comment       0x0000002b       0x2c /Applications/microchip/xc32/v4.10/bin/bin/../../lib/gcc/pic32c/8.3.1/../../../../pic32c/lib/thumb/v6-m/nofp/libg-musl.a(__fmt_a.o)
 .comment       0x0000002b       0x2c /Applications/microchip/xc32/v4.10/bin/bin/../../lib/gcc/pic32c/8.3.1/../../../../pic32c/lib/thumb/v6-m/nofp/libg-musl.a(__fmt_d.o)
 .comment       0x0000002b       0x2c /Applications/microchip/xc32/v4.10/bin/bin/../../lib/gcc/pic32c/8.3.1/../../../../pic32c/lib/thumb/v6-m/nofp/libg-musl.a(__fmt_o.o)
 .comment       0x0000002b       0x2c /Applications/microchip/xc32/v4.10/bin/bin/../../lib/gcc/pic32c/8.3.1/../../../../pic32c/lib/thumb/v6-m/nofp/libg-musl.a(__fmt_u.o)
 .comment       0x0000002b       0x2c /Applications/microchip/xc32/v4.10/bin/bin/../../lib/gcc/pic32c/8.3.1/../../../../pic32c/lib/thumb/v6-m/nofp/libg-musl.a(__fmt_x.o)
 .comment       0x0000002b       0x2c /Applications/microchip/xc32/v4.10/bin/bin/../../lib/gcc/pic32c/8.3.1/../../../../pic32c/lib/thumb/v6-m/nofp/libg-musl.a(__init_stdio.o)
 .comment       0x0000002b       0x2c /Applications/microchip/xc32/v4.10/bin/bin/../../lib/gcc/pic32c/8.3.1/../../../../pic32c/lib/thumb/v6-m/nofp/libg-musl.a(__out.o)
 .comment       0x0000002b       0x2c /Applications/microchip/xc32/v4.10/bin/bin/../../lib/gcc/pic32c/8.3.1/../../../../pic32c/lib/thumb/v6-m/nofp/libg-musl.a(__stderr.o)
 .comment       0x0000002b       0x2c /Applications/microchip/xc32/v4.10/bin/bin/../../lib/gcc/pic32c/8.3.1/../../../../pic32c/lib/thumb/v6-m/nofp/libg-musl.a(__stdio_close.o)
 .comment       0x0000002b       0x2c /Applications/microchip/xc32/v4.10/bin/bin/../../lib/gcc/pic32c/8.3.1/../../../../pic32c/lib/thumb/v6-m/nofp/libg-musl.a(__stdio_seek.o)
 .comment       0x0000002b       0x2c /Applications/microchip/xc32/v4.10/bin/bin/../../lib/gcc/pic32c/8.3.1/../../../../pic32c/lib/thumb/v6-m/nofp/libg-musl.a(snprintf.o)
 .comment       0x0000002b       0x2c /Applications/microchip/xc32/v4.10/bin/bin/../../lib/gcc/pic32c/8.3.1/../../../../pic32c/lib/thumb/v6-m/nofp/libg-musl.a(toupper.o)
 .comment       0x0000002b       0x2c /Applications/microchip/xc32/v4.10/bin/bin/../../lib/gcc/pic32c/8.3.1/../../../../pic32c/lib/thumb/v6-m/nofp/libg-musl.a(__fclose.o)
 .comment       0x0000002b       0x2c /Applications/microchip/xc32/v4.10/bin/bin/../../lib/gcc/pic32c/8.3.1/../../../../pic32c/lib/thumb/v6-m/nofp/libg-musl.a(__fwrite.o)
 .comment       0x0000002b       0x2c /Applications/microchip/xc32/v4.10/bin/bin/../../lib/gcc/pic32c/8.3.1/../../../../pic32c/lib/thumb/v6-m/nofp/libg-musl.a(vsnprintf.o)
 .comment       0x0000002b       0x2c /Applications/microchip/xc32/v4.10/bin/bin/../../lib/gcc/pic32c/8.3.1/../../../../pic32c/lib/thumb/v6-m/nofp/libc-musl.a(sprintf.o)
 .comment       0x0000002b       0x2c /Applications/microchip/xc32/v4.10/bin/bin/../../lib/gcc/pic32c/8.3.1/../../../../pic32c/lib/thumb/v6-m/nofp/libc-musl.a(vsprintf.o)
 .comment       0x0000002b       0x2c /Applications/microchip/xc32/v4.10/bin/bin/../../lib/gcc/pic32c/8.3.1/../../../../pic32c/lib/thumb/v6-m/nofp/libm-emfloat.a(lib_a-_FLOOR.o)
 .comment       0x0000002b       0x2c /Applications/microchip/xc32/v4.10/bin/bin/../../lib/gcc/pic32c/8.3.1/../../../../pic32c/lib/thumb/v6-m/nofp/libm-emfloat.a(lib_a-_FMA.o)
 .comment       0x0000002b       0x2c /Applications/microchip/xc32/v4.10/bin/bin/../../lib/gcc/pic32c/8.3.1/thumb/v6-m/nofp/libgcc.a(_muldi3.o)
 .comment       0x0000002b       0x2c /Applications/microchip/xc32/v4.10/bin/bin/../../lib/gcc/pic32c/8.3.1/thumb/v6-m/nofp/libgcc.a(_udivmoddi4.o)
 .comment       0x0000002b       0x2c /Applications/microchip/xc32/v4.10/bin/bin/../../lib/gcc/pic32c/8.3.1/../../../../pic32c/lib/thumb/v6-m/nofp/libpic32c.a(close.o)
 .comment       0x0000002b       0x2c /Applications/microchip/xc32/v4.10/bin/bin/../../lib/gcc/pic32c/8.3.1/../../../../pic32c/lib/thumb/v6-m/nofp/libpic32c.a(lseek.o)

.debug_info     0x00000000    0x22d27
 .debug_info    0x00000000      0xd14 build/default/debug/_ext/60163342/plib_adc.o
 .debug_info    0x00000d14      0xa74 build/default/debug/_ext/1984496892/plib_clock.o
 .debug_info    0x00001788      0x472 build/default/debug/_ext/60167341/plib_eic.o
 .debug_info    0x00001bfa      0x977 build/default/debug/_ext/1865468468/plib_nvic.o
 .debug_info    0x00002571      0xa67 build/default/debug/_ext/1593096446/plib_nvmctrl.o
 .debug_info    0x00002fd8      0xba1 build/default/debug/_ext/1865521619/plib_port.o
 .debug_info    0x00003b79      0xc3c build/default/debug/_ext/60180175/plib_rtc_clock.o
 .debug_info    0x000047b5     0x15e9 build/default/debug/_ext/508257091/plib_sercom3_i2c_master.o
 .debug_info    0x00005d9e     0x139d build/default/debug/_ext/17022449/plib_sercom0_spi_master.o
 .debug_info    0x0000713b      0xb85 build/default/debug/_ext/829342655/plib_tc3.o
 .debug_info    0x00007cc0      0x328 build/default/debug/_ext/163028504/xc32_monitor.o
 .debug_info    0x00007fe8      0x532 build/default/debug/_ext/1171490990/initialization.o
 .debug_info    0x0000851a      0x8b2 build/default/debug/_ext/1171490990/interrupts.o
 .debug_info    0x00008dcc      0x348 build/default/debug/_ext/1171490990/exceptions.o
 .debug_info    0x00009114      0x44c build/default/debug/_ext/1171490990/startup_xc32.o
 .debug_info    0x00009560      0x30f build/default/debug/_ext/1171490990/libc_syscalls.o
 .debug_info    0x0000986f      0x4f9 build/default/debug/_ext/258483974/sht20-sensor-t-h.o
 .debug_info    0x00009d68      0xa45 build/default/debug/_ext/1360937237/main.o
 .debug_info    0x0000a7ad      0x658 build/default/debug/_ext/1827571544/plib_systick.o
 .debug_info    0x0000ae05      0x425 ../src/libraries/sam-rtc-utils/sam-rtc-utils.X/dist/default/debug/sam-rtc-utils.X.a(sam-rtc-utils.o)
 .debug_info    0x0000b22a      0x799 ../src/libraries/microchip-LoRa-semtech/microchip-LoRa-semtech.X/dist/default/debug/microchip-LoRa-semtech.X.a(LoRa.o)
 .debug_info    0x0000b9c3      0x2a4 /Applications/microchip/xc32/v4.10/bin/bin/../../lib/gcc/pic32c/8.3.1/../../../../pic32c/lib/thumb/v6-m/nofp/libpic32c.a(data_init.o)
 .debug_info    0x0000bc67      0x61d /Applications/microchip/xc32/v4.10/bin/bin/../../lib/gcc/pic32c/8.3.1/../../../../pic32c/lib/thumb/v6-m/nofp/libg-musl.a(__libc_start_main.o)
 .debug_info    0x0000c284      0x39d /Applications/microchip/xc32/v4.10/bin/bin/../../lib/gcc/pic32c/8.3.1/../../../../pic32c/lib/thumb/v6-m/nofp/libg-musl.a(assert.o)
 .debug_info    0x0000c621      0x294 /Applications/microchip/xc32/v4.10/bin/bin/../../lib/gcc/pic32c/8.3.1/../../../../pic32c/lib/thumb/v6-m/nofp/libg-musl.a(abort.o)
 .debug_info    0x0000c8b5      0x52f /Applications/microchip/xc32/v4.10/bin/bin/../../lib/gcc/pic32c/8.3.1/../../../../pic32c/lib/thumb/v6-m/nofp/libg-musl.a(libc.o)
 .debug_info    0x0000cde4      0x444 /Applications/microchip/xc32/v4.10/bin/bin/../../lib/gcc/pic32c/8.3.1/../../../../pic32c/lib/thumb/v6-m/nofp/libg-musl.a(__sio_sscanf_dosux.o)
 .debug_info    0x0000d228      0x335 /Applications/microchip/xc32/v4.10/bin/bin/../../lib/gcc/pic32c/8.3.1/../../../../pic32c/lib/thumb/v6-m/nofp/libg-musl.a(fprintf.o)
 .debug_info    0x0000d55d      0x957 /Applications/microchip/xc32/v4.10/bin/bin/../../lib/gcc/pic32c/8.3.1/../../../../pic32c/lib/thumb/v6-m/nofp/libg-musl.a(__fmt_fp.o)
 .debug_info    0x0000deb4      0x578 /Applications/microchip/xc32/v4.10/bin/bin/../../lib/gcc/pic32c/8.3.1/../../../../pic32c/lib/thumb/v6-m/nofp/libg-musl.a(__fmt_s.o)
 .debug_info    0x0000e42c      0xd3f /Applications/microchip/xc32/v4.10/bin/bin/../../lib/gcc/pic32c/8.3.1/../../../../pic32c/lib/thumb/v6-m/nofp/libg-musl.a(__printf_core.o)
 .debug_info    0x0000f16b      0x8c5 /Applications/microchip/xc32/v4.10/bin/bin/../../lib/gcc/pic32c/8.3.1/../../../../pic32c/lib/thumb/v6-m/nofp/libg-musl.a(__scan_d.o)
 .debug_info    0x0000fa30      0x8cc /Applications/microchip/xc32/v4.10/bin/bin/../../lib/gcc/pic32c/8.3.1/../../../../pic32c/lib/thumb/v6-m/nofp/libg-musl.a(__scan_i.o)
 .debug_info    0x000102fc      0x7e0 /Applications/microchip/xc32/v4.10/bin/bin/../../lib/gcc/pic32c/8.3.1/../../../../pic32c/lib/thumb/v6-m/nofp/libg-musl.a(__scan_o.o)
 .debug_info    0x00010adc      0x759 /Applications/microchip/xc32/v4.10/bin/bin/../../lib/gcc/pic32c/8.3.1/../../../../pic32c/lib/thumb/v6-m/nofp/libg-musl.a(__scan_s.o)
 .debug_info    0x00011235      0x555 /Applications/microchip/xc32/v4.10/bin/bin/../../lib/gcc/pic32c/8.3.1/../../../../pic32c/lib/thumb/v6-m/nofp/libg-musl.a(__scan_u.o)
 .debug_info    0x0001178a      0x85c /Applications/microchip/xc32/v4.10/bin/bin/../../lib/gcc/pic32c/8.3.1/../../../../pic32c/lib/thumb/v6-m/nofp/libg-musl.a(__scan_x.o)
 .debug_info    0x00011fe6      0xf3c /Applications/microchip/xc32/v4.10/bin/bin/../../lib/gcc/pic32c/8.3.1/../../../../pic32c/lib/thumb/v6-m/nofp/libg-musl.a(__scanf_core.o)
 .debug_info    0x00012f22      0x5a1 /Applications/microchip/xc32/v4.10/bin/bin/../../lib/gcc/pic32c/8.3.1/../../../../pic32c/lib/thumb/v6-m/nofp/libg-musl.a(fflush.o)
 .debug_info    0x000134c3      0x47d /Applications/microchip/xc32/v4.10/bin/bin/../../lib/gcc/pic32c/8.3.1/../../../../pic32c/lib/thumb/v6-m/nofp/libg-musl.a(stderr.o)
 .debug_info    0x00013940      0x6c5 /Applications/microchip/xc32/v4.10/bin/bin/../../lib/gcc/pic32c/8.3.1/../../../../pic32c/lib/thumb/v6-m/nofp/libg-musl.a(vfprintf.o)
 .debug_info    0x00014005      0x2f5 /Applications/microchip/xc32/v4.10/bin/bin/../../lib/gcc/pic32c/8.3.1/../../../../pic32c/lib/thumb/v6-m/nofp/libg-musl.a(atoi.o)
 .debug_info    0x000142fa      0x9e9 /Applications/microchip/xc32/v4.10/bin/bin/../../lib/gcc/pic32c/8.3.1/../../../../pic32c/lib/thumb/v6-m/nofp/libg-musl.a(strtol.o)
 .debug_info    0x00014ce3      0x2eb /Applications/microchip/xc32/v4.10/bin/bin/../../lib/gcc/pic32c/8.3.1/../../../../pic32c/lib/thumb/v6-m/nofp/libg-musl.a(memcpy.o)
 .debug_info    0x00014fce      0x2af /Applications/microchip/xc32/v4.10/bin/bin/../../lib/gcc/pic32c/8.3.1/../../../../pic32c/lib/thumb/v6-m/nofp/libg-musl.a(memset.o)
 .debug_info    0x0001527d      0x2a0 /Applications/microchip/xc32/v4.10/bin/bin/../../lib/gcc/pic32c/8.3.1/../../../../pic32c/lib/thumb/v6-m/nofp/libg-musl.a(strlen.o)
 .debug_info    0x0001551d      0x285 /Applications/microchip/xc32/v4.10/bin/bin/../../lib/gcc/pic32c/8.3.1/../../../../pic32c/lib/thumb/v6-m/nofp/libg-musl.a(strcmp.o)
 .debug_info    0x000157a2      0x2ae /Applications/microchip/xc32/v4.10/bin/bin/../../lib/gcc/pic32c/8.3.1/../../../../pic32c/lib/thumb/v6-m/nofp/libg-musl.a(strcpy.o)
 .debug_info    0x00015a50      0x3d2 /Applications/microchip/xc32/v4.10/bin/bin/../../lib/gcc/pic32c/8.3.1/../../../../pic32c/lib/thumb/v6-m/nofp/libg-musl.a(asctime.o)
 .debug_info    0x00015e22      0x356 /Applications/microchip/xc32/v4.10/bin/bin/../../lib/gcc/pic32c/8.3.1/../../../../pic32c/lib/thumb/v6-m/nofp/libg-musl.a(isxdigit.o)
 .debug_info    0x00016178      0x353 /Applications/microchip/xc32/v4.10/bin/bin/../../lib/gcc/pic32c/8.3.1/../../../../pic32c/lib/thumb/v6-m/nofp/libg-musl.a(tolower.o)
 .debug_info    0x000164cb      0x2a9 /Applications/microchip/xc32/v4.10/bin/bin/../../lib/gcc/pic32c/8.3.1/../../../../pic32c/lib/thumb/v6-m/nofp/libg-musl.a(__environ.o)
 .debug_info    0x00016774      0x26d /Applications/microchip/xc32/v4.10/bin/bin/../../lib/gcc/pic32c/8.3.1/../../../../pic32c/lib/thumb/v6-m/nofp/libg-musl.a(__errno_location.o)
 .debug_info    0x000169e1      0x2ab /Applications/microchip/xc32/v4.10/bin/bin/../../lib/gcc/pic32c/8.3.1/../../../../pic32c/lib/thumb/v6-m/nofp/libg-musl.a(_Exit.o)
 .debug_info    0x00016c8c      0x83f /Applications/microchip/xc32/v4.10/bin/bin/../../lib/gcc/pic32c/8.3.1/../../../../pic32c/lib/thumb/v6-m/nofp/libg-musl.a(intscan.o)
 .debug_info    0x000174cb      0x644 /Applications/microchip/xc32/v4.10/bin/bin/../../lib/gcc/pic32c/8.3.1/../../../../pic32c/lib/thumb/v6-m/nofp/libg-musl.a(shgetc.o)
 .debug_info    0x00017b0f      0x735 /Applications/microchip/xc32/v4.10/bin/bin/../../lib/gcc/pic32c/8.3.1/../../../../pic32c/lib/thumb/v6-m/nofp/libg-musl.a(__int_vsscanf.o)
 .debug_info    0x00018244      0x6a2 /Applications/microchip/xc32/v4.10/bin/bin/../../lib/gcc/pic32c/8.3.1/../../../../pic32c/lib/thumb/v6-m/nofp/libg-musl.a(__string_read.o)
 .debug_info    0x000188e6      0x610 /Applications/microchip/xc32/v4.10/bin/bin/../../lib/gcc/pic32c/8.3.1/../../../../pic32c/lib/thumb/v6-m/nofp/libg-musl.a(__uflow.o)
 .debug_info    0x00018ef6      0x3d7 /Applications/microchip/xc32/v4.10/bin/bin/../../lib/gcc/pic32c/8.3.1/../../../../pic32c/lib/thumb/v6-m/nofp/libg-musl.a(__pop_float.o)
 .debug_info    0x000192cd      0x3fb /Applications/microchip/xc32/v4.10/bin/bin/../../lib/gcc/pic32c/8.3.1/../../../../pic32c/lib/thumb/v6-m/nofp/libg-musl.a(__pop_int.o)
 .debug_info    0x000196c8      0x407 /Applications/microchip/xc32/v4.10/bin/bin/../../lib/gcc/pic32c/8.3.1/../../../../pic32c/lib/thumb/v6-m/nofp/libg-musl.a(__pop_ptr.o)
 .debug_info    0x00019acf      0x3da /Applications/microchip/xc32/v4.10/bin/bin/../../lib/gcc/pic32c/8.3.1/../../../../pic32c/lib/thumb/v6-m/nofp/libg-musl.a(__push_float.o)
 .debug_info    0x00019ea9      0x40c /Applications/microchip/xc32/v4.10/bin/bin/../../lib/gcc/pic32c/8.3.1/../../../../pic32c/lib/thumb/v6-m/nofp/libg-musl.a(__push_int.o)
 .debug_info    0x0001a2b5      0x2f0 /Applications/microchip/xc32/v4.10/bin/bin/../../lib/gcc/pic32c/8.3.1/../../../../pic32c/lib/thumb/v6-m/nofp/libg-musl.a(memchr.o)
 .debug_info    0x0001a5a5      0x2b2 /Applications/microchip/xc32/v4.10/bin/bin/../../lib/gcc/pic32c/8.3.1/../../../../pic32c/lib/thumb/v6-m/nofp/libg-musl.a(stpcpy.o)
 .debug_info    0x0001a857      0x598 /Applications/microchip/xc32/v4.10/bin/bin/../../lib/gcc/pic32c/8.3.1/../../../../pic32c/lib/thumb/v6-m/nofp/libg-musl.a(__asctime.o)
 .debug_info    0x0001adef      0x4da /Applications/microchip/xc32/v4.10/bin/bin/../../lib/gcc/pic32c/8.3.1/../../../../pic32c/lib/thumb/v6-m/nofp/libg-musl.a(langinfo.o)
 .debug_info    0x0001b2c9      0x3f3 /Applications/microchip/xc32/v4.10/bin/bin/../../lib/gcc/pic32c/8.3.1/../../../../pic32c/lib/thumb/v6-m/nofp/libg-musl.a(c_locale.o)
 .debug_info    0x0001b6bc      0x68e /Applications/microchip/xc32/v4.10/bin/bin/../../lib/gcc/pic32c/8.3.1/../../../../pic32c/lib/thumb/v6-m/nofp/libg-musl.a(__int_vfscanf.o)
 .debug_info    0x0001bd4a      0x62a /Applications/microchip/xc32/v4.10/bin/bin/../../lib/gcc/pic32c/8.3.1/../../../../pic32c/lib/thumb/v6-m/nofp/libg-musl.a(__toread.o)
 .debug_info    0x0001c374      0x8c7 /Applications/microchip/xc32/v4.10/bin/bin/../../lib/gcc/pic32c/8.3.1/../../../../pic32c/lib/thumb/v6-m/nofp/libg-musl.a(__fmt_a.o)
 .debug_info    0x0001cc3b      0x5bc /Applications/microchip/xc32/v4.10/bin/bin/../../lib/gcc/pic32c/8.3.1/../../../../pic32c/lib/thumb/v6-m/nofp/libg-musl.a(__fmt_d.o)
 .debug_info    0x0001d1f7      0x58d /Applications/microchip/xc32/v4.10/bin/bin/../../lib/gcc/pic32c/8.3.1/../../../../pic32c/lib/thumb/v6-m/nofp/libg-musl.a(__fmt_o.o)
 .debug_info    0x0001d784      0x650 /Applications/microchip/xc32/v4.10/bin/bin/../../lib/gcc/pic32c/8.3.1/../../../../pic32c/lib/thumb/v6-m/nofp/libg-musl.a(__fmt_u.o)
 .debug_info    0x0001ddd4      0x5c1 /Applications/microchip/xc32/v4.10/bin/bin/../../lib/gcc/pic32c/8.3.1/../../../../pic32c/lib/thumb/v6-m/nofp/libg-musl.a(__fmt_x.o)
 .debug_info    0x0001e395      0x326 /Applications/microchip/xc32/v4.10/bin/bin/../../lib/gcc/pic32c/8.3.1/../../../../pic32c/lib/thumb/v6-m/nofp/libg-musl.a(__init_stdio.o)
 .debug_info    0x0001e6bb      0x53a /Applications/microchip/xc32/v4.10/bin/bin/../../lib/gcc/pic32c/8.3.1/../../../../pic32c/lib/thumb/v6-m/nofp/libg-musl.a(__out.o)
 .debug_info    0x0001ebf5      0x665 /Applications/microchip/xc32/v4.10/bin/bin/../../lib/gcc/pic32c/8.3.1/../../../../pic32c/lib/thumb/v6-m/nofp/libg-musl.a(__stderr.o)
 .debug_info    0x0001f25a      0x6be /Applications/microchip/xc32/v4.10/bin/bin/../../lib/gcc/pic32c/8.3.1/../../../../pic32c/lib/thumb/v6-m/nofp/libg-musl.a(__stdio_close.o)
 .debug_info    0x0001f918      0x75c /Applications/microchip/xc32/v4.10/bin/bin/../../lib/gcc/pic32c/8.3.1/../../../../pic32c/lib/thumb/v6-m/nofp/libg-musl.a(__stdio_seek.o)
 .debug_info    0x00020074      0x346 /Applications/microchip/xc32/v4.10/bin/bin/../../lib/gcc/pic32c/8.3.1/../../../../pic32c/lib/thumb/v6-m/nofp/libg-musl.a(snprintf.o)
 .debug_info    0x000203ba      0x353 /Applications/microchip/xc32/v4.10/bin/bin/../../lib/gcc/pic32c/8.3.1/../../../../pic32c/lib/thumb/v6-m/nofp/libg-musl.a(toupper.o)
 .debug_info    0x0002070d      0x428 /Applications/microchip/xc32/v4.10/bin/bin/../../lib/gcc/pic32c/8.3.1/../../../../pic32c/lib/thumb/v6-m/nofp/libg-musl.a(__fclose.o)
 .debug_info    0x00020b35      0x5a5 /Applications/microchip/xc32/v4.10/bin/bin/../../lib/gcc/pic32c/8.3.1/../../../../pic32c/lib/thumb/v6-m/nofp/libg-musl.a(__fwrite.o)
 .debug_info    0x000210da      0x6fc /Applications/microchip/xc32/v4.10/bin/bin/../../lib/gcc/pic32c/8.3.1/../../../../pic32c/lib/thumb/v6-m/nofp/libg-musl.a(vsnprintf.o)
 .debug_info    0x000217d6      0x31c /Applications/microchip/xc32/v4.10/bin/bin/../../lib/gcc/pic32c/8.3.1/../../../../pic32c/lib/thumb/v6-m/nofp/libc-musl.a(sprintf.o)
 .debug_info    0x00021af2      0x316 /Applications/microchip/xc32/v4.10/bin/bin/../../lib/gcc/pic32c/8.3.1/../../../../pic32c/lib/thumb/v6-m/nofp/libc-musl.a(vsprintf.o)
 .debug_info    0x00021e08       0x26 /Applications/microchip/xc32/v4.10/bin/bin/../../lib/gcc/pic32c/8.3.1/thumb/v6-m/nofp/libgcc.a(_divsi3.o)
 .debug_info    0x00021e2e       0x26 /Applications/microchip/xc32/v4.10/bin/bin/../../lib/gcc/pic32c/8.3.1/thumb/v6-m/nofp/libgcc.a(_dvmd_tls.o)
 .debug_info    0x00021e54       0x26 /Applications/microchip/xc32/v4.10/bin/bin/../../lib/gcc/pic32c/8.3.1/thumb/v6-m/nofp/libgcc.a(_lshrdi3.o)
 .debug_info    0x00021e7a       0x26 /Applications/microchip/xc32/v4.10/bin/bin/../../lib/gcc/pic32c/8.3.1/thumb/v6-m/nofp/libgcc.a(_ashldi3.o)
 .debug_info    0x00021ea0       0x26 /Applications/microchip/xc32/v4.10/bin/bin/../../lib/gcc/pic32c/8.3.1/thumb/v6-m/nofp/libgcc.a(_aeabi_uldivmod.o)
 .debug_info    0x00021ec6      0x4dc /Applications/microchip/xc32/v4.10/bin/bin/../../lib/gcc/pic32c/8.3.1/thumb/v6-m/nofp/libgcc.a(_muldi3.o)
 .debug_info    0x000223a2      0x429 /Applications/microchip/xc32/v4.10/bin/bin/../../lib/gcc/pic32c/8.3.1/thumb/v6-m/nofp/libgcc.a(_udivmoddi4.o)
 .debug_info    0x000227cb       0x26 /Applications/microchip/xc32/v4.10/bin/bin/../../lib/gcc/pic32c/8.3.1/thumb/v6-m/nofp/libgcc.a(_clzdi2.o)
 .debug_info    0x000227f1       0x26 /Applications/microchip/xc32/v4.10/bin/bin/../../lib/gcc/pic32c/8.3.1/thumb/v6-m/nofp/libgcc.a(_clzsi2.o)
 .debug_info    0x00022817      0x288 /Applications/microchip/xc32/v4.10/bin/bin/../../lib/gcc/pic32c/8.3.1/../../../../pic32c/lib/thumb/v6-m/nofp/libpic32c.a(close.o)
 .debug_info    0x00022a9f      0x288 /Applications/microchip/xc32/v4.10/bin/bin/../../lib/gcc/pic32c/8.3.1/../../../../pic32c/lib/thumb/v6-m/nofp/libpic32c.a(lseek.o)

.debug_abbrev   0x00000000     0x635f
 .debug_abbrev  0x00000000      0x181 build/default/debug/_ext/60163342/plib_adc.o
 .debug_abbrev  0x00000181      0x125 build/default/debug/_ext/1984496892/plib_clock.o
 .debug_abbrev  0x000002a6       0x99 build/default/debug/_ext/60167341/plib_eic.o
 .debug_abbrev  0x0000033f      0x1d4 build/default/debug/_ext/1865468468/plib_nvic.o
 .debug_abbrev  0x00000513      0x174 build/default/debug/_ext/1593096446/plib_nvmctrl.o
 .debug_abbrev  0x00000687      0x189 build/default/debug/_ext/1865521619/plib_port.o
 .debug_abbrev  0x00000810      0x1d8 build/default/debug/_ext/60180175/plib_rtc_clock.o
 .debug_abbrev  0x000009e8      0x2cf build/default/debug/_ext/508257091/plib_sercom3_i2c_master.o
 .debug_abbrev  0x00000cb7      0x241 build/default/debug/_ext/17022449/plib_sercom0_spi_master.o
 .debug_abbrev  0x00000ef8      0x1b5 build/default/debug/_ext/829342655/plib_tc3.o
 .debug_abbrev  0x000010ad       0x82 build/default/debug/_ext/163028504/xc32_monitor.o
 .debug_abbrev  0x0000112f       0xb1 build/default/debug/_ext/1171490990/initialization.o
 .debug_abbrev  0x000011e0       0xb5 build/default/debug/_ext/1171490990/interrupts.o
 .debug_abbrev  0x00001295       0x3e build/default/debug/_ext/1171490990/exceptions.o
 .debug_abbrev  0x000012d3       0xd4 build/default/debug/_ext/1171490990/startup_xc32.o
 .debug_abbrev  0x000013a7       0x4f build/default/debug/_ext/1171490990/libc_syscalls.o
 .debug_abbrev  0x000013f6       0xf1 build/default/debug/_ext/258483974/sht20-sensor-t-h.o
 .debug_abbrev  0x000014e7      0x1aa build/default/debug/_ext/1360937237/main.o
 .debug_abbrev  0x00001691       0xe3 build/default/debug/_ext/1827571544/plib_systick.o
 .debug_abbrev  0x00001774       0xb1 ../src/libraries/sam-rtc-utils/sam-rtc-utils.X/dist/default/debug/sam-rtc-utils.X.a(sam-rtc-utils.o)
 .debug_abbrev  0x00001825      0x187 ../src/libraries/microchip-LoRa-semtech/microchip-LoRa-semtech.X/dist/default/debug/microchip-LoRa-semtech.X.a(LoRa.o)
 .debug_abbrev  0x000019ac       0x2e /Applications/microchip/xc32/v4.10/bin/bin/../../lib/gcc/pic32c/8.3.1/../../../../pic32c/lib/thumb/v6-m/nofp/libpic32c.a(data_init.o)
 .debug_abbrev  0x000019da      0x117 /Applications/microchip/xc32/v4.10/bin/bin/../../lib/gcc/pic32c/8.3.1/../../../../pic32c/lib/thumb/v6-m/nofp/libg-musl.a(__libc_start_main.o)
 .debug_abbrev  0x00001af1       0xc7 /Applications/microchip/xc32/v4.10/bin/bin/../../lib/gcc/pic32c/8.3.1/../../../../pic32c/lib/thumb/v6-m/nofp/libg-musl.a(assert.o)
 .debug_abbrev  0x00001bb8       0x69 /Applications/microchip/xc32/v4.10/bin/bin/../../lib/gcc/pic32c/8.3.1/../../../../pic32c/lib/thumb/v6-m/nofp/libg-musl.a(abort.o)
 .debug_abbrev  0x00001c21       0xb8 /Applications/microchip/xc32/v4.10/bin/bin/../../lib/gcc/pic32c/8.3.1/../../../../pic32c/lib/thumb/v6-m/nofp/libg-musl.a(libc.o)
 .debug_abbrev  0x00001cd9      0x120 /Applications/microchip/xc32/v4.10/bin/bin/../../lib/gcc/pic32c/8.3.1/../../../../pic32c/lib/thumb/v6-m/nofp/libg-musl.a(__sio_sscanf_dosux.o)
 .debug_abbrev  0x00001df9      0x113 /Applications/microchip/xc32/v4.10/bin/bin/../../lib/gcc/pic32c/8.3.1/../../../../pic32c/lib/thumb/v6-m/nofp/libg-musl.a(fprintf.o)
 .debug_abbrev  0x00001f0c      0x1a2 /Applications/microchip/xc32/v4.10/bin/bin/../../lib/gcc/pic32c/8.3.1/../../../../pic32c/lib/thumb/v6-m/nofp/libg-musl.a(__fmt_fp.o)
 .debug_abbrev  0x000020ae      0x11d /Applications/microchip/xc32/v4.10/bin/bin/../../lib/gcc/pic32c/8.3.1/../../../../pic32c/lib/thumb/v6-m/nofp/libg-musl.a(__fmt_s.o)
 .debug_abbrev  0x000021cb      0x2be /Applications/microchip/xc32/v4.10/bin/bin/../../lib/gcc/pic32c/8.3.1/../../../../pic32c/lib/thumb/v6-m/nofp/libg-musl.a(__printf_core.o)
 .debug_abbrev  0x00002489      0x194 /Applications/microchip/xc32/v4.10/bin/bin/../../lib/gcc/pic32c/8.3.1/../../../../pic32c/lib/thumb/v6-m/nofp/libg-musl.a(__scan_d.o)
 .debug_abbrev  0x0000261d      0x1a7 /Applications/microchip/xc32/v4.10/bin/bin/../../lib/gcc/pic32c/8.3.1/../../../../pic32c/lib/thumb/v6-m/nofp/libg-musl.a(__scan_i.o)
 .debug_abbrev  0x000027c4      0x15b /Applications/microchip/xc32/v4.10/bin/bin/../../lib/gcc/pic32c/8.3.1/../../../../pic32c/lib/thumb/v6-m/nofp/libg-musl.a(__scan_o.o)
 .debug_abbrev  0x0000291f      0x183 /Applications/microchip/xc32/v4.10/bin/bin/../../lib/gcc/pic32c/8.3.1/../../../../pic32c/lib/thumb/v6-m/nofp/libg-musl.a(__scan_s.o)
 .debug_abbrev  0x00002aa2      0x120 /Applications/microchip/xc32/v4.10/bin/bin/../../lib/gcc/pic32c/8.3.1/../../../../pic32c/lib/thumb/v6-m/nofp/libg-musl.a(__scan_u.o)
 .debug_abbrev  0x00002bc2      0x17a /Applications/microchip/xc32/v4.10/bin/bin/../../lib/gcc/pic32c/8.3.1/../../../../pic32c/lib/thumb/v6-m/nofp/libg-musl.a(__scan_x.o)
 .debug_abbrev  0x00002d3c      0x322 /Applications/microchip/xc32/v4.10/bin/bin/../../lib/gcc/pic32c/8.3.1/../../../../pic32c/lib/thumb/v6-m/nofp/libg-musl.a(__scanf_core.o)
 .debug_abbrev  0x0000305e      0x1b3 /Applications/microchip/xc32/v4.10/bin/bin/../../lib/gcc/pic32c/8.3.1/../../../../pic32c/lib/thumb/v6-m/nofp/libg-musl.a(fflush.o)
 .debug_abbrev  0x00003211      0x118 /Applications/microchip/xc32/v4.10/bin/bin/../../lib/gcc/pic32c/8.3.1/../../../../pic32c/lib/thumb/v6-m/nofp/libg-musl.a(stderr.o)
 .debug_abbrev  0x00003329      0x16f /Applications/microchip/xc32/v4.10/bin/bin/../../lib/gcc/pic32c/8.3.1/../../../../pic32c/lib/thumb/v6-m/nofp/libg-musl.a(vfprintf.o)
 .debug_abbrev  0x00003498       0xbb /Applications/microchip/xc32/v4.10/bin/bin/../../lib/gcc/pic32c/8.3.1/../../../../pic32c/lib/thumb/v6-m/nofp/libg-musl.a(atoi.o)
 .debug_abbrev  0x00003553      0x19b /Applications/microchip/xc32/v4.10/bin/bin/../../lib/gcc/pic32c/8.3.1/../../../../pic32c/lib/thumb/v6-m/nofp/libg-musl.a(strtol.o)
 .debug_abbrev  0x000036ee       0x9c /Applications/microchip/xc32/v4.10/bin/bin/../../lib/gcc/pic32c/8.3.1/../../../../pic32c/lib/thumb/v6-m/nofp/libg-musl.a(memcpy.o)
 .debug_abbrev  0x0000378a       0x97 /Applications/microchip/xc32/v4.10/bin/bin/../../lib/gcc/pic32c/8.3.1/../../../../pic32c/lib/thumb/v6-m/nofp/libg-musl.a(memset.o)
 .debug_abbrev  0x00003821       0x86 /Applications/microchip/xc32/v4.10/bin/bin/../../lib/gcc/pic32c/8.3.1/../../../../pic32c/lib/thumb/v6-m/nofp/libg-musl.a(strlen.o)
 .debug_abbrev  0x000038a7       0x63 /Applications/microchip/xc32/v4.10/bin/bin/../../lib/gcc/pic32c/8.3.1/../../../../pic32c/lib/thumb/v6-m/nofp/libg-musl.a(strcmp.o)
 .debug_abbrev  0x0000390a       0x8e /Applications/microchip/xc32/v4.10/bin/bin/../../lib/gcc/pic32c/8.3.1/../../../../pic32c/lib/thumb/v6-m/nofp/libg-musl.a(strcpy.o)
 .debug_abbrev  0x00003998       0xd3 /Applications/microchip/xc32/v4.10/bin/bin/../../lib/gcc/pic32c/8.3.1/../../../../pic32c/lib/thumb/v6-m/nofp/libg-musl.a(asctime.o)
 .debug_abbrev  0x00003a6b       0xe9 /Applications/microchip/xc32/v4.10/bin/bin/../../lib/gcc/pic32c/8.3.1/../../../../pic32c/lib/thumb/v6-m/nofp/libg-musl.a(isxdigit.o)
 .debug_abbrev  0x00003b54       0xe9 /Applications/microchip/xc32/v4.10/bin/bin/../../lib/gcc/pic32c/8.3.1/../../../../pic32c/lib/thumb/v6-m/nofp/libg-musl.a(tolower.o)
 .debug_abbrev  0x00003c3d       0x57 /Applications/microchip/xc32/v4.10/bin/bin/../../lib/gcc/pic32c/8.3.1/../../../../pic32c/lib/thumb/v6-m/nofp/libg-musl.a(__environ.o)
 .debug_abbrev  0x00003c94       0x2e /Applications/microchip/xc32/v4.10/bin/bin/../../lib/gcc/pic32c/8.3.1/../../../../pic32c/lib/thumb/v6-m/nofp/libg-musl.a(__errno_location.o)
 .debug_abbrev  0x00003cc2       0x7f /Applications/microchip/xc32/v4.10/bin/bin/../../lib/gcc/pic32c/8.3.1/../../../../pic32c/lib/thumb/v6-m/nofp/libg-musl.a(_Exit.o)
 .debug_abbrev  0x00003d41      0x1de /Applications/microchip/xc32/v4.10/bin/bin/../../lib/gcc/pic32c/8.3.1/../../../../pic32c/lib/thumb/v6-m/nofp/libg-musl.a(intscan.o)
 .debug_abbrev  0x00003f1f      0x14a /Applications/microchip/xc32/v4.10/bin/bin/../../lib/gcc/pic32c/8.3.1/../../../../pic32c/lib/thumb/v6-m/nofp/libg-musl.a(shgetc.o)
 .debug_abbrev  0x00004069      0x171 /Applications/microchip/xc32/v4.10/bin/bin/../../lib/gcc/pic32c/8.3.1/../../../../pic32c/lib/thumb/v6-m/nofp/libg-musl.a(__int_vsscanf.o)
 .debug_abbrev  0x000041da      0x12a /Applications/microchip/xc32/v4.10/bin/bin/../../lib/gcc/pic32c/8.3.1/../../../../pic32c/lib/thumb/v6-m/nofp/libg-musl.a(__string_read.o)
 .debug_abbrev  0x00004304      0x125 /Applications/microchip/xc32/v4.10/bin/bin/../../lib/gcc/pic32c/8.3.1/../../../../pic32c/lib/thumb/v6-m/nofp/libg-musl.a(__uflow.o)
 .debug_abbrev  0x00004429       0xbd /Applications/microchip/xc32/v4.10/bin/bin/../../lib/gcc/pic32c/8.3.1/../../../../pic32c/lib/thumb/v6-m/nofp/libg-musl.a(__pop_float.o)
 .debug_abbrev  0x000044e6       0xbd /Applications/microchip/xc32/v4.10/bin/bin/../../lib/gcc/pic32c/8.3.1/../../../../pic32c/lib/thumb/v6-m/nofp/libg-musl.a(__pop_int.o)
 .debug_abbrev  0x000045a3       0xbd /Applications/microchip/xc32/v4.10/bin/bin/../../lib/gcc/pic32c/8.3.1/../../../../pic32c/lib/thumb/v6-m/nofp/libg-musl.a(__pop_ptr.o)
 .debug_abbrev  0x00004660       0xbd /Applications/microchip/xc32/v4.10/bin/bin/../../lib/gcc/pic32c/8.3.1/../../../../pic32c/lib/thumb/v6-m/nofp/libg-musl.a(__push_float.o)
 .debug_abbrev  0x0000471d       0xbd /Applications/microchip/xc32/v4.10/bin/bin/../../lib/gcc/pic32c/8.3.1/../../../../pic32c/lib/thumb/v6-m/nofp/libg-musl.a(__push_int.o)
 .debug_abbrev  0x000047da       0x92 /Applications/microchip/xc32/v4.10/bin/bin/../../lib/gcc/pic32c/8.3.1/../../../../pic32c/lib/thumb/v6-m/nofp/libg-musl.a(memchr.o)
 .debug_abbrev  0x0000486c       0x63 /Applications/microchip/xc32/v4.10/bin/bin/../../lib/gcc/pic32c/8.3.1/../../../../pic32c/lib/thumb/v6-m/nofp/libg-musl.a(stpcpy.o)
 .debug_abbrev  0x000048cf      0x131 /Applications/microchip/xc32/v4.10/bin/bin/../../lib/gcc/pic32c/8.3.1/../../../../pic32c/lib/thumb/v6-m/nofp/libg-musl.a(__asctime.o)
 .debug_abbrev  0x00004a00      0x119 /Applications/microchip/xc32/v4.10/bin/bin/../../lib/gcc/pic32c/8.3.1/../../../../pic32c/lib/thumb/v6-m/nofp/libg-musl.a(langinfo.o)
 .debug_abbrev  0x00004b19       0xab /Applications/microchip/xc32/v4.10/bin/bin/../../lib/gcc/pic32c/8.3.1/../../../../pic32c/lib/thumb/v6-m/nofp/libg-musl.a(c_locale.o)
 .debug_abbrev  0x00004bc4      0x14a /Applications/microchip/xc32/v4.10/bin/bin/../../lib/gcc/pic32c/8.3.1/../../../../pic32c/lib/thumb/v6-m/nofp/libg-musl.a(__int_vfscanf.o)
 .debug_abbrev  0x00004d0e      0x12c /Applications/microchip/xc32/v4.10/bin/bin/../../lib/gcc/pic32c/8.3.1/../../../../pic32c/lib/thumb/v6-m/nofp/libg-musl.a(__toread.o)
 .debug_abbrev  0x00004e3a      0x194 /Applications/microchip/xc32/v4.10/bin/bin/../../lib/gcc/pic32c/8.3.1/../../../../pic32c/lib/thumb/v6-m/nofp/libg-musl.a(__fmt_a.o)
 .debug_abbrev  0x00004fce      0x120 /Applications/microchip/xc32/v4.10/bin/bin/../../lib/gcc/pic32c/8.3.1/../../../../pic32c/lib/thumb/v6-m/nofp/libg-musl.a(__fmt_d.o)
 .debug_abbrev  0x000050ee      0x120 /Applications/microchip/xc32/v4.10/bin/bin/../../lib/gcc/pic32c/8.3.1/../../../../pic32c/lib/thumb/v6-m/nofp/libg-musl.a(__fmt_o.o)
 .debug_abbrev  0x0000520e      0x174 /Applications/microchip/xc32/v4.10/bin/bin/../../lib/gcc/pic32c/8.3.1/../../../../pic32c/lib/thumb/v6-m/nofp/libg-musl.a(__fmt_u.o)
 .debug_abbrev  0x00005382      0x10f /Applications/microchip/xc32/v4.10/bin/bin/../../lib/gcc/pic32c/8.3.1/../../../../pic32c/lib/thumb/v6-m/nofp/libg-musl.a(__fmt_x.o)
 .debug_abbrev  0x00005491       0x5a /Applications/microchip/xc32/v4.10/bin/bin/../../lib/gcc/pic32c/8.3.1/../../../../pic32c/lib/thumb/v6-m/nofp/libg-musl.a(__init_stdio.o)
 .debug_abbrev  0x000054eb      0x15b /Applications/microchip/xc32/v4.10/bin/bin/../../lib/gcc/pic32c/8.3.1/../../../../pic32c/lib/thumb/v6-m/nofp/libg-musl.a(__out.o)
 .debug_abbrev  0x00005646      0x151 /Applications/microchip/xc32/v4.10/bin/bin/../../lib/gcc/pic32c/8.3.1/../../../../pic32c/lib/thumb/v6-m/nofp/libg-musl.a(__stderr.o)
 .debug_abbrev  0x00005797      0x11f /Applications/microchip/xc32/v4.10/bin/bin/../../lib/gcc/pic32c/8.3.1/../../../../pic32c/lib/thumb/v6-m/nofp/libg-musl.a(__stdio_close.o)
 .debug_abbrev  0x000058b6      0x130 /Applications/microchip/xc32/v4.10/bin/bin/../../lib/gcc/pic32c/8.3.1/../../../../pic32c/lib/thumb/v6-m/nofp/libg-musl.a(__stdio_seek.o)
 .debug_abbrev  0x000059e6       0xfb /Applications/microchip/xc32/v4.10/bin/bin/../../lib/gcc/pic32c/8.3.1/../../../../pic32c/lib/thumb/v6-m/nofp/libg-musl.a(snprintf.o)
 .debug_abbrev  0x00005ae1       0xe9 /Applications/microchip/xc32/v4.10/bin/bin/../../lib/gcc/pic32c/8.3.1/../../../../pic32c/lib/thumb/v6-m/nofp/libg-musl.a(toupper.o)
 .debug_abbrev  0x00005bca       0xc1 /Applications/microchip/xc32/v4.10/bin/bin/../../lib/gcc/pic32c/8.3.1/../../../../pic32c/lib/thumb/v6-m/nofp/libg-musl.a(__fclose.o)
 .debug_abbrev  0x00005c8b      0x14c /Applications/microchip/xc32/v4.10/bin/bin/../../lib/gcc/pic32c/8.3.1/../../../../pic32c/lib/thumb/v6-m/nofp/libg-musl.a(__fwrite.o)
 .debug_abbrev  0x00005dd7      0x168 /Applications/microchip/xc32/v4.10/bin/bin/../../lib/gcc/pic32c/8.3.1/../../../../pic32c/lib/thumb/v6-m/nofp/libg-musl.a(vsnprintf.o)
 .debug_abbrev  0x00005f3f       0xfb /Applications/microchip/xc32/v4.10/bin/bin/../../lib/gcc/pic32c/8.3.1/../../../../pic32c/lib/thumb/v6-m/nofp/libc-musl.a(sprintf.o)
 .debug_abbrev  0x0000603a       0xc0 /Applications/microchip/xc32/v4.10/bin/bin/../../lib/gcc/pic32c/8.3.1/../../../../pic32c/lib/thumb/v6-m/nofp/libc-musl.a(vsprintf.o)
 .debug_abbrev  0x000060fa       0x14 /Applications/microchip/xc32/v4.10/bin/bin/../../lib/gcc/pic32c/8.3.1/thumb/v6-m/nofp/libgcc.a(_divsi3.o)
 .debug_abbrev  0x0000610e       0x14 /Applications/microchip/xc32/v4.10/bin/bin/../../lib/gcc/pic32c/8.3.1/thumb/v6-m/nofp/libgcc.a(_dvmd_tls.o)
 .debug_abbrev  0x00006122       0x14 /Applications/microchip/xc32/v4.10/bin/bin/../../lib/gcc/pic32c/8.3.1/thumb/v6-m/nofp/libgcc.a(_lshrdi3.o)
 .debug_abbrev  0x00006136       0x14 /Applications/microchip/xc32/v4.10/bin/bin/../../lib/gcc/pic32c/8.3.1/thumb/v6-m/nofp/libgcc.a(_ashldi3.o)
 .debug_abbrev  0x0000614a       0x14 /Applications/microchip/xc32/v4.10/bin/bin/../../lib/gcc/pic32c/8.3.1/thumb/v6-m/nofp/libgcc.a(_aeabi_uldivmod.o)
 .debug_abbrev  0x0000615e       0xef /Applications/microchip/xc32/v4.10/bin/bin/../../lib/gcc/pic32c/8.3.1/thumb/v6-m/nofp/libgcc.a(_muldi3.o)
 .debug_abbrev  0x0000624d       0x8e /Applications/microchip/xc32/v4.10/bin/bin/../../lib/gcc/pic32c/8.3.1/thumb/v6-m/nofp/libgcc.a(_udivmoddi4.o)
 .debug_abbrev  0x000062db       0x14 /Applications/microchip/xc32/v4.10/bin/bin/../../lib/gcc/pic32c/8.3.1/thumb/v6-m/nofp/libgcc.a(_clzdi2.o)
 .debug_abbrev  0x000062ef       0x14 /Applications/microchip/xc32/v4.10/bin/bin/../../lib/gcc/pic32c/8.3.1/thumb/v6-m/nofp/libgcc.a(_clzsi2.o)
 .debug_abbrev  0x00006303       0x2e /Applications/microchip/xc32/v4.10/bin/bin/../../lib/gcc/pic32c/8.3.1/../../../../pic32c/lib/thumb/v6-m/nofp/libpic32c.a(close.o)
 .debug_abbrev  0x00006331       0x2e /Applications/microchip/xc32/v4.10/bin/bin/../../lib/gcc/pic32c/8.3.1/../../../../pic32c/lib/thumb/v6-m/nofp/libpic32c.a(lseek.o)

.debug_loc      0x00000000     0x96db
 .debug_loc     0x00000000      0x270 build/default/debug/_ext/60163342/plib_adc.o
 .debug_loc     0x00000270      0x120 build/default/debug/_ext/1984496892/plib_clock.o
 .debug_loc     0x00000390       0x2c build/default/debug/_ext/60167341/plib_eic.o
 .debug_loc     0x000003bc      0x138 build/default/debug/_ext/1865468468/plib_nvic.o
 .debug_loc     0x000004f4      0x388 build/default/debug/_ext/1593096446/plib_nvmctrl.o
 .debug_loc     0x0000087c      0x25c build/default/debug/_ext/1865521619/plib_port.o
 .debug_loc     0x00000ad8      0x164 build/default/debug/_ext/60180175/plib_rtc_clock.o
 .debug_loc     0x00000c3c      0x2e0 build/default/debug/_ext/508257091/plib_sercom3_i2c_master.o
 .debug_loc     0x00000f1c      0x1e0 build/default/debug/_ext/17022449/plib_sercom0_spi_master.o
 .debug_loc     0x000010fc      0x220 build/default/debug/_ext/829342655/plib_tc3.o
 .debug_loc     0x0000131c       0x70 build/default/debug/_ext/163028504/xc32_monitor.o
 .debug_loc     0x0000138c       0x38 build/default/debug/_ext/1171490990/initialization.o
 .debug_loc     0x000013c4       0x58 build/default/debug/_ext/1171490990/exceptions.o
 .debug_loc     0x0000141c       0x20 build/default/debug/_ext/1171490990/startup_xc32.o
 .debug_loc     0x0000143c       0x38 build/default/debug/_ext/1171490990/libc_syscalls.o
 .debug_loc     0x00001474       0xa8 build/default/debug/_ext/258483974/sht20-sensor-t-h.o
 .debug_loc     0x0000151c      0x202 build/default/debug/_ext/1360937237/main.o
 .debug_loc     0x0000171e      0x208 build/default/debug/_ext/1827571544/plib_systick.o
 .debug_loc     0x00001926       0x3a ../src/libraries/sam-rtc-utils/sam-rtc-utils.X/dist/default/debug/sam-rtc-utils.X.a(sam-rtc-utils.o)
 .debug_loc     0x00001960      0x244 ../src/libraries/microchip-LoRa-semtech/microchip-LoRa-semtech.X/dist/default/debug/microchip-LoRa-semtech.X.a(LoRa.o)
 .debug_loc     0x00001ba4       0x14 /Applications/microchip/xc32/v4.10/bin/bin/../../lib/gcc/pic32c/8.3.1/../../../../pic32c/lib/thumb/v6-m/nofp/libpic32c.a(data_init.o)
 .debug_loc     0x00001bb8       0x5e /Applications/microchip/xc32/v4.10/bin/bin/../../lib/gcc/pic32c/8.3.1/../../../../pic32c/lib/thumb/v6-m/nofp/libg-musl.a(__libc_start_main.o)
 .debug_loc     0x00001c16       0xea /Applications/microchip/xc32/v4.10/bin/bin/../../lib/gcc/pic32c/8.3.1/../../../../pic32c/lib/thumb/v6-m/nofp/libg-musl.a(assert.o)
 .debug_loc     0x00001d00       0x20 /Applications/microchip/xc32/v4.10/bin/bin/../../lib/gcc/pic32c/8.3.1/../../../../pic32c/lib/thumb/v6-m/nofp/libg-musl.a(abort.o)
 .debug_loc     0x00001d20       0x86 /Applications/microchip/xc32/v4.10/bin/bin/../../lib/gcc/pic32c/8.3.1/../../../../pic32c/lib/thumb/v6-m/nofp/libg-musl.a(__sio_sscanf_dosux.o)
 .debug_loc     0x00001da6       0x66 /Applications/microchip/xc32/v4.10/bin/bin/../../lib/gcc/pic32c/8.3.1/../../../../pic32c/lib/thumb/v6-m/nofp/libg-musl.a(fprintf.o)
 .debug_loc     0x00001e0c      0xd09 /Applications/microchip/xc32/v4.10/bin/bin/../../lib/gcc/pic32c/8.3.1/../../../../pic32c/lib/thumb/v6-m/nofp/libg-musl.a(__fmt_fp.o)
 .debug_loc     0x00002b15      0x144 /Applications/microchip/xc32/v4.10/bin/bin/../../lib/gcc/pic32c/8.3.1/../../../../pic32c/lib/thumb/v6-m/nofp/libg-musl.a(__fmt_s.o)
 .debug_loc     0x00002c59      0x6c7 /Applications/microchip/xc32/v4.10/bin/bin/../../lib/gcc/pic32c/8.3.1/../../../../pic32c/lib/thumb/v6-m/nofp/libg-musl.a(__printf_core.o)
 .debug_loc     0x00003320      0x2cb /Applications/microchip/xc32/v4.10/bin/bin/../../lib/gcc/pic32c/8.3.1/../../../../pic32c/lib/thumb/v6-m/nofp/libg-musl.a(__scan_d.o)
 .debug_loc     0x000035eb      0x2ee /Applications/microchip/xc32/v4.10/bin/bin/../../lib/gcc/pic32c/8.3.1/../../../../pic32c/lib/thumb/v6-m/nofp/libg-musl.a(__scan_i.o)
 .debug_loc     0x000038d9      0x1dd /Applications/microchip/xc32/v4.10/bin/bin/../../lib/gcc/pic32c/8.3.1/../../../../pic32c/lib/thumb/v6-m/nofp/libg-musl.a(__scan_o.o)
 .debug_loc     0x00003ab6      0x1a6 /Applications/microchip/xc32/v4.10/bin/bin/../../lib/gcc/pic32c/8.3.1/../../../../pic32c/lib/thumb/v6-m/nofp/libg-musl.a(__scan_s.o)
 .debug_loc     0x00003c5c       0xe3 /Applications/microchip/xc32/v4.10/bin/bin/../../lib/gcc/pic32c/8.3.1/../../../../pic32c/lib/thumb/v6-m/nofp/libg-musl.a(__scan_u.o)
 .debug_loc     0x00003d3f      0x21d /Applications/microchip/xc32/v4.10/bin/bin/../../lib/gcc/pic32c/8.3.1/../../../../pic32c/lib/thumb/v6-m/nofp/libg-musl.a(__scan_x.o)
 .debug_loc     0x00003f5c      0xc2c /Applications/microchip/xc32/v4.10/bin/bin/../../lib/gcc/pic32c/8.3.1/../../../../pic32c/lib/thumb/v6-m/nofp/libg-musl.a(__scanf_core.o)
 .debug_loc     0x00004b88       0xcc /Applications/microchip/xc32/v4.10/bin/bin/../../lib/gcc/pic32c/8.3.1/../../../../pic32c/lib/thumb/v6-m/nofp/libg-musl.a(fflush.o)
 .debug_loc     0x00004c54       0x40 /Applications/microchip/xc32/v4.10/bin/bin/../../lib/gcc/pic32c/8.3.1/../../../../pic32c/lib/thumb/v6-m/nofp/libg-musl.a(stderr.o)
 .debug_loc     0x00004c94       0xd0 /Applications/microchip/xc32/v4.10/bin/bin/../../lib/gcc/pic32c/8.3.1/../../../../pic32c/lib/thumb/v6-m/nofp/libg-musl.a(vfprintf.o)
 .debug_loc     0x00004d64       0xdc /Applications/microchip/xc32/v4.10/bin/bin/../../lib/gcc/pic32c/8.3.1/../../../../pic32c/lib/thumb/v6-m/nofp/libg-musl.a(atoi.o)
 .debug_loc     0x00004e40      0x48b /Applications/microchip/xc32/v4.10/bin/bin/../../lib/gcc/pic32c/8.3.1/../../../../pic32c/lib/thumb/v6-m/nofp/libg-musl.a(strtol.o)
 .debug_loc     0x000052cb      0x109 /Applications/microchip/xc32/v4.10/bin/bin/../../lib/gcc/pic32c/8.3.1/../../../../pic32c/lib/thumb/v6-m/nofp/libg-musl.a(memcpy.o)
 .debug_loc     0x000053d4       0x80 /Applications/microchip/xc32/v4.10/bin/bin/../../lib/gcc/pic32c/8.3.1/../../../../pic32c/lib/thumb/v6-m/nofp/libg-musl.a(memset.o)
 .debug_loc     0x00005454       0x54 /Applications/microchip/xc32/v4.10/bin/bin/../../lib/gcc/pic32c/8.3.1/../../../../pic32c/lib/thumb/v6-m/nofp/libg-musl.a(strlen.o)
 .debug_loc     0x000054a8       0x96 /Applications/microchip/xc32/v4.10/bin/bin/../../lib/gcc/pic32c/8.3.1/../../../../pic32c/lib/thumb/v6-m/nofp/libg-musl.a(strcmp.o)
 .debug_loc     0x0000553e       0x74 /Applications/microchip/xc32/v4.10/bin/bin/../../lib/gcc/pic32c/8.3.1/../../../../pic32c/lib/thumb/v6-m/nofp/libg-musl.a(strcpy.o)
 .debug_loc     0x000055b2       0x45 /Applications/microchip/xc32/v4.10/bin/bin/../../lib/gcc/pic32c/8.3.1/../../../../pic32c/lib/thumb/v6-m/nofp/libg-musl.a(asctime.o)
 .debug_loc     0x000055f7       0x9c /Applications/microchip/xc32/v4.10/bin/bin/../../lib/gcc/pic32c/8.3.1/../../../../pic32c/lib/thumb/v6-m/nofp/libg-musl.a(isxdigit.o)
 .debug_loc     0x00005693       0x8f /Applications/microchip/xc32/v4.10/bin/bin/../../lib/gcc/pic32c/8.3.1/../../../../pic32c/lib/thumb/v6-m/nofp/libg-musl.a(tolower.o)
 .debug_loc     0x00005722       0x45 /Applications/microchip/xc32/v4.10/bin/bin/../../lib/gcc/pic32c/8.3.1/../../../../pic32c/lib/thumb/v6-m/nofp/libg-musl.a(_Exit.o)
 .debug_loc     0x00005767      0x751 /Applications/microchip/xc32/v4.10/bin/bin/../../lib/gcc/pic32c/8.3.1/../../../../pic32c/lib/thumb/v6-m/nofp/libg-musl.a(intscan.o)
 .debug_loc     0x00005eb8       0xad /Applications/microchip/xc32/v4.10/bin/bin/../../lib/gcc/pic32c/8.3.1/../../../../pic32c/lib/thumb/v6-m/nofp/libg-musl.a(shgetc.o)
 .debug_loc     0x00005f65      0x142 /Applications/microchip/xc32/v4.10/bin/bin/../../lib/gcc/pic32c/8.3.1/../../../../pic32c/lib/thumb/v6-m/nofp/libg-musl.a(__int_vsscanf.o)
 .debug_loc     0x000060a7       0xf1 /Applications/microchip/xc32/v4.10/bin/bin/../../lib/gcc/pic32c/8.3.1/../../../../pic32c/lib/thumb/v6-m/nofp/libg-musl.a(__string_read.o)
 .debug_loc     0x00006198       0x5f /Applications/microchip/xc32/v4.10/bin/bin/../../lib/gcc/pic32c/8.3.1/../../../../pic32c/lib/thumb/v6-m/nofp/libg-musl.a(__uflow.o)
 .debug_loc     0x000061f7       0x6f /Applications/microchip/xc32/v4.10/bin/bin/../../lib/gcc/pic32c/8.3.1/../../../../pic32c/lib/thumb/v6-m/nofp/libg-musl.a(__pop_float.o)
 .debug_loc     0x00006266      0x281 /Applications/microchip/xc32/v4.10/bin/bin/../../lib/gcc/pic32c/8.3.1/../../../../pic32c/lib/thumb/v6-m/nofp/libg-musl.a(__pop_int.o)
 .debug_loc     0x000064e7      0x1fe /Applications/microchip/xc32/v4.10/bin/bin/../../lib/gcc/pic32c/8.3.1/../../../../pic32c/lib/thumb/v6-m/nofp/libg-musl.a(__pop_ptr.o)
 .debug_loc     0x000066e5      0x15a /Applications/microchip/xc32/v4.10/bin/bin/../../lib/gcc/pic32c/8.3.1/../../../../pic32c/lib/thumb/v6-m/nofp/libg-musl.a(__push_float.o)
 .debug_loc     0x0000683f      0x2ae /Applications/microchip/xc32/v4.10/bin/bin/../../lib/gcc/pic32c/8.3.1/../../../../pic32c/lib/thumb/v6-m/nofp/libg-musl.a(__push_int.o)
 .debug_loc     0x00006aed       0xa8 /Applications/microchip/xc32/v4.10/bin/bin/../../lib/gcc/pic32c/8.3.1/../../../../pic32c/lib/thumb/v6-m/nofp/libg-musl.a(memchr.o)
 .debug_loc     0x00006b95       0x90 /Applications/microchip/xc32/v4.10/bin/bin/../../lib/gcc/pic32c/8.3.1/../../../../pic32c/lib/thumb/v6-m/nofp/libg-musl.a(stpcpy.o)
 .debug_loc     0x00006c25       0x8d /Applications/microchip/xc32/v4.10/bin/bin/../../lib/gcc/pic32c/8.3.1/../../../../pic32c/lib/thumb/v6-m/nofp/libg-musl.a(__asctime.o)
 .debug_loc     0x00006cb2      0x237 /Applications/microchip/xc32/v4.10/bin/bin/../../lib/gcc/pic32c/8.3.1/../../../../pic32c/lib/thumb/v6-m/nofp/libg-musl.a(langinfo.o)
 .debug_loc     0x00006ee9       0xb0 /Applications/microchip/xc32/v4.10/bin/bin/../../lib/gcc/pic32c/8.3.1/../../../../pic32c/lib/thumb/v6-m/nofp/libg-musl.a(__int_vfscanf.o)
 .debug_loc     0x00006f99       0x7f /Applications/microchip/xc32/v4.10/bin/bin/../../lib/gcc/pic32c/8.3.1/../../../../pic32c/lib/thumb/v6-m/nofp/libg-musl.a(__toread.o)
 .debug_loc     0x00007018      0xd41 /Applications/microchip/xc32/v4.10/bin/bin/../../lib/gcc/pic32c/8.3.1/../../../../pic32c/lib/thumb/v6-m/nofp/libg-musl.a(__fmt_a.o)
 .debug_loc     0x00007d59      0x2a6 /Applications/microchip/xc32/v4.10/bin/bin/../../lib/gcc/pic32c/8.3.1/../../../../pic32c/lib/thumb/v6-m/nofp/libg-musl.a(__fmt_d.o)
 .debug_loc     0x00007fff      0x12d /Applications/microchip/xc32/v4.10/bin/bin/../../lib/gcc/pic32c/8.3.1/../../../../pic32c/lib/thumb/v6-m/nofp/libg-musl.a(__fmt_o.o)
 .debug_loc     0x0000812c      0x2e3 /Applications/microchip/xc32/v4.10/bin/bin/../../lib/gcc/pic32c/8.3.1/../../../../pic32c/lib/thumb/v6-m/nofp/libg-musl.a(__fmt_u.o)
 .debug_loc     0x0000840f      0x391 /Applications/microchip/xc32/v4.10/bin/bin/../../lib/gcc/pic32c/8.3.1/../../../../pic32c/lib/thumb/v6-m/nofp/libg-musl.a(__fmt_x.o)
 .debug_loc     0x000087a0       0x20 /Applications/microchip/xc32/v4.10/bin/bin/../../lib/gcc/pic32c/8.3.1/../../../../pic32c/lib/thumb/v6-m/nofp/libg-musl.a(__init_stdio.o)
 .debug_loc     0x000087c0      0x1e6 /Applications/microchip/xc32/v4.10/bin/bin/../../lib/gcc/pic32c/8.3.1/../../../../pic32c/lib/thumb/v6-m/nofp/libg-musl.a(__out.o)
 .debug_loc     0x000089a6       0x45 /Applications/microchip/xc32/v4.10/bin/bin/../../lib/gcc/pic32c/8.3.1/../../../../pic32c/lib/thumb/v6-m/nofp/libg-musl.a(__stderr.o)
 .debug_loc     0x000089eb      0x1d8 /Applications/microchip/xc32/v4.10/bin/bin/../../lib/gcc/pic32c/8.3.1/../../../../pic32c/lib/thumb/v6-m/nofp/libg-musl.a(__stdio_close.o)
 .debug_loc     0x00008bc3      0x1b6 /Applications/microchip/xc32/v4.10/bin/bin/../../lib/gcc/pic32c/8.3.1/../../../../pic32c/lib/thumb/v6-m/nofp/libg-musl.a(__stdio_seek.o)
 .debug_loc     0x00008d79       0x8b /Applications/microchip/xc32/v4.10/bin/bin/../../lib/gcc/pic32c/8.3.1/../../../../pic32c/lib/thumb/v6-m/nofp/libg-musl.a(snprintf.o)
 .debug_loc     0x00008e04       0x8f /Applications/microchip/xc32/v4.10/bin/bin/../../lib/gcc/pic32c/8.3.1/../../../../pic32c/lib/thumb/v6-m/nofp/libg-musl.a(toupper.o)
 .debug_loc     0x00008e93       0x77 /Applications/microchip/xc32/v4.10/bin/bin/../../lib/gcc/pic32c/8.3.1/../../../../pic32c/lib/thumb/v6-m/nofp/libg-musl.a(__fclose.o)
 .debug_loc     0x00008f0a      0x175 /Applications/microchip/xc32/v4.10/bin/bin/../../lib/gcc/pic32c/8.3.1/../../../../pic32c/lib/thumb/v6-m/nofp/libg-musl.a(__fwrite.o)
 .debug_loc     0x0000907f      0x10c /Applications/microchip/xc32/v4.10/bin/bin/../../lib/gcc/pic32c/8.3.1/../../../../pic32c/lib/thumb/v6-m/nofp/libg-musl.a(vsnprintf.o)
 .debug_loc     0x0000918b       0x66 /Applications/microchip/xc32/v4.10/bin/bin/../../lib/gcc/pic32c/8.3.1/../../../../pic32c/lib/thumb/v6-m/nofp/libc-musl.a(sprintf.o)
 .debug_loc     0x000091f1       0x8c /Applications/microchip/xc32/v4.10/bin/bin/../../lib/gcc/pic32c/8.3.1/../../../../pic32c/lib/thumb/v6-m/nofp/libc-musl.a(vsprintf.o)
 .debug_loc     0x0000927d      0x177 /Applications/microchip/xc32/v4.10/bin/bin/../../lib/gcc/pic32c/8.3.1/thumb/v6-m/nofp/libgcc.a(_muldi3.o)
 .debug_loc     0x000093f4      0x2e7 /Applications/microchip/xc32/v4.10/bin/bin/../../lib/gcc/pic32c/8.3.1/thumb/v6-m/nofp/libgcc.a(_udivmoddi4.o)

.debug_aranges  0x00000000     0x10f0
 .debug_aranges
                0x00000000       0x78 build/default/debug/_ext/60163342/plib_adc.o
 .debug_aranges
                0x00000078       0x48 build/default/debug/_ext/1984496892/plib_clock.o
 .debug_aranges
                0x000000c0       0x20 build/default/debug/_ext/60167341/plib_eic.o
 .debug_aranges
                0x000000e0       0x48 build/default/debug/_ext/1865468468/plib_nvic.o
 .debug_aranges
                0x00000128       0xa0 build/default/debug/_ext/1593096446/plib_nvmctrl.o
 .debug_aranges
                0x000001c8       0x70 build/default/debug/_ext/1865521619/plib_port.o
 .debug_aranges
                0x00000238       0x50 build/default/debug/_ext/60180175/plib_rtc_clock.o
 .debug_aranges
                0x00000288       0x88 build/default/debug/_ext/508257091/plib_sercom3_i2c_master.o
 .debug_aranges
                0x00000310       0x60 build/default/debug/_ext/17022449/plib_sercom0_spi_master.o
 .debug_aranges
                0x00000370       0x70 build/default/debug/_ext/829342655/plib_tc3.o
 .debug_aranges
                0x000003e0       0x28 build/default/debug/_ext/163028504/xc32_monitor.o
 .debug_aranges
                0x00000408       0x20 build/default/debug/_ext/1171490990/initialization.o
 .debug_aranges
                0x00000428       0x20 build/default/debug/_ext/1171490990/interrupts.o
 .debug_aranges
                0x00000448       0x28 build/default/debug/_ext/1171490990/exceptions.o
 .debug_aranges
                0x00000470       0x28 build/default/debug/_ext/1171490990/startup_xc32.o
 .debug_aranges
                0x00000498       0x20 build/default/debug/_ext/1171490990/libc_syscalls.o
 .debug_aranges
                0x000004b8       0x30 build/default/debug/_ext/258483974/sht20-sensor-t-h.o
 .debug_aranges
                0x000004e8       0x68 build/default/debug/_ext/1360937237/main.o
 .debug_aranges
                0x00000550       0x70 build/default/debug/_ext/1827571544/plib_systick.o
 .debug_aranges
                0x000005c0       0x20 ../src/libraries/sam-rtc-utils/sam-rtc-utils.X/dist/default/debug/sam-rtc-utils.X.a(sam-rtc-utils.o)
 .debug_aranges
                0x000005e0       0x20 ../src/libraries/microchip-LoRa-semtech/microchip-LoRa-semtech.X/dist/default/debug/microchip-LoRa-semtech.X.a(LoRa.o)
 .debug_aranges
                0x00000600       0x20 /Applications/microchip/xc32/v4.10/bin/bin/../../lib/gcc/pic32c/8.3.1/../../../../pic32c/lib/thumb/v6-m/nofp/libpic32c.a(data_init.o)
 .debug_aranges
                0x00000620       0x28 /Applications/microchip/xc32/v4.10/bin/bin/../../lib/gcc/pic32c/8.3.1/../../../../pic32c/lib/thumb/v6-m/nofp/libg-musl.a(__libc_start_main.o)
 .debug_aranges
                0x00000648       0x20 /Applications/microchip/xc32/v4.10/bin/bin/../../lib/gcc/pic32c/8.3.1/../../../../pic32c/lib/thumb/v6-m/nofp/libg-musl.a(assert.o)
 .debug_aranges
                0x00000668       0x20 /Applications/microchip/xc32/v4.10/bin/bin/../../lib/gcc/pic32c/8.3.1/../../../../pic32c/lib/thumb/v6-m/nofp/libg-musl.a(abort.o)
 .debug_aranges
                0x00000688       0x18 /Applications/microchip/xc32/v4.10/bin/bin/../../lib/gcc/pic32c/8.3.1/../../../../pic32c/lib/thumb/v6-m/nofp/libg-musl.a(libc.o)
 .debug_aranges
                0x000006a0       0x28 /Applications/microchip/xc32/v4.10/bin/bin/../../lib/gcc/pic32c/8.3.1/../../../../pic32c/lib/thumb/v6-m/nofp/libg-musl.a(__sio_sscanf_dosux.o)
 .debug_aranges
                0x000006c8       0x20 /Applications/microchip/xc32/v4.10/bin/bin/../../lib/gcc/pic32c/8.3.1/../../../../pic32c/lib/thumb/v6-m/nofp/libg-musl.a(fprintf.o)
 .debug_aranges
                0x000006e8       0x20 /Applications/microchip/xc32/v4.10/bin/bin/../../lib/gcc/pic32c/8.3.1/../../../../pic32c/lib/thumb/v6-m/nofp/libg-musl.a(__fmt_fp.o)
 .debug_aranges
                0x00000708       0x20 /Applications/microchip/xc32/v4.10/bin/bin/../../lib/gcc/pic32c/8.3.1/../../../../pic32c/lib/thumb/v6-m/nofp/libg-musl.a(__fmt_s.o)
 .debug_aranges
                0x00000728       0x50 /Applications/microchip/xc32/v4.10/bin/bin/../../lib/gcc/pic32c/8.3.1/../../../../pic32c/lib/thumb/v6-m/nofp/libg-musl.a(__printf_core.o)
 .debug_aranges
                0x00000778       0x30 /Applications/microchip/xc32/v4.10/bin/bin/../../lib/gcc/pic32c/8.3.1/../../../../pic32c/lib/thumb/v6-m/nofp/libg-musl.a(__scan_d.o)
 .debug_aranges
                0x000007a8       0x20 /Applications/microchip/xc32/v4.10/bin/bin/../../lib/gcc/pic32c/8.3.1/../../../../pic32c/lib/thumb/v6-m/nofp/libg-musl.a(__scan_i.o)
 .debug_aranges
                0x000007c8       0x20 /Applications/microchip/xc32/v4.10/bin/bin/../../lib/gcc/pic32c/8.3.1/../../../../pic32c/lib/thumb/v6-m/nofp/libg-musl.a(__scan_o.o)
 .debug_aranges
                0x000007e8       0x20 /Applications/microchip/xc32/v4.10/bin/bin/../../lib/gcc/pic32c/8.3.1/../../../../pic32c/lib/thumb/v6-m/nofp/libg-musl.a(__scan_s.o)
 .debug_aranges
                0x00000808       0x20 /Applications/microchip/xc32/v4.10/bin/bin/../../lib/gcc/pic32c/8.3.1/../../../../pic32c/lib/thumb/v6-m/nofp/libg-musl.a(__scan_u.o)
 .debug_aranges
                0x00000828       0x20 /Applications/microchip/xc32/v4.10/bin/bin/../../lib/gcc/pic32c/8.3.1/../../../../pic32c/lib/thumb/v6-m/nofp/libg-musl.a(__scan_x.o)
 .debug_aranges
                0x00000848       0x48 /Applications/microchip/xc32/v4.10/bin/bin/../../lib/gcc/pic32c/8.3.1/../../../../pic32c/lib/thumb/v6-m/nofp/libg-musl.a(__scanf_core.o)
 .debug_aranges
                0x00000890       0x30 /Applications/microchip/xc32/v4.10/bin/bin/../../lib/gcc/pic32c/8.3.1/../../../../pic32c/lib/thumb/v6-m/nofp/libg-musl.a(fflush.o)
 .debug_aranges
                0x000008c0       0x30 /Applications/microchip/xc32/v4.10/bin/bin/../../lib/gcc/pic32c/8.3.1/../../../../pic32c/lib/thumb/v6-m/nofp/libg-musl.a(stderr.o)
 .debug_aranges
                0x000008f0       0x28 /Applications/microchip/xc32/v4.10/bin/bin/../../lib/gcc/pic32c/8.3.1/../../../../pic32c/lib/thumb/v6-m/nofp/libg-musl.a(vfprintf.o)
 .debug_aranges
                0x00000918       0x20 /Applications/microchip/xc32/v4.10/bin/bin/../../lib/gcc/pic32c/8.3.1/../../../../pic32c/lib/thumb/v6-m/nofp/libg-musl.a(atoi.o)
 .debug_aranges
                0x00000938       0x50 /Applications/microchip/xc32/v4.10/bin/bin/../../lib/gcc/pic32c/8.3.1/../../../../pic32c/lib/thumb/v6-m/nofp/libg-musl.a(strtol.o)
 .debug_aranges
                0x00000988       0x20 /Applications/microchip/xc32/v4.10/bin/bin/../../lib/gcc/pic32c/8.3.1/../../../../pic32c/lib/thumb/v6-m/nofp/libg-musl.a(memcpy.o)
 .debug_aranges
                0x000009a8       0x20 /Applications/microchip/xc32/v4.10/bin/bin/../../lib/gcc/pic32c/8.3.1/../../../../pic32c/lib/thumb/v6-m/nofp/libg-musl.a(memset.o)
 .debug_aranges
                0x000009c8       0x20 /Applications/microchip/xc32/v4.10/bin/bin/../../lib/gcc/pic32c/8.3.1/../../../../pic32c/lib/thumb/v6-m/nofp/libg-musl.a(strlen.o)
 .debug_aranges
                0x000009e8       0x20 /Applications/microchip/xc32/v4.10/bin/bin/../../lib/gcc/pic32c/8.3.1/../../../../pic32c/lib/thumb/v6-m/nofp/libg-musl.a(strcmp.o)
 .debug_aranges
                0x00000a08       0x20 /Applications/microchip/xc32/v4.10/bin/bin/../../lib/gcc/pic32c/8.3.1/../../../../pic32c/lib/thumb/v6-m/nofp/libg-musl.a(strcpy.o)
 .debug_aranges
                0x00000a28       0x20 /Applications/microchip/xc32/v4.10/bin/bin/../../lib/gcc/pic32c/8.3.1/../../../../pic32c/lib/thumb/v6-m/nofp/libg-musl.a(asctime.o)
 .debug_aranges
                0x00000a48       0x28 /Applications/microchip/xc32/v4.10/bin/bin/../../lib/gcc/pic32c/8.3.1/../../../../pic32c/lib/thumb/v6-m/nofp/libg-musl.a(isxdigit.o)
 .debug_aranges
                0x00000a70       0x28 /Applications/microchip/xc32/v4.10/bin/bin/../../lib/gcc/pic32c/8.3.1/../../../../pic32c/lib/thumb/v6-m/nofp/libg-musl.a(tolower.o)
 .debug_aranges
                0x00000a98       0x18 /Applications/microchip/xc32/v4.10/bin/bin/../../lib/gcc/pic32c/8.3.1/../../../../pic32c/lib/thumb/v6-m/nofp/libg-musl.a(__environ.o)
 .debug_aranges
                0x00000ab0       0x18 /Applications/microchip/xc32/v4.10/bin/bin/../../lib/gcc/pic32c/8.3.1/../../../../pic32c/lib/thumb/v6-m/nofp/libg-musl.a(__errno_location.o)
 .debug_aranges
                0x00000ac8       0x20 /Applications/microchip/xc32/v4.10/bin/bin/../../lib/gcc/pic32c/8.3.1/../../../../pic32c/lib/thumb/v6-m/nofp/libg-musl.a(_Exit.o)
 .debug_aranges
                0x00000ae8       0x20 /Applications/microchip/xc32/v4.10/bin/bin/../../lib/gcc/pic32c/8.3.1/../../../../pic32c/lib/thumb/v6-m/nofp/libg-musl.a(intscan.o)
 .debug_aranges
                0x00000b08       0x28 /Applications/microchip/xc32/v4.10/bin/bin/../../lib/gcc/pic32c/8.3.1/../../../../pic32c/lib/thumb/v6-m/nofp/libg-musl.a(shgetc.o)
 .debug_aranges
                0x00000b30       0x28 /Applications/microchip/xc32/v4.10/bin/bin/../../lib/gcc/pic32c/8.3.1/../../../../pic32c/lib/thumb/v6-m/nofp/libg-musl.a(__int_vsscanf.o)
 .debug_aranges
                0x00000b58       0x20 /Applications/microchip/xc32/v4.10/bin/bin/../../lib/gcc/pic32c/8.3.1/../../../../pic32c/lib/thumb/v6-m/nofp/libg-musl.a(__string_read.o)
 .debug_aranges
                0x00000b78       0x20 /Applications/microchip/xc32/v4.10/bin/bin/../../lib/gcc/pic32c/8.3.1/../../../../pic32c/lib/thumb/v6-m/nofp/libg-musl.a(__uflow.o)
 .debug_aranges
                0x00000b98       0x20 /Applications/microchip/xc32/v4.10/bin/bin/../../lib/gcc/pic32c/8.3.1/../../../../pic32c/lib/thumb/v6-m/nofp/libg-musl.a(__pop_float.o)
 .debug_aranges
                0x00000bb8       0x20 /Applications/microchip/xc32/v4.10/bin/bin/../../lib/gcc/pic32c/8.3.1/../../../../pic32c/lib/thumb/v6-m/nofp/libg-musl.a(__pop_int.o)
 .debug_aranges
                0x00000bd8       0x20 /Applications/microchip/xc32/v4.10/bin/bin/../../lib/gcc/pic32c/8.3.1/../../../../pic32c/lib/thumb/v6-m/nofp/libg-musl.a(__pop_ptr.o)
 .debug_aranges
                0x00000bf8       0x20 /Applications/microchip/xc32/v4.10/bin/bin/../../lib/gcc/pic32c/8.3.1/../../../../pic32c/lib/thumb/v6-m/nofp/libg-musl.a(__push_float.o)
 .debug_aranges
                0x00000c18       0x20 /Applications/microchip/xc32/v4.10/bin/bin/../../lib/gcc/pic32c/8.3.1/../../../../pic32c/lib/thumb/v6-m/nofp/libg-musl.a(__push_int.o)
 .debug_aranges
                0x00000c38       0x20 /Applications/microchip/xc32/v4.10/bin/bin/../../lib/gcc/pic32c/8.3.1/../../../../pic32c/lib/thumb/v6-m/nofp/libg-musl.a(memchr.o)
 .debug_aranges
                0x00000c58       0x20 /Applications/microchip/xc32/v4.10/bin/bin/../../lib/gcc/pic32c/8.3.1/../../../../pic32c/lib/thumb/v6-m/nofp/libg-musl.a(stpcpy.o)
 .debug_aranges
                0x00000c78       0x20 /Applications/microchip/xc32/v4.10/bin/bin/../../lib/gcc/pic32c/8.3.1/../../../../pic32c/lib/thumb/v6-m/nofp/libg-musl.a(__asctime.o)
 .debug_aranges
                0x00000c98       0x28 /Applications/microchip/xc32/v4.10/bin/bin/../../lib/gcc/pic32c/8.3.1/../../../../pic32c/lib/thumb/v6-m/nofp/libg-musl.a(langinfo.o)
 .debug_aranges
                0x00000cc0       0x18 /Applications/microchip/xc32/v4.10/bin/bin/../../lib/gcc/pic32c/8.3.1/../../../../pic32c/lib/thumb/v6-m/nofp/libg-musl.a(c_locale.o)
 .debug_aranges
                0x00000cd8       0x20 /Applications/microchip/xc32/v4.10/bin/bin/../../lib/gcc/pic32c/8.3.1/../../../../pic32c/lib/thumb/v6-m/nofp/libg-musl.a(__int_vfscanf.o)
 .debug_aranges